Benchmark results:
---------------------------------------------
| Method                       | Estimated Offloading Time ± Error |
---------------------------------------------
| num_teams(8) thread_limit(256) |      0.089 ±   0.280 μs          |
---------------------------------------------
Finalizing benchmark.
Benchmark results:
---------------------------------------------
| Method                       | Estimated Offloading Time ± Error |
---------------------------------------------
| num_teams(8) thread_limit(256) |      0.072 ±   0.054 μs          |
---------------------------------------------
Finalizing benchmark.
Benchmark results:
---------------------------------------------
| Method                       | Estimated Offloading Time ± Error |
---------------------------------------------
| num_teams(8) thread_limit(256) |      0.068 ±   0.041 μs          |
---------------------------------------------
Finalizing benchmark.
Benchmark results:
---------------------------------------------
| Method                       | Estimated Offloading Time ± Error |
---------------------------------------------
| num_teams(8) thread_limit(256) |      0.075 ±   0.036 μs          |
---------------------------------------------
Finalizing benchmark.
Benchmark results:
---------------------------------------------
| Method                       | Estimated Offloading Time ± Error |
---------------------------------------------
| num_teams(8) thread_limit(256) |      0.073 ±   0.032 μs          |
---------------------------------------------
Finalizing benchmark.
Benchmark results:
---------------------------------------------
| Method                       | Estimated Offloading Time ± Error |
---------------------------------------------
| num_teams(8) thread_limit(256) |      0.081 ±   0.041 μs          |
---------------------------------------------
Finalizing benchmark.
