************************************************************************************************************************************************************************
Running OpenMP benchmark version 4.0
	1 thread(s)
	40 outer repetitions
	1000.00 test time (microseconds)
	19 delay length (iterations) 
	0.100000 delay time (microseconds)

--------------------------------------------------------
Computing reference_Device time using 20 reps

Sample_size       Mean       Median     Min        Max        StdDev     Outliers
 40               1.821220   1.776218   1.645088   2.551079   0.181102   1
reference_Device mean time    = 1.821220 microseconds +/- 0.354959
reference_Device median time  = 1.776218 microseconds

--------------------------------------------------------
Computing TARGET_DEVICE_27 time using 80 reps

Sample_size       Mean       Median     Min        Max        StdDev     Outliers
 40               24.834722   24.913251   24.077296   25.138259   0.245136   1
TARGET_DEVICE_27 mean time    = 24.834722 microseconds +/- 0.480467
TARGET_DEVICE_27 overhead     = 23.013502 microseconds +/- 0.835426
TARGET_DEVICE_27 median_ovrhd = 23.137033 microseconds 
************************************************************************************************************************************************************************
Running OpenMP benchmark version 4.0
	1 thread(s)
	40 outer repetitions
	1000.00 test time (microseconds)
	21 delay length (iterations) 
	0.100000 delay time (microseconds)

--------------------------------------------------------
Computing reference_Device time using 20 reps

Sample_size       Mean       Median     Min        Max        StdDev     Outliers
 40               1.789927   1.752377   1.645088   2.443790   0.118059   1
reference_Device mean time    = 1.789927 microseconds +/- 0.231396
reference_Device median time  = 1.752377 microseconds

--------------------------------------------------------
Computing TARGET_DEVICE_27 time using 160 reps

Sample_size       Mean       Median     Min        Max        StdDev     Outliers
 40               24.528764   24.500489   23.993850   25.030971   0.279240   0
TARGET_DEVICE_27 mean time    = 24.528764 microseconds +/- 0.547309
TARGET_DEVICE_27 overhead     = 22.738837 microseconds +/- 0.778705
TARGET_DEVICE_27 median_ovrhd = 22.748113 microseconds 
************************************************************************************************************************************************************************
Running OpenMP benchmark version 4.0
	1 thread(s)
	40 outer repetitions
	1000.00 test time (microseconds)
	23 delay length (iterations) 
	0.100000 delay time (microseconds)

--------------------------------------------------------
Computing reference_Device time using 20 reps

Sample_size       Mean       Median     Min        Max        StdDev     Outliers
 40               1.778901   1.752377   1.692772   2.503395   0.124663   1
reference_Device mean time    = 1.778901 microseconds +/- 0.244339
reference_Device median time  = 1.752377 microseconds

--------------------------------------------------------
Computing TARGET_DEVICE_27 time using 160 reps

Sample_size       Mean       Median     Min        Max        StdDev     Outliers
 40               24.181232   24.265796   23.512542   24.537742   0.254865   0
TARGET_DEVICE_27 mean time    = 24.181232 microseconds +/- 0.499536
TARGET_DEVICE_27 overhead     = 22.402331 microseconds +/- 0.743875
TARGET_DEVICE_27 median_ovrhd = 22.513419 microseconds 
************************************************************************************************************************************************************************
Running OpenMP benchmark version 4.0
	1 thread(s)
	40 outer repetitions
	1000.00 test time (microseconds)
	25 delay length (iterations) 
	0.100000 delay time (microseconds)

--------------------------------------------------------
Computing reference_Device time using 20 reps

Sample_size       Mean       Median     Min        Max        StdDev     Outliers
 40               1.812875   1.752377   1.645088   2.646446   0.182523   2
reference_Device mean time    = 1.812875 microseconds +/- 0.357744
reference_Device median time  = 1.752377 microseconds

--------------------------------------------------------
Computing TARGET_DEVICE_27 time using 160 reps

Sample_size       Mean       Median     Min        Max        StdDev     Outliers
 40               24.583265   24.715811   23.831427   25.042892   0.341300   0
TARGET_DEVICE_27 mean time    = 24.583265 microseconds +/- 0.668948
TARGET_DEVICE_27 overhead     = 22.770390 microseconds +/- 1.026692
TARGET_DEVICE_27 median_ovrhd = 22.963434 microseconds 
************************************************************************************************************************************************************************
Running OpenMP benchmark version 4.0
	1 thread(s)
	40 outer repetitions
	1000.00 test time (microseconds)
	27 delay length (iterations) 
	0.100000 delay time (microseconds)

--------------------------------------------------------
Computing reference_Device time using 20 reps

Sample_size       Mean       Median     Min        Max        StdDev     Outliers
 40               1.782477   1.752377   1.692772   2.455711   0.114405   1
reference_Device mean time    = 1.782477 microseconds +/- 0.224234
reference_Device median time  = 1.752377 microseconds

--------------------------------------------------------
Computing TARGET_DEVICE_27 time using 160 reps

Sample_size       Mean       Median     Min        Max        StdDev     Outliers
 40               24.558008   24.650246   24.037063   24.843216   0.223257   0
TARGET_DEVICE_27 mean time    = 24.558008 microseconds +/- 0.437583
TARGET_DEVICE_27 overhead     = 22.775531 microseconds +/- 0.661817
TARGET_DEVICE_27 median_ovrhd = 22.897869 microseconds 
************************************************************************************************************************************************************************
Running OpenMP benchmark version 4.0
	1 thread(s)
	40 outer repetitions
	1000.00 test time (microseconds)
	29 delay length (iterations) 
	0.100000 delay time (microseconds)

--------------------------------------------------------
Computing reference_Device time using 20 reps

Sample_size       Mean       Median     Min        Max        StdDev     Outliers
 40               1.772344   1.752377   1.645088   2.396107   0.119587   1
reference_Device mean time    = 1.772344 microseconds +/- 0.234391
reference_Device median time  = 1.752377 microseconds

--------------------------------------------------------
Computing TARGET_DEVICE_27 time using 160 reps

Sample_size       Mean       Median     Min        Max        StdDev     Outliers
 40               24.477206   24.631619   23.755431   24.943054   0.374601   0
TARGET_DEVICE_27 mean time    = 24.477206 microseconds +/- 0.734219
TARGET_DEVICE_27 overhead     = 22.704862 microseconds +/- 0.968610
TARGET_DEVICE_27 median_ovrhd = 22.879243 microseconds 
************************************************************************************************************************************************************************
Running OpenMP benchmark version 4.0
	1 thread(s)
	40 outer repetitions
	1000.00 test time (microseconds)
	32 delay length (iterations) 
	0.100000 delay time (microseconds)

--------------------------------------------------------
Computing reference_Device time using 20 reps

Sample_size       Mean       Median     Min        Max        StdDev     Outliers
 40               1.786351   1.752377   1.645088   2.408028   0.129622   2
reference_Device mean time    = 1.786351 microseconds +/- 0.254060
reference_Device median time  = 1.752377 microseconds

--------------------------------------------------------
Computing TARGET_DEVICE_27 time using 160 reps

Sample_size       Mean       Median     Min        Max        StdDev     Outliers
 40               24.671555   24.740398   24.087727   25.087595   0.232962   0
TARGET_DEVICE_27 mean time    = 24.671555 microseconds +/- 0.456605
TARGET_DEVICE_27 overhead     = 22.885203 microseconds +/- 0.710665
TARGET_DEVICE_27 median_ovrhd = 22.988021 microseconds 
************************************************************************************************************************************************************************
Running OpenMP benchmark version 4.0
	1 thread(s)
	40 outer repetitions
	1000.00 test time (microseconds)
	34 delay length (iterations) 
	0.100000 delay time (microseconds)

--------------------------------------------------------
Computing reference_Device time using 20 reps

Sample_size       Mean       Median     Min        Max        StdDev     Outliers
 40               1.797378   1.752377   1.692772   2.551079   0.153388   1
reference_Device mean time    = 1.797378 microseconds +/- 0.300641
reference_Device median time  = 1.752377 microseconds

--------------------------------------------------------
Computing TARGET_DEVICE_27 time using 80 reps

Sample_size       Mean       Median     Min        Max        StdDev     Outliers
 40               24.977177   24.944544   24.574995   25.549531   0.234766   0
TARGET_DEVICE_27 mean time    = 24.977177 microseconds +/- 0.460140
TARGET_DEVICE_27 overhead     = 23.179799 microseconds +/- 0.760782
TARGET_DEVICE_27 median_ovrhd = 23.192167 microseconds 
************************************************************************************************************************************************************************
Running OpenMP benchmark version 4.0
	1 thread(s)
	40 outer repetitions
	1000.00 test time (microseconds)
	37 delay length (iterations) 
	0.100000 delay time (microseconds)

--------------------------------------------------------
Computing reference_Device time using 20 reps

Sample_size       Mean       Median     Min        Max        StdDev     Outliers
 40               1.834929   1.800060   1.704693   2.551079   0.130486   1
reference_Device mean time    = 1.834929 microseconds +/- 0.255753
reference_Device median time  = 1.800060 microseconds

--------------------------------------------------------
Computing TARGET_DEVICE_27 time using 160 reps

Sample_size       Mean       Median     Min        Max        StdDev     Outliers
 40               24.866872   24.825335   24.181604   25.394559   0.262432   0
TARGET_DEVICE_27 mean time    = 24.866872 microseconds +/- 0.514367
TARGET_DEVICE_27 overhead     = 23.031943 microseconds +/- 0.770120
TARGET_DEVICE_27 median_ovrhd = 23.025274 microseconds 
************************************************************************************************************************************************************************
Running OpenMP benchmark version 4.0
	1 thread(s)
	40 outer repetitions
	1000.00 test time (microseconds)
	41 delay length (iterations) 
	0.100000 delay time (microseconds)

--------------------------------------------------------
Computing reference_Device time using 20 reps

Sample_size       Mean       Median     Min        Max        StdDev     Outliers
 40               1.845062   1.800060   1.740456   2.551079   0.156376   2
reference_Device mean time    = 1.845062 microseconds +/- 0.306497
reference_Device median time  = 1.800060 microseconds

--------------------------------------------------------
Computing TARGET_DEVICE_27 time using 80 reps

Sample_size       Mean       Median     Min        Max        StdDev     Outliers
 40               24.679005   24.706125   24.074316   25.299191   0.283696   0
TARGET_DEVICE_27 mean time    = 24.679005 microseconds +/- 0.556044
TARGET_DEVICE_27 overhead     = 22.833943 microseconds +/- 0.862542
TARGET_DEVICE_27 median_ovrhd = 22.906065 microseconds 
************************************************************************************************************************************************************************
Running OpenMP benchmark version 4.0
	1 thread(s)
	40 outer repetitions
	1000.00 test time (microseconds)
	44 delay length (iterations) 
	0.100000 delay time (microseconds)

--------------------------------------------------------
Computing reference_Device time using 20 reps

Sample_size       Mean       Median     Min        Max        StdDev     Outliers
 40               1.977682   1.877546   1.740456   2.503395   0.200764   0
reference_Device mean time    = 1.977682 microseconds +/- 0.393498
reference_Device median time  = 1.877546 microseconds

--------------------------------------------------------
Computing TARGET_DEVICE_27 time using 160 reps

Sample_size       Mean       Median     Min        Max        StdDev     Outliers
 40               24.855435   24.922192   24.013221   25.375187   0.285387   0
TARGET_DEVICE_27 mean time    = 24.855435 microseconds +/- 0.559359
TARGET_DEVICE_27 overhead     = 22.877753 microseconds +/- 0.952858
TARGET_DEVICE_27 median_ovrhd = 23.044646 microseconds 
************************************************************************************************************************************************************************
Running OpenMP benchmark version 4.0
	1 thread(s)
	40 outer repetitions
	1000.00 test time (microseconds)
	48 delay length (iterations) 
	0.100000 delay time (microseconds)

--------------------------------------------------------
Computing reference_Device time using 20 reps

Sample_size       Mean       Median     Min        Max        StdDev     Outliers
 40               2.243817   2.241135   1.859665   2.992153   0.171363   1
reference_Device mean time    = 2.243817 microseconds +/- 0.335872
reference_Device median time  = 2.241135 microseconds

--------------------------------------------------------
Computing TARGET_DEVICE_27 time using 80 reps

Sample_size       Mean       Median     Min        Max        StdDev     Outliers
 40               24.821311   24.801493   24.023652   25.436282   0.287144   0
TARGET_DEVICE_27 mean time    = 24.821311 microseconds +/- 0.562801
TARGET_DEVICE_27 overhead     = 22.577494 microseconds +/- 0.898673
TARGET_DEVICE_27 median_ovrhd = 22.560358 microseconds 
************************************************************************************************************************************************************************
Running OpenMP benchmark version 4.0
	1 thread(s)
	40 outer repetitions
	1000.00 test time (microseconds)
	52 delay length (iterations) 
	0.100000 delay time (microseconds)

--------------------------------------------------------
Computing reference_Device time using 20 reps

Sample_size       Mean       Median     Min        Max        StdDev     Outliers
 40               2.241135   2.205372   2.145767   2.896786   0.120999   1
reference_Device mean time    = 2.241135 microseconds +/- 0.237159
reference_Device median time  = 2.205372 microseconds

--------------------------------------------------------
Computing TARGET_DEVICE_27 time using 80 reps

Sample_size       Mean       Median     Min        Max        StdDev     Outliers
 40               24.566203   24.610758   23.773313   25.287271   0.331853   0
TARGET_DEVICE_27 mean time    = 24.566203 microseconds +/- 0.650432
TARGET_DEVICE_27 overhead     = 22.325069 microseconds +/- 0.887590
TARGET_DEVICE_27 median_ovrhd = 22.405386 microseconds 
************************************************************************************************************************************************************************
Running OpenMP benchmark version 4.0
	1 thread(s)
	40 outer repetitions
	1000.00 test time (microseconds)
	56 delay length (iterations) 
	0.100000 delay time (microseconds)

--------------------------------------------------------
Computing reference_Device time using 20 reps

Sample_size       Mean       Median     Min        Max        StdDev     Outliers
 40               2.275109   2.253056   2.193451   2.944469   0.113431   1
reference_Device mean time    = 2.275109 microseconds +/- 0.222325
reference_Device median time  = 2.253056 microseconds

--------------------------------------------------------
Computing TARGET_DEVICE_27 time using 80 reps

Sample_size       Mean       Median     Min        Max        StdDev     Outliers
 40               25.179088   25.187433   24.601817   25.752187   0.271815   0
TARGET_DEVICE_27 mean time    = 25.179088 microseconds +/- 0.532757
TARGET_DEVICE_27 overhead     = 22.903979 microseconds +/- 0.755082
TARGET_DEVICE_27 median_ovrhd = 22.934377 microseconds 
************************************************************************************************************************************************************************
Running OpenMP benchmark version 4.0
	1 thread(s)
	40 outer repetitions
	1000.00 test time (microseconds)
	61 delay length (iterations) 
	0.100000 delay time (microseconds)

--------------------------------------------------------
Computing reference_Device time using 20 reps

Sample_size       Mean       Median     Min        Max        StdDev     Outliers
 40               2.272427   2.253056   2.157688   3.039837   0.131108   1
reference_Device mean time    = 2.272427 microseconds +/- 0.256971
reference_Device median time  = 2.253056 microseconds

--------------------------------------------------------
Computing TARGET_DEVICE_27 time using 80 reps

Sample_size       Mean       Median     Min        Max        StdDev     Outliers
 40               24.794042   24.801493   24.387240   25.326014   0.233371   0
TARGET_DEVICE_27 mean time    = 24.794042 microseconds +/- 0.457408
TARGET_DEVICE_27 overhead     = 22.521615 microseconds +/- 0.714379
TARGET_DEVICE_27 median_ovrhd = 22.548437 microseconds 
************************************************************************************************************************************************************************
Running OpenMP benchmark version 4.0
	1 thread(s)
	40 outer repetitions
	1000.00 test time (microseconds)
	66 delay length (iterations) 
	0.100000 delay time (microseconds)

--------------------------------------------------------
Computing reference_Device time using 20 reps

Sample_size       Mean       Median     Min        Max        StdDev     Outliers
 40               2.278686   2.253056   2.193451   2.956390   0.114931   1
reference_Device mean time    = 2.278686 microseconds +/- 0.225265
reference_Device median time  = 2.253056 microseconds

--------------------------------------------------------
Computing TARGET_DEVICE_27 time using 80 reps

Sample_size       Mean       Median     Min        Max        StdDev     Outliers
 40               24.967492   25.030971   24.324656   25.662780   0.256277   0
TARGET_DEVICE_27 mean time    = 24.967492 microseconds +/- 0.502303
TARGET_DEVICE_27 overhead     = 22.688806 microseconds +/- 0.727568
TARGET_DEVICE_27 median_ovrhd = 22.777915 microseconds 
************************************************************************************************************************************************************************
Running OpenMP benchmark version 4.0
	1 thread(s)
	40 outer repetitions
	1000.00 test time (microseconds)
	71 delay length (iterations) 
	0.100000 delay time (microseconds)

--------------------------------------------------------
Computing reference_Device time using 20 reps

Sample_size       Mean       Median     Min        Max        StdDev     Outliers
 40               2.291203   2.253056   2.193451   2.956390   0.126540   1
reference_Device mean time    = 2.291203 microseconds +/- 0.248018
reference_Device median time  = 2.253056 microseconds

--------------------------------------------------------
Computing TARGET_DEVICE_27 time using 80 reps

Sample_size       Mean       Median     Min        Max        StdDev     Outliers
 40               24.778098   24.794042   24.262071   25.165081   0.209246   0
TARGET_DEVICE_27 mean time    = 24.778098 microseconds +/- 0.410122
TARGET_DEVICE_27 overhead     = 22.486895 microseconds +/- 0.658140
TARGET_DEVICE_27 median_ovrhd = 22.540987 microseconds 
************************************************************************************************************************************************************************
Running OpenMP benchmark version 4.0
	1 thread(s)
	40 outer repetitions
	1000.00 test time (microseconds)
	77 delay length (iterations) 
	0.100000 delay time (microseconds)

--------------------------------------------------------
Computing reference_Device time using 20 reps

Sample_size       Mean       Median     Min        Max        StdDev     Outliers
 40               2.336204   2.300739   2.205372   2.944469   0.145463   1
reference_Device mean time    = 2.336204 microseconds +/- 0.285108
reference_Device median time  = 2.300739 microseconds

--------------------------------------------------------
Computing TARGET_DEVICE_27 time using 80 reps

Sample_size       Mean       Median     Min        Max        StdDev     Outliers
 40               24.710968   24.762750   24.050474   25.099516   0.235915   0
TARGET_DEVICE_27 mean time    = 24.710968 microseconds +/- 0.462393
TARGET_DEVICE_27 overhead     = 22.374764 microseconds +/- 0.747501
TARGET_DEVICE_27 median_ovrhd = 22.462010 microseconds 
************************************************************************************************************************************************************************
Running OpenMP benchmark version 4.0
	1 thread(s)
	40 outer repetitions
	1000.00 test time (microseconds)
	84 delay length (iterations) 
	0.100000 delay time (microseconds)

--------------------------------------------------------
Computing reference_Device time using 20 reps

Sample_size       Mean       Median     Min        Max        StdDev     Outliers
 40               2.716184   2.700090   2.408028   3.397465   0.127354   1
reference_Device mean time    = 2.716184 microseconds +/- 0.249613
reference_Device median time  = 2.700090 microseconds

--------------------------------------------------------
Computing TARGET_DEVICE_27 time using 80 reps

Sample_size       Mean       Median     Min        Max        StdDev     Outliers
 40               24.748147   24.749339   23.961067   25.260448   0.294820   0
TARGET_DEVICE_27 mean time    = 24.748147 microseconds +/- 0.577847
TARGET_DEVICE_27 overhead     = 22.031963 microseconds +/- 0.827461
TARGET_DEVICE_27 median_ovrhd = 22.049248 microseconds 
************************************************************************************************************************************************************************
Running OpenMP benchmark version 4.0
	1 thread(s)
	40 outer repetitions
	1000.00 test time (microseconds)
	91 delay length (iterations) 
	0.100000 delay time (microseconds)

--------------------------------------------------------
Computing reference_Device time using 20 reps

Sample_size       Mean       Median     Min        Max        StdDev     Outliers
 40               2.713799   2.694130   2.598763   3.349781   0.112852   1
reference_Device mean time    = 2.713799 microseconds +/- 0.221189
reference_Device median time  = 2.694130 microseconds

--------------------------------------------------------
Computing TARGET_DEVICE_27 time using 80 reps

Sample_size       Mean       Median     Min        Max        StdDev     Outliers
 40               24.923459   24.905801   24.476647   25.576353   0.231095   0
TARGET_DEVICE_27 mean time    = 24.923459 microseconds +/- 0.452946
TARGET_DEVICE_27 overhead     = 22.209659 microseconds +/- 0.674135
TARGET_DEVICE_27 median_ovrhd = 22.211671 microseconds 
************************************************************************************************************************************************************************
Running OpenMP benchmark version 4.0
	1 thread(s)
	40 outer repetitions
	1000.00 test time (microseconds)
	98 delay length (iterations) 
	0.100000 delay time (microseconds)

--------------------------------------------------------
Computing reference_Device time using 20 reps

Sample_size       Mean       Median     Min        Max        StdDev     Outliers
 40               2.704859   2.694130   2.598763   3.445148   0.129489   1
reference_Device mean time    = 2.704859 microseconds +/- 0.253798
reference_Device median time  = 2.694130 microseconds

--------------------------------------------------------
Computing TARGET_DEVICE_27 time using 80 reps

Sample_size       Mean       Median     Min        Max        StdDev     Outliers
 40               24.848133   24.819374   24.476647   25.850534   0.248615   1
TARGET_DEVICE_27 mean time    = 24.848133 microseconds +/- 0.487285
TARGET_DEVICE_27 overhead     = 22.143275 microseconds +/- 0.741083
TARGET_DEVICE_27 median_ovrhd = 22.125244 microseconds 
************************************************************************************************************************************************************************
Running OpenMP benchmark version 4.0
	1 thread(s)
	40 outer repetitions
	1000.00 test time (microseconds)
	106 delay length (iterations) 
	0.100000 delay time (microseconds)

--------------------------------------------------------
Computing reference_Device time using 20 reps

Sample_size       Mean       Median     Min        Max        StdDev     Outliers
 40               2.771318   2.741814   2.646446   3.457069   0.153234   2
reference_Device mean time    = 2.771318 microseconds +/- 0.300338
reference_Device median time  = 2.741814 microseconds

--------------------------------------------------------
Computing TARGET_DEVICE_27 time using 80 reps

Sample_size       Mean       Median     Min        Max        StdDev     Outliers
 40               24.889559   24.844706   24.387240   25.412440   0.275574   0
TARGET_DEVICE_27 mean time    = 24.889559 microseconds +/- 0.540125
TARGET_DEVICE_27 overhead     = 22.118241 microseconds +/- 0.840463
TARGET_DEVICE_27 median_ovrhd = 22.102892 microseconds 
************************************************************************************************************************************************************************
Running OpenMP benchmark version 4.0
	1 thread(s)
	40 outer repetitions
	1000.00 test time (microseconds)
	115 delay length (iterations) 
	0.100000 delay time (microseconds)

--------------------------------------------------------
Computing reference_Device time using 20 reps

Sample_size       Mean       Median     Min        Max        StdDev     Outliers
 40               3.196299   3.194809   2.849102   3.945827   0.154824   1
reference_Device mean time    = 3.196299 microseconds +/- 0.303454
reference_Device median time  = 3.194809 microseconds

--------------------------------------------------------
Computing TARGET_DEVICE_27 time using 80 reps

Sample_size       Mean       Median     Min        Max        StdDev     Outliers
 40               25.108978   25.106966   24.661422   25.647879   0.314860   0
TARGET_DEVICE_27 mean time    = 25.108978 microseconds +/- 0.617126
TARGET_DEVICE_27 overhead     = 21.912679 microseconds +/- 0.920581
TARGET_DEVICE_27 median_ovrhd = 21.912158 microseconds 
************************************************************************************************************************************************************************
Running OpenMP benchmark version 4.0
	1 thread(s)
	40 outer repetitions
	1000.00 test time (microseconds)
	125 delay length (iterations) 
	0.100000 delay time (microseconds)

--------------------------------------------------------
Computing reference_Device time using 20 reps

Sample_size       Mean       Median     Min        Max        StdDev     Outliers
 40               3.217459   3.159046   2.944469   3.898144   0.189351   2
reference_Device mean time    = 3.217459 microseconds +/- 0.371127
reference_Device median time  = 3.159046 microseconds

--------------------------------------------------------
Computing TARGET_DEVICE_27 time using 80 reps

Sample_size       Mean       Median     Min        Max        StdDev     Outliers
 40               24.724379   24.744868   24.312735   25.236607   0.249587   0
TARGET_DEVICE_27 mean time    = 24.724379 microseconds +/- 0.489191
TARGET_DEVICE_27 overhead     = 21.506920 microseconds +/- 0.860318
TARGET_DEVICE_27 median_ovrhd = 21.585822 microseconds 
************************************************************************************************************************************************************************
Running OpenMP benchmark version 4.0
	1 thread(s)
	40 outer repetitions
	1000.00 test time (microseconds)
	135 delay length (iterations) 
	0.100000 delay time (microseconds)

--------------------------------------------------------
Computing reference_Device time using 20 reps

Sample_size       Mean       Median     Min        Max        StdDev     Outliers
 40               3.183186   3.153086   3.099442   3.850460   0.119955   1
reference_Device mean time    = 3.183186 microseconds +/- 0.235113
reference_Device median time  = 3.153086 microseconds

--------------------------------------------------------
Computing TARGET_DEVICE_27 time using 80 reps

Sample_size       Mean       Median     Min        Max        StdDev     Outliers
 40               24.612844   24.674833   24.035573   25.039911   0.296058   0
TARGET_DEVICE_27 mean time    = 24.612844 microseconds +/- 0.580274
TARGET_DEVICE_27 overhead     = 21.429658 microseconds +/- 0.815387
TARGET_DEVICE_27 median_ovrhd = 21.521747 microseconds 
************************************************************************************************************************************************************************
Running OpenMP benchmark version 4.0
	1 thread(s)
	40 outer repetitions
	1000.00 test time (microseconds)
	147 delay length (iterations) 
	0.100000 delay time (microseconds)

--------------------------------------------------------
Computing reference_Device time using 20 reps

Sample_size       Mean       Median     Min        Max        StdDev     Outliers
 40               3.625154   3.647804   3.302097   3.993511   0.100277   2
reference_Device mean time    = 3.625154 microseconds +/- 0.196543
reference_Device median time  = 3.647804 microseconds

--------------------------------------------------------
Computing TARGET_DEVICE_27 time using 80 reps

Sample_size       Mean       Median     Min        Max        StdDev     Outliers
 40               24.819300   24.835765   23.987889   25.212765   0.236623   1
TARGET_DEVICE_27 mean time    = 24.819300 microseconds +/- 0.463781
TARGET_DEVICE_27 overhead     = 21.194145 microseconds +/- 0.660324
TARGET_DEVICE_27 median_ovrhd = 21.187961 microseconds 
************************************************************************************************************************************************************************
Running OpenMP benchmark version 4.0
	1 thread(s)
	40 outer repetitions
	1000.00 test time (microseconds)
	159 delay length (iterations) 
	0.100000 delay time (microseconds)

--------------------------------------------------------
Computing reference_Device time using 20 reps

Sample_size       Mean       Median     Min        Max        StdDev     Outliers
 40               3.621280   3.600121   3.504753   4.291534   0.120259   1
reference_Device mean time    = 3.621280 microseconds +/- 0.235707
reference_Device median time  = 3.600121 microseconds

--------------------------------------------------------
Computing TARGET_DEVICE_27 time using 80 reps

Sample_size       Mean       Median     Min        Max        StdDev     Outliers
 40               24.735332   24.756789   24.262071   25.224686   0.204672   0
TARGET_DEVICE_27 mean time    = 24.735332 microseconds +/- 0.401157
TARGET_DEVICE_27 overhead     = 21.114051 microseconds +/- 0.636865
TARGET_DEVICE_27 median_ovrhd = 21.156669 microseconds 
************************************************************************************************************************************************************************
Running OpenMP benchmark version 4.0
	1 thread(s)
	40 outer repetitions
	1000.00 test time (microseconds)
	172 delay length (iterations) 
	0.100000 delay time (microseconds)

--------------------------------------------------------
Computing reference_Device time using 20 reps

Sample_size       Mean       Median     Min        Max        StdDev     Outliers
 40               3.642440   3.600121   3.540516   4.303455   0.124002   1
reference_Device mean time    = 3.642440 microseconds +/- 0.243044
reference_Device median time  = 3.600121 microseconds

--------------------------------------------------------
Computing TARGET_DEVICE_27 time using 160 reps

Sample_size       Mean       Median     Min        Max        StdDev     Outliers
 40               24.567023   24.612248   24.062395   25.075674   0.272989   0
TARGET_DEVICE_27 mean time    = 24.567023 microseconds +/- 0.535058
TARGET_DEVICE_27 overhead     = 20.924583 microseconds +/- 0.778102
TARGET_DEVICE_27 median_ovrhd = 21.012127 microseconds 
************************************************************************************************************************************************************************
Running OpenMP benchmark version 4.0
	1 thread(s)
	40 outer repetitions
	1000.00 test time (microseconds)
	187 delay length (iterations) 
	0.100000 delay time (microseconds)

--------------------------------------------------------
Computing reference_Device time using 20 reps

Sample_size       Mean       Median     Min        Max        StdDev     Outliers
 40               4.120171   4.100800   4.041195   4.792213   0.117196   1
reference_Device mean time    = 4.120171 microseconds +/- 0.229704
reference_Device median time  = 4.100800 microseconds

--------------------------------------------------------
Computing TARGET_DEVICE_27 time using 80 reps

Sample_size       Mean       Median     Min        Max        StdDev     Outliers
 40               25.173724   25.144219   24.610758   25.811791   0.305724   0
TARGET_DEVICE_27 mean time    = 25.173724 microseconds +/- 0.599219
TARGET_DEVICE_27 overhead     = 21.053553 microseconds +/- 0.828923
TARGET_DEVICE_27 median_ovrhd = 21.043420 microseconds 
************************************************************************************************************************************************************************
Running OpenMP benchmark version 4.0
	1 thread(s)
	40 outer repetitions
	1000.00 test time (microseconds)
	202 delay length (iterations) 
	0.100000 delay time (microseconds)

--------------------------------------------------------
Computing reference_Device time using 20 reps

Sample_size       Mean       Median     Min        Max        StdDev     Outliers
 40               4.150271   4.148483   4.041195   4.899502   0.131824   1
reference_Device mean time    = 4.150271 microseconds +/- 0.258376
reference_Device median time  = 4.148483 microseconds

--------------------------------------------------------
Computing TARGET_DEVICE_27 time using 80 reps

Sample_size       Mean       Median     Min        Max        StdDev     Outliers
 40               25.225356   25.269389   24.574995   25.674701   0.239224   0
TARGET_DEVICE_27 mean time    = 25.225356 microseconds +/- 0.468879
TARGET_DEVICE_27 overhead     = 21.075085 microseconds +/- 0.727255
TARGET_DEVICE_27 median_ovrhd = 21.120906 microseconds 
************************************************************************************************************************************************************************
Running OpenMP benchmark version 4.0
	1 thread(s)
	40 outer repetitions
	1000.00 test time (microseconds)
	219 delay length (iterations) 
	0.100000 delay time (microseconds)

--------------------------------------------------------
Computing reference_Device time using 20 reps

Sample_size       Mean       Median     Min        Max        StdDev     Outliers
 40               4.571080   4.553795   4.458427   5.304813   0.127908   1
reference_Device mean time    = 4.571080 microseconds +/- 0.250699
reference_Device median time  = 4.553795 microseconds

--------------------------------------------------------
Computing TARGET_DEVICE_27 time using 80 reps

Sample_size       Mean       Median     Min        Max        StdDev     Outliers
 40               24.764389   24.762750   24.276972   25.227666   0.176022   0
TARGET_DEVICE_27 mean time    = 24.764389 microseconds +/- 0.345003
TARGET_DEVICE_27 overhead     = 20.193309 microseconds +/- 0.595702
TARGET_DEVICE_27 median_ovrhd = 20.208955 microseconds 
************************************************************************************************************************************************************************
Running OpenMP benchmark version 4.0
	1 thread(s)
	40 outer repetitions
	1000.00 test time (microseconds)
	237 delay length (iterations) 
	0.100000 delay time (microseconds)

--------------------------------------------------------
Computing reference_Device time using 20 reps

Sample_size       Mean       Median     Min        Max        StdDev     Outliers
 40               4.632175   4.601479   4.506111   5.352497   0.153967   2
reference_Device mean time    = 4.632175 microseconds +/- 0.301775
reference_Device median time  = 4.601479 microseconds

--------------------------------------------------------
Computing TARGET_DEVICE_27 time using 80 reps

Sample_size       Mean       Median     Min        Max        StdDev     Outliers
 40               25.007725   24.944544   24.574995   25.698543   0.265817   0
TARGET_DEVICE_27 mean time    = 25.007725 microseconds +/- 0.521001
TARGET_DEVICE_27 overhead     = 20.375550 microseconds +/- 0.822776
TARGET_DEVICE_27 median_ovrhd = 20.343065 microseconds 
************************************************************************************************************************************************************************
Running OpenMP benchmark version 4.0
	1 thread(s)
	40 outer repetitions
	1000.00 test time (microseconds)
	257 delay length (iterations) 
	0.100000 delay time (microseconds)

--------------------------------------------------------
Computing reference_Device time using 20 reps

Sample_size       Mean       Median     Min        Max        StdDev     Outliers
 40               5.018711   4.994869   4.851818   6.198883   0.199840   1
reference_Device mean time    = 5.018711 microseconds +/- 0.391687
reference_Device median time  = 4.994869 microseconds

--------------------------------------------------------
Computing TARGET_DEVICE_27 time using 160 reps

Sample_size       Mean       Median     Min        Max        StdDev     Outliers
 40               24.728775   24.759769   24.369359   25.187433   0.203504   0
TARGET_DEVICE_27 mean time    = 24.728775 microseconds +/- 0.398868
TARGET_DEVICE_27 overhead     = 19.710064 microseconds +/- 0.790555
TARGET_DEVICE_27 median_ovrhd = 19.764900 microseconds 
************************************************************************************************************************************************************************
Running OpenMP benchmark version 4.0
	1 thread(s)
	40 outer repetitions
	1000.00 test time (microseconds)
	278 delay length (iterations) 
	0.100000 delay time (microseconds)

--------------------------------------------------------
Computing reference_Device time using 20 reps

Sample_size       Mean       Median     Min        Max        StdDev     Outliers
 40               5.427599   5.447865   5.054474   6.103516   0.159507   1
reference_Device mean time    = 5.427599 microseconds +/- 0.312634
reference_Device median time  = 5.447865 microseconds

--------------------------------------------------------
Computing TARGET_DEVICE_27 time using 80 reps

Sample_size       Mean       Median     Min        Max        StdDev     Outliers
 40               24.736598   24.768710   24.223328   25.251508   0.223880   0
TARGET_DEVICE_27 mean time    = 24.736598 microseconds +/- 0.438804
TARGET_DEVICE_27 overhead     = 19.308999 microseconds +/- 0.751438
TARGET_DEVICE_27 median_ovrhd = 19.320846 microseconds 
************************************************************************************************************************************************************************
Running OpenMP benchmark version 4.0
	1 thread(s)
	40 outer repetitions
	1000.00 test time (microseconds)
	301 delay length (iterations) 
	0.100000 delay time (microseconds)

--------------------------------------------------------
Computing reference_Device time using 20 reps

Sample_size       Mean       Median     Min        Max        StdDev     Outliers
 40               5.565882   5.525351   5.400181   5.996227   0.159567   0
reference_Device mean time    = 5.565882 microseconds +/- 0.312750
reference_Device median time  = 5.525351 microseconds

--------------------------------------------------------
Computing TARGET_DEVICE_27 time using 160 reps

Sample_size       Mean       Median     Min        Max        StdDev     Outliers
 40               24.419688   24.399161   23.794174   24.974346   0.231291   0
TARGET_DEVICE_27 mean time    = 24.419688 microseconds +/- 0.453330
TARGET_DEVICE_27 overhead     = 18.853806 microseconds +/- 0.766081
TARGET_DEVICE_27 median_ovrhd = 18.873811 microseconds 
************************************************************************************************************************************************************************
Running OpenMP benchmark version 4.0
	1 thread(s)
	40 outer repetitions
	1000.00 test time (microseconds)
	327 delay length (iterations) 
	0.100000 delay time (microseconds)

--------------------------------------------------------
Computing reference_Device time using 20 reps

Sample_size       Mean       Median     Min        Max        StdDev     Outliers
 40               5.914569   5.900860   5.745888   6.592274   0.128238   1
reference_Device mean time    = 5.914569 microseconds +/- 0.251346
reference_Device median time  = 5.900860 microseconds

--------------------------------------------------------
Computing TARGET_DEVICE_27 time using 160 reps

Sample_size       Mean       Median     Min        Max        StdDev     Outliers
 40               24.688132   24.671853   24.212897   25.019050   0.194069   0
TARGET_DEVICE_27 mean time    = 24.688132 microseconds +/- 0.380375
TARGET_DEVICE_27 overhead     = 18.773563 microseconds +/- 0.631720
TARGET_DEVICE_27 median_ovrhd = 18.770993 microseconds 
************************************************************************************************************************************************************************
Running OpenMP benchmark version 4.0
	1 thread(s)
	40 outer repetitions
	1000.00 test time (microseconds)
	354 delay length (iterations) 
	0.100000 delay time (microseconds)

--------------------------------------------------------
Computing reference_Device time using 20 reps

Sample_size       Mean       Median     Min        Max        StdDev     Outliers
 40               6.393492   6.353855   6.246567   7.450581   0.188049   1
reference_Device mean time    = 6.393492 microseconds +/- 0.368576
reference_Device median time  = 6.353855 microseconds

--------------------------------------------------------
Computing TARGET_DEVICE_27 time using 160 reps

Sample_size       Mean       Median     Min        Max        StdDev     Outliers
 40               24.561249   24.619699   23.981929   25.068223   0.264054   0
TARGET_DEVICE_27 mean time    = 24.561249 microseconds +/- 0.517546
TARGET_DEVICE_27 overhead     = 18.167756 microseconds +/- 0.886121
TARGET_DEVICE_27 median_ovrhd = 18.265843 microseconds 
************************************************************************************************************************************************************************
Running OpenMP benchmark version 4.0
	1 thread(s)
	40 outer repetitions
	1000.00 test time (microseconds)
	383 delay length (iterations) 
	0.100000 delay time (microseconds)

--------------------------------------------------------
Computing reference_Device time using 20 reps

Sample_size       Mean       Median     Min        Max        StdDev     Outliers
 40               6.827712   6.806850   6.747246   7.510185   0.124231   1
reference_Device mean time    = 6.827712 microseconds +/- 0.243493
reference_Device median time  = 6.806850 microseconds

--------------------------------------------------------
Computing TARGET_DEVICE_27 time using 160 reps

Sample_size       Mean       Median     Min        Max        StdDev     Outliers
 40               24.368092   24.443865   23.762882   24.870038   0.326639   0
TARGET_DEVICE_27 mean time    = 24.368092 microseconds +/- 0.640212
TARGET_DEVICE_27 overhead     = 17.540380 microseconds +/- 0.883705
TARGET_DEVICE_27 median_ovrhd = 17.637014 microseconds 
************************************************************************************************************************************************************************
Running OpenMP benchmark version 4.0
	1 thread(s)
	40 outer repetitions
	1000.00 test time (microseconds)
	415 delay length (iterations) 
	0.100000 delay time (microseconds)

--------------------------------------------------------
Computing reference_Device time using 20 reps

Sample_size       Mean       Median     Min        Max        StdDev     Outliers
 40               7.331371   7.295609   6.997585   8.046627   0.198945   2
reference_Device mean time    = 7.331371 microseconds +/- 0.389932
reference_Device median time  = 7.295609 microseconds

--------------------------------------------------------
Computing TARGET_DEVICE_27 time using 160 reps

Sample_size       Mean       Median     Min        Max        StdDev     Outliers
 40               24.649650   24.703145   23.831427   25.118887   0.304883   0
TARGET_DEVICE_27 mean time    = 24.649650 microseconds +/- 0.597571
TARGET_DEVICE_27 overhead     = 17.318279 microseconds +/- 0.987503
TARGET_DEVICE_27 median_ovrhd = 17.407537 microseconds 
************************************************************************************************************************************************************************
Running OpenMP benchmark version 4.0
	1 thread(s)
	40 outer repetitions
	1000.00 test time (microseconds)
	450 delay length (iterations) 
	0.100000 delay time (microseconds)

--------------------------------------------------------
Computing reference_Device time using 20 reps

Sample_size       Mean       Median     Min        Max        StdDev     Outliers
 40               7.697344   7.700920   7.498264   8.296967   0.128341   1
reference_Device mean time    = 7.697344 microseconds +/- 0.251549
reference_Device median time  = 7.700920 microseconds

--------------------------------------------------------
Computing TARGET_DEVICE_27 time using 160 reps

Sample_size       Mean       Median     Min        Max        StdDev     Outliers
 40               24.593771   24.631619   23.968518   24.993718   0.253727   0
TARGET_DEVICE_27 mean time    = 24.593771 microseconds +/- 0.497305
TARGET_DEVICE_27 overhead     = 16.896427 microseconds +/- 0.748854
TARGET_DEVICE_27 median_ovrhd = 16.930699 microseconds 
************************************************************************************************************************************************************************
Running OpenMP benchmark version 4.0
	1 thread(s)
	40 outer repetitions
	1000.00 test time (microseconds)
	487 delay length (iterations) 
	0.100000 delay time (microseconds)

--------------------------------------------------------
Computing reference_Device time using 20 reps

Sample_size       Mean       Median     Min        Max        StdDev     Outliers
 40               8.227229   8.201599   8.094311   8.952618   0.133008   1
reference_Device mean time    = 8.227229 microseconds +/- 0.260695
reference_Device median time  = 8.201599 microseconds

--------------------------------------------------------
Computing TARGET_DEVICE_27 time using 160 reps

Sample_size       Mean       Median     Min        Max        StdDev     Outliers
 40               24.857186   24.918467   24.086237   25.250018   0.237840   1
TARGET_DEVICE_27 mean time    = 24.857186 microseconds +/- 0.466167
TARGET_DEVICE_27 overhead     = 16.629957 microseconds +/- 0.726862
TARGET_DEVICE_27 median_ovrhd = 16.716868 microseconds 
************************************************************************************************************************************************************************
Running OpenMP benchmark version 4.0
	1 thread(s)
	40 outer repetitions
	1000.00 test time (microseconds)
	527 delay length (iterations) 
	0.100000 delay time (microseconds)

--------------------------------------------------------
Computing reference_Device time using 20 reps

Sample_size       Mean       Median     Min        Max        StdDev     Outliers
 40               8.658767   8.606911   8.547306   9.453297   0.147455   1
reference_Device mean time    = 8.658767 microseconds +/- 0.289012
reference_Device median time  = 8.606911 microseconds

--------------------------------------------------------
Computing TARGET_DEVICE_27 time using 80 reps

Sample_size       Mean       Median     Min        Max        StdDev     Outliers
 40               26.717484   26.763976   25.963783   27.462840   0.404997   0
TARGET_DEVICE_27 mean time    = 26.717484 microseconds +/- 0.793795
TARGET_DEVICE_27 overhead     = 18.058717 microseconds +/- 1.082806
TARGET_DEVICE_27 median_ovrhd = 18.157065 microseconds 
************************************************************************************************************************************************************************
Running OpenMP benchmark version 4.0
	1 thread(s)
	40 outer repetitions
	1000.00 test time (microseconds)
	571 delay length (iterations) 
	0.100000 delay time (microseconds)

--------------------------------------------------------
Computing reference_Device time using 20 reps

Sample_size       Mean       Median     Min        Max        StdDev     Outliers
 40               9.492636   9.548664   9.191036   9.906292   0.156602   0
reference_Device mean time    = 9.492636 microseconds +/- 0.306941
reference_Device median time  = 9.548664 microseconds

--------------------------------------------------------
Computing TARGET_DEVICE_27 time using 80 reps

Sample_size       Mean       Median     Min        Max        StdDev     Outliers
 40               31.639040   31.636655   30.773878   32.562017   0.461178   0
TARGET_DEVICE_27 mean time    = 31.639040 microseconds +/- 0.903910
TARGET_DEVICE_27 overhead     = 22.146404 microseconds +/- 1.210850
TARGET_DEVICE_27 median_ovrhd = 22.087991 microseconds 
************************************************************************************************************************************************************************
Running OpenMP benchmark version 4.0
	1 thread(s)
	40 outer repetitions
	1000.00 test time (microseconds)
	619 delay length (iterations) 
	0.100000 delay time (microseconds)

--------------------------------------------------------
Computing reference_Device time using 20 reps

Sample_size       Mean       Median     Min        Max        StdDev     Outliers
 40               10.061264   10.001659   9.906292   10.800362   0.141231   1
reference_Device mean time    = 10.061264 microseconds +/- 0.276813
reference_Device median time  = 10.001659 microseconds

--------------------------------------------------------
Computing TARGET_DEVICE_27 time using 80 reps

Sample_size       Mean       Median     Min        Max        StdDev     Outliers
 40               33.842549   33.845007   33.301115   34.400821   0.241754   0
TARGET_DEVICE_27 mean time    = 33.842549 microseconds +/- 0.473838
TARGET_DEVICE_27 overhead     = 23.781285 microseconds +/- 0.750651
TARGET_DEVICE_27 median_ovrhd = 23.843348 microseconds 
************************************************************************************************************************************************************************
Running OpenMP benchmark version 4.0
	1 thread(s)
	40 outer repetitions
	1000.00 test time (microseconds)
	670 delay length (iterations) 
	0.100000 delay time (microseconds)

--------------------------------------------------------
Computing reference_Device time using 20 reps

Sample_size       Mean       Median     Min        Max        StdDev     Outliers
 40               10.893643   10.943413   10.597706   11.348724   0.156967   0
reference_Device mean time    = 10.893643 microseconds +/- 0.307655
reference_Device median time  = 10.943413 microseconds

--------------------------------------------------------
Computing TARGET_DEVICE_27 time using 80 reps

Sample_size       Mean       Median     Min        Max        StdDev     Outliers
 40               33.859387   33.868849   33.175945   34.338236   0.233092   0
TARGET_DEVICE_27 mean time    = 33.859387 microseconds +/- 0.456861
TARGET_DEVICE_27 overhead     = 22.965744 microseconds +/- 0.764516
TARGET_DEVICE_27 median_ovrhd = 22.925436 microseconds 
************************************************************************************************************************************************************************
Running OpenMP benchmark version 4.0
	1 thread(s)
	40 outer repetitions
	1000.00 test time (microseconds)
	726 delay length (iterations) 
	0.100000 delay time (microseconds)

--------------------------------------------------------
Computing reference_Device time using 20 reps

Sample_size       Mean       Median     Min        Max        StdDev     Outliers
 40               11.466146   11.444092   11.348724   12.195110   0.140728   1
reference_Device mean time    = 11.466146 microseconds +/- 0.275828
reference_Device median time  = 11.444092 microseconds

--------------------------------------------------------
Computing TARGET_DEVICE_27 time using 80 reps

Sample_size       Mean       Median     Min        Max        StdDev     Outliers
 40               34.207776   34.230947   33.801794   34.800172   0.247900   0
TARGET_DEVICE_27 mean time    = 34.207776 microseconds +/- 0.485884
TARGET_DEVICE_27 overhead     = 22.741631 microseconds +/- 0.761712
TARGET_DEVICE_27 median_ovrhd = 22.786856 microseconds 
************************************************************************************************************************************************************************
Running OpenMP benchmark version 4.0
	1 thread(s)
	40 outer repetitions
	1000.00 test time (microseconds)
	787 delay length (iterations) 
	0.100000 delay time (microseconds)

--------------------------------------------------------
Computing reference_Device time using 20 reps

Sample_size       Mean       Median     Min        Max        StdDev     Outliers
 40               12.382567   12.326241   12.242794   13.196468   0.161455   1
reference_Device mean time    = 12.382567 microseconds +/- 0.316452
reference_Device median time  = 12.326241 microseconds

--------------------------------------------------------
Computing TARGET_DEVICE_27 time using 80 reps

Sample_size       Mean       Median     Min        Max        StdDev     Outliers
 40               34.100637   34.087896   33.798814   34.487247   0.162038   0
TARGET_DEVICE_27 mean time    = 34.100637 microseconds +/- 0.317595
TARGET_DEVICE_27 overhead     = 21.718070 microseconds +/- 0.634047
TARGET_DEVICE_27 median_ovrhd = 21.761656 microseconds 
************************************************************************************************************************************************************************
Running OpenMP benchmark version 4.0
	1 thread(s)
	40 outer repetitions
	1000.00 test time (microseconds)
	852 delay length (iterations) 
	0.100000 delay time (microseconds)

--------------------------------------------------------
Computing reference_Device time using 20 reps

Sample_size       Mean       Median     Min        Max        StdDev     Outliers
 40               13.268590   13.244152   13.148785   14.150143   0.161635   1
reference_Device mean time    = 13.268590 microseconds +/- 0.316804
reference_Device median time  = 13.244152 microseconds

--------------------------------------------------------
Computing TARGET_DEVICE_27 time using 80 reps

Sample_size       Mean       Median     Min        Max        StdDev     Outliers
 40               34.006536   34.013391   33.313036   34.326315   0.238599   0
TARGET_DEVICE_27 mean time    = 34.006536 microseconds +/- 0.467655
TARGET_DEVICE_27 overhead     = 20.737946 microseconds +/- 0.784458
TARGET_DEVICE_27 median_ovrhd = 20.769238 microseconds 
************************************************************************************************************************************************************************
Running OpenMP benchmark version 4.0
	1 thread(s)
	40 outer repetitions
	1000.00 test time (microseconds)
	923 delay length (iterations) 
	0.100000 delay time (microseconds)

--------------------------------------------------------
Computing reference_Device time using 20 reps

Sample_size       Mean       Median     Min        Max        StdDev     Outliers
 40               14.233589   14.197826   14.090538   15.044212   0.176424   1
reference_Device mean time    = 14.233589 microseconds +/- 0.345791
reference_Device median time  = 14.197826 microseconds

--------------------------------------------------------
Computing TARGET_DEVICE_27 time using 80 reps

Sample_size       Mean       Median     Min        Max        StdDev     Outliers
 40               33.991188   34.080446   33.399463   34.487247   0.321362   0
TARGET_DEVICE_27 mean time    = 33.991188 microseconds +/- 0.629870
TARGET_DEVICE_27 overhead     = 19.757599 microseconds +/- 0.975661
TARGET_DEVICE_27 median_ovrhd = 19.882619 microseconds 
************************************************************************************************************************************************************************
Running OpenMP benchmark version 4.0
	1 thread(s)
	40 outer repetitions
	1000.00 test time (microseconds)
	999 delay length (iterations) 
	0.100000 delay time (microseconds)

--------------------------------------------------------
Computing reference_Device time using 20 reps

Sample_size       Mean       Median     Min        Max        StdDev     Outliers
 40               15.484691   15.497208   15.199184   16.093254   0.152398   1
reference_Device mean time    = 15.484691 microseconds +/- 0.298701
reference_Device median time  = 15.497208 microseconds

--------------------------------------------------------
Computing TARGET_DEVICE_27 time using 80 reps

Sample_size       Mean       Median     Min        Max        StdDev     Outliers
 40               34.101903   34.125149   33.625960   34.463406   0.245743   0
TARGET_DEVICE_27 mean time    = 34.101903 microseconds +/- 0.481655
TARGET_DEVICE_27 overhead     = 18.617213 microseconds +/- 0.780356
TARGET_DEVICE_27 median_ovrhd = 18.627942 microseconds 
