************************************************************************************************************************************************************************
Running OpenMP benchmark version 4.0
	1 thread(s)
	40 outer repetitions
	1000.00 test time (microseconds)
	19 delay length (iterations) 
	0.100000 delay time (microseconds)

--------------------------------------------------------
Computing reference_Device time using 20 reps

Sample_size       Mean       Median     Min        Max        StdDev     Outliers
 40               1.805127   1.752377   1.657009   2.503395   0.166891   2
reference_Device mean time    = 1.805127 microseconds +/- 0.327105
reference_Device median time  = 1.752377 microseconds

--------------------------------------------------------
Computing TARGET_DEVICE_27 time using 160 reps

Sample_size       Mean       Median     Min        Max        StdDev     Outliers
 40               24.708770   24.737418   23.786724   25.312603   0.339919   0
TARGET_DEVICE_27 mean time    = 24.708770 microseconds +/- 0.666241
TARGET_DEVICE_27 overhead     = 22.903644 microseconds +/- 0.993347
TARGET_DEVICE_27 median_ovrhd = 22.985041 microseconds 
************************************************************************************************************************************************************************
Running OpenMP benchmark version 4.0
	1 thread(s)
	40 outer repetitions
	1000.00 test time (microseconds)
	21 delay length (iterations) 
	0.100000 delay time (microseconds)

--------------------------------------------------------
Computing reference_Device time using 20 reps

Sample_size       Mean       Median     Min        Max        StdDev     Outliers
 40               1.793802   1.752377   1.645088   2.455711   0.142054   1
reference_Device mean time    = 1.793802 microseconds +/- 0.278426
reference_Device median time  = 1.752377 microseconds

--------------------------------------------------------
Computing TARGET_DEVICE_27 time using 160 reps

Sample_size       Mean       Median     Min        Max        StdDev     Outliers
 40               24.854355   24.872273   24.238229   25.375187   0.280979   0
TARGET_DEVICE_27 mean time    = 24.854355 microseconds +/- 0.550719
TARGET_DEVICE_27 overhead     = 23.060553 microseconds +/- 0.829145
TARGET_DEVICE_27 median_ovrhd = 23.119897 microseconds 
************************************************************************************************************************************************************************
Running OpenMP benchmark version 4.0
	1 thread(s)
	40 outer repetitions
	1000.00 test time (microseconds)
	23 delay length (iterations) 
	0.100000 delay time (microseconds)

--------------------------------------------------------
Computing reference_Device time using 20 reps

Sample_size       Mean       Median     Min        Max        StdDev     Outliers
 40               1.799762   1.752377   1.657009   2.539158   0.173329   2
reference_Device mean time    = 1.799762 microseconds +/- 0.339726
reference_Device median time  = 1.752377 microseconds

--------------------------------------------------------
Computing TARGET_DEVICE_27 time using 160 reps

Sample_size       Mean       Median     Min        Max        StdDev     Outliers
 40               24.763159   24.819374   23.993850   25.200844   0.234428   1
TARGET_DEVICE_27 mean time    = 24.763159 microseconds +/- 0.459478
TARGET_DEVICE_27 overhead     = 22.963397 microseconds +/- 0.799204
TARGET_DEVICE_27 median_ovrhd = 23.066998 microseconds 
************************************************************************************************************************************************************************
Running OpenMP benchmark version 4.0
	1 thread(s)
	40 outer repetitions
	1000.00 test time (microseconds)
	25 delay length (iterations) 
	0.100000 delay time (microseconds)

--------------------------------------------------------
Computing reference_Device time using 20 reps

Sample_size       Mean       Median     Min        Max        StdDev     Outliers
 40               1.797676   1.800060   1.692772   2.503395   0.123892   1
reference_Device mean time    = 1.797676 microseconds +/- 0.242828
reference_Device median time  = 1.800060 microseconds

--------------------------------------------------------
Computing TARGET_DEVICE_27 time using 160 reps

Sample_size       Mean       Median     Min        Max        StdDev     Outliers
 40               24.679229   24.715066   24.093688   25.118887   0.238730   0
TARGET_DEVICE_27 mean time    = 24.679229 microseconds +/- 0.467912
TARGET_DEVICE_27 overhead     = 22.881553 microseconds +/- 0.710740
TARGET_DEVICE_27 median_ovrhd = 22.915006 microseconds 
************************************************************************************************************************************************************************
Running OpenMP benchmark version 4.0
	1 thread(s)
	40 outer repetitions
	1000.00 test time (microseconds)
	27 delay length (iterations) 
	0.100000 delay time (microseconds)

--------------------------------------------------------
Computing reference_Device time using 20 reps

Sample_size       Mean       Median     Min        Max        StdDev     Outliers
 40               1.823604   1.776218   1.692772   2.646446   0.184609   2
reference_Device mean time    = 1.823604 microseconds +/- 0.361833
reference_Device median time  = 1.776218 microseconds

--------------------------------------------------------
Computing TARGET_DEVICE_27 time using 80 reps

Sample_size       Mean       Median     Min        Max        StdDev     Outliers
 40               24.872720   24.968386   24.300814   25.349855   0.250154   0
TARGET_DEVICE_27 mean time    = 24.872720 microseconds +/- 0.490301
TARGET_DEVICE_27 overhead     = 23.049116 microseconds +/- 0.852135
TARGET_DEVICE_27 median_ovrhd = 23.192167 microseconds 
************************************************************************************************************************************************************************
Running OpenMP benchmark version 4.0
	1 thread(s)
	40 outer repetitions
	1000.00 test time (microseconds)
	29 delay length (iterations) 
	0.100000 delay time (microseconds)

--------------------------------------------------------
Computing reference_Device time using 20 reps

Sample_size       Mean       Median     Min        Max        StdDev     Outliers
 40               1.836419   1.800060   1.704693   2.646446   0.192180   2
reference_Device mean time    = 1.836419 microseconds +/- 0.376673
reference_Device median time  = 1.800060 microseconds

--------------------------------------------------------
Computing TARGET_DEVICE_27 time using 160 reps

Sample_size       Mean       Median     Min        Max        StdDev     Outliers
 40               24.716258   24.774671   24.244189   25.074184   0.204453   0
TARGET_DEVICE_27 mean time    = 24.716258 microseconds +/- 0.400727
TARGET_DEVICE_27 overhead     = 22.879839 microseconds +/- 0.777401
TARGET_DEVICE_27 median_ovrhd = 22.974610 microseconds 
************************************************************************************************************************************************************************
Running OpenMP benchmark version 4.0
	1 thread(s)
	40 outer repetitions
	1000.00 test time (microseconds)
	32 delay length (iterations) 
	0.100000 delay time (microseconds)

--------------------------------------------------------
Computing reference_Device time using 20 reps

Sample_size       Mean       Median     Min        Max        StdDev     Outliers
 40               1.771152   1.752377   1.645088   2.455711   0.125112   1
reference_Device mean time    = 1.771152 microseconds +/- 0.245219
reference_Device median time  = 1.752377 microseconds

--------------------------------------------------------
Computing TARGET_DEVICE_27 time using 160 reps

Sample_size       Mean       Median     Min        Max        StdDev     Outliers
 40               24.374388   24.425983   23.786724   24.750829   0.268032   0
TARGET_DEVICE_27 mean time    = 24.374388 microseconds +/- 0.525342
TARGET_DEVICE_27 overhead     = 22.603236 microseconds +/- 0.770562
TARGET_DEVICE_27 median_ovrhd = 22.673607 microseconds 
************************************************************************************************************************************************************************
Running OpenMP benchmark version 4.0
	1 thread(s)
	40 outer repetitions
	1000.00 test time (microseconds)
	34 delay length (iterations) 
	0.100000 delay time (microseconds)

--------------------------------------------------------
Computing reference_Device time using 20 reps

Sample_size       Mean       Median     Min        Max        StdDev     Outliers
 40               1.785159   1.752377   1.692772   2.455711   0.115727   1
reference_Device mean time    = 1.785159 microseconds +/- 0.226826
reference_Device median time  = 1.752377 microseconds

--------------------------------------------------------
Computing TARGET_DEVICE_27 time using 160 reps

Sample_size       Mean       Median     Min        Max        StdDev     Outliers
 40               24.544708   24.647266   23.868680   24.968386   0.276331   0
TARGET_DEVICE_27 mean time    = 24.544708 microseconds +/- 0.541609
TARGET_DEVICE_27 overhead     = 22.759549 microseconds +/- 0.768435
TARGET_DEVICE_27 median_ovrhd = 22.894889 microseconds 
************************************************************************************************************************************************************************
Running OpenMP benchmark version 4.0
	1 thread(s)
	40 outer repetitions
	1000.00 test time (microseconds)
	37 delay length (iterations) 
	0.100000 delay time (microseconds)

--------------------------------------------------------
Computing reference_Device time using 20 reps

Sample_size       Mean       Median     Min        Max        StdDev     Outliers
 40               1.810193   1.800060   1.704693   2.503395   0.118429   1
reference_Device mean time    = 1.810193 microseconds +/- 0.232120
reference_Device median time  = 1.800060 microseconds

--------------------------------------------------------
Computing TARGET_DEVICE_27 time using 160 reps

Sample_size       Mean       Median     Min        Max        StdDev     Outliers
 40               24.726577   24.749339   23.874640   25.273860   0.313485   0
TARGET_DEVICE_27 mean time    = 24.726577 microseconds +/- 0.614431
TARGET_DEVICE_27 overhead     = 22.916384 microseconds +/- 0.846552
TARGET_DEVICE_27 median_ovrhd = 22.949278 microseconds 
************************************************************************************************************************************************************************
Running OpenMP benchmark version 4.0
	1 thread(s)
	40 outer repetitions
	1000.00 test time (microseconds)
	41 delay length (iterations) 
	0.100000 delay time (microseconds)

--------------------------------------------------------
Computing reference_Device time using 20 reps

Sample_size       Mean       Median     Min        Max        StdDev     Outliers
 40               1.845062   1.800060   1.740456   2.443790   0.159719   2
reference_Device mean time    = 1.845062 microseconds +/- 0.313050
reference_Device median time  = 1.800060 microseconds

--------------------------------------------------------
Computing TARGET_DEVICE_27 time using 160 reps

Sample_size       Mean       Median     Min        Max        StdDev     Outliers
 40               24.831071   24.822354   24.400651   25.437772   0.260365   0
TARGET_DEVICE_27 mean time    = 24.831071 microseconds +/- 0.510315
TARGET_DEVICE_27 overhead     = 22.986010 microseconds +/- 0.823365
TARGET_DEVICE_27 median_ovrhd = 23.022294 microseconds 
************************************************************************************************************************************************************************
Running OpenMP benchmark version 4.0
	1 thread(s)
	40 outer repetitions
	1000.00 test time (microseconds)
	44 delay length (iterations) 
	0.100000 delay time (microseconds)

--------------------------------------------------------
Computing reference_Device time using 20 reps

Sample_size       Mean       Median     Min        Max        StdDev     Outliers
 40               1.949966   1.847744   1.800060   2.503395   0.190369   0
reference_Device mean time    = 1.949966 microseconds +/- 0.373124
reference_Device median time  = 1.847744 microseconds

--------------------------------------------------------
Computing TARGET_DEVICE_27 time using 160 reps

Sample_size       Mean       Median     Min        Max        StdDev     Outliers
 40               24.769381   24.811924   24.168193   25.682151   0.261991   1
TARGET_DEVICE_27 mean time    = 24.769381 microseconds +/- 0.513503
TARGET_DEVICE_27 overhead     = 22.819415 microseconds +/- 0.886627
TARGET_DEVICE_27 median_ovrhd = 22.964180 microseconds 
************************************************************************************************************************************************************************
Running OpenMP benchmark version 4.0
	1 thread(s)
	40 outer repetitions
	1000.00 test time (microseconds)
	48 delay length (iterations) 
	0.100000 delay time (microseconds)

--------------------------------------------------------
Computing reference_Device time using 20 reps

Sample_size       Mean       Median     Min        Max        StdDev     Outliers
 40               2.234876   2.241135   1.895428   2.956390   0.141591   1
reference_Device mean time    = 2.234876 microseconds +/- 0.277519
reference_Device median time  = 2.241135 microseconds

--------------------------------------------------------
Computing TARGET_DEVICE_27 time using 80 reps

Sample_size       Mean       Median     Min        Max        StdDev     Outliers
 40               24.775341   24.770200   24.375319   25.323033   0.200724   0
TARGET_DEVICE_27 mean time    = 24.775341 microseconds +/- 0.393420
TARGET_DEVICE_27 overhead     = 22.540465 microseconds +/- 0.670939
TARGET_DEVICE_27 median_ovrhd = 22.529066 microseconds 
************************************************************************************************************************************************************************
Running OpenMP benchmark version 4.0
	1 thread(s)
	40 outer repetitions
	1000.00 test time (microseconds)
	52 delay length (iterations) 
	0.100000 delay time (microseconds)

--------------------------------------------------------
Computing reference_Device time using 20 reps

Sample_size       Mean       Median     Min        Max        StdDev     Outliers
 40               2.270341   2.253056   1.955032   2.956390   0.134001   1
reference_Device mean time    = 2.270341 microseconds +/- 0.262642
reference_Device median time  = 2.253056 microseconds

--------------------------------------------------------
Computing TARGET_DEVICE_27 time using 80 reps

Sample_size       Mean       Median     Min        Max        StdDev     Outliers
 40               25.234371   25.242567   24.613738   25.886297   0.253831   0
TARGET_DEVICE_27 mean time    = 25.234371 microseconds +/- 0.497509
TARGET_DEVICE_27 overhead     = 22.964031 microseconds +/- 0.760151
TARGET_DEVICE_27 median_ovrhd = 22.989511 microseconds 
************************************************************************************************************************************************************************
Running OpenMP benchmark version 4.0
	1 thread(s)
	40 outer repetitions
	1000.00 test time (microseconds)
	56 delay length (iterations) 
	0.100000 delay time (microseconds)

--------------------------------------------------------
Computing reference_Device time using 20 reps

Sample_size       Mean       Median     Min        Max        StdDev     Outliers
 40               2.217591   2.205372   2.002716   2.849102   0.113686   1
reference_Device mean time    = 2.217591 microseconds +/- 0.222824
reference_Device median time  = 2.205372 microseconds

--------------------------------------------------------
Computing TARGET_DEVICE_27 time using 80 reps

Sample_size       Mean       Median     Min        Max        StdDev     Outliers
 40               24.754703   24.786592   24.113059   25.150180   0.226414   0
TARGET_DEVICE_27 mean time    = 24.754703 microseconds +/- 0.443772
TARGET_DEVICE_27 overhead     = 22.537112 microseconds +/- 0.666597
TARGET_DEVICE_27 median_ovrhd = 22.581220 microseconds 
************************************************************************************************************************************************************************
Running OpenMP benchmark version 4.0
	1 thread(s)
	40 outer repetitions
	1000.00 test time (microseconds)
	61 delay length (iterations) 
	0.100000 delay time (microseconds)

--------------------------------------------------------
Computing reference_Device time using 20 reps

Sample_size       Mean       Median     Min        Max        StdDev     Outliers
 40               2.299845   2.288818   2.193451   3.051758   0.131405   1
reference_Device mean time    = 2.299845 microseconds +/- 0.257553
reference_Device median time  = 2.288818 microseconds

--------------------------------------------------------
Computing TARGET_DEVICE_27 time using 80 reps

Sample_size       Mean       Median     Min        Max        StdDev     Outliers
 40               25.098473   25.156140   24.622679   25.638938   0.272903   0
TARGET_DEVICE_27 mean time    = 25.098473 microseconds +/- 0.534890
TARGET_DEVICE_27 overhead     = 22.798628 microseconds +/- 0.792443
TARGET_DEVICE_27 median_ovrhd = 22.867322 microseconds 
************************************************************************************************************************************************************************
Running OpenMP benchmark version 4.0
	1 thread(s)
	40 outer repetitions
	1000.00 test time (microseconds)
	66 delay length (iterations) 
	0.100000 delay time (microseconds)

--------------------------------------------------------
Computing reference_Device time using 20 reps

Sample_size       Mean       Median     Min        Max        StdDev     Outliers
 40               2.275109   2.253056   2.145767   2.896786   0.135316   2
reference_Device mean time    = 2.275109 microseconds +/- 0.265220
reference_Device median time  = 2.253056 microseconds

--------------------------------------------------------
Computing TARGET_DEVICE_27 time using 80 reps

Sample_size       Mean       Median     Min        Max        StdDev     Outliers
 40               24.804771   24.819374   24.124980   25.498867   0.343716   0
TARGET_DEVICE_27 mean time    = 24.804771 microseconds +/- 0.673684
TARGET_DEVICE_27 overhead     = 22.529662 microseconds +/- 0.938904
TARGET_DEVICE_27 median_ovrhd = 22.566319 microseconds 
************************************************************************************************************************************************************************
Running OpenMP benchmark version 4.0
	1 thread(s)
	40 outer repetitions
	1000.00 test time (microseconds)
	71 delay length (iterations) 
	0.100000 delay time (microseconds)

--------------------------------------------------------
Computing reference_Device time using 20 reps

Sample_size       Mean       Median     Min        Max        StdDev     Outliers
 40               2.276301   2.253056   2.193451   3.051758   0.132497   1
reference_Device mean time    = 2.276301 microseconds +/- 0.259695
reference_Device median time  = 2.253056 microseconds

--------------------------------------------------------
Computing TARGET_DEVICE_27 time using 80 reps

Sample_size       Mean       Median     Min        Max        StdDev     Outliers
 40               24.718121   24.718046   24.023652   25.251508   0.281671   0
TARGET_DEVICE_27 mean time    = 24.718121 microseconds +/- 0.552076
TARGET_DEVICE_27 overhead     = 22.441819 microseconds +/- 0.811770
TARGET_DEVICE_27 median_ovrhd = 22.464991 microseconds 
************************************************************************************************************************************************************************
Running OpenMP benchmark version 4.0
	1 thread(s)
	40 outer repetitions
	1000.00 test time (microseconds)
	77 delay length (iterations) 
	0.100000 delay time (microseconds)

--------------------------------------------------------
Computing reference_Device time using 20 reps

Sample_size       Mean       Median     Min        Max        StdDev     Outliers
 40               2.312362   2.253056   2.193451   2.849102   0.148242   1
reference_Device mean time    = 2.312362 microseconds +/- 0.290555
reference_Device median time  = 2.253056 microseconds

--------------------------------------------------------
Computing TARGET_DEVICE_27 time using 80 reps

Sample_size       Mean       Median     Min        Max        StdDev     Outliers
 40               24.749711   24.767220   24.113059   25.251508   0.243727   0
TARGET_DEVICE_27 mean time    = 24.749711 microseconds +/- 0.477706
TARGET_DEVICE_27 overhead     = 22.437349 microseconds +/- 0.768260
TARGET_DEVICE_27 median_ovrhd = 22.514164 microseconds 
************************************************************************************************************************************************************************
Running OpenMP benchmark version 4.0
	1 thread(s)
	40 outer repetitions
	1000.00 test time (microseconds)
	84 delay length (iterations) 
	0.100000 delay time (microseconds)

--------------------------------------------------------
Computing reference_Device time using 20 reps

Sample_size       Mean       Median     Min        Max        StdDev     Outliers
 40               2.717376   2.700090   2.455711   3.397465   0.124237   1
reference_Device mean time    = 2.717376 microseconds +/- 0.243504
reference_Device median time  = 2.700090 microseconds

--------------------------------------------------------
Computing TARGET_DEVICE_27 time using 80 reps

Sample_size       Mean       Median     Min        Max        StdDev     Outliers
 40               24.968162   24.963915   24.676323   25.373697   0.149000   0
TARGET_DEVICE_27 mean time    = 24.968162 microseconds +/- 0.292040
TARGET_DEVICE_27 overhead     = 22.250786 microseconds +/- 0.535544
TARGET_DEVICE_27 median_ovrhd = 22.263825 microseconds 
************************************************************************************************************************************************************************
Running OpenMP benchmark version 4.0
	1 thread(s)
	40 outer repetitions
	1000.00 test time (microseconds)
	91 delay length (iterations) 
	0.100000 delay time (microseconds)

--------------------------------------------------------
Computing reference_Device time using 20 reps

Sample_size       Mean       Median     Min        Max        StdDev     Outliers
 40               2.733767   2.706051   2.646446   3.397465   0.126257   1
reference_Device mean time    = 2.733767 microseconds +/- 0.247464
reference_Device median time  = 2.706051 microseconds

--------------------------------------------------------
Computing TARGET_DEVICE_27 time using 80 reps

Sample_size       Mean       Median     Min        Max        StdDev     Outliers
 40               24.753138   24.825335   24.148822   25.263429   0.277007   0
TARGET_DEVICE_27 mean time    = 24.753138 microseconds +/- 0.542934
TARGET_DEVICE_27 overhead     = 22.019371 microseconds +/- 0.790398
TARGET_DEVICE_27 median_ovrhd = 22.119284 microseconds 
************************************************************************************************************************************************************************
Running OpenMP benchmark version 4.0
	1 thread(s)
	40 outer repetitions
	1000.00 test time (microseconds)
	98 delay length (iterations) 
	0.100000 delay time (microseconds)

--------------------------------------------------------
Computing reference_Device time using 20 reps

Sample_size       Mean       Median     Min        Max        StdDev     Outliers
 40               2.734959   2.706051   2.646446   3.397465   0.124791   1
reference_Device mean time    = 2.734959 microseconds +/- 0.244591
reference_Device median time  = 2.706051 microseconds

--------------------------------------------------------
Computing TARGET_DEVICE_27 time using 80 reps

Sample_size       Mean       Median     Min        Max        StdDev     Outliers
 40               24.676844   24.686754   23.987889   25.126338   0.284904   0
TARGET_DEVICE_27 mean time    = 24.676844 microseconds +/- 0.558412
TARGET_DEVICE_27 overhead     = 21.941885 microseconds +/- 0.803003
TARGET_DEVICE_27 median_ovrhd = 21.980703 microseconds 
************************************************************************************************************************************************************************
Running OpenMP benchmark version 4.0
	1 thread(s)
	40 outer repetitions
	1000.00 test time (microseconds)
	106 delay length (iterations) 
	0.100000 delay time (microseconds)

--------------------------------------------------------
Computing reference_Device time using 20 reps

Sample_size       Mean       Median     Min        Max        StdDev     Outliers
 40               2.759993   2.747774   2.646446   3.397465   0.123827   1
reference_Device mean time    = 2.759993 microseconds +/- 0.242700
reference_Device median time  = 2.747774 microseconds

--------------------------------------------------------
Computing TARGET_DEVICE_27 time using 80 reps

Sample_size       Mean       Median     Min        Max        StdDev     Outliers
 40               24.330691   24.236739   23.874640   24.962425   0.298808   0
TARGET_DEVICE_27 mean time    = 24.330691 microseconds +/- 0.585664
TARGET_DEVICE_27 overhead     = 21.570697 microseconds +/- 0.828364
TARGET_DEVICE_27 median_ovrhd = 21.488965 microseconds 
************************************************************************************************************************************************************************
Running OpenMP benchmark version 4.0
	1 thread(s)
	40 outer repetitions
	1000.00 test time (microseconds)
	115 delay length (iterations) 
	0.100000 delay time (microseconds)

--------------------------------------------------------
Computing reference_Device time using 20 reps

Sample_size       Mean       Median     Min        Max        StdDev     Outliers
 40               3.171265   3.147125   3.051758   3.850460   0.144079   2
reference_Device mean time    = 3.171265 microseconds +/- 0.282394
reference_Device median time  = 3.147125 microseconds

--------------------------------------------------------
Computing TARGET_DEVICE_27 time using 80 reps

Sample_size       Mean       Median     Min        Max        StdDev     Outliers
 40               24.835989   24.849176   24.539232   25.111437   0.145374   0
TARGET_DEVICE_27 mean time    = 24.835989 microseconds +/- 0.284933
TARGET_DEVICE_27 overhead     = 21.664724 microseconds +/- 0.567327
TARGET_DEVICE_27 median_ovrhd = 21.702051 microseconds 
************************************************************************************************************************************************************************
Running OpenMP benchmark version 4.0
	1 thread(s)
	40 outer repetitions
	1000.00 test time (microseconds)
	125 delay length (iterations) 
	0.100000 delay time (microseconds)

--------------------------------------------------------
Computing reference_Device time using 20 reps

Sample_size       Mean       Median     Min        Max        StdDev     Outliers
 40               3.193617   3.194809   3.099442   3.850460   0.114622   1
reference_Device mean time    = 3.193617 microseconds +/- 0.224658
reference_Device median time  = 3.194809 microseconds

--------------------------------------------------------
Computing TARGET_DEVICE_27 time using 80 reps

Sample_size       Mean       Median     Min        Max        StdDev     Outliers
 40               24.930686   24.974346   24.476647   25.412440   0.227665   0
TARGET_DEVICE_27 mean time    = 24.930686 microseconds +/- 0.446223
TARGET_DEVICE_27 overhead     = 21.737069 microseconds +/- 0.670881
TARGET_DEVICE_27 median_ovrhd = 21.779537 microseconds 
************************************************************************************************************************************************************************
Running OpenMP benchmark version 4.0
	1 thread(s)
	40 outer repetitions
	1000.00 test time (microseconds)
	135 delay length (iterations) 
	0.100000 delay time (microseconds)

--------------------------------------------------------
Computing reference_Device time using 20 reps

Sample_size       Mean       Median     Min        Max        StdDev     Outliers
 40               3.207624   3.194809   3.099442   3.957748   0.137979   1
reference_Device mean time    = 3.207624 microseconds +/- 0.270438
reference_Device median time  = 3.194809 microseconds

--------------------------------------------------------
Computing TARGET_DEVICE_27 time using 80 reps

Sample_size       Mean       Median     Min        Max        StdDev     Outliers
 40               24.682134   24.718046   24.235249   25.251508   0.239003   0
TARGET_DEVICE_27 mean time    = 24.682134 microseconds +/- 0.468447
TARGET_DEVICE_27 overhead     = 21.474510 microseconds +/- 0.738885
TARGET_DEVICE_27 median_ovrhd = 21.523237 microseconds 
************************************************************************************************************************************************************************
Running OpenMP benchmark version 4.0
	1 thread(s)
	40 outer repetitions
	1000.00 test time (microseconds)
	147 delay length (iterations) 
	0.100000 delay time (microseconds)

--------------------------------------------------------
Computing reference_Device time using 20 reps

Sample_size       Mean       Median     Min        Max        StdDev     Outliers
 40               3.652275   3.647804   3.540516   4.339218   0.120083   1
reference_Device mean time    = 3.652275 microseconds +/- 0.235363
reference_Device median time  = 3.647804 microseconds

--------------------------------------------------------
Computing TARGET_DEVICE_27 time using 160 reps

Sample_size       Mean       Median     Min        Max        StdDev     Outliers
 40               24.381280   24.406612   23.643672   24.794042   0.288936   0
TARGET_DEVICE_27 mean time    = 24.381280 microseconds +/- 0.566314
TARGET_DEVICE_27 overhead     = 20.729005 microseconds +/- 0.801676
TARGET_DEVICE_27 median_ovrhd = 20.758808 microseconds 
************************************************************************************************************************************************************************
Running OpenMP benchmark version 4.0
	1 thread(s)
	40 outer repetitions
	1000.00 test time (microseconds)
	159 delay length (iterations) 
	0.100000 delay time (microseconds)

--------------------------------------------------------
Computing reference_Device time using 20 reps

Sample_size       Mean       Median     Min        Max        StdDev     Outliers
 40               3.668964   3.647804   3.552437   4.291534   0.139348   2
reference_Device mean time    = 3.668964 microseconds +/- 0.273121
reference_Device median time  = 3.647804 microseconds

--------------------------------------------------------
Computing TARGET_DEVICE_27 time using 160 reps

Sample_size       Mean       Median     Min        Max        StdDev     Outliers
 40               24.525002   24.469197   23.831427   24.919212   0.217771   1
TARGET_DEVICE_27 mean time    = 24.525002 microseconds +/- 0.426832
TARGET_DEVICE_27 overhead     = 20.856038 microseconds +/- 0.699953
TARGET_DEVICE_27 median_ovrhd = 20.821393 microseconds 
************************************************************************************************************************************************************************
Running OpenMP benchmark version 4.0
	1 thread(s)
	40 outer repetitions
	1000.00 test time (microseconds)
	172 delay length (iterations) 
	0.100000 delay time (microseconds)

--------------------------------------------------------
Computing reference_Device time using 20 reps

Sample_size       Mean       Median     Min        Max        StdDev     Outliers
 40               3.677905   3.647804   3.600121   4.351139   0.121989   1
reference_Device mean time    = 3.677905 microseconds +/- 0.239098
reference_Device median time  = 3.647804 microseconds

--------------------------------------------------------
Computing TARGET_DEVICE_27 time using 160 reps

Sample_size       Mean       Median     Min        Max        StdDev     Outliers
 40               24.542660   24.574995   23.962557   24.862587   0.249847   0
TARGET_DEVICE_27 mean time    = 24.542660 microseconds +/- 0.489701
TARGET_DEVICE_27 overhead     = 20.864755 microseconds +/- 0.728799
TARGET_DEVICE_27 median_ovrhd = 20.927191 microseconds 
************************************************************************************************************************************************************************
Running OpenMP benchmark version 4.0
	1 thread(s)
	40 outer repetitions
	1000.00 test time (microseconds)
	187 delay length (iterations) 
	0.100000 delay time (microseconds)

--------------------------------------------------------
Computing reference_Device time using 20 reps

Sample_size       Mean       Median     Min        Max        StdDev     Outliers
 40               4.112422   4.100800   4.041195   4.696846   0.105334   1
reference_Device mean time    = 4.112422 microseconds +/- 0.206455
reference_Device median time  = 4.100800 microseconds

--------------------------------------------------------
Computing TARGET_DEVICE_27 time using 160 reps

Sample_size       Mean       Median     Min        Max        StdDev     Outliers
 40               24.664365   24.706125   23.831427   25.105476   0.288767   0
TARGET_DEVICE_27 mean time    = 24.664365 microseconds +/- 0.565984
TARGET_DEVICE_27 overhead     = 20.551942 microseconds +/- 0.772439
TARGET_DEVICE_27 median_ovrhd = 20.605326 microseconds 
************************************************************************************************************************************************************************
Running OpenMP benchmark version 4.0
	1 thread(s)
	40 outer repetitions
	1000.00 test time (microseconds)
	202 delay length (iterations) 
	0.100000 delay time (microseconds)

--------------------------------------------------------
Computing reference_Device time using 20 reps

Sample_size       Mean       Median     Min        Max        StdDev     Outliers
 40               4.133582   4.100800   3.993511   4.792213   0.136635   1
reference_Device mean time    = 4.133582 microseconds +/- 0.267804
reference_Device median time  = 4.100800 microseconds

--------------------------------------------------------
Computing TARGET_DEVICE_27 time using 160 reps

Sample_size       Mean       Median     Min        Max        StdDev     Outliers
 40               24.592951   24.653226   23.843348   25.036931   0.295769   0
TARGET_DEVICE_27 mean time    = 24.592951 microseconds +/- 0.579707
TARGET_DEVICE_27 overhead     = 20.459369 microseconds +/- 0.847511
TARGET_DEVICE_27 median_ovrhd = 20.552427 microseconds 
************************************************************************************************************************************************************************
Running OpenMP benchmark version 4.0
	1 thread(s)
	40 outer repetitions
	1000.00 test time (microseconds)
	219 delay length (iterations) 
	0.100000 delay time (microseconds)

--------------------------------------------------------
Computing reference_Device time using 20 reps

Sample_size       Mean       Median     Min        Max        StdDev     Outliers
 40               4.588962   4.553795   4.494190   5.304813   0.154465   2
reference_Device mean time    = 4.588962 microseconds +/- 0.302751
reference_Device median time  = 4.553795 microseconds

--------------------------------------------------------
Computing TARGET_DEVICE_27 time using 160 reps

Sample_size       Mean       Median     Min        Max        StdDev     Outliers
 40               24.822317   24.797022   24.525821   25.318563   0.206050   0
TARGET_DEVICE_27 mean time    = 24.822317 microseconds +/- 0.403859
TARGET_DEVICE_27 overhead     = 20.233355 microseconds +/- 0.706609
TARGET_DEVICE_27 median_ovrhd = 20.243227 microseconds 
************************************************************************************************************************************************************************
Running OpenMP benchmark version 4.0
	1 thread(s)
	40 outer repetitions
	1000.00 test time (microseconds)
	237 delay length (iterations) 
	0.100000 delay time (microseconds)

--------------------------------------------------------
Computing reference_Device time using 20 reps

Sample_size       Mean       Median     Min        Max        StdDev     Outliers
 40               4.706383   4.750490   4.446507   5.197525   0.171166   0
reference_Device mean time    = 4.706383 microseconds +/- 0.335485
reference_Device median time  = 4.750490 microseconds

--------------------------------------------------------
Computing TARGET_DEVICE_27 time using 160 reps

Sample_size       Mean       Median     Min        Max        StdDev     Outliers
 40               24.416596   24.421513   23.786724   24.768710   0.247299   0
TARGET_DEVICE_27 mean time    = 24.416596 microseconds +/- 0.484707
TARGET_DEVICE_27 overhead     = 19.710213 microseconds +/- 0.820192
TARGET_DEVICE_27 median_ovrhd = 19.671023 microseconds 
************************************************************************************************************************************************************************
Running OpenMP benchmark version 4.0
	1 thread(s)
	40 outer repetitions
	1000.00 test time (microseconds)
	257 delay length (iterations) 
	0.100000 delay time (microseconds)

--------------------------------------------------------
Computing reference_Device time using 20 reps

Sample_size       Mean       Median     Min        Max        StdDev     Outliers
 40               5.037785   5.006790   4.899502   5.710125   0.149279   2
reference_Device mean time    = 5.037785 microseconds +/- 0.292586
reference_Device median time  = 5.006790 microseconds

--------------------------------------------------------
Computing TARGET_DEVICE_27 time using 160 reps

Sample_size       Mean       Median     Min        Max        StdDev     Outliers
 40               24.772808   24.749339   24.412572   25.349855   0.191066   1
TARGET_DEVICE_27 mean time    = 24.772808 microseconds +/- 0.374489
TARGET_DEVICE_27 overhead     = 19.735023 microseconds +/- 0.667075
TARGET_DEVICE_27 median_ovrhd = 19.742548 microseconds 
************************************************************************************************************************************************************************
Running OpenMP benchmark version 4.0
	1 thread(s)
	40 outer repetitions
	1000.00 test time (microseconds)
	278 delay length (iterations) 
	0.100000 delay time (microseconds)

--------------------------------------------------------
Computing reference_Device time using 20 reps

Sample_size       Mean       Median     Min        Max        StdDev     Outliers
 40               5.406141   5.447865   5.090237   5.745888   0.139099   0
reference_Device mean time    = 5.406141 microseconds +/- 0.272635
reference_Device median time  = 5.447865 microseconds

--------------------------------------------------------
Computing TARGET_DEVICE_27 time using 160 reps

Sample_size       Mean       Median     Min        Max        StdDev     Outliers
 40               24.523921   24.565309   23.987889   24.931133   0.254515   0
TARGET_DEVICE_27 mean time    = 24.523921 microseconds +/- 0.498850
TARGET_DEVICE_27 overhead     = 19.117780 microseconds +/- 0.771485
TARGET_DEVICE_27 median_ovrhd = 19.117445 microseconds 
************************************************************************************************************************************************************************
Running OpenMP benchmark version 4.0
	1 thread(s)
	40 outer repetitions
	1000.00 test time (microseconds)
	301 delay length (iterations) 
	0.100000 delay time (microseconds)

--------------------------------------------------------
Computing reference_Device time using 20 reps

Sample_size       Mean       Median     Min        Max        StdDev     Outliers
 40               5.522668   5.507469   5.352497   6.198883   0.125027   1
reference_Device mean time    = 5.522668 microseconds +/- 0.245054
reference_Device median time  = 5.507469 microseconds

--------------------------------------------------------
Computing TARGET_DEVICE_27 time using 80 reps

Sample_size       Mean       Median     Min        Max        StdDev     Outliers
 40               25.101230   25.144219   24.586916   25.787950   0.347057   0
TARGET_DEVICE_27 mean time    = 25.101230 microseconds +/- 0.680232
TARGET_DEVICE_27 overhead     = 19.578561 microseconds +/- 0.925286
TARGET_DEVICE_27 median_ovrhd = 19.636750 microseconds 
************************************************************************************************************************************************************************
Running OpenMP benchmark version 4.0
	1 thread(s)
	40 outer repetitions
	1000.00 test time (microseconds)
	327 delay length (iterations) 
	0.100000 delay time (microseconds)

--------------------------------------------------------
Computing reference_Device time using 20 reps

Sample_size       Mean       Median     Min        Max        StdDev     Outliers
 40               5.952418   5.948544   5.805492   6.699562   0.140569   1
reference_Device mean time    = 5.952418 microseconds +/- 0.275515
reference_Device median time  = 5.948544 microseconds

--------------------------------------------------------
Computing TARGET_DEVICE_27 time using 80 reps

Sample_size       Mean       Median     Min        Max        StdDev     Outliers
 40               24.919957   24.949014   24.411082   25.361776   0.236802   0
TARGET_DEVICE_27 mean time    = 24.919957 microseconds +/- 0.464133
TARGET_DEVICE_27 overhead     = 18.967539 microseconds +/- 0.739647
TARGET_DEVICE_27 median_ovrhd = 19.000471 microseconds 
************************************************************************************************************************************************************************
Running OpenMP benchmark version 4.0
	1 thread(s)
	40 outer repetitions
	1000.00 test time (microseconds)
	354 delay length (iterations) 
	0.100000 delay time (microseconds)

--------------------------------------------------------
Computing reference_Device time using 20 reps

Sample_size       Mean       Median     Min        Max        StdDev     Outliers
 40               6.389022   6.401539   6.246567   7.104874   0.144671   1
reference_Device mean time    = 6.389022 microseconds +/- 0.283555
reference_Device median time  = 6.401539 microseconds

--------------------------------------------------------
Computing TARGET_DEVICE_27 time using 80 reps

Sample_size       Mean       Median     Min        Max        StdDev     Outliers
 40               24.172813   24.111569   23.800135   24.574995   0.202147   0
TARGET_DEVICE_27 mean time    = 24.172813 microseconds +/- 0.396208
TARGET_DEVICE_27 overhead     = 17.783791 microseconds +/- 0.679763
TARGET_DEVICE_27 median_ovrhd = 17.710030 microseconds 
************************************************************************************************************************************************************************
Running OpenMP benchmark version 4.0
	1 thread(s)
	40 outer repetitions
	1000.00 test time (microseconds)
	383 delay length (iterations) 
	0.100000 delay time (microseconds)

--------------------------------------------------------
Computing reference_Device time using 20 reps

Sample_size       Mean       Median     Min        Max        StdDev     Outliers
 40               6.860197   6.848574   6.747246   7.510185   0.130921   1
reference_Device mean time    = 6.860197 microseconds +/- 0.256606
reference_Device median time  = 6.848574 microseconds

--------------------------------------------------------
Computing TARGET_DEVICE_27 time using 160 reps

Sample_size       Mean       Median     Min        Max        StdDev     Outliers
 40               24.780929   24.824589   24.074316   25.101006   0.230916   1
TARGET_DEVICE_27 mean time    = 24.780929 microseconds +/- 0.452596
TARGET_DEVICE_27 overhead     = 17.920732 microseconds +/- 0.709201
TARGET_DEVICE_27 median_ovrhd = 17.976016 microseconds 
************************************************************************************************************************************************************************
Running OpenMP benchmark version 4.0
	1 thread(s)
	40 outer repetitions
	1000.00 test time (microseconds)
	415 delay length (iterations) 
	0.100000 delay time (microseconds)

--------------------------------------------------------
Computing reference_Device time using 20 reps

Sample_size       Mean       Median     Min        Max        StdDev     Outliers
 40               7.273853   7.247925   7.045269   7.653236   0.098853   1
reference_Device mean time    = 7.273853 microseconds +/- 0.193751
reference_Device median time  = 7.247925 microseconds

--------------------------------------------------------
Computing TARGET_DEVICE_27 time using 160 reps

Sample_size       Mean       Median     Min        Max        StdDev     Outliers
 40               24.453141   24.534762   23.855269   24.844706   0.296620   0
TARGET_DEVICE_27 mean time    = 24.453141 microseconds +/- 0.581375
TARGET_DEVICE_27 overhead     = 17.179288 microseconds +/- 0.775126
TARGET_DEVICE_27 median_ovrhd = 17.286837 microseconds 
************************************************************************************************************************************************************************
Running OpenMP benchmark version 4.0
	1 thread(s)
	40 outer repetitions
	1000.00 test time (microseconds)
	450 delay length (iterations) 
	0.100000 delay time (microseconds)

--------------------------------------------------------
Computing reference_Device time using 20 reps

Sample_size       Mean       Median     Min        Max        StdDev     Outliers
 40               7.758737   7.748604   7.641315   8.499622   0.137586   1
reference_Device mean time    = 7.758737 microseconds +/- 0.269669
reference_Device median time  = 7.748604 microseconds

--------------------------------------------------------
Computing TARGET_DEVICE_27 time using 160 reps

Sample_size       Mean       Median     Min        Max        StdDev     Outliers
 40               24.643615   24.665147   24.175644   24.980307   0.201399   0
TARGET_DEVICE_27 mean time    = 24.643615 microseconds +/- 0.394741
TARGET_DEVICE_27 overhead     = 16.884878 microseconds +/- 0.664410
TARGET_DEVICE_27 median_ovrhd = 16.916543 microseconds 
************************************************************************************************************************************************************************
Running OpenMP benchmark version 4.0
	1 thread(s)
	40 outer repetitions
	1000.00 test time (microseconds)
	487 delay length (iterations) 
	0.100000 delay time (microseconds)

--------------------------------------------------------
Computing reference_Device time using 20 reps

Sample_size       Mean       Median     Min        Max        StdDev     Outliers
 40               8.219779   8.171797   8.094311   9.095669   0.159502   1
reference_Device mean time    = 8.219779 microseconds +/- 0.312625
reference_Device median time  = 8.171797 microseconds

--------------------------------------------------------
Computing TARGET_DEVICE_27 time using 80 reps

Sample_size       Mean       Median     Min        Max        StdDev     Outliers
 40               24.776608   24.788082   24.300814   25.385618   0.239372   0
TARGET_DEVICE_27 mean time    = 24.776608 microseconds +/- 0.469170
TARGET_DEVICE_27 overhead     = 16.556829 microseconds +/- 0.781794
TARGET_DEVICE_27 median_ovrhd = 16.616285 microseconds 
************************************************************************************************************************************************************************
Running OpenMP benchmark version 4.0
	1 thread(s)
	40 outer repetitions
	1000.00 test time (microseconds)
	527 delay length (iterations) 
	0.100000 delay time (microseconds)

--------------------------------------------------------
Computing reference_Device time using 20 reps

Sample_size       Mean       Median     Min        Max        StdDev     Outliers
 40               8.701384   8.654594   8.547306   9.453297   0.145335   1
reference_Device mean time    = 8.701384 microseconds +/- 0.284857
reference_Device median time  = 8.654594 microseconds

--------------------------------------------------------
Computing TARGET_DEVICE_27 time using 80 reps

Sample_size       Mean       Median     Min        Max        StdDev     Outliers
 40               25.660992   25.661290   25.174022   26.237965   0.238007   0
TARGET_DEVICE_27 mean time    = 25.660992 microseconds +/- 0.466494
TARGET_DEVICE_27 overhead     = 16.959608 microseconds +/- 0.751351
TARGET_DEVICE_27 median_ovrhd = 17.006695 microseconds 
************************************************************************************************************************************************************************
Running OpenMP benchmark version 4.0
	1 thread(s)
	40 outer repetitions
	1000.00 test time (microseconds)
	571 delay length (iterations) 
	0.100000 delay time (microseconds)

--------------------------------------------------------
Computing reference_Device time using 20 reps

Sample_size       Mean       Median     Min        Max        StdDev     Outliers
 40               9.525120   9.548664   9.238720   10.204315   0.178406   1
reference_Device mean time    = 9.525120 microseconds +/- 0.349675
reference_Device median time  = 9.548664 microseconds

--------------------------------------------------------
Computing TARGET_DEVICE_27 time using 80 reps

Sample_size       Mean       Median     Min        Max        StdDev     Outliers
 40               30.096248   30.106306   28.648973   31.262636   0.619445   0
TARGET_DEVICE_27 mean time    = 30.096248 microseconds +/- 1.214113
TARGET_DEVICE_27 overhead     = 20.571128 microseconds +/- 1.563788
TARGET_DEVICE_27 median_ovrhd = 20.557642 microseconds 
************************************************************************************************************************************************************************
Running OpenMP benchmark version 4.0
	1 thread(s)
	40 outer repetitions
	1000.00 test time (microseconds)
	619 delay length (iterations) 
	0.100000 delay time (microseconds)

--------------------------------------------------------
Computing reference_Device time using 20 reps

Sample_size       Mean       Median     Min        Max        StdDev     Outliers
 40               10.083914   10.049343   9.906292   10.800362   0.140138   1
reference_Device mean time    = 10.083914 microseconds +/- 0.274671
reference_Device median time  = 10.049343 microseconds

--------------------------------------------------------
Computing TARGET_DEVICE_27 time using 80 reps

Sample_size       Mean       Median     Min        Max        StdDev     Outliers
 40               34.046620   34.062564   33.462048   34.525990   0.278421   0
TARGET_DEVICE_27 mean time    = 34.046620 microseconds +/- 0.545705
TARGET_DEVICE_27 overhead     = 23.962706 microseconds +/- 0.820375
TARGET_DEVICE_27 median_ovrhd = 24.013221 microseconds 
************************************************************************************************************************************************************************
Running OpenMP benchmark version 4.0
	1 thread(s)
	40 outer repetitions
	1000.00 test time (microseconds)
	670 delay length (iterations) 
	0.100000 delay time (microseconds)

--------------------------------------------------------
Computing reference_Device time using 20 reps

Sample_size       Mean       Median     Min        Max        StdDev     Outliers
 40               10.875165   10.901690   10.550022   11.301041   0.163518   0
reference_Device mean time    = 10.875165 microseconds +/- 0.320496
reference_Device median time  = 10.901690 microseconds

--------------------------------------------------------
Computing TARGET_DEVICE_27 time using 80 reps

Sample_size       Mean       Median     Min        Max        StdDev     Outliers
 40               33.950061   33.988059   33.301115   34.475327   0.272070   0
TARGET_DEVICE_27 mean time    = 33.950061 microseconds +/- 0.533257
TARGET_DEVICE_27 overhead     = 23.074895 microseconds +/- 0.853753
TARGET_DEVICE_27 median_ovrhd = 23.086369 microseconds 
************************************************************************************************************************************************************************
Running OpenMP benchmark version 4.0
	1 thread(s)
	40 outer repetitions
	1000.00 test time (microseconds)
	726 delay length (iterations) 
	0.100000 delay time (microseconds)

--------------------------------------------------------
Computing reference_Device time using 20 reps

Sample_size       Mean       Median     Min        Max        StdDev     Outliers
 40               11.468828   11.408329   11.348724   12.302399   0.173201   1
reference_Device mean time    = 11.468828 microseconds +/- 0.339474
reference_Device median time  = 11.408329 microseconds

--------------------------------------------------------
Computing TARGET_DEVICE_27 time using 80 reps

Sample_size       Mean       Median     Min        Max        StdDev     Outliers
 40               33.934116   33.907592   33.399463   34.549832   0.244372   0
TARGET_DEVICE_27 mean time    = 33.934116 microseconds +/- 0.478970
TARGET_DEVICE_27 overhead     = 22.465289 microseconds +/- 0.818444
TARGET_DEVICE_27 median_ovrhd = 22.499263 microseconds 
************************************************************************************************************************************************************************
Running OpenMP benchmark version 4.0
	1 thread(s)
	40 outer repetitions
	1000.00 test time (microseconds)
	787 delay length (iterations) 
	0.100000 delay time (microseconds)

--------------------------------------------------------
Computing reference_Device time using 20 reps

Sample_size       Mean       Median     Min        Max        StdDev     Outliers
 40               12.372732   12.350082   12.242794   13.101101   0.147313   1
reference_Device mean time    = 12.372732 microseconds +/- 0.288733
reference_Device median time  = 12.350082 microseconds

--------------------------------------------------------
Computing TARGET_DEVICE_27 time using 80 reps

Sample_size       Mean       Median     Min        Max        StdDev     Outliers
 40               34.037158   34.070015   33.411384   34.499168   0.247243   0
TARGET_DEVICE_27 mean time    = 34.037158 microseconds +/- 0.484597
TARGET_DEVICE_27 overhead     = 21.664426 microseconds +/- 0.773330
TARGET_DEVICE_27 median_ovrhd = 21.719933 microseconds 
************************************************************************************************************************************************************************
Running OpenMP benchmark version 4.0
	1 thread(s)
	40 outer repetitions
	1000.00 test time (microseconds)
	852 delay length (iterations) 
	0.100000 delay time (microseconds)

--------------------------------------------------------
Computing reference_Device time using 20 reps

Sample_size       Mean       Median     Min        Max        StdDev     Outliers
 40               13.287663   13.244152   13.196468   14.102459   0.152747   1
reference_Device mean time    = 13.287663 microseconds +/- 0.299384
reference_Device median time  = 13.244152 microseconds

--------------------------------------------------------
Computing TARGET_DEVICE_27 time using 80 reps

Sample_size       Mean       Median     Min        Max        StdDev     Outliers
 40               34.007728   33.982098   33.661723   34.573674   0.171088   1
TARGET_DEVICE_27 mean time    = 34.007728 microseconds +/- 0.335332
TARGET_DEVICE_27 overhead     = 20.720065 microseconds +/- 0.634717
TARGET_DEVICE_27 median_ovrhd = 20.737946 microseconds 
************************************************************************************************************************************************************************
Running OpenMP benchmark version 4.0
	1 thread(s)
	40 outer repetitions
	1000.00 test time (microseconds)
	923 delay length (iterations) 
	0.100000 delay time (microseconds)

--------------------------------------------------------
Computing reference_Device time using 20 reps

Sample_size       Mean       Median     Min        Max        StdDev     Outliers
 40               14.216304   14.150143   14.102459   14.901161   0.151751   1
reference_Device mean time    = 14.216304 microseconds +/- 0.297433
reference_Device median time  = 14.150143 microseconds

--------------------------------------------------------
Computing TARGET_DEVICE_27 time using 80 reps

Sample_size       Mean       Median     Min        Max        StdDev     Outliers
 40               33.912510   33.986568   33.473969   34.365058   0.251420   0
TARGET_DEVICE_27 mean time    = 33.912510 microseconds +/- 0.492784
TARGET_DEVICE_27 overhead     = 19.696206 microseconds +/- 0.790217
TARGET_DEVICE_27 median_ovrhd = 19.836426 microseconds 
************************************************************************************************************************************************************************
Running OpenMP benchmark version 4.0
	1 thread(s)
	40 outer repetitions
	1000.00 test time (microseconds)
	999 delay length (iterations) 
	0.100000 delay time (microseconds)

--------------------------------------------------------
Computing reference_Device time using 20 reps

Sample_size       Mean       Median     Min        Max        StdDev     Outliers
 40               15.485287   15.497208   15.199184   15.997887   0.161884   1
reference_Device mean time    = 15.485287 microseconds +/- 0.317292
reference_Device median time  = 15.497208 microseconds

--------------------------------------------------------
Computing TARGET_DEVICE_27 time using 80 reps

Sample_size       Mean       Median     Min        Max        StdDev     Outliers
 40               33.983737   34.025311   33.199787   34.350157   0.233811   1
TARGET_DEVICE_27 mean time    = 33.983737 microseconds +/- 0.458270
TARGET_DEVICE_27 overhead     = 18.498451 microseconds +/- 0.775561
TARGET_DEVICE_27 median_ovrhd = 18.528104 microseconds 
