************************************************************************************************************************************************************************
Running OpenMP benchmark version 4.0
	1 thread(s)
	40 outer repetitions
	1000.00 test time (microseconds)
	19 delay length (iterations) 
	0.100000 delay time (microseconds)

--------------------------------------------------------
Computing reference_Device time using 20 reps

Sample_size       Mean       Median     Min        Max        StdDev     Outliers
 40               1.760125   1.752377   1.645088   2.443790   0.116349   1
reference_Device mean time    = 1.760125 microseconds +/- 0.228044
reference_Device median time  = 1.752377 microseconds

--------------------------------------------------------
Computing TARGET_DEVICE_27 time using 160 reps

Sample_size       Mean       Median     Min        Max        StdDev     Outliers
 40               24.677068   24.731457   24.168193   25.099516   0.247816   0
TARGET_DEVICE_27 mean time    = 24.677068 microseconds +/- 0.485718
TARGET_DEVICE_27 overhead     = 22.916943 microseconds +/- 0.713763
TARGET_DEVICE_27 median_ovrhd = 22.979081 microseconds 
************************************************************************************************************************************************************************
Running OpenMP benchmark version 4.0
	1 thread(s)
	40 outer repetitions
	1000.00 test time (microseconds)
	21 delay length (iterations) 
	0.100000 delay time (microseconds)

--------------------------------------------------------
Computing reference_Device time using 20 reps

Sample_size       Mean       Median     Min        Max        StdDev     Outliers
 40               1.798570   1.800060   1.704693   2.396107   0.108225   1
reference_Device mean time    = 1.798570 microseconds +/- 0.212120
reference_Device median time  = 1.800060 microseconds

--------------------------------------------------------
Computing TARGET_DEVICE_27 time using 160 reps

Sample_size       Mean       Median     Min        Max        StdDev     Outliers
 40               24.947524   24.978071   24.574995   25.375187   0.200962   0
TARGET_DEVICE_27 mean time    = 24.947524 microseconds +/- 0.393885
TARGET_DEVICE_27 overhead     = 23.148954 microseconds +/- 0.606005
TARGET_DEVICE_27 median_ovrhd = 23.178011 microseconds 
************************************************************************************************************************************************************************
Running OpenMP benchmark version 4.0
	1 thread(s)
	40 outer repetitions
	1000.00 test time (microseconds)
	23 delay length (iterations) 
	0.100000 delay time (microseconds)

--------------------------------------------------------
Computing reference_Device time using 20 reps

Sample_size       Mean       Median     Min        Max        StdDev     Outliers
 40               1.775026   1.752377   1.645088   2.503395   0.129601   1
reference_Device mean time    = 1.775026 microseconds +/- 0.254019
reference_Device median time  = 1.752377 microseconds

--------------------------------------------------------
Computing TARGET_DEVICE_27 time using 160 reps

Sample_size       Mean       Median     Min        Max        StdDev     Outliers
 40               24.558455   24.652481   23.651123   24.981797   0.321373   0
TARGET_DEVICE_27 mean time    = 24.558455 microseconds +/- 0.629891
TARGET_DEVICE_27 overhead     = 22.783428 microseconds +/- 0.883910
TARGET_DEVICE_27 median_ovrhd = 22.900105 microseconds 
************************************************************************************************************************************************************************
Running OpenMP benchmark version 4.0
	1 thread(s)
	40 outer repetitions
	1000.00 test time (microseconds)
	25 delay length (iterations) 
	0.100000 delay time (microseconds)

--------------------------------------------------------
Computing reference_Device time using 20 reps

Sample_size       Mean       Median     Min        Max        StdDev     Outliers
 40               1.800358   1.800060   1.692772   2.503395   0.121884   1
reference_Device mean time    = 1.800358 microseconds +/- 0.238893
reference_Device median time  = 1.800060 microseconds

--------------------------------------------------------
Computing TARGET_DEVICE_27 time using 160 reps

Sample_size       Mean       Median     Min        Max        StdDev     Outliers
 40               24.841875   24.928153   23.931265   25.263429   0.273407   1
TARGET_DEVICE_27 mean time    = 24.841875 microseconds +/- 0.535877
TARGET_DEVICE_27 overhead     = 23.041517 microseconds +/- 0.774770
TARGET_DEVICE_27 median_ovrhd = 23.128092 microseconds 
************************************************************************************************************************************************************************
Running OpenMP benchmark version 4.0
	1 thread(s)
	40 outer repetitions
	1000.00 test time (microseconds)
	27 delay length (iterations) 
	0.100000 delay time (microseconds)

--------------------------------------------------------
Computing reference_Device time using 20 reps

Sample_size       Mean       Median     Min        Max        StdDev     Outliers
 40               1.812279   1.800060   1.692772   2.491474   0.119132   1
reference_Device mean time    = 1.812279 microseconds +/- 0.233500
reference_Device median time  = 1.800060 microseconds

--------------------------------------------------------
Computing TARGET_DEVICE_27 time using 80 reps

Sample_size       Mean       Median     Min        Max        StdDev     Outliers
 40               24.946928   24.944544   24.414062   25.460124   0.240762   0
TARGET_DEVICE_27 mean time    = 24.946928 microseconds +/- 0.471893
TARGET_DEVICE_27 overhead     = 23.134649 microseconds +/- 0.705393
TARGET_DEVICE_27 median_ovrhd = 23.144484 microseconds 
************************************************************************************************************************************************************************
Running OpenMP benchmark version 4.0
	1 thread(s)
	40 outer repetitions
	1000.00 test time (microseconds)
	29 delay length (iterations) 
	0.100000 delay time (microseconds)

--------------------------------------------------------
Computing reference_Device time using 20 reps

Sample_size       Mean       Median     Min        Max        StdDev     Outliers
 40               1.787543   1.752377   1.645088   2.455711   0.120787   1
reference_Device mean time    = 1.787543 microseconds +/- 0.236742
reference_Device median time  = 1.752377 microseconds

--------------------------------------------------------
Computing TARGET_DEVICE_27 time using 80 reps

Sample_size       Mean       Median     Min        Max        StdDev     Outliers
 40               24.747476   24.749339   24.309754   25.385618   0.264411   0
TARGET_DEVICE_27 mean time    = 24.747476 microseconds +/- 0.518246
TARGET_DEVICE_27 overhead     = 22.959933 microseconds +/- 0.754988
TARGET_DEVICE_27 median_ovrhd = 22.996962 microseconds 
************************************************************************************************************************************************************************
Running OpenMP benchmark version 4.0
	1 thread(s)
	40 outer repetitions
	1000.00 test time (microseconds)
	32 delay length (iterations) 
	0.100000 delay time (microseconds)

--------------------------------------------------------
Computing reference_Device time using 20 reps

Sample_size       Mean       Median     Min        Max        StdDev     Outliers
 40               1.797378   1.800060   1.704693   2.443790   0.112656   1
reference_Device mean time    = 1.797378 microseconds +/- 0.220805
reference_Device median time  = 1.800060 microseconds

--------------------------------------------------------
Computing TARGET_DEVICE_27 time using 80 reps

Sample_size       Mean       Median     Min        Max        StdDev     Outliers
 40               24.410635   24.399161   23.972988   24.801493   0.224106   0
TARGET_DEVICE_27 mean time    = 24.410635 microseconds +/- 0.439247
TARGET_DEVICE_27 overhead     = 22.613257 microseconds +/- 0.660052
TARGET_DEVICE_27 median_ovrhd = 22.599101 microseconds 
************************************************************************************************************************************************************************
Running OpenMP benchmark version 4.0
	1 thread(s)
	40 outer repetitions
	1000.00 test time (microseconds)
	34 delay length (iterations) 
	0.100000 delay time (microseconds)

--------------------------------------------------------
Computing reference_Device time using 20 reps

Sample_size       Mean       Median     Min        Max        StdDev     Outliers
 40               1.806319   1.800060   1.692772   2.455711   0.114182   1
reference_Device mean time    = 1.806319 microseconds +/- 0.223796
reference_Device median time  = 1.800060 microseconds

--------------------------------------------------------
Computing TARGET_DEVICE_27 time using 160 reps

Sample_size       Mean       Median     Min        Max        StdDev     Outliers
 40               24.913289   24.969131   24.119020   25.480986   0.317054   0
TARGET_DEVICE_27 mean time    = 24.913289 microseconds +/- 0.621426
TARGET_DEVICE_27 overhead     = 23.106970 microseconds +/- 0.845222
TARGET_DEVICE_27 median_ovrhd = 23.169070 microseconds 
************************************************************************************************************************************************************************
Running OpenMP benchmark version 4.0
	1 thread(s)
	40 outer repetitions
	1000.00 test time (microseconds)
	37 delay length (iterations) 
	0.100000 delay time (microseconds)

--------------------------------------------------------
Computing reference_Device time using 20 reps

Sample_size       Mean       Median     Min        Max        StdDev     Outliers
 40               1.805127   1.800060   1.692772   2.503395   0.119511   1
reference_Device mean time    = 1.805127 microseconds +/- 0.234242
reference_Device median time  = 1.800060 microseconds

--------------------------------------------------------
Computing TARGET_DEVICE_27 time using 80 reps

Sample_size       Mean       Median     Min        Max        StdDev     Outliers
 40               24.744719   24.743378   23.949146   25.075674   0.217809   1
TARGET_DEVICE_27 mean time    = 24.744719 microseconds +/- 0.426905
TARGET_DEVICE_27 overhead     = 22.939593 microseconds +/- 0.661147
TARGET_DEVICE_27 median_ovrhd = 22.943318 microseconds 
************************************************************************************************************************************************************************
Running OpenMP benchmark version 4.0
	1 thread(s)
	40 outer repetitions
	1000.00 test time (microseconds)
	41 delay length (iterations) 
	0.100000 delay time (microseconds)

--------------------------------------------------------
Computing reference_Device time using 20 reps

Sample_size       Mean       Median     Min        Max        StdDev     Outliers
 40               1.883507   1.800060   1.740456   2.551079   0.180850   1
reference_Device mean time    = 1.883507 microseconds +/- 0.354467
reference_Device median time  = 1.800060 microseconds

--------------------------------------------------------
Computing TARGET_DEVICE_27 time using 80 reps

Sample_size       Mean       Median     Min        Max        StdDev     Outliers
 40               25.004372   24.999678   24.336576   25.415421   0.273949   0
TARGET_DEVICE_27 mean time    = 25.004372 microseconds +/- 0.536940
TARGET_DEVICE_27 overhead     = 23.120865 microseconds +/- 0.891407
TARGET_DEVICE_27 median_ovrhd = 23.199618 microseconds 
************************************************************************************************************************************************************************
Running OpenMP benchmark version 4.0
	1 thread(s)
	40 outer repetitions
	1000.00 test time (microseconds)
	44 delay length (iterations) 
	0.100000 delay time (microseconds)

--------------------------------------------------------
Computing reference_Device time using 20 reps

Sample_size       Mean       Median     Min        Max        StdDev     Outliers
 40               1.996458   1.949072   1.752377   2.503395   0.207357   0
reference_Device mean time    = 1.996458 microseconds +/- 0.406419
reference_Device median time  = 1.949072 microseconds

--------------------------------------------------------
Computing TARGET_DEVICE_27 time using 80 reps

Sample_size       Mean       Median     Min        Max        StdDev     Outliers
 40               24.607480   24.655461   24.223328   24.926662   0.169269   0
TARGET_DEVICE_27 mean time    = 24.607480 microseconds +/- 0.331768
TARGET_DEVICE_27 overhead     = 22.611022 microseconds +/- 0.738187
TARGET_DEVICE_27 median_ovrhd = 22.706389 microseconds 
************************************************************************************************************************************************************************
Running OpenMP benchmark version 4.0
	1 thread(s)
	40 outer repetitions
	1000.00 test time (microseconds)
	48 delay length (iterations) 
	0.100000 delay time (microseconds)

--------------------------------------------------------
Computing reference_Device time using 20 reps

Sample_size       Mean       Median     Min        Max        StdDev     Outliers
 40               2.188683   2.205372   1.847744   2.551079   0.125109   0
reference_Device mean time    = 2.188683 microseconds +/- 0.245214
reference_Device median time  = 2.205372 microseconds

--------------------------------------------------------
Computing TARGET_DEVICE_27 time using 80 reps

Sample_size       Mean       Median     Min        Max        StdDev     Outliers
 40               24.528429   24.545193   23.788214   25.162101   0.300395   0
TARGET_DEVICE_27 mean time    = 24.528429 microseconds +/- 0.588774
TARGET_DEVICE_27 overhead     = 22.339746 microseconds +/- 0.833988
TARGET_DEVICE_27 median_ovrhd = 22.339821 microseconds 
************************************************************************************************************************************************************************
Running OpenMP benchmark version 4.0
	1 thread(s)
	40 outer repetitions
	1000.00 test time (microseconds)
	52 delay length (iterations) 
	0.100000 delay time (microseconds)

--------------------------------------------------------
Computing reference_Device time using 20 reps

Sample_size       Mean       Median     Min        Max        StdDev     Outliers
 40               2.270043   2.241135   2.193451   2.956390   0.161881   2
reference_Device mean time    = 2.270043 microseconds +/- 0.317287
reference_Device median time  = 2.241135 microseconds

--------------------------------------------------------
Computing TARGET_DEVICE_27 time using 80 reps

Sample_size       Mean       Median     Min        Max        StdDev     Outliers
 40               24.711266   24.706125   24.250150   25.114417   0.236757   0
TARGET_DEVICE_27 mean time    = 24.711266 microseconds +/- 0.464045
TARGET_DEVICE_27 overhead     = 22.441223 microseconds +/- 0.781331
TARGET_DEVICE_27 median_ovrhd = 22.464991 microseconds 
************************************************************************************************************************************************************************
Running OpenMP benchmark version 4.0
	1 thread(s)
	40 outer repetitions
	1000.00 test time (microseconds)
	56 delay length (iterations) 
	0.100000 delay time (microseconds)

--------------------------------------------------------
Computing reference_Device time using 20 reps

Sample_size       Mean       Median     Min        Max        StdDev     Outliers
 40               2.298653   2.241135   2.193451   3.099442   0.205484   2
reference_Device mean time    = 2.298653 microseconds +/- 0.402748
reference_Device median time  = 2.241135 microseconds

--------------------------------------------------------
Computing TARGET_DEVICE_27 time using 80 reps

Sample_size       Mean       Median     Min        Max        StdDev     Outliers
 40               24.623424   24.637580   24.011731   25.063753   0.234821   0
TARGET_DEVICE_27 mean time    = 24.623424 microseconds +/- 0.460248
TARGET_DEVICE_27 overhead     = 22.324771 microseconds +/- 0.862997
TARGET_DEVICE_27 median_ovrhd = 22.396445 microseconds 
************************************************************************************************************************************************************************
Running OpenMP benchmark version 4.0
	1 thread(s)
	40 outer repetitions
	1000.00 test time (microseconds)
	61 delay length (iterations) 
	0.100000 delay time (microseconds)

--------------------------------------------------------
Computing reference_Device time using 20 reps

Sample_size       Mean       Median     Min        Max        StdDev     Outliers
 40               2.292693   2.253056   2.193451   2.956390   0.119099   1
reference_Device mean time    = 2.292693 microseconds +/- 0.233434
reference_Device median time  = 2.253056 microseconds

--------------------------------------------------------
Computing TARGET_DEVICE_27 time using 80 reps

Sample_size       Mean       Median     Min        Max        StdDev     Outliers
 40               24.856329   24.880469   24.363399   25.376678   0.260902   0
TARGET_DEVICE_27 mean time    = 24.856329 microseconds +/- 0.511368
TARGET_DEVICE_27 overhead     = 22.563636 microseconds +/- 0.744802
TARGET_DEVICE_27 median_ovrhd = 22.627413 microseconds 
************************************************************************************************************************************************************************
Running OpenMP benchmark version 4.0
	1 thread(s)
	40 outer repetitions
	1000.00 test time (microseconds)
	66 delay length (iterations) 
	0.100000 delay time (microseconds)

--------------------------------------------------------
Computing reference_Device time using 20 reps

Sample_size       Mean       Median     Min        Max        StdDev     Outliers
 40               2.272725   2.253056   2.145767   3.004074   0.153888   2
reference_Device mean time    = 2.272725 microseconds +/- 0.301620
reference_Device median time  = 2.253056 microseconds

--------------------------------------------------------
Computing TARGET_DEVICE_27 time using 80 reps

Sample_size       Mean       Median     Min        Max        StdDev     Outliers
 40               24.624094   24.741888   23.964047   25.174022   0.291529   0
TARGET_DEVICE_27 mean time    = 24.624094 microseconds +/- 0.571397
TARGET_DEVICE_27 overhead     = 22.351369 microseconds +/- 0.873017
TARGET_DEVICE_27 median_ovrhd = 22.488832 microseconds 
************************************************************************************************************************************************************************
Running OpenMP benchmark version 4.0
	1 thread(s)
	40 outer repetitions
	1000.00 test time (microseconds)
	71 delay length (iterations) 
	0.100000 delay time (microseconds)

--------------------------------------------------------
Computing reference_Device time using 20 reps

Sample_size       Mean       Median     Min        Max        StdDev     Outliers
 40               2.305210   2.253056   2.193451   3.004074   0.164666   2
reference_Device mean time    = 2.305210 microseconds +/- 0.322746
reference_Device median time  = 2.253056 microseconds

--------------------------------------------------------
Computing TARGET_DEVICE_27 time using 80 reps

Sample_size       Mean       Median     Min        Max        StdDev     Outliers
 40               24.597794   24.637580   24.062395   25.025010   0.228721   0
TARGET_DEVICE_27 mean time    = 24.597794 microseconds +/- 0.448294
TARGET_DEVICE_27 overhead     = 22.292584 microseconds +/- 0.771040
TARGET_DEVICE_27 median_ovrhd = 22.384524 microseconds 
************************************************************************************************************************************************************************
Running OpenMP benchmark version 4.0
	1 thread(s)
	40 outer repetitions
	1000.00 test time (microseconds)
	77 delay length (iterations) 
	0.100000 delay time (microseconds)

--------------------------------------------------------
Computing reference_Device time using 20 reps

Sample_size       Mean       Median     Min        Max        StdDev     Outliers
 40               2.366304   2.300739   2.205372   2.992153   0.179556   1
reference_Device mean time    = 2.366304 microseconds +/- 0.351930
reference_Device median time  = 2.300739 microseconds

--------------------------------------------------------
Computing TARGET_DEVICE_27 time using 80 reps

Sample_size       Mean       Median     Min        Max        StdDev     Outliers
 40               24.824739   24.837255   24.312735   25.200844   0.197693   0
TARGET_DEVICE_27 mean time    = 24.824739 microseconds +/- 0.387479
TARGET_DEVICE_27 overhead     = 22.458434 microseconds +/- 0.739409
TARGET_DEVICE_27 median_ovrhd = 22.536516 microseconds 
************************************************************************************************************************************************************************
Running OpenMP benchmark version 4.0
	1 thread(s)
	40 outer repetitions
	1000.00 test time (microseconds)
	84 delay length (iterations) 
	0.100000 delay time (microseconds)

--------------------------------------------------------
Computing reference_Device time using 20 reps

Sample_size       Mean       Median     Min        Max        StdDev     Outliers
 40               2.737939   2.741814   2.396107   3.457069   0.133741   1
reference_Device mean time    = 2.737939 microseconds +/- 0.262132
reference_Device median time  = 2.741814 microseconds

--------------------------------------------------------
Computing TARGET_DEVICE_27 time using 80 reps

Sample_size       Mean       Median     Min        Max        StdDev     Outliers
 40               24.681911   24.679303   24.136901   25.299191   0.281813   0
TARGET_DEVICE_27 mean time    = 24.681911 microseconds +/- 0.552354
TARGET_DEVICE_27 overhead     = 21.943972 microseconds +/- 0.814486
TARGET_DEVICE_27 median_ovrhd = 21.937490 microseconds 
************************************************************************************************************************************************************************
Running OpenMP benchmark version 4.0
	1 thread(s)
	40 outer repetitions
	1000.00 test time (microseconds)
	91 delay length (iterations) 
	0.100000 delay time (microseconds)

--------------------------------------------------------
Computing reference_Device time using 20 reps

Sample_size       Mean       Median     Min        Max        StdDev     Outliers
 40               2.740026   2.706051   2.598763   3.302097   0.123253   1
reference_Device mean time    = 2.740026 microseconds +/- 0.241577
reference_Device median time  = 2.706051 microseconds

--------------------------------------------------------
Computing TARGET_DEVICE_27 time using 80 reps

Sample_size       Mean       Median     Min        Max        StdDev     Outliers
 40               24.689063   24.706125   24.113059   25.212765   0.288119   0
TARGET_DEVICE_27 mean time    = 24.689063 microseconds +/- 0.564714
TARGET_DEVICE_27 overhead     = 21.949038 microseconds +/- 0.806291
TARGET_DEVICE_27 median_ovrhd = 22.000074 microseconds 
************************************************************************************************************************************************************************
Running OpenMP benchmark version 4.0
	1 thread(s)
	40 outer repetitions
	1000.00 test time (microseconds)
	98 delay length (iterations) 
	0.100000 delay time (microseconds)

--------------------------------------------------------
Computing reference_Device time using 20 reps

Sample_size       Mean       Median     Min        Max        StdDev     Outliers
 40               2.766252   2.706051   2.646446   4.148483   0.241108   1
reference_Device mean time    = 2.766252 microseconds +/- 0.472571
reference_Device median time  = 2.706051 microseconds

--------------------------------------------------------
Computing TARGET_DEVICE_27 time using 80 reps

Sample_size       Mean       Median     Min        Max        StdDev     Outliers
 40               24.833158   24.804473   24.360418   25.311112   0.205675   0
TARGET_DEVICE_27 mean time    = 24.833158 microseconds +/- 0.403123
TARGET_DEVICE_27 overhead     = 22.066906 microseconds +/- 0.875694
TARGET_DEVICE_27 median_ovrhd = 22.098422 microseconds 
************************************************************************************************************************************************************************
Running OpenMP benchmark version 4.0
	1 thread(s)
	40 outer repetitions
	1000.00 test time (microseconds)
	106 delay length (iterations) 
	0.100000 delay time (microseconds)

--------------------------------------------------------
Computing reference_Device time using 20 reps

Sample_size       Mean       Median     Min        Max        StdDev     Outliers
 40               2.742410   2.706051   2.646446   3.445148   0.137782   1
reference_Device mean time    = 2.742410 microseconds +/- 0.270053
reference_Device median time  = 2.706051 microseconds

--------------------------------------------------------
Computing TARGET_DEVICE_27 time using 80 reps

Sample_size       Mean       Median     Min        Max        StdDev     Outliers
 40               24.589971   24.625659   24.113059   25.209785   0.250998   0
TARGET_DEVICE_27 mean time    = 24.589971 microseconds +/- 0.491956
TARGET_DEVICE_27 overhead     = 21.847561 microseconds +/- 0.762008
TARGET_DEVICE_27 median_ovrhd = 21.919608 microseconds 
************************************************************************************************************************************************************************
Running OpenMP benchmark version 4.0
	1 thread(s)
	40 outer repetitions
	1000.00 test time (microseconds)
	115 delay length (iterations) 
	0.100000 delay time (microseconds)

--------------------------------------------------------
Computing reference_Device time using 20 reps

Sample_size       Mean       Median     Min        Max        StdDev     Outliers
 40               3.184974   3.159046   2.849102   3.838539   0.162241   2
reference_Device mean time    = 3.184974 microseconds +/- 0.317992
reference_Device median time  = 3.159046 microseconds

--------------------------------------------------------
Computing TARGET_DEVICE_27 time using 80 reps

Sample_size       Mean       Median     Min        Max        StdDev     Outliers
 40               24.878457   24.837255   24.536252   25.361776   0.193139   0
TARGET_DEVICE_27 mean time    = 24.878457 microseconds +/- 0.378552
TARGET_DEVICE_27 overhead     = 21.693483 microseconds +/- 0.696544
TARGET_DEVICE_27 median_ovrhd = 21.678209 microseconds 
************************************************************************************************************************************************************************
Running OpenMP benchmark version 4.0
	1 thread(s)
	40 outer repetitions
	1000.00 test time (microseconds)
	125 delay length (iterations) 
	0.100000 delay time (microseconds)

--------------------------------------------------------
Computing reference_Device time using 20 reps

Sample_size       Mean       Median     Min        Max        StdDev     Outliers
 40               3.183782   3.147125   3.099442   3.790855   0.107556   1
reference_Device mean time    = 3.183782 microseconds +/- 0.210810
reference_Device median time  = 3.147125 microseconds

--------------------------------------------------------
Computing TARGET_DEVICE_27 time using 160 reps

Sample_size       Mean       Median     Min        Max        StdDev     Outliers
 40               24.710931   24.762005   24.130940   25.181472   0.261111   0
TARGET_DEVICE_27 mean time    = 24.710931 microseconds +/- 0.511777
TARGET_DEVICE_27 overhead     = 21.527149 microseconds +/- 0.722587
TARGET_DEVICE_27 median_ovrhd = 21.614879 microseconds 
************************************************************************************************************************************************************************
Running OpenMP benchmark version 4.0
	1 thread(s)
	40 outer repetitions
	1000.00 test time (microseconds)
	135 delay length (iterations) 
	0.100000 delay time (microseconds)

--------------------------------------------------------
Computing reference_Device time using 20 reps

Sample_size       Mean       Median     Min        Max        StdDev     Outliers
 40               3.179014   3.147125   3.099442   3.898144   0.123927   1
reference_Device mean time    = 3.179014 microseconds +/- 0.242896
reference_Device median time  = 3.147125 microseconds

--------------------------------------------------------
Computing TARGET_DEVICE_27 time using 160 reps

Sample_size       Mean       Median     Min        Max        StdDev     Outliers
 40               24.667829   24.684519   24.326146   24.943054   0.176820   0
TARGET_DEVICE_27 mean time    = 24.667829 microseconds +/- 0.346568
TARGET_DEVICE_27 overhead     = 21.488816 microseconds +/- 0.589464
TARGET_DEVICE_27 median_ovrhd = 21.537393 microseconds 
************************************************************************************************************************************************************************
Running OpenMP benchmark version 4.0
	1 thread(s)
	40 outer repetitions
	1000.00 test time (microseconds)
	147 delay length (iterations) 
	0.100000 delay time (microseconds)

--------------------------------------------------------
Computing reference_Device time using 20 reps

Sample_size       Mean       Median     Min        Max        StdDev     Outliers
 40               3.617704   3.647804   3.242493   4.005432   0.131005   0
reference_Device mean time    = 3.617704 microseconds +/- 0.256769
reference_Device median time  = 3.647804 microseconds

--------------------------------------------------------
Computing TARGET_DEVICE_27 time using 80 reps

Sample_size       Mean       Median     Min        Max        StdDev     Outliers
 40               24.945587   24.980307   24.500489   25.451183   0.215754   0
TARGET_DEVICE_27 mean time    = 24.945587 microseconds +/- 0.422878
TARGET_DEVICE_27 overhead     = 21.327883 microseconds +/- 0.679648
TARGET_DEVICE_27 median_ovrhd = 21.332502 microseconds 
************************************************************************************************************************************************************************
Running OpenMP benchmark version 4.0
	1 thread(s)
	40 outer repetitions
	1000.00 test time (microseconds)
	159 delay length (iterations) 
	0.100000 delay time (microseconds)

--------------------------------------------------------
Computing reference_Device time using 20 reps

Sample_size       Mean       Median     Min        Max        StdDev     Outliers
 40               3.637671   3.600121   3.552437   4.553795   0.154124   1
reference_Device mean time    = 3.637671 microseconds +/- 0.302084
reference_Device median time  = 3.600121 microseconds

--------------------------------------------------------
Computing TARGET_DEVICE_27 time using 80 reps

Sample_size       Mean       Median     Min        Max        StdDev     Outliers
 40               24.695918   24.744868   23.999810   25.138259   0.270653   0
TARGET_DEVICE_27 mean time    = 24.695918 microseconds +/- 0.530479
TARGET_DEVICE_27 overhead     = 21.058246 microseconds +/- 0.832563
TARGET_DEVICE_27 median_ovrhd = 21.144748 microseconds 
************************************************************************************************************************************************************************
Running OpenMP benchmark version 4.0
	1 thread(s)
	40 outer repetitions
	1000.00 test time (microseconds)
	172 delay length (iterations) 
	0.100000 delay time (microseconds)

--------------------------------------------------------
Computing reference_Device time using 20 reps

Sample_size       Mean       Median     Min        Max        StdDev     Outliers
 40               3.636479   3.600121   3.552437   4.351139   0.123472   1
reference_Device mean time    = 3.636479 microseconds +/- 0.242005
reference_Device median time  = 3.600121 microseconds

--------------------------------------------------------
Computing TARGET_DEVICE_27 time using 160 reps

Sample_size       Mean       Median     Min        Max        StdDev     Outliers
 40               24.513751   24.493784   23.776293   24.999678   0.286533   0
TARGET_DEVICE_27 mean time    = 24.513751 microseconds +/- 0.561605
TARGET_DEVICE_27 overhead     = 20.877272 microseconds +/- 0.803610
TARGET_DEVICE_27 median_ovrhd = 20.893663 microseconds 
************************************************************************************************************************************************************************
Running OpenMP benchmark version 4.0
	1 thread(s)
	40 outer repetitions
	1000.00 test time (microseconds)
	187 delay length (iterations) 
	0.100000 delay time (microseconds)

--------------------------------------------------------
Computing reference_Device time using 20 reps

Sample_size       Mean       Median     Min        Max        StdDev     Outliers
 40               4.104078   4.100800   3.993511   4.851818   0.127108   1
reference_Device mean time    = 4.104078 microseconds +/- 0.249133
reference_Device median time  = 4.100800 microseconds

--------------------------------------------------------
Computing TARGET_DEVICE_27 time using 160 reps

Sample_size       Mean       Median     Min        Max        StdDev     Outliers
 40               24.779849   24.778396   24.405122   25.081635   0.153759   0
TARGET_DEVICE_27 mean time    = 24.779849 microseconds +/- 0.301367
TARGET_DEVICE_27 overhead     = 20.675771 microseconds +/- 0.550499
TARGET_DEVICE_27 median_ovrhd = 20.677596 microseconds 
************************************************************************************************************************************************************************
Running OpenMP benchmark version 4.0
	1 thread(s)
	40 outer repetitions
	1000.00 test time (microseconds)
	202 delay length (iterations) 
	0.100000 delay time (microseconds)

--------------------------------------------------------
Computing reference_Device time using 20 reps

Sample_size       Mean       Median     Min        Max        StdDev     Outliers
 40               4.123747   4.100800   4.041195   4.804134   0.121612   1
reference_Device mean time    = 4.123747 microseconds +/- 0.238359
reference_Device median time  = 4.100800 microseconds

--------------------------------------------------------
Computing TARGET_DEVICE_27 time using 160 reps

Sample_size       Mean       Median     Min        Max        StdDev     Outliers
 40               24.418123   24.437904   23.712218   24.949014   0.310640   0
TARGET_DEVICE_27 mean time    = 24.418123 microseconds +/- 0.608854
TARGET_DEVICE_27 overhead     = 20.294376 microseconds +/- 0.847213
TARGET_DEVICE_27 median_ovrhd = 20.337105 microseconds 
************************************************************************************************************************************************************************
Running OpenMP benchmark version 4.0
	1 thread(s)
	40 outer repetitions
	1000.00 test time (microseconds)
	219 delay length (iterations) 
	0.100000 delay time (microseconds)

--------------------------------------------------------
Computing reference_Device time using 20 reps

Sample_size       Mean       Median     Min        Max        StdDev     Outliers
 40               4.567504   4.553795   4.494190   5.197525   0.113560   1
reference_Device mean time    = 4.567504 microseconds +/- 0.222577
reference_Device median time  = 4.553795 microseconds

--------------------------------------------------------
Computing TARGET_DEVICE_27 time using 80 reps

Sample_size       Mean       Median     Min        Max        StdDev     Outliers
 40               24.652705   24.545193   24.288893   25.251508   0.256739   0
TARGET_DEVICE_27 mean time    = 24.652705 microseconds +/- 0.503208
TARGET_DEVICE_27 overhead     = 20.085201 microseconds +/- 0.725785
TARGET_DEVICE_27 median_ovrhd = 19.991398 microseconds 
************************************************************************************************************************************************************************
Running OpenMP benchmark version 4.0
	1 thread(s)
	40 outer repetitions
	1000.00 test time (microseconds)
	237 delay length (iterations) 
	0.100000 delay time (microseconds)

--------------------------------------------------------
Computing reference_Device time using 20 reps

Sample_size       Mean       Median     Min        Max        StdDev     Outliers
 40               4.578829   4.553795   4.494190   5.304813   0.127017   1
reference_Device mean time    = 4.578829 microseconds +/- 0.248953
reference_Device median time  = 4.553795 microseconds

--------------------------------------------------------
Computing TARGET_DEVICE_27 time using 160 reps

Sample_size       Mean       Median     Min        Max        StdDev     Outliers
 40               24.604388   24.674833   23.837388   25.001168   0.245477   1
TARGET_DEVICE_27 mean time    = 24.604388 microseconds +/- 0.481135
TARGET_DEVICE_27 overhead     = 20.025559 microseconds +/- 0.730089
TARGET_DEVICE_27 median_ovrhd = 20.121038 microseconds 
************************************************************************************************************************************************************************
Running OpenMP benchmark version 4.0
	1 thread(s)
	40 outer repetitions
	1000.00 test time (microseconds)
	257 delay length (iterations) 
	0.100000 delay time (microseconds)

--------------------------------------------------------
Computing reference_Device time using 20 reps

Sample_size       Mean       Median     Min        Max        StdDev     Outliers
 40               5.073547   5.042553   4.899502   5.853176   0.209086   2
reference_Device mean time    = 5.073547 microseconds +/- 0.409809
reference_Device median time  = 5.042553 microseconds

--------------------------------------------------------
Computing TARGET_DEVICE_27 time using 160 reps

Sample_size       Mean       Median     Min        Max        StdDev     Outliers
 40               24.716556   24.756044   24.086237   25.013089   0.235228   0
TARGET_DEVICE_27 mean time    = 24.716556 microseconds +/- 0.461047
TARGET_DEVICE_27 overhead     = 19.643009 microseconds +/- 0.870855
TARGET_DEVICE_27 median_ovrhd = 19.713491 microseconds 
************************************************************************************************************************************************************************
Running OpenMP benchmark version 4.0
	1 thread(s)
	40 outer repetitions
	1000.00 test time (microseconds)
	278 delay length (iterations) 
	0.100000 delay time (microseconds)

--------------------------------------------------------
Computing reference_Device time using 20 reps

Sample_size       Mean       Median     Min        Max        StdDev     Outliers
 40               5.438924   5.447865   5.102158   5.841255   0.116855   1
reference_Device mean time    = 5.438924 microseconds +/- 0.229036
reference_Device median time  = 5.447865 microseconds

--------------------------------------------------------
Computing TARGET_DEVICE_27 time using 80 reps

Sample_size       Mean       Median     Min        Max        StdDev     Outliers
 40               24.726242   24.774671   24.250150   25.126338   0.217146   0
TARGET_DEVICE_27 mean time    = 24.726242 microseconds +/- 0.425607
TARGET_DEVICE_27 overhead     = 19.287318 microseconds +/- 0.654644
TARGET_DEVICE_27 median_ovrhd = 19.326806 microseconds 
************************************************************************************************************************************************************************
Running OpenMP benchmark version 4.0
	1 thread(s)
	40 outer repetitions
	1000.00 test time (microseconds)
	301 delay length (iterations) 
	0.100000 delay time (microseconds)

--------------------------------------------------------
Computing reference_Device time using 20 reps

Sample_size       Mean       Median     Min        Max        StdDev     Outliers
 40               5.494952   5.453825   5.340576   6.139278   0.151295   2
reference_Device mean time    = 5.494952 microseconds +/- 0.296537
reference_Device median time  = 5.453825 microseconds

--------------------------------------------------------
Computing TARGET_DEVICE_27 time using 160 reps

Sample_size       Mean       Median     Min        Max        StdDev     Outliers
 40               24.676099   24.744123   24.080276   24.987757   0.249774   0
TARGET_DEVICE_27 mean time    = 24.676099 microseconds +/- 0.489557
TARGET_DEVICE_27 overhead     = 19.181147 microseconds +/- 0.786094
TARGET_DEVICE_27 median_ovrhd = 19.290298 microseconds 
************************************************************************************************************************************************************************
Running OpenMP benchmark version 4.0
	1 thread(s)
	40 outer repetitions
	1000.00 test time (microseconds)
	327 delay length (iterations) 
	0.100000 delay time (microseconds)

--------------------------------------------------------
Computing reference_Device time using 20 reps

Sample_size       Mean       Median     Min        Max        StdDev     Outliers
 40               5.953312   5.948544   5.745888   6.592274   0.151700   2
reference_Device mean time    = 5.953312 microseconds +/- 0.297332
reference_Device median time  = 5.948544 microseconds

--------------------------------------------------------
Computing TARGET_DEVICE_27 time using 80 reps

Sample_size       Mean       Median     Min        Max        StdDev     Outliers
 40               24.984404   24.962425   24.551153   25.713444   0.261369   0
TARGET_DEVICE_27 mean time    = 24.984404 microseconds +/- 0.512284
TARGET_DEVICE_27 overhead     = 19.031093 microseconds +/- 0.809616
TARGET_DEVICE_27 median_ovrhd = 19.013882 microseconds 
************************************************************************************************************************************************************************
Running OpenMP benchmark version 4.0
	1 thread(s)
	40 outer repetitions
	1000.00 test time (microseconds)
	354 delay length (iterations) 
	0.100000 delay time (microseconds)

--------------------------------------------------------
Computing reference_Device time using 20 reps

Sample_size       Mean       Median     Min        Max        StdDev     Outliers
 40               6.417632   6.401539   6.294250   7.104874   0.125625   1
reference_Device mean time    = 6.417632 microseconds +/- 0.246225
reference_Device median time  = 6.401539 microseconds

--------------------------------------------------------
Computing TARGET_DEVICE_27 time using 80 reps

Sample_size       Mean       Median     Min        Max        StdDev     Outliers
 40               25.049746   25.132298   24.211407   25.799870   0.357087   0
TARGET_DEVICE_27 mean time    = 25.049746 microseconds +/- 0.699890
TARGET_DEVICE_27 overhead     = 18.632114 microseconds +/- 0.946116
TARGET_DEVICE_27 median_ovrhd = 18.730760 microseconds 
************************************************************************************************************************************************************************
Running OpenMP benchmark version 4.0
	1 thread(s)
	40 outer repetitions
	1000.00 test time (microseconds)
	383 delay length (iterations) 
	0.100000 delay time (microseconds)

--------------------------------------------------------
Computing reference_Device time using 20 reps

Sample_size       Mean       Median     Min        Max        StdDev     Outliers
 40               6.854534   6.842613   6.747246   7.498264   0.122138   1
reference_Device mean time    = 6.854534 microseconds +/- 0.239391
reference_Device median time  = 6.842613 microseconds

--------------------------------------------------------
Computing TARGET_DEVICE_27 time using 160 reps

Sample_size       Mean       Median     Min        Max        StdDev     Outliers
 40               24.596527   24.609268   24.136901   24.993718   0.222737   0
TARGET_DEVICE_27 mean time    = 24.596527 microseconds +/- 0.436564
TARGET_DEVICE_27 overhead     = 17.741993 microseconds +/- 0.675955
TARGET_DEVICE_27 median_ovrhd = 17.766654 microseconds 
************************************************************************************************************************************************************************
Running OpenMP benchmark version 4.0
	1 thread(s)
	40 outer repetitions
	1000.00 test time (microseconds)
	415 delay length (iterations) 
	0.100000 delay time (microseconds)

--------------------------------------------------------
Computing reference_Device time using 20 reps

Sample_size       Mean       Median     Min        Max        StdDev     Outliers
 40               7.288754   7.259846   7.104874   7.998943   0.133673   1
reference_Device mean time    = 7.288754 microseconds +/- 0.261999
reference_Device median time  = 7.259846 microseconds

--------------------------------------------------------
Computing TARGET_DEVICE_27 time using 160 reps

Sample_size       Mean       Median     Min        Max        StdDev     Outliers
 40               24.546869   24.621934   23.700297   24.987757   0.346024   0
TARGET_DEVICE_27 mean time    = 24.546869 microseconds +/- 0.678206
TARGET_DEVICE_27 overhead     = 17.258115 microseconds +/- 0.940205
TARGET_DEVICE_27 median_ovrhd = 17.362088 microseconds 
************************************************************************************************************************************************************************
Running OpenMP benchmark version 4.0
	1 thread(s)
	40 outer repetitions
	1000.00 test time (microseconds)
	450 delay length (iterations) 
	0.100000 delay time (microseconds)

--------------------------------------------------------
Computing reference_Device time using 20 reps

Sample_size       Mean       Median     Min        Max        StdDev     Outliers
 40               7.781088   7.748604   7.641315   8.559227   0.145400   1
reference_Device mean time    = 7.781088 microseconds +/- 0.284985
reference_Device median time  = 7.748604 microseconds

--------------------------------------------------------
Computing TARGET_DEVICE_27 time using 80 reps

Sample_size       Mean       Median     Min        Max        StdDev     Outliers
 40               24.950728   25.042892   24.363399   25.349855   0.247470   0
TARGET_DEVICE_27 mean time    = 24.950728 microseconds +/- 0.485040
TARGET_DEVICE_27 overhead     = 17.169639 microseconds +/- 0.770025
TARGET_DEVICE_27 median_ovrhd = 17.294288 microseconds 
************************************************************************************************************************************************************************
Running OpenMP benchmark version 4.0
	1 thread(s)
	40 outer repetitions
	1000.00 test time (microseconds)
	487 delay length (iterations) 
	0.100000 delay time (microseconds)

--------------------------------------------------------
Computing reference_Device time using 20 reps

Sample_size       Mean       Median     Min        Max        StdDev     Outliers
 40               8.246303   8.201599   8.094311   9.000301   0.166800   1
reference_Device mean time    = 8.246303 microseconds +/- 0.326928
reference_Device median time  = 8.201599 microseconds

--------------------------------------------------------
Computing TARGET_DEVICE_27 time using 160 reps

Sample_size       Mean       Median     Min        Max        StdDev     Outliers
 40               24.958141   24.952739   24.594367   25.299191   0.200017   0
TARGET_DEVICE_27 mean time    = 24.958141 microseconds +/- 0.392034
TARGET_DEVICE_27 overhead     = 16.711839 microseconds +/- 0.718963
TARGET_DEVICE_27 median_ovrhd = 16.751140 microseconds 
************************************************************************************************************************************************************************
Running OpenMP benchmark version 4.0
	1 thread(s)
	40 outer repetitions
	1000.00 test time (microseconds)
	527 delay length (iterations) 
	0.100000 delay time (microseconds)

--------------------------------------------------------
Computing reference_Device time using 20 reps

Sample_size       Mean       Median     Min        Max        StdDev     Outliers
 40               8.697510   8.654594   8.594990   9.489059   0.148569   1
reference_Device mean time    = 8.697510 microseconds +/- 0.291195
reference_Device median time  = 8.654594 microseconds

--------------------------------------------------------
Computing TARGET_DEVICE_27 time using 80 reps

Sample_size       Mean       Median     Min        Max        StdDev     Outliers
 40               27.486905   27.431548   26.562810   28.648973   0.463740   0
TARGET_DEVICE_27 mean time    = 27.486905 microseconds +/- 0.908931
TARGET_DEVICE_27 overhead     = 18.789396 microseconds +/- 1.200126
TARGET_DEVICE_27 median_ovrhd = 18.776953 microseconds 
************************************************************************************************************************************************************************
Running OpenMP benchmark version 4.0
	1 thread(s)
	40 outer repetitions
	1000.00 test time (microseconds)
	571 delay length (iterations) 
	0.100000 delay time (microseconds)

--------------------------------------------------------
Computing reference_Device time using 20 reps

Sample_size       Mean       Median     Min        Max        StdDev     Outliers
 40               9.486079   9.548664   9.191036   9.894371   0.154365   0
reference_Device mean time    = 9.486079 microseconds +/- 0.302556
reference_Device median time  = 9.548664 microseconds

--------------------------------------------------------
Computing TARGET_DEVICE_27 time using 80 reps

Sample_size       Mean       Median     Min        Max        StdDev     Outliers
 40               30.501261   30.538440   28.961897   31.739473   0.752796   0
TARGET_DEVICE_27 mean time    = 30.501261 microseconds +/- 1.475481
TARGET_DEVICE_27 overhead     = 21.015182 microseconds +/- 1.778037
TARGET_DEVICE_27 median_ovrhd = 20.989776 microseconds 
************************************************************************************************************************************************************************
Running OpenMP benchmark version 4.0
	1 thread(s)
	40 outer repetitions
	1000.00 test time (microseconds)
	619 delay length (iterations) 
	0.100000 delay time (microseconds)

--------------------------------------------------------
Computing reference_Device time using 20 reps

Sample_size       Mean       Median     Min        Max        StdDev     Outliers
 40               9.949803   9.906292   9.799004   10.645390   0.149662   1
reference_Device mean time    = 9.949803 microseconds +/- 0.293338
reference_Device median time  = 9.906292 microseconds

--------------------------------------------------------
Computing TARGET_DEVICE_27 time using 80 reps

Sample_size       Mean       Median     Min        Max        StdDev     Outliers
 40               33.144429   33.131242   32.663345   33.837557   0.268273   0
TARGET_DEVICE_27 mean time    = 33.144429 microseconds +/- 0.525816
TARGET_DEVICE_27 overhead     = 23.194626 microseconds +/- 0.819154
TARGET_DEVICE_27 median_ovrhd = 23.224950 microseconds 
************************************************************************************************************************************************************************
Running OpenMP benchmark version 4.0
	1 thread(s)
	40 outer repetitions
	1000.00 test time (microseconds)
	670 delay length (iterations) 
	0.100000 delay time (microseconds)

--------------------------------------------------------
Computing reference_Device time using 20 reps

Sample_size       Mean       Median     Min        Max        StdDev     Outliers
 40               10.868907   10.907650   10.597706   11.253357   0.148666   0
reference_Device mean time    = 10.868907 microseconds +/- 0.291385
reference_Device median time  = 10.907650 microseconds

--------------------------------------------------------
Computing TARGET_DEVICE_27 time using 80 reps

Sample_size       Mean       Median     Min        Max        StdDev     Outliers
 40               33.966824   33.968687   33.485889   34.436584   0.199050   0
TARGET_DEVICE_27 mean time    = 33.966824 microseconds +/- 0.390138
TARGET_DEVICE_27 overhead     = 23.097917 microseconds +/- 0.681523
TARGET_DEVICE_27 median_ovrhd = 23.061037 microseconds 
************************************************************************************************************************************************************************
Running OpenMP benchmark version 4.0
	1 thread(s)
	40 outer repetitions
	1000.00 test time (microseconds)
	726 delay length (iterations) 
	0.100000 delay time (microseconds)

--------------------------------------------------------
Computing reference_Device time using 20 reps

Sample_size       Mean       Median     Min        Max        StdDev     Outliers
 40               11.488497   11.456013   11.348724   12.195110   0.166871   2
reference_Device mean time    = 11.488497 microseconds +/- 0.327067
reference_Device median time  = 11.456013 microseconds

--------------------------------------------------------
Computing TARGET_DEVICE_27 time using 80 reps

Sample_size       Mean       Median     Min        Max        StdDev     Outliers
 40               34.520701   34.506619   33.962727   35.125017   0.239436   0
TARGET_DEVICE_27 mean time    = 34.520701 microseconds +/- 0.469295
TARGET_DEVICE_27 overhead     = 23.032203 microseconds +/- 0.796362
TARGET_DEVICE_27 median_ovrhd = 23.050606 microseconds 
************************************************************************************************************************************************************************
Running OpenMP benchmark version 4.0
	1 thread(s)
	40 outer repetitions
	1000.00 test time (microseconds)
	787 delay length (iterations) 
	0.100000 delay time (microseconds)

--------------------------------------------------------
Computing reference_Device time using 20 reps

Sample_size       Mean       Median     Min        Max        StdDev     Outliers
 40               12.347698   12.302399   12.242794   13.101101   0.145305   1
reference_Device mean time    = 12.347698 microseconds +/- 0.284799
reference_Device median time  = 12.302399 microseconds

--------------------------------------------------------
Computing TARGET_DEVICE_27 time using 80 reps

Sample_size       Mean       Median     Min        Max        StdDev     Outliers
 40               33.831596   33.906102   33.211708   34.388900   0.293757   0
TARGET_DEVICE_27 mean time    = 33.831596 microseconds +/- 0.575764
TARGET_DEVICE_27 overhead     = 21.483898 microseconds +/- 0.860562
TARGET_DEVICE_27 median_ovrhd = 21.603703 microseconds 
************************************************************************************************************************************************************************
Running OpenMP benchmark version 4.0
	1 thread(s)
	40 outer repetitions
	1000.00 test time (microseconds)
	852 delay length (iterations) 
	0.100000 delay time (microseconds)

--------------------------------------------------------
Computing reference_Device time using 20 reps

Sample_size       Mean       Median     Min        Max        StdDev     Outliers
 40               13.274550   13.208389   13.148785   14.197826   0.174450   1
reference_Device mean time    = 13.274550 microseconds +/- 0.341922
reference_Device median time  = 13.208389 microseconds

--------------------------------------------------------
Computing TARGET_DEVICE_27 time using 80 reps

Sample_size       Mean       Median     Min        Max        StdDev     Outliers
 40               33.902824   33.931434   33.476949   34.248829   0.172401   0
TARGET_DEVICE_27 mean time    = 33.902824 microseconds +/- 0.337905
TARGET_DEVICE_27 overhead     = 20.628273 microseconds +/- 0.679827
TARGET_DEVICE_27 median_ovrhd = 20.723045 microseconds 
************************************************************************************************************************************************************************
Running OpenMP benchmark version 4.0
	1 thread(s)
	40 outer repetitions
	1000.00 test time (microseconds)
	923 delay length (iterations) 
	0.100000 delay time (microseconds)

--------------------------------------------------------
Computing reference_Device time using 20 reps

Sample_size       Mean       Median     Min        Max        StdDev     Outliers
 40               14.208853   14.150143   14.090538   14.901161   0.137661   1
reference_Device mean time    = 14.208853 microseconds +/- 0.269816
reference_Device median time  = 14.150143 microseconds

--------------------------------------------------------
Computing TARGET_DEVICE_27 time using 80 reps

Sample_size       Mean       Median     Min        Max        StdDev     Outliers
 40               33.973381   34.026802   33.476949   34.624338   0.260347   0
TARGET_DEVICE_27 mean time    = 33.973381 microseconds +/- 0.510281
TARGET_DEVICE_27 overhead     = 19.764528 microseconds +/- 0.780097
TARGET_DEVICE_27 median_ovrhd = 19.876659 microseconds 
************************************************************************************************************************************************************************
Running OpenMP benchmark version 4.0
	1 thread(s)
	40 outer repetitions
	1000.00 test time (microseconds)
	999 delay length (iterations) 
	0.100000 delay time (microseconds)

--------------------------------------------------------
Computing reference_Device time using 20 reps

Sample_size       Mean       Median     Min        Max        StdDev     Outliers
 40               15.501082   15.544891   15.151501   15.902519   0.145109   0
reference_Device mean time    = 15.501082 microseconds +/- 0.284415
reference_Device median time  = 15.544891 microseconds

--------------------------------------------------------
Computing TARGET_DEVICE_27 time using 80 reps

Sample_size       Mean       Median     Min        Max        StdDev     Outliers
 40               34.061894   34.061074   33.536553   34.463406   0.188523   0
TARGET_DEVICE_27 mean time    = 34.061894 microseconds +/- 0.369504
TARGET_DEVICE_27 overhead     = 18.560812 microseconds +/- 0.653919
TARGET_DEVICE_27 median_ovrhd = 18.516183 microseconds 
