************************************************************************************************************************************************************************
Running OpenMP benchmark version 4.0
	1 thread(s)
	40 outer repetitions
	1000.00 test time (microseconds)
	19 delay length (iterations) 
	0.100000 delay time (microseconds)

--------------------------------------------------------
Computing reference_Device time using 20 reps

Sample_size       Mean       Median     Min        Max        StdDev     Outliers
 40               1.814961   1.800060   1.692772   2.443790   0.132904   1
reference_Device mean time    = 1.814961 microseconds +/- 0.260491
reference_Device median time  = 1.800060 microseconds

--------------------------------------------------------
Computing TARGET_DEVICE_27 time using 160 reps

Sample_size       Mean       Median     Min        Max        StdDev     Outliers
 40               25.019087   25.025010   24.187565   25.561452   0.330581   0
TARGET_DEVICE_27 mean time    = 25.019087 microseconds +/- 0.647939
TARGET_DEVICE_27 overhead     = 23.204125 microseconds +/- 0.908430
TARGET_DEVICE_27 median_ovrhd = 23.224950 microseconds 
************************************************************************************************************************************************************************
Running OpenMP benchmark version 4.0
	1 thread(s)
	40 outer repetitions
	1000.00 test time (microseconds)
	21 delay length (iterations) 
	0.100000 delay time (microseconds)

--------------------------------------------------------
Computing reference_Device time using 20 reps

Sample_size       Mean       Median     Min        Max        StdDev     Outliers
 40               1.785159   1.752377   1.692772   2.300739   0.112340   2
reference_Device mean time    = 1.785159 microseconds +/- 0.220187
reference_Device median time  = 1.752377 microseconds

--------------------------------------------------------
Computing TARGET_DEVICE_27 time using 160 reps

Sample_size       Mean       Median     Min        Max        StdDev     Outliers
 40               24.792068   24.856627   23.974478   25.218725   0.268699   1
TARGET_DEVICE_27 mean time    = 24.792068 microseconds +/- 0.526650
TARGET_DEVICE_27 overhead     = 23.006909 microseconds +/- 0.746837
TARGET_DEVICE_27 median_ovrhd = 23.104250 microseconds 
************************************************************************************************************************************************************************
Running OpenMP benchmark version 4.0
	1 thread(s)
	40 outer repetitions
	1000.00 test time (microseconds)
	23 delay length (iterations) 
	0.100000 delay time (microseconds)

--------------------------------------------------------
Computing reference_Device time using 20 reps

Sample_size       Mean       Median     Min        Max        StdDev     Outliers
 40               1.783967   1.752377   1.657009   2.455711   0.117750   1
reference_Device mean time    = 1.783967 microseconds +/- 0.230790
reference_Device median time  = 1.752377 microseconds

--------------------------------------------------------
Computing TARGET_DEVICE_27 time using 80 reps

Sample_size       Mean       Median     Min        Max        StdDev     Outliers
 40               24.669096   24.718046   24.136901   25.188923   0.266944   0
TARGET_DEVICE_27 mean time    = 24.669096 microseconds +/- 0.523211
TARGET_DEVICE_27 overhead     = 22.885129 microseconds +/- 0.754001
TARGET_DEVICE_27 median_ovrhd = 22.965670 microseconds 
************************************************************************************************************************************************************************
Running OpenMP benchmark version 4.0
	1 thread(s)
	40 outer repetitions
	1000.00 test time (microseconds)
	25 delay length (iterations) 
	0.100000 delay time (microseconds)

--------------------------------------------------------
Computing reference_Device time using 20 reps

Sample_size       Mean       Median     Min        Max        StdDev     Outliers
 40               1.781285   1.752377   1.692772   2.491474   0.131834   1
reference_Device mean time    = 1.781285 microseconds +/- 0.258394
reference_Device median time  = 1.752377 microseconds

--------------------------------------------------------
Computing TARGET_DEVICE_27 time using 160 reps

Sample_size       Mean       Median     Min        Max        StdDev     Outliers
 40               24.299063   24.384260   23.663044   24.667382   0.258174   0
TARGET_DEVICE_27 mean time    = 24.299063 microseconds +/- 0.506021
TARGET_DEVICE_27 overhead     = 22.517778 microseconds +/- 0.764415
TARGET_DEVICE_27 median_ovrhd = 22.631884 microseconds 
************************************************************************************************************************************************************************
Running OpenMP benchmark version 4.0
	1 thread(s)
	40 outer repetitions
	1000.00 test time (microseconds)
	27 delay length (iterations) 
	0.100000 delay time (microseconds)

--------------------------------------------------------
Computing reference_Device time using 20 reps

Sample_size       Mean       Median     Min        Max        StdDev     Outliers
 40               1.807511   1.800060   1.704693   2.551079   0.127900   1
reference_Device mean time    = 1.807511 microseconds +/- 0.250684
reference_Device median time  = 1.800060 microseconds

--------------------------------------------------------
Computing TARGET_DEVICE_27 time using 80 reps

Sample_size       Mean       Median     Min        Max        StdDev     Outliers
 40               25.179386   25.157630   24.688244   25.761127   0.241769   0
TARGET_DEVICE_27 mean time    = 25.179386 microseconds +/- 0.473867
TARGET_DEVICE_27 overhead     = 23.371875 microseconds +/- 0.724551
TARGET_DEVICE_27 median_ovrhd = 23.357570 microseconds 
************************************************************************************************************************************************************************
Running OpenMP benchmark version 4.0
	1 thread(s)
	40 outer repetitions
	1000.00 test time (microseconds)
	29 delay length (iterations) 
	0.100000 delay time (microseconds)

--------------------------------------------------------
Computing reference_Device time using 20 reps

Sample_size       Mean       Median     Min        Max        StdDev     Outliers
 40               1.809895   1.800060   1.692772   2.551079   0.141022   1
reference_Device mean time    = 1.809895 microseconds +/- 0.276402
reference_Device median time  = 1.800060 microseconds

--------------------------------------------------------
Computing TARGET_DEVICE_27 time using 160 reps

Sample_size       Mean       Median     Min        Max        StdDev     Outliers
 40               24.660490   24.697185   23.931265   25.099516   0.231318   1
TARGET_DEVICE_27 mean time    = 24.660490 microseconds +/- 0.453382
TARGET_DEVICE_27 overhead     = 22.850595 microseconds +/- 0.729785
TARGET_DEVICE_27 median_ovrhd = 22.897124 microseconds 
************************************************************************************************************************************************************************
Running OpenMP benchmark version 4.0
	1 thread(s)
	40 outer repetitions
	1000.00 test time (microseconds)
	32 delay length (iterations) 
	0.100000 delay time (microseconds)

--------------------------------------------------------
Computing reference_Device time using 20 reps

Sample_size       Mean       Median     Min        Max        StdDev     Outliers
 40               1.808703   1.800060   1.692772   2.551079   0.130531   1
reference_Device mean time    = 1.808703 microseconds +/- 0.255841
reference_Device median time  = 1.800060 microseconds

--------------------------------------------------------
Computing TARGET_DEVICE_27 time using 160 reps

Sample_size       Mean       Median     Min        Max        StdDev     Outliers
 40               24.865940   24.874508   24.375319   25.206804   0.231910   0
TARGET_DEVICE_27 mean time    = 24.865940 microseconds +/- 0.454543
TARGET_DEVICE_27 overhead     = 23.057237 microseconds +/- 0.710384
TARGET_DEVICE_27 median_ovrhd = 23.074448 microseconds 
************************************************************************************************************************************************************************
Running OpenMP benchmark version 4.0
	1 thread(s)
	40 outer repetitions
	1000.00 test time (microseconds)
	34 delay length (iterations) 
	0.100000 delay time (microseconds)

--------------------------------------------------------
Computing reference_Device time using 20 reps

Sample_size       Mean       Median     Min        Max        StdDev     Outliers
 40               1.821220   1.800060   1.704693   2.551079   0.129593   1
reference_Device mean time    = 1.821220 microseconds +/- 0.254001
reference_Device median time  = 1.800060 microseconds

--------------------------------------------------------
Computing TARGET_DEVICE_27 time using 160 reps

Sample_size       Mean       Median     Min        Max        StdDev     Outliers
 40               24.904385   24.912506   24.537742   25.418401   0.208500   0
TARGET_DEVICE_27 mean time    = 24.904385 microseconds +/- 0.408659
TARGET_DEVICE_27 overhead     = 23.083165 microseconds +/- 0.662661
TARGET_DEVICE_27 median_ovrhd = 23.112446 microseconds 
************************************************************************************************************************************************************************
Running OpenMP benchmark version 4.0
	1 thread(s)
	40 outer repetitions
	1000.00 test time (microseconds)
	37 delay length (iterations) 
	0.100000 delay time (microseconds)

--------------------------------------------------------
Computing reference_Device time using 20 reps

Sample_size       Mean       Median     Min        Max        StdDev     Outliers
 40               1.790226   1.752377   1.692772   2.455711   0.122463   1
reference_Device mean time    = 1.790226 microseconds +/- 0.240027
reference_Device median time  = 1.752377 microseconds

--------------------------------------------------------
Computing TARGET_DEVICE_27 time using 160 reps

Sample_size       Mean       Median     Min        Max        StdDev     Outliers
 40               24.824515   24.847686   24.256110   25.187433   0.220502   0
TARGET_DEVICE_27 mean time    = 24.824515 microseconds +/- 0.432183
TARGET_DEVICE_27 overhead     = 23.034289 microseconds +/- 0.672210
TARGET_DEVICE_27 median_ovrhd = 23.095310 microseconds 
************************************************************************************************************************************************************************
Running OpenMP benchmark version 4.0
	1 thread(s)
	40 outer repetitions
	1000.00 test time (microseconds)
	41 delay length (iterations) 
	0.100000 delay time (microseconds)

--------------------------------------------------------
Computing reference_Device time using 20 reps

Sample_size       Mean       Median     Min        Max        StdDev     Outliers
 40               1.830161   1.800060   1.704693   2.801418   0.177843   1
reference_Device mean time    = 1.830161 microseconds +/- 0.348572
reference_Device median time  = 1.800060 microseconds

--------------------------------------------------------
Computing TARGET_DEVICE_27 time using 160 reps

Sample_size       Mean       Median     Min        Max        StdDev     Outliers
 40               24.782829   24.818629   23.819506   25.212765   0.276248   1
TARGET_DEVICE_27 mean time    = 24.782829 microseconds +/- 0.541447
TARGET_DEVICE_27 overhead     = 22.952668 microseconds +/- 0.890019
TARGET_DEVICE_27 median_ovrhd = 23.018569 microseconds 
************************************************************************************************************************************************************************
Running OpenMP benchmark version 4.0
	1 thread(s)
	40 outer repetitions
	1000.00 test time (microseconds)
	44 delay length (iterations) 
	0.100000 delay time (microseconds)

--------------------------------------------------------
Computing reference_Device time using 20 reps

Sample_size       Mean       Median     Min        Max        StdDev     Outliers
 40               2.009869   1.877546   1.740456   3.409386   0.296015   1
reference_Device mean time    = 2.009869 microseconds +/- 0.580189
reference_Device median time  = 1.877546 microseconds

--------------------------------------------------------
Computing TARGET_DEVICE_27 time using 160 reps

Sample_size       Mean       Median     Min        Max        StdDev     Outliers
 40               24.653450   24.668127   24.257600   25.068223   0.211648   0
TARGET_DEVICE_27 mean time    = 24.653450 microseconds +/- 0.414831
TARGET_DEVICE_27 overhead     = 22.643581 microseconds +/- 0.995020
TARGET_DEVICE_27 median_ovrhd = 22.790581 microseconds 
************************************************************************************************************************************************************************
Running OpenMP benchmark version 4.0
	1 thread(s)
	40 outer repetitions
	1000.00 test time (microseconds)
	48 delay length (iterations) 
	0.100000 delay time (microseconds)

--------------------------------------------------------
Computing reference_Device time using 20 reps

Sample_size       Mean       Median     Min        Max        StdDev     Outliers
 40               2.222359   2.205372   2.145767   2.551079   0.067645   1
reference_Device mean time    = 2.222359 microseconds +/- 0.132584
reference_Device median time  = 2.205372 microseconds

--------------------------------------------------------
Computing TARGET_DEVICE_27 time using 80 reps

Sample_size       Mean       Median     Min        Max        StdDev     Outliers
 40               24.687499   24.725497   23.999810   25.385618   0.300473   0
TARGET_DEVICE_27 mean time    = 24.687499 microseconds +/- 0.588927
TARGET_DEVICE_27 overhead     = 22.465140 microseconds +/- 0.721510
TARGET_DEVICE_27 median_ovrhd = 22.520125 microseconds 
************************************************************************************************************************************************************************
Running OpenMP benchmark version 4.0
	1 thread(s)
	40 outer repetitions
	1000.00 test time (microseconds)
	52 delay length (iterations) 
	0.100000 delay time (microseconds)

--------------------------------------------------------
Computing reference_Device time using 20 reps

Sample_size       Mean       Median     Min        Max        StdDev     Outliers
 40               2.239943   2.205372   2.145767   2.944469   0.120873   1
reference_Device mean time    = 2.239943 microseconds +/- 0.236911
reference_Device median time  = 2.205372 microseconds

--------------------------------------------------------
Computing TARGET_DEVICE_27 time using 80 reps

Sample_size       Mean       Median     Min        Max        StdDev     Outliers
 40               24.625883   24.662912   24.285913   25.001168   0.161332   0
TARGET_DEVICE_27 mean time    = 24.625883 microseconds +/- 0.316210
TARGET_DEVICE_27 overhead     = 22.385940 microseconds +/- 0.553121
TARGET_DEVICE_27 median_ovrhd = 22.457540 microseconds 
************************************************************************************************************************************************************************
Running OpenMP benchmark version 4.0
	1 thread(s)
	40 outer repetitions
	1000.00 test time (microseconds)
	56 delay length (iterations) 
	0.100000 delay time (microseconds)

--------------------------------------------------------
Computing reference_Device time using 20 reps

Sample_size       Mean       Median     Min        Max        StdDev     Outliers
 40               2.250075   2.223253   2.145767   2.956390   0.123790   1
reference_Device mean time    = 2.250075 microseconds +/- 0.242629
reference_Device median time  = 2.223253 microseconds

--------------------------------------------------------
Computing TARGET_DEVICE_27 time using 80 reps

Sample_size       Mean       Median     Min        Max        StdDev     Outliers
 40               24.640635   24.661422   23.999810   25.102496   0.218426   0
TARGET_DEVICE_27 mean time    = 24.640635 microseconds +/- 0.428115
TARGET_DEVICE_27 overhead     = 22.390559 microseconds +/- 0.670744
TARGET_DEVICE_27 median_ovrhd = 22.438169 microseconds 
************************************************************************************************************************************************************************
Running OpenMP benchmark version 4.0
	1 thread(s)
	40 outer repetitions
	1000.00 test time (microseconds)
	61 delay length (iterations) 
	0.100000 delay time (microseconds)

--------------------------------------------------------
Computing reference_Device time using 20 reps

Sample_size       Mean       Median     Min        Max        StdDev     Outliers
 40               2.290010   2.253056   2.193451   3.099442   0.174760   2
reference_Device mean time    = 2.290010 microseconds +/- 0.342529
reference_Device median time  = 2.253056 microseconds

--------------------------------------------------------
Computing TARGET_DEVICE_27 time using 80 reps

Sample_size       Mean       Median     Min        Max        StdDev     Outliers
 40               24.646893   24.700165   24.175644   25.162101   0.279436   0
TARGET_DEVICE_27 mean time    = 24.646893 microseconds +/- 0.547695
TARGET_DEVICE_27 overhead     = 22.356883 microseconds +/- 0.890224
TARGET_DEVICE_27 median_ovrhd = 22.447109 microseconds 
************************************************************************************************************************************************************************
Running OpenMP benchmark version 4.0
	1 thread(s)
	40 outer repetitions
	1000.00 test time (microseconds)
	66 delay length (iterations) 
	0.100000 delay time (microseconds)

--------------------------------------------------------
Computing reference_Device time using 20 reps

Sample_size       Mean       Median     Min        Max        StdDev     Outliers
 40               2.241135   2.223253   2.098083   2.944469   0.122793   1
reference_Device mean time    = 2.241135 microseconds +/- 0.240674
reference_Device median time  = 2.223253 microseconds

--------------------------------------------------------
Computing TARGET_DEVICE_27 time using 160 reps

Sample_size       Mean       Median     Min        Max        StdDev     Outliers
 40               24.473593   24.552643   23.756921   24.968386   0.293639   0
TARGET_DEVICE_27 mean time    = 24.473593 microseconds +/- 0.575533
TARGET_DEVICE_27 overhead     = 22.232458 microseconds +/- 0.816207
TARGET_DEVICE_27 median_ovrhd = 22.329390 microseconds 
************************************************************************************************************************************************************************
Running OpenMP benchmark version 4.0
	1 thread(s)
	40 outer repetitions
	1000.00 test time (microseconds)
	71 delay length (iterations) 
	0.100000 delay time (microseconds)

--------------------------------------------------------
Computing reference_Device time using 20 reps

Sample_size       Mean       Median     Min        Max        StdDev     Outliers
 40               2.255142   2.241135   2.145767   3.004074   0.131002   1
reference_Device mean time    = 2.255142 microseconds +/- 0.256764
reference_Device median time  = 2.241135 microseconds

--------------------------------------------------------
Computing TARGET_DEVICE_27 time using 80 reps

Sample_size       Mean       Median     Min        Max        StdDev     Outliers
 40               24.409890   24.485588   23.800135   24.887919   0.256759   0
TARGET_DEVICE_27 mean time    = 24.409890 microseconds +/- 0.503247
TARGET_DEVICE_27 overhead     = 22.154748 microseconds +/- 0.760011
TARGET_DEVICE_27 median_ovrhd = 22.244453 microseconds 
************************************************************************************************************************************************************************
Running OpenMP benchmark version 4.0
	1 thread(s)
	40 outer repetitions
	1000.00 test time (microseconds)
	77 delay length (iterations) 
	0.100000 delay time (microseconds)

--------------------------------------------------------
Computing reference_Device time using 20 reps

Sample_size       Mean       Median     Min        Max        StdDev     Outliers
 40               2.393723   2.300739   2.205372   3.004074   0.202200   1
reference_Device mean time    = 2.393723 microseconds +/- 0.396313
reference_Device median time  = 2.300739 microseconds

--------------------------------------------------------
Computing TARGET_DEVICE_27 time using 80 reps

Sample_size       Mean       Median     Min        Max        StdDev     Outliers
 40               24.669319   24.712086   24.047494   25.150180   0.262724   0
TARGET_DEVICE_27 mean time    = 24.669319 microseconds +/- 0.514939
TARGET_DEVICE_27 overhead     = 22.275597 microseconds +/- 0.911252
TARGET_DEVICE_27 median_ovrhd = 22.411346 microseconds 
************************************************************************************************************************************************************************
Running OpenMP benchmark version 4.0
	1 thread(s)
	40 outer repetitions
	1000.00 test time (microseconds)
	84 delay length (iterations) 
	0.100000 delay time (microseconds)

--------------------------------------------------------
Computing reference_Device time using 20 reps

Sample_size       Mean       Median     Min        Max        StdDev     Outliers
 40               2.751350   2.706051   2.348423   3.445148   0.188915   2
reference_Device mean time    = 2.751350 microseconds +/- 0.370274
reference_Device median time  = 2.706051 microseconds

--------------------------------------------------------
Computing TARGET_DEVICE_27 time using 80 reps

Sample_size       Mean       Median     Min        Max        StdDev     Outliers
 40               24.928078   24.893880   24.563074   25.674701   0.238633   1
TARGET_DEVICE_27 mean time    = 24.928078 microseconds +/- 0.467721
TARGET_DEVICE_27 overhead     = 22.176728 microseconds +/- 0.837995
TARGET_DEVICE_27 median_ovrhd = 22.187829 microseconds 
************************************************************************************************************************************************************************
Running OpenMP benchmark version 4.0
	1 thread(s)
	40 outer repetitions
	1000.00 test time (microseconds)
	91 delay length (iterations) 
	0.100000 delay time (microseconds)

--------------------------------------------------------
Computing reference_Device time using 20 reps

Sample_size       Mean       Median     Min        Max        StdDev     Outliers
 40               2.713799   2.694130   2.598763   3.492832   0.135182   1
reference_Device mean time    = 2.713799 microseconds +/- 0.264956
reference_Device median time  = 2.694130 microseconds

--------------------------------------------------------
Computing TARGET_DEVICE_27 time using 80 reps

Sample_size       Mean       Median     Min        Max        StdDev     Outliers
 40               24.489909   24.530292   23.999810   25.025010   0.300281   0
TARGET_DEVICE_27 mean time    = 24.489909 microseconds +/- 0.588551
TARGET_DEVICE_27 overhead     = 21.776110 microseconds +/- 0.853507
TARGET_DEVICE_27 median_ovrhd = 21.836162 microseconds 
************************************************************************************************************************************************************************
Running OpenMP benchmark version 4.0
	1 thread(s)
	40 outer repetitions
	1000.00 test time (microseconds)
	98 delay length (iterations) 
	0.100000 delay time (microseconds)

--------------------------------------------------------
Computing reference_Device time using 20 reps

Sample_size       Mean       Median     Min        Max        StdDev     Outliers
 40               2.747476   2.706051   2.646446   3.397465   0.117547   1
reference_Device mean time    = 2.747476 microseconds +/- 0.230392
reference_Device median time  = 2.706051 microseconds

--------------------------------------------------------
Computing TARGET_DEVICE_27 time using 80 reps

Sample_size       Mean       Median     Min        Max        StdDev     Outliers
 40               24.770573   24.768710   24.226308   25.373697   0.232912   0
TARGET_DEVICE_27 mean time    = 24.770573 microseconds +/- 0.456507
TARGET_DEVICE_27 overhead     = 22.023097 microseconds +/- 0.686899
TARGET_DEVICE_27 median_ovrhd = 22.062659 microseconds 
************************************************************************************************************************************************************************
Running OpenMP benchmark version 4.0
	1 thread(s)
	40 outer repetitions
	1000.00 test time (microseconds)
	106 delay length (iterations) 
	0.100000 delay time (microseconds)

--------------------------------------------------------
Computing reference_Device time using 20 reps

Sample_size       Mean       Median     Min        Max        StdDev     Outliers
 40               2.778769   2.706051   2.646446   3.349781   0.173903   1
reference_Device mean time    = 2.778769 microseconds +/- 0.340849
reference_Device median time  = 2.706051 microseconds

--------------------------------------------------------
Computing TARGET_DEVICE_27 time using 80 reps

Sample_size       Mean       Median     Min        Max        StdDev     Outliers
 40               24.587512   24.631619   24.098158   25.099516   0.264868   0
TARGET_DEVICE_27 mean time    = 24.587512 microseconds +/- 0.519142
TARGET_DEVICE_27 overhead     = 21.808743 microseconds +/- 0.859991
TARGET_DEVICE_27 median_ovrhd = 21.925569 microseconds 
************************************************************************************************************************************************************************
Running OpenMP benchmark version 4.0
	1 thread(s)
	40 outer repetitions
	1000.00 test time (microseconds)
	115 delay length (iterations) 
	0.100000 delay time (microseconds)

--------------------------------------------------------
Computing reference_Device time using 20 reps

Sample_size       Mean       Median     Min        Max        StdDev     Outliers
 40               3.192425   3.194809   3.099442   3.850460   0.115616   1
reference_Device mean time    = 3.192425 microseconds +/- 0.226606
reference_Device median time  = 3.194809 microseconds

--------------------------------------------------------
Computing TARGET_DEVICE_27 time using 80 reps

Sample_size       Mean       Median     Min        Max        StdDev     Outliers
 40               24.605021   24.649501   24.139881   24.926662   0.208236   0
TARGET_DEVICE_27 mean time    = 24.605021 microseconds +/- 0.408143
TARGET_DEVICE_27 overhead     = 21.412596 microseconds +/- 0.634750
TARGET_DEVICE_27 median_ovrhd = 21.454692 microseconds 
************************************************************************************************************************************************************************
Running OpenMP benchmark version 4.0
	1 thread(s)
	40 outer repetitions
	1000.00 test time (microseconds)
	125 delay length (iterations) 
	0.100000 delay time (microseconds)

--------------------------------------------------------
Computing reference_Device time using 20 reps

Sample_size       Mean       Median     Min        Max        StdDev     Outliers
 40               3.207624   3.194809   3.099442   4.148483   0.159534   1
reference_Device mean time    = 3.207624 microseconds +/- 0.312687
reference_Device median time  = 3.194809 microseconds

--------------------------------------------------------
Computing TARGET_DEVICE_27 time using 80 reps

Sample_size       Mean       Median     Min        Max        StdDev     Outliers
 40               24.495348   24.481118   23.975968   25.188923   0.255603   0
TARGET_DEVICE_27 mean time    = 24.495348 microseconds +/- 0.500982
TARGET_DEVICE_27 overhead     = 21.287724 microseconds +/- 0.813670
TARGET_DEVICE_27 median_ovrhd = 21.286309 microseconds 
************************************************************************************************************************************************************************
Running OpenMP benchmark version 4.0
	1 thread(s)
	40 outer repetitions
	1000.00 test time (microseconds)
	135 delay length (iterations) 
	0.100000 delay time (microseconds)

--------------------------------------------------------
Computing reference_Device time using 20 reps

Sample_size       Mean       Median     Min        Max        StdDev     Outliers
 40               3.184676   3.147125   3.039837   3.850460   0.120261   1
reference_Device mean time    = 3.184676 microseconds +/- 0.235711
reference_Device median time  = 3.147125 microseconds

--------------------------------------------------------
Computing TARGET_DEVICE_27 time using 160 reps

Sample_size       Mean       Median     Min        Max        StdDev     Outliers
 40               24.875626   24.890155   24.218857   25.193393   0.228485   0
TARGET_DEVICE_27 mean time    = 24.875626 microseconds +/- 0.447830
TARGET_DEVICE_27 overhead     = 21.690950 microseconds +/- 0.683541
TARGET_DEVICE_27 median_ovrhd = 21.743029 microseconds 
************************************************************************************************************************************************************************
Running OpenMP benchmark version 4.0
	1 thread(s)
	40 outer repetitions
	1000.00 test time (microseconds)
	147 delay length (iterations) 
	0.100000 delay time (microseconds)

--------------------------------------------------------
Computing reference_Device time using 20 reps

Sample_size       Mean       Median     Min        Max        StdDev     Outliers
 40               3.597438   3.600121   3.254414   3.898144   0.105921   1
reference_Device mean time    = 3.597438 microseconds +/- 0.207605
reference_Device median time  = 3.600121 microseconds

--------------------------------------------------------
Computing TARGET_DEVICE_27 time using 160 reps

Sample_size       Mean       Median     Min        Max        StdDev     Outliers
 40               24.512373   24.543703   24.075806   24.731457   0.171808   0
TARGET_DEVICE_27 mean time    = 24.512373 microseconds +/- 0.336744
TARGET_DEVICE_27 overhead     = 20.914935 microseconds +/- 0.544349
TARGET_DEVICE_27 median_ovrhd = 20.943582 microseconds 
************************************************************************************************************************************************************************
Running OpenMP benchmark version 4.0
	1 thread(s)
	40 outer repetitions
	1000.00 test time (microseconds)
	159 delay length (iterations) 
	0.100000 delay time (microseconds)

--------------------------------------------------------
Computing reference_Device time using 20 reps

Sample_size       Mean       Median     Min        Max        StdDev     Outliers
 40               3.630221   3.600121   3.504753   4.351139   0.130140   1
reference_Device mean time    = 3.630221 microseconds +/- 0.255074
reference_Device median time  = 3.600121 microseconds

--------------------------------------------------------
Computing TARGET_DEVICE_27 time using 160 reps

Sample_size       Mean       Median     Min        Max        StdDev     Outliers
 40               24.544820   24.591386   23.818016   25.150180   0.307848   0
TARGET_DEVICE_27 mean time    = 24.544820 microseconds +/- 0.603382
TARGET_DEVICE_27 overhead     = 20.914599 microseconds +/- 0.858456
TARGET_DEVICE_27 median_ovrhd = 20.991266 microseconds 
************************************************************************************************************************************************************************
Running OpenMP benchmark version 4.0
	1 thread(s)
	40 outer repetitions
	1000.00 test time (microseconds)
	172 delay length (iterations) 
	0.100000 delay time (microseconds)

--------------------------------------------------------
Computing reference_Device time using 20 reps

Sample_size       Mean       Median     Min        Max        StdDev     Outliers
 40               3.690124   3.647804   3.600121   4.351139   0.146747   2
reference_Device mean time    = 3.690124 microseconds +/- 0.287623
reference_Device median time  = 3.647804 microseconds

--------------------------------------------------------
Computing TARGET_DEVICE_27 time using 160 reps

Sample_size       Mean       Median     Min        Max        StdDev     Outliers
 40               24.739169   24.762750   23.737550   25.063753   0.272395   2
TARGET_DEVICE_27 mean time    = 24.739169 microseconds +/- 0.533894
TARGET_DEVICE_27 overhead     = 21.049045 microseconds +/- 0.821518
TARGET_DEVICE_27 median_ovrhd = 21.114945 microseconds 
************************************************************************************************************************************************************************
Running OpenMP benchmark version 4.0
	1 thread(s)
	40 outer repetitions
	1000.00 test time (microseconds)
	187 delay length (iterations) 
	0.100000 delay time (microseconds)

--------------------------------------------------------
Computing reference_Device time using 20 reps

Sample_size       Mean       Median     Min        Max        StdDev     Outliers
 40               4.168451   4.124641   4.041195   4.899502   0.168488   2
reference_Device mean time    = 4.168451 microseconds +/- 0.330236
reference_Device median time  = 4.124641 microseconds

--------------------------------------------------------
Computing TARGET_DEVICE_27 time using 80 reps

Sample_size       Mean       Median     Min        Max        StdDev     Outliers
 40               25.035590   24.929643   24.637580   25.612116   0.250470   0
TARGET_DEVICE_27 mean time    = 25.035590 microseconds +/- 0.490922
TARGET_DEVICE_27 overhead     = 20.867139 microseconds +/- 0.821158
TARGET_DEVICE_27 median_ovrhd = 20.805001 microseconds 
************************************************************************************************************************************************************************
Running OpenMP benchmark version 4.0
	1 thread(s)
	40 outer repetitions
	1000.00 test time (microseconds)
	202 delay length (iterations) 
	0.100000 delay time (microseconds)

--------------------------------------------------------
Computing reference_Device time using 20 reps

Sample_size       Mean       Median     Min        Max        StdDev     Outliers
 40               4.131496   4.100800   4.005432   4.851818   0.140426   1
reference_Device mean time    = 4.131496 microseconds +/- 0.275235
reference_Device median time  = 4.100800 microseconds

--------------------------------------------------------
Computing TARGET_DEVICE_27 time using 160 reps

Sample_size       Mean       Median     Min        Max        StdDev     Outliers
 40               24.814084   24.814904   24.355948   25.232136   0.202812   0
TARGET_DEVICE_27 mean time    = 24.814084 microseconds +/- 0.397512
TARGET_DEVICE_27 overhead     = 20.682588 microseconds +/- 0.672748
TARGET_DEVICE_27 median_ovrhd = 20.714104 microseconds 
************************************************************************************************************************************************************************
Running OpenMP benchmark version 4.0
	1 thread(s)
	40 outer repetitions
	1000.00 test time (microseconds)
	219 delay length (iterations) 
	0.100000 delay time (microseconds)

--------------------------------------------------------
Computing reference_Device time using 20 reps

Sample_size       Mean       Median     Min        Max        StdDev     Outliers
 40               4.536510   4.506111   4.351139   5.209446   0.130892   1
reference_Device mean time    = 4.536510 microseconds +/- 0.256549
reference_Device median time  = 4.506111 microseconds

--------------------------------------------------------
Computing TARGET_DEVICE_27 time using 160 reps

Sample_size       Mean       Median     Min        Max        StdDev     Outliers
 40               24.588145   24.577975   24.043024   24.981797   0.202865   0
TARGET_DEVICE_27 mean time    = 24.588145 microseconds +/- 0.397616
TARGET_DEVICE_27 overhead     = 20.051636 microseconds +/- 0.654165
TARGET_DEVICE_27 median_ovrhd = 20.071864 microseconds 
************************************************************************************************************************************************************************
Running OpenMP benchmark version 4.0
	1 thread(s)
	40 outer repetitions
	1000.00 test time (microseconds)
	237 delay length (iterations) 
	0.100000 delay time (microseconds)

--------------------------------------------------------
Computing reference_Device time using 20 reps

Sample_size       Mean       Median     Min        Max        StdDev     Outliers
 40               4.609823   4.571676   4.494190   5.352497   0.142239   1
reference_Device mean time    = 4.609823 microseconds +/- 0.278788
reference_Device median time  = 4.571676 microseconds

--------------------------------------------------------
Computing TARGET_DEVICE_27 time using 160 reps

Sample_size       Mean       Median     Min        Max        StdDev     Outliers
 40               24.524704   24.589896   23.706257   25.048852   0.359207   0
TARGET_DEVICE_27 mean time    = 24.524704 microseconds +/- 0.704045
TARGET_DEVICE_27 overhead     = 19.914880 microseconds +/- 0.982833
TARGET_DEVICE_27 median_ovrhd = 20.018220 microseconds 
************************************************************************************************************************************************************************
Running OpenMP benchmark version 4.0
	1 thread(s)
	40 outer repetitions
	1000.00 test time (microseconds)
	257 delay length (iterations) 
	0.100000 delay time (microseconds)

--------------------------------------------------------
Computing reference_Device time using 20 reps

Sample_size       Mean       Median     Min        Max        StdDev     Outliers
 40               5.023777   5.000830   4.899502   5.698204   0.124411   1
reference_Device mean time    = 5.023777 microseconds +/- 0.243845
reference_Device median time  = 5.000830 microseconds

--------------------------------------------------------
Computing TARGET_DEVICE_27 time using 80 reps

Sample_size       Mean       Median     Min        Max        StdDev     Outliers
 40               24.763793   24.805963   24.226308   25.239587   0.321120   0
TARGET_DEVICE_27 mean time    = 24.763793 microseconds +/- 0.629396
TARGET_DEVICE_27 overhead     = 19.740015 microseconds +/- 0.873241
TARGET_DEVICE_27 median_ovrhd = 19.805133 microseconds 
************************************************************************************************************************************************************************
Running OpenMP benchmark version 4.0
	1 thread(s)
	40 outer repetitions
	1000.00 test time (microseconds)
	278 delay length (iterations) 
	0.100000 delay time (microseconds)

--------------------------------------------------------
Computing reference_Device time using 20 reps

Sample_size       Mean       Median     Min        Max        StdDev     Outliers
 40               5.438328   5.447865   5.090237   5.745888   0.116369   0
reference_Device mean time    = 5.438328 microseconds +/- 0.228084
reference_Device median time  = 5.447865 microseconds

--------------------------------------------------------
Computing TARGET_DEVICE_27 time using 80 reps

Sample_size       Mean       Median     Min        Max        StdDev     Outliers
 40               24.918467   24.932623   24.399161   25.212765   0.194133   0
TARGET_DEVICE_27 mean time    = 24.918467 microseconds +/- 0.380502
TARGET_DEVICE_27 overhead     = 19.480139 microseconds +/- 0.608586
TARGET_DEVICE_27 median_ovrhd = 19.484758 microseconds 
************************************************************************************************************************************************************************
Running OpenMP benchmark version 4.0
	1 thread(s)
	40 outer repetitions
	1000.00 test time (microseconds)
	301 delay length (iterations) 
	0.100000 delay time (microseconds)

--------------------------------------------------------
Computing reference_Device time using 20 reps

Sample_size       Mean       Median     Min        Max        StdDev     Outliers
 40               5.478859   5.453825   5.352497   6.151199   0.129179   1
reference_Device mean time    = 5.478859 microseconds +/- 0.253191
reference_Device median time  = 5.453825 microseconds

--------------------------------------------------------
Computing TARGET_DEVICE_27 time using 160 reps

Sample_size       Mean       Median     Min        Max        StdDev     Outliers
 40               24.501123   24.559349   23.649633   24.956465   0.249826   1
TARGET_DEVICE_27 mean time    = 24.501123 microseconds +/- 0.489659
TARGET_DEVICE_27 overhead     = 19.022264 microseconds +/- 0.742849
TARGET_DEVICE_27 median_ovrhd = 19.105524 microseconds 
************************************************************************************************************************************************************************
Running OpenMP benchmark version 4.0
	1 thread(s)
	40 outer repetitions
	1000.00 test time (microseconds)
	327 delay length (iterations) 
	0.100000 delay time (microseconds)

--------------------------------------------------------
Computing reference_Device time using 20 reps

Sample_size       Mean       Median     Min        Max        StdDev     Outliers
 40               5.938709   5.900860   5.805492   6.699562   0.135675   1
reference_Device mean time    = 5.938709 microseconds +/- 0.265923
reference_Device median time  = 5.900860 microseconds

--------------------------------------------------------
Computing TARGET_DEVICE_27 time using 160 reps

Sample_size       Mean       Median     Min        Max        StdDev     Outliers
 40               24.683103   24.727732   23.792684   25.136769   0.317244   0
TARGET_DEVICE_27 mean time    = 24.683103 microseconds +/- 0.621798
TARGET_DEVICE_27 overhead     = 18.744394 microseconds +/- 0.887721
TARGET_DEVICE_27 median_ovrhd = 18.826872 microseconds 
************************************************************************************************************************************************************************
Running OpenMP benchmark version 4.0
	1 thread(s)
	40 outer repetitions
	1000.00 test time (microseconds)
	354 delay length (iterations) 
	0.100000 delay time (microseconds)

--------------------------------------------------------
Computing reference_Device time using 20 reps

Sample_size       Mean       Median     Min        Max        StdDev     Outliers
 40               6.401241   6.395578   6.246567   6.997585   0.116941   1
reference_Device mean time    = 6.401241 microseconds +/- 0.229204
reference_Device median time  = 6.395578 microseconds

--------------------------------------------------------
Computing TARGET_DEVICE_27 time using 160 reps

Sample_size       Mean       Median     Min        Max        StdDev     Outliers
 40               24.691708   24.699420   24.187565   25.236607   0.228174   0
TARGET_DEVICE_27 mean time    = 24.691708 microseconds +/- 0.447222
TARGET_DEVICE_27 overhead     = 18.290468 microseconds +/- 0.676426
TARGET_DEVICE_27 median_ovrhd = 18.303841 microseconds 
************************************************************************************************************************************************************************
Running OpenMP benchmark version 4.0
	1 thread(s)
	40 outer repetitions
	1000.00 test time (microseconds)
	383 delay length (iterations) 
	0.100000 delay time (microseconds)

--------------------------------------------------------
Computing reference_Device time using 20 reps

Sample_size       Mean       Median     Min        Max        StdDev     Outliers
 40               6.836057   6.806850   6.699562   7.545948   0.129690   1
reference_Device mean time    = 6.836057 microseconds +/- 0.254192
reference_Device median time  = 6.806850 microseconds

--------------------------------------------------------
Computing TARGET_DEVICE_27 time using 80 reps

Sample_size       Mean       Median     Min        Max        StdDev     Outliers
 40               24.617538   24.619699   23.999810   25.174022   0.274370   0
TARGET_DEVICE_27 mean time    = 24.617538 microseconds +/- 0.537765
TARGET_DEVICE_27 overhead     = 17.781481 microseconds +/- 0.791957
TARGET_DEVICE_27 median_ovrhd = 17.812848 microseconds 
************************************************************************************************************************************************************************
Running OpenMP benchmark version 4.0
	1 thread(s)
	40 outer repetitions
	1000.00 test time (microseconds)
	415 delay length (iterations) 
	0.100000 delay time (microseconds)

--------------------------------------------------------
Computing reference_Device time using 20 reps

Sample_size       Mean       Median     Min        Max        StdDev     Outliers
 40               7.303655   7.277727   7.200241   8.046627   0.130737   1
reference_Device mean time    = 7.303655 microseconds +/- 0.256245
reference_Device median time  = 7.277727 microseconds

--------------------------------------------------------
Computing TARGET_DEVICE_27 time using 80 reps

Sample_size       Mean       Median     Min        Max        StdDev     Outliers
 40               24.662465   24.668872   24.038553   25.236607   0.230470   0
TARGET_DEVICE_27 mean time    = 24.662465 microseconds +/- 0.451722
TARGET_DEVICE_27 overhead     = 17.358810 microseconds +/- 0.707967
TARGET_DEVICE_27 median_ovrhd = 17.391145 microseconds 
************************************************************************************************************************************************************************
Running OpenMP benchmark version 4.0
	1 thread(s)
	40 outer repetitions
	1000.00 test time (microseconds)
	450 delay length (iterations) 
	0.100000 delay time (microseconds)

--------------------------------------------------------
Computing reference_Device time using 20 reps

Sample_size       Mean       Median     Min        Max        StdDev     Outliers
 40               7.774532   7.748604   7.641315   8.547306   0.141383   1
reference_Device mean time    = 7.774532 microseconds +/- 0.277110
reference_Device median time  = 7.748604 microseconds

--------------------------------------------------------
Computing TARGET_DEVICE_27 time using 80 reps

Sample_size       Mean       Median     Min        Max        StdDev     Outliers
 40               24.883375   24.893880   24.563074   25.248528   0.169541   0
TARGET_DEVICE_27 mean time    = 24.883375 microseconds +/- 0.332301
TARGET_DEVICE_27 overhead     = 17.108843 microseconds +/- 0.609411
TARGET_DEVICE_27 median_ovrhd = 17.145276 microseconds 
************************************************************************************************************************************************************************
Running OpenMP benchmark version 4.0
	1 thread(s)
	40 outer repetitions
	1000.00 test time (microseconds)
	487 delay length (iterations) 
	0.100000 delay time (microseconds)

--------------------------------------------------------
Computing reference_Device time using 20 reps

Sample_size       Mean       Median     Min        Max        StdDev     Outliers
 40               8.166134   8.124113   8.046627   8.952618   0.183639   2
reference_Device mean time    = 8.166134 microseconds +/- 0.359933
reference_Device median time  = 8.124113 microseconds

--------------------------------------------------------
Computing TARGET_DEVICE_27 time using 160 reps

Sample_size       Mean       Median     Min        Max        StdDev     Outliers
 40               24.596415   24.678558   23.894012   24.974346   0.270878   0
TARGET_DEVICE_27 mean time    = 24.596415 microseconds +/- 0.530922
TARGET_DEVICE_27 overhead     = 16.430281 microseconds +/- 0.890855
TARGET_DEVICE_27 median_ovrhd = 16.554445 microseconds 
************************************************************************************************************************************************************************
Running OpenMP benchmark version 4.0
	1 thread(s)
	40 outer repetitions
	1000.00 test time (microseconds)
	527 delay length (iterations) 
	0.100000 delay time (microseconds)

--------------------------------------------------------
Computing reference_Device time using 20 reps

Sample_size       Mean       Median     Min        Max        StdDev     Outliers
 40               8.691251   8.654594   8.547306   9.453297   0.165652   2
reference_Device mean time    = 8.691251 microseconds +/- 0.324679
reference_Device median time  = 8.654594 microseconds

--------------------------------------------------------
Computing TARGET_DEVICE_27 time using 80 reps

Sample_size       Mean       Median     Min        Max        StdDev     Outliers
 40               26.666895   26.662648   25.936961   27.450919   0.361201   0
TARGET_DEVICE_27 mean time    = 26.666895 microseconds +/- 0.707953
TARGET_DEVICE_27 overhead     = 17.975643 microseconds +/- 1.032632
TARGET_DEVICE_27 median_ovrhd = 18.008053 microseconds 
************************************************************************************************************************************************************************
Running OpenMP benchmark version 4.0
	1 thread(s)
	40 outer repetitions
	1000.00 test time (microseconds)
	571 delay length (iterations) 
	0.100000 delay time (microseconds)

--------------------------------------------------------
Computing reference_Device time using 20 reps

Sample_size       Mean       Median     Min        Max        StdDev     Outliers
 40               9.498894   9.548664   9.202957   9.953976   0.159203   0
reference_Device mean time    = 9.498894 microseconds +/- 0.312037
reference_Device median time  = 9.548664 microseconds

--------------------------------------------------------
Computing TARGET_DEVICE_27 time using 80 reps

Sample_size       Mean       Median     Min        Max        StdDev     Outliers
 40               31.194016   31.112134   29.760599   32.588840   0.667733   0
TARGET_DEVICE_27 mean time    = 31.194016 microseconds +/- 1.308756
TARGET_DEVICE_27 overhead     = 21.695122 microseconds +/- 1.620794
TARGET_DEVICE_27 median_ovrhd = 21.563470 microseconds 
************************************************************************************************************************************************************************
Running OpenMP benchmark version 4.0
	1 thread(s)
	40 outer repetitions
	1000.00 test time (microseconds)
	619 delay length (iterations) 
	0.100000 delay time (microseconds)

--------------------------------------------------------
Computing reference_Device time using 20 reps

Sample_size       Mean       Median     Min        Max        StdDev     Outliers
 40               10.069013   10.049343   9.953976   10.800362   0.139375   1
reference_Device mean time    = 10.069013 microseconds +/- 0.273176
reference_Device median time  = 10.049343 microseconds

--------------------------------------------------------
Computing TARGET_DEVICE_27 time using 80 reps

Sample_size       Mean       Median     Min        Max        StdDev     Outliers
 40               33.914968   33.906102   33.360720   34.376979   0.256090   0
TARGET_DEVICE_27 mean time    = 33.914968 microseconds +/- 0.501936
TARGET_DEVICE_27 overhead     = 23.845956 microseconds +/- 0.775112
TARGET_DEVICE_27 median_ovrhd = 23.856759 microseconds 
************************************************************************************************************************************************************************
Running OpenMP benchmark version 4.0
	1 thread(s)
	40 outer repetitions
	1000.00 test time (microseconds)
	670 delay length (iterations) 
	0.100000 delay time (microseconds)

--------------------------------------------------------
Computing reference_Device time using 20 reps

Sample_size       Mean       Median     Min        Max        StdDev     Outliers
 40               10.831058   10.895729   10.550022   11.408329   0.173758   1
reference_Device mean time    = 10.831058 microseconds +/- 0.340565
reference_Device median time  = 10.895729 microseconds

--------------------------------------------------------
Computing TARGET_DEVICE_27 time using 80 reps

Sample_size       Mean       Median     Min        Max        StdDev     Outliers
 40               33.808798   33.861399   33.152103   34.287572   0.236073   0
TARGET_DEVICE_27 mean time    = 33.808798 microseconds +/- 0.462703
TARGET_DEVICE_27 overhead     = 22.977740 microseconds +/- 0.803269
TARGET_DEVICE_27 median_ovrhd = 22.965670 microseconds 
************************************************************************************************************************************************************************
Running OpenMP benchmark version 4.0
	1 thread(s)
	40 outer repetitions
	1000.00 test time (microseconds)
	726 delay length (iterations) 
	0.100000 delay time (microseconds)

--------------------------------------------------------
Computing reference_Device time using 20 reps

Sample_size       Mean       Median     Min        Max        StdDev     Outliers
 40               11.432469   11.396408   11.301041   12.254715   0.190801   2
reference_Device mean time    = 11.432469 microseconds +/- 0.373971
reference_Device median time  = 11.396408 microseconds

--------------------------------------------------------
Computing TARGET_DEVICE_27 time using 80 reps

Sample_size       Mean       Median     Min        Max        StdDev     Outliers
 40               33.908114   33.938885   33.399463   34.213066   0.217976   0
TARGET_DEVICE_27 mean time    = 33.908114 microseconds +/- 0.427233
TARGET_DEVICE_27 overhead     = 22.475645 microseconds +/- 0.801204
TARGET_DEVICE_27 median_ovrhd = 22.542477 microseconds 
************************************************************************************************************************************************************************
Running OpenMP benchmark version 4.0
	1 thread(s)
	40 outer repetitions
	1000.00 test time (microseconds)
	787 delay length (iterations) 
	0.100000 delay time (microseconds)

--------------------------------------------------------
Computing reference_Device time using 20 reps

Sample_size       Mean       Median     Min        Max        StdDev     Outliers
 40               12.370050   12.326241   12.254715   13.256073   0.160808   1
reference_Device mean time    = 12.370050 microseconds +/- 0.315184
reference_Device median time  = 12.326241 microseconds

--------------------------------------------------------
Computing TARGET_DEVICE_27 time using 80 reps

Sample_size       Mean       Median     Min        Max        StdDev     Outliers
 40               34.051612   34.087896   33.724308   34.335256   0.157754   0
TARGET_DEVICE_27 mean time    = 34.051612 microseconds +/- 0.309197
TARGET_DEVICE_27 overhead     = 21.681562 microseconds +/- 0.624382
TARGET_DEVICE_27 median_ovrhd = 21.761656 microseconds 
************************************************************************************************************************************************************************
Running OpenMP benchmark version 4.0
	1 thread(s)
	40 outer repetitions
	1000.00 test time (microseconds)
	852 delay length (iterations) 
	0.100000 delay time (microseconds)

--------------------------------------------------------
Computing reference_Device time using 20 reps

Sample_size       Mean       Median     Min        Max        StdDev     Outliers
 40               13.282597   13.226271   13.148785   14.150143   0.164750   1
reference_Device mean time    = 13.282597 microseconds +/- 0.322910
reference_Device median time  = 13.226271 microseconds

--------------------------------------------------------
Computing TARGET_DEVICE_27 time using 80 reps

Sample_size       Mean       Median     Min        Max        StdDev     Outliers
 40               33.927187   33.956766   33.301115   34.299493   0.219736   0
TARGET_DEVICE_27 mean time    = 33.927187 microseconds +/- 0.430682
TARGET_DEVICE_27 overhead     = 20.644590 microseconds +/- 0.753593
TARGET_DEVICE_27 median_ovrhd = 20.730495 microseconds 
************************************************************************************************************************************************************************
Running OpenMP benchmark version 4.0
	1 thread(s)
	40 outer repetitions
	1000.00 test time (microseconds)
	923 delay length (iterations) 
	0.100000 delay time (microseconds)

--------------------------------------------------------
Computing reference_Device time using 20 reps

Sample_size       Mean       Median     Min        Max        StdDev     Outliers
 40               14.219880   14.197826   14.102459   15.044212   0.148930   1
reference_Device mean time    = 14.219880 microseconds +/- 0.291903
reference_Device median time  = 14.197826 microseconds

--------------------------------------------------------
Computing TARGET_DEVICE_27 time using 80 reps

Sample_size       Mean       Median     Min        Max        StdDev     Outliers
 40               34.377277   34.388900   33.888221   34.800172   0.205738   0
TARGET_DEVICE_27 mean time    = 34.377277 microseconds +/- 0.403247
TARGET_DEVICE_27 overhead     = 20.157397 microseconds +/- 0.695150
TARGET_DEVICE_27 median_ovrhd = 20.191073 microseconds 
************************************************************************************************************************************************************************
Running OpenMP benchmark version 4.0
	1 thread(s)
	40 outer repetitions
	1000.00 test time (microseconds)
	999 delay length (iterations) 
	0.100000 delay time (microseconds)

--------------------------------------------------------
Computing reference_Device time using 20 reps

Sample_size       Mean       Median     Min        Max        StdDev     Outliers
 40               15.533566   15.544891   15.199184   16.057491   0.120182   1
reference_Device mean time    = 15.533566 microseconds +/- 0.235557
reference_Device median time  = 15.544891 microseconds

--------------------------------------------------------
Computing TARGET_DEVICE_27 time using 80 reps

Sample_size       Mean       Median     Min        Max        StdDev     Outliers
 40               34.135506   34.131110   33.587217   34.487247   0.217793   0
TARGET_DEVICE_27 mean time    = 34.135506 microseconds +/- 0.426875
TARGET_DEVICE_27 overhead     = 18.601939 microseconds +/- 0.662432
TARGET_DEVICE_27 median_ovrhd = 18.586218 microseconds 
