************************************************************************************************************************************************************************
Running OpenMP benchmark version 4.0
	1 thread(s)
	40 outer repetitions
	1000.00 test time (microseconds)
	19 delay length (iterations) 
	0.100000 delay time (microseconds)

--------------------------------------------------------
Computing reference_Device time using 20 reps

Sample_size       Mean       Median     Min        Max        StdDev     Outliers
 40               1.713932   1.698732   1.609325   2.491474   0.132292   1
reference_Device mean time    = 1.713932 microseconds +/- 0.259292
reference_Device median time  = 1.698732 microseconds

--------------------------------------------------------
Computing TARGET_DEVICE_27 time using 160 reps

Sample_size       Mean       Median     Min        Max        StdDev     Outliers
 40               24.574511   24.640560   24.087727   24.968386   0.228956   0
TARGET_DEVICE_27 mean time    = 24.574511 microseconds +/- 0.448754
TARGET_DEVICE_27 overhead     = 22.860579 microseconds +/- 0.708046
TARGET_DEVICE_27 median_ovrhd = 22.941828 microseconds 
************************************************************************************************************************************************************************
Running OpenMP benchmark version 4.0
	1 thread(s)
	40 outer repetitions
	1000.00 test time (microseconds)
	21 delay length (iterations) 
	0.100000 delay time (microseconds)

--------------------------------------------------------
Computing reference_Device time using 20 reps

Sample_size       Mean       Median     Min        Max        StdDev     Outliers
 40               1.805127   1.800060   1.692772   2.551079   0.132468   1
reference_Device mean time    = 1.805127 microseconds +/- 0.259637
reference_Device median time  = 1.800060 microseconds

--------------------------------------------------------
Computing TARGET_DEVICE_27 time using 160 reps

Sample_size       Mean       Median     Min        Max        StdDev     Outliers
 40               25.047995   25.100261   24.311244   25.475025   0.256992   0
TARGET_DEVICE_27 mean time    = 25.047995 microseconds +/- 0.503704
TARGET_DEVICE_27 overhead     = 23.242868 microseconds +/- 0.763342
TARGET_DEVICE_27 median_ovrhd = 23.300201 microseconds 
************************************************************************************************************************************************************************
Running OpenMP benchmark version 4.0
	1 thread(s)
	40 outer repetitions
	1000.00 test time (microseconds)
	23 delay length (iterations) 
	0.100000 delay time (microseconds)

--------------------------------------------------------
Computing reference_Device time using 20 reps

Sample_size       Mean       Median     Min        Max        StdDev     Outliers
 40               1.766682   1.752377   1.692772   2.443790   0.116495   1
reference_Device mean time    = 1.766682 microseconds +/- 0.228330
reference_Device median time  = 1.752377 microseconds

--------------------------------------------------------
Computing TARGET_DEVICE_27 time using 160 reps

Sample_size       Mean       Median     Min        Max        StdDev     Outliers
 40               24.593286   24.637580   23.880601   24.962425   0.283127   0
TARGET_DEVICE_27 mean time    = 24.593286 microseconds +/- 0.554928
TARGET_DEVICE_27 overhead     = 22.826605 microseconds +/- 0.783258
TARGET_DEVICE_27 median_ovrhd = 22.885203 microseconds 
************************************************************************************************************************************************************************
Running OpenMP benchmark version 4.0
	1 thread(s)
	40 outer repetitions
	1000.00 test time (microseconds)
	25 delay length (iterations) 
	0.100000 delay time (microseconds)

--------------------------------------------------------
Computing reference_Device time using 20 reps

Sample_size       Mean       Median     Min        Max        StdDev     Outliers
 40               1.777709   1.752377   1.692772   2.443790   0.115141   1
reference_Device mean time    = 1.777709 microseconds +/- 0.225677
reference_Device median time  = 1.752377 microseconds

--------------------------------------------------------
Computing TARGET_DEVICE_27 time using 160 reps

Sample_size       Mean       Median     Min        Max        StdDev     Outliers
 40               24.588890   24.677813   23.743510   25.126338   0.313308   0
TARGET_DEVICE_27 mean time    = 24.588890 microseconds +/- 0.614083
TARGET_DEVICE_27 overhead     = 22.811182 microseconds +/- 0.839760
TARGET_DEVICE_27 median_ovrhd = 22.925436 microseconds 
************************************************************************************************************************************************************************
Running OpenMP benchmark version 4.0
	1 thread(s)
	40 outer repetitions
	1000.00 test time (microseconds)
	27 delay length (iterations) 
	0.100000 delay time (microseconds)

--------------------------------------------------------
Computing reference_Device time using 20 reps

Sample_size       Mean       Median     Min        Max        StdDev     Outliers
 40               1.801252   1.800060   1.645088   2.551079   0.136128   1
reference_Device mean time    = 1.801252 microseconds +/- 0.266812
reference_Device median time  = 1.800060 microseconds

--------------------------------------------------------
Computing TARGET_DEVICE_27 time using 160 reps

Sample_size       Mean       Median     Min        Max        StdDev     Outliers
 40               24.525747   24.574995   24.087727   25.036931   0.238387   0
TARGET_DEVICE_27 mean time    = 24.525747 microseconds +/- 0.467239
TARGET_DEVICE_27 overhead     = 22.724494 microseconds +/- 0.734050
TARGET_DEVICE_27 median_ovrhd = 22.774935 microseconds 
************************************************************************************************************************************************************************
Running OpenMP benchmark version 4.0
	1 thread(s)
	40 outer repetitions
	1000.00 test time (microseconds)
	29 delay length (iterations) 
	0.100000 delay time (microseconds)

--------------------------------------------------------
Computing reference_Device time using 20 reps

Sample_size       Mean       Median     Min        Max        StdDev     Outliers
 40               1.791418   1.752377   1.657009   2.455711   0.125377   1
reference_Device mean time    = 1.791418 microseconds +/- 0.245738
reference_Device median time  = 1.752377 microseconds

--------------------------------------------------------
Computing TARGET_DEVICE_27 time using 160 reps

Sample_size       Mean       Median     Min        Max        StdDev     Outliers
 40               24.812035   24.796277   24.357438   25.267899   0.229428   0
TARGET_DEVICE_27 mean time    = 24.812035 microseconds +/- 0.449678
TARGET_DEVICE_27 overhead     = 23.020618 microseconds +/- 0.695416
TARGET_DEVICE_27 median_ovrhd = 23.043901 microseconds 
************************************************************************************************************************************************************************
Running OpenMP benchmark version 4.0
	1 thread(s)
	40 outer repetitions
	1000.00 test time (microseconds)
	32 delay length (iterations) 
	0.100000 delay time (microseconds)

--------------------------------------------------------
Computing reference_Device time using 20 reps

Sample_size       Mean       Median     Min        Max        StdDev     Outliers
 40               1.806319   1.800060   1.704693   2.455711   0.111567   1
reference_Device mean time    = 1.806319 microseconds +/- 0.218671
reference_Device median time  = 1.800060 microseconds

--------------------------------------------------------
Computing TARGET_DEVICE_27 time using 160 reps

Sample_size       Mean       Median     Min        Max        StdDev     Outliers
 40               24.590418   24.671853   23.731589   24.999678   0.296142   0
TARGET_DEVICE_27 mean time    = 24.590418 microseconds +/- 0.580438
TARGET_DEVICE_27 overhead     = 22.784099 microseconds +/- 0.799109
TARGET_DEVICE_27 median_ovrhd = 22.871792 microseconds 
************************************************************************************************************************************************************************
Running OpenMP benchmark version 4.0
	1 thread(s)
	40 outer repetitions
	1000.00 test time (microseconds)
	34 delay length (iterations) 
	0.100000 delay time (microseconds)

--------------------------------------------------------
Computing reference_Device time using 20 reps

Sample_size       Mean       Median     Min        Max        StdDev     Outliers
 40               1.813769   1.800060   1.692772   2.455711   0.124078   1
reference_Device mean time    = 1.813769 microseconds +/- 0.243194
reference_Device median time  = 1.800060 microseconds

--------------------------------------------------------
Computing TARGET_DEVICE_27 time using 160 reps

Sample_size       Mean       Median     Min        Max        StdDev     Outliers
 40               24.715289   24.765730   23.706257   25.306642   0.330523   1
TARGET_DEVICE_27 mean time    = 24.715289 microseconds +/- 0.647824
TARGET_DEVICE_27 overhead     = 22.901520 microseconds +/- 0.891018
TARGET_DEVICE_27 median_ovrhd = 22.965670 microseconds 
************************************************************************************************************************************************************************
Running OpenMP benchmark version 4.0
	1 thread(s)
	40 outer repetitions
	1000.00 test time (microseconds)
	37 delay length (iterations) 
	0.100000 delay time (microseconds)

--------------------------------------------------------
Computing reference_Device time using 20 reps

Sample_size       Mean       Median     Min        Max        StdDev     Outliers
 40               1.823902   1.800060   1.704693   2.551079   0.124473   1
reference_Device mean time    = 1.823902 microseconds +/- 0.243967
reference_Device median time  = 1.800060 microseconds

--------------------------------------------------------
Computing TARGET_DEVICE_27 time using 160 reps

Sample_size       Mean       Median     Min        Max        StdDev     Outliers
 40               24.755970   24.802983   23.917854   25.263429   0.299928   0
TARGET_DEVICE_27 mean time    = 24.755970 microseconds +/- 0.587858
TARGET_DEVICE_27 overhead     = 22.932068 microseconds +/- 0.831825
TARGET_DEVICE_27 median_ovrhd = 23.002923 microseconds 
************************************************************************************************************************************************************************
Running OpenMP benchmark version 4.0
	1 thread(s)
	40 outer repetitions
	1000.00 test time (microseconds)
	41 delay length (iterations) 
	0.100000 delay time (microseconds)

--------------------------------------------------------
Computing reference_Device time using 20 reps

Sample_size       Mean       Median     Min        Max        StdDev     Outliers
 40               1.845062   1.800060   1.752377   2.598763   0.149393   1
reference_Device mean time    = 1.845062 microseconds +/- 0.292810
reference_Device median time  = 1.800060 microseconds

--------------------------------------------------------
Computing TARGET_DEVICE_27 time using 160 reps

Sample_size       Mean       Median     Min        Max        StdDev     Outliers
 40               24.349652   24.402887   23.788214   24.805963   0.292693   0
TARGET_DEVICE_27 mean time    = 24.349652 microseconds +/- 0.573678
TARGET_DEVICE_27 overhead     = 22.504590 microseconds +/- 0.866488
TARGET_DEVICE_27 median_ovrhd = 22.602826 microseconds 
************************************************************************************************************************************************************************
Running OpenMP benchmark version 4.0
	1 thread(s)
	40 outer repetitions
	1000.00 test time (microseconds)
	44 delay length (iterations) 
	0.100000 delay time (microseconds)

--------------------------------------------------------
Computing reference_Device time using 20 reps

Sample_size       Mean       Median     Min        Max        StdDev     Outliers
 40               1.957417   1.823902   1.740456   2.646446   0.234057   0
reference_Device mean time    = 1.957417 microseconds +/- 0.458751
reference_Device median time  = 1.823902 microseconds

--------------------------------------------------------
Computing TARGET_DEVICE_27 time using 160 reps

Sample_size       Mean       Median     Min        Max        StdDev     Outliers
 40               24.709180   24.805963   23.731589   25.156140   0.353117   0
TARGET_DEVICE_27 mean time    = 24.709180 microseconds +/- 0.692109
TARGET_DEVICE_27 overhead     = 22.751763 microseconds +/- 1.150860
TARGET_DEVICE_27 median_ovrhd = 22.982061 microseconds 
************************************************************************************************************************************************************************
Running OpenMP benchmark version 4.0
	1 thread(s)
	40 outer repetitions
	1000.00 test time (microseconds)
	48 delay length (iterations) 
	0.100000 delay time (microseconds)

--------------------------------------------------------
Computing reference_Device time using 20 reps

Sample_size       Mean       Median     Min        Max        StdDev     Outliers
 40               2.231300   2.241135   1.895428   2.908707   0.136798   1
reference_Device mean time    = 2.231300 microseconds +/- 0.268125
reference_Device median time  = 2.241135 microseconds

--------------------------------------------------------
Computing TARGET_DEVICE_27 time using 80 reps

Sample_size       Mean       Median     Min        Max        StdDev     Outliers
 40               24.739057   24.788082   23.913383   25.162101   0.260074   1
TARGET_DEVICE_27 mean time    = 24.739057 microseconds +/- 0.509746
TARGET_DEVICE_27 overhead     = 22.507757 microseconds +/- 0.777870
TARGET_DEVICE_27 median_ovrhd = 22.546947 microseconds 
************************************************************************************************************************************************************************
Running OpenMP benchmark version 4.0
	1 thread(s)
	40 outer repetitions
	1000.00 test time (microseconds)
	52 delay length (iterations) 
	0.100000 delay time (microseconds)

--------------------------------------------------------
Computing reference_Device time using 20 reps

Sample_size       Mean       Median     Min        Max        StdDev     Outliers
 40               2.232194   2.205372   2.145767   2.849102   0.116355   1
reference_Device mean time    = 2.232194 microseconds +/- 0.228057
reference_Device median time  = 2.205372 microseconds

--------------------------------------------------------
Computing TARGET_DEVICE_27 time using 80 reps

Sample_size       Mean       Median     Min        Max        StdDev     Outliers
 40               24.504662   24.500489   24.098158   24.950504   0.218661   0
TARGET_DEVICE_27 mean time    = 24.504662 microseconds +/- 0.428575
TARGET_DEVICE_27 overhead     = 22.272468 microseconds +/- 0.656632
TARGET_DEVICE_27 median_ovrhd = 22.295117 microseconds 
************************************************************************************************************************************************************************
Running OpenMP benchmark version 4.0
	1 thread(s)
	40 outer repetitions
	1000.00 test time (microseconds)
	56 delay length (iterations) 
	0.100000 delay time (microseconds)

--------------------------------------------------------
Computing reference_Device time using 20 reps

Sample_size       Mean       Median     Min        Max        StdDev     Outliers
 40               2.281070   2.253056   2.193451   2.944469   0.114263   1
reference_Device mean time    = 2.281070 microseconds +/- 0.223956
reference_Device median time  = 2.253056 microseconds

--------------------------------------------------------
Computing TARGET_DEVICE_27 time using 80 reps

Sample_size       Mean       Median     Min        Max        StdDev     Outliers
 40               24.995357   25.042892   24.574995   25.501847   0.227359   0
TARGET_DEVICE_27 mean time    = 24.995357 microseconds +/- 0.445623
TARGET_DEVICE_27 overhead     = 22.714287 microseconds +/- 0.669579
TARGET_DEVICE_27 median_ovrhd = 22.789836 microseconds 
************************************************************************************************************************************************************************
Running OpenMP benchmark version 4.0
	1 thread(s)
	40 outer repetitions
	1000.00 test time (microseconds)
	61 delay length (iterations) 
	0.100000 delay time (microseconds)

--------------------------------------------------------
Computing reference_Device time using 20 reps

Sample_size       Mean       Median     Min        Max        StdDev     Outliers
 40               2.272427   2.253056   2.193451   2.944469   0.118710   1
reference_Device mean time    = 2.272427 microseconds +/- 0.232671
reference_Device median time  = 2.253056 microseconds

--------------------------------------------------------
Computing TARGET_DEVICE_27 time using 80 reps

Sample_size       Mean       Median     Min        Max        StdDev     Outliers
 40               24.777204   24.804473   23.999810   25.138259   0.268232   0
TARGET_DEVICE_27 mean time    = 24.777204 microseconds +/- 0.525736
TARGET_DEVICE_27 overhead     = 22.504777 microseconds +/- 0.758406
TARGET_DEVICE_27 median_ovrhd = 22.551417 microseconds 
************************************************************************************************************************************************************************
Running OpenMP benchmark version 4.0
	1 thread(s)
	40 outer repetitions
	1000.00 test time (microseconds)
	66 delay length (iterations) 
	0.100000 delay time (microseconds)

--------------------------------------------------------
Computing reference_Device time using 20 reps

Sample_size       Mean       Median     Min        Max        StdDev     Outliers
 40               2.240241   2.241135   2.110004   2.896786   0.122001   1
reference_Device mean time    = 2.240241 microseconds +/- 0.239121
reference_Device median time  = 2.241135 microseconds

--------------------------------------------------------
Computing TARGET_DEVICE_27 time using 80 reps

Sample_size       Mean       Median     Min        Max        StdDev     Outliers
 40               24.925321   24.956465   24.324656   25.463104   0.207582   0
TARGET_DEVICE_27 mean time    = 24.925321 microseconds +/- 0.406861
TARGET_DEVICE_27 overhead     = 22.685081 microseconds +/- 0.645982
TARGET_DEVICE_27 median_ovrhd = 22.715330 microseconds 
************************************************************************************************************************************************************************
Running OpenMP benchmark version 4.0
	1 thread(s)
	40 outer repetitions
	1000.00 test time (microseconds)
	71 delay length (iterations) 
	0.100000 delay time (microseconds)

--------------------------------------------------------
Computing reference_Device time using 20 reps

Sample_size       Mean       Median     Min        Max        StdDev     Outliers
 40               2.282560   2.253056   2.157688   2.944469   0.115293   1
reference_Device mean time    = 2.282560 microseconds +/- 0.225975
reference_Device median time  = 2.253056 microseconds

--------------------------------------------------------
Computing TARGET_DEVICE_27 time using 80 reps

Sample_size       Mean       Median     Min        Max        StdDev     Outliers
 40               24.895892   24.886429   24.297833   25.475025   0.269679   0
TARGET_DEVICE_27 mean time    = 24.895892 microseconds +/- 0.528572
TARGET_DEVICE_27 overhead     = 22.613332 microseconds +/- 0.754546
TARGET_DEVICE_27 median_ovrhd = 22.633374 microseconds 
************************************************************************************************************************************************************************
Running OpenMP benchmark version 4.0
	1 thread(s)
	40 outer repetitions
	1000.00 test time (microseconds)
	77 delay length (iterations) 
	0.100000 delay time (microseconds)

--------------------------------------------------------
Computing reference_Device time using 20 reps

Sample_size       Mean       Median     Min        Max        StdDev     Outliers
 40               2.352595   2.300739   2.241135   2.944469   0.173562   1
reference_Device mean time    = 2.352595 microseconds +/- 0.340181
reference_Device median time  = 2.300739 microseconds

--------------------------------------------------------
Computing TARGET_DEVICE_27 time using 80 reps

Sample_size       Mean       Median     Min        Max        StdDev     Outliers
 40               24.717152   24.750829   24.151802   25.111437   0.205328   0
TARGET_DEVICE_27 mean time    = 24.717152 microseconds +/- 0.402442
TARGET_DEVICE_27 overhead     = 22.364557 microseconds +/- 0.742623
TARGET_DEVICE_27 median_ovrhd = 22.450089 microseconds 
************************************************************************************************************************************************************************
Running OpenMP benchmark version 4.0
	1 thread(s)
	40 outer repetitions
	1000.00 test time (microseconds)
	84 delay length (iterations) 
	0.100000 delay time (microseconds)

--------------------------------------------------------
Computing reference_Device time using 20 reps

Sample_size       Mean       Median     Min        Max        StdDev     Outliers
 40               2.709925   2.694130   2.646446   3.349781   0.111122   1
reference_Device mean time    = 2.709925 microseconds +/- 0.217799
reference_Device median time  = 2.694130 microseconds

--------------------------------------------------------
Computing TARGET_DEVICE_27 time using 80 reps

Sample_size       Mean       Median     Min        Max        StdDev     Outliers
 40               24.632812   24.668872   23.800135   25.087595   0.242345   1
TARGET_DEVICE_27 mean time    = 24.632812 microseconds +/- 0.474997
TARGET_DEVICE_27 overhead     = 21.922886 microseconds +/- 0.692796
TARGET_DEVICE_27 median_ovrhd = 21.974742 microseconds 
************************************************************************************************************************************************************************
Running OpenMP benchmark version 4.0
	1 thread(s)
	40 outer repetitions
	1000.00 test time (microseconds)
	91 delay length (iterations) 
	0.100000 delay time (microseconds)

--------------------------------------------------------
Computing reference_Device time using 20 reps

Sample_size       Mean       Median     Min        Max        StdDev     Outliers
 40               2.693534   2.658367   2.598763   3.445148   0.128674   1
reference_Device mean time    = 2.693534 microseconds +/- 0.252202
reference_Device median time  = 2.658367 microseconds

--------------------------------------------------------
Computing TARGET_DEVICE_27 time using 80 reps

Sample_size       Mean       Median     Min        Max        StdDev     Outliers
 40               24.843439   24.825335   24.512410   25.299191   0.189336   0
TARGET_DEVICE_27 mean time    = 24.843439 microseconds +/- 0.371098
TARGET_DEVICE_27 overhead     = 22.149906 microseconds +/- 0.623300
TARGET_DEVICE_27 median_ovrhd = 22.166967 microseconds 
************************************************************************************************************************************************************************
Running OpenMP benchmark version 4.0
	1 thread(s)
	40 outer repetitions
	1000.00 test time (microseconds)
	98 delay length (iterations) 
	0.100000 delay time (microseconds)

--------------------------------------------------------
Computing reference_Device time using 20 reps

Sample_size       Mean       Median     Min        Max        StdDev     Outliers
 40               2.739727   2.706051   2.646446   3.290176   0.129068   2
reference_Device mean time    = 2.739727 microseconds +/- 0.252974
reference_Device median time  = 2.706051 microseconds

--------------------------------------------------------
Computing TARGET_DEVICE_27 time using 80 reps

Sample_size       Mean       Median     Min        Max        StdDev     Outliers
 40               24.931878   24.986267   24.262071   25.486946   0.281587   0
TARGET_DEVICE_27 mean time    = 24.931878 microseconds +/- 0.551910
TARGET_DEVICE_27 overhead     = 22.192150 microseconds +/- 0.804884
TARGET_DEVICE_27 median_ovrhd = 22.280216 microseconds 
************************************************************************************************************************************************************************
Running OpenMP benchmark version 4.0
	1 thread(s)
	40 outer repetitions
	1000.00 test time (microseconds)
	106 delay length (iterations) 
	0.100000 delay time (microseconds)

--------------------------------------------------------
Computing reference_Device time using 20 reps

Sample_size       Mean       Median     Min        Max        StdDev     Outliers
 40               2.741516   2.706051   2.646446   3.457069   0.132594   1
reference_Device mean time    = 2.741516 microseconds +/- 0.259885
reference_Device median time  = 2.706051 microseconds

--------------------------------------------------------
Computing TARGET_DEVICE_27 time using 160 reps

Sample_size       Mean       Median     Min        Max        StdDev     Outliers
 40               24.423264   24.509430   23.712218   24.950504   0.306507   0
TARGET_DEVICE_27 mean time    = 24.423264 microseconds +/- 0.600753
TARGET_DEVICE_27 overhead     = 21.681748 microseconds +/- 0.860638
TARGET_DEVICE_27 median_ovrhd = 21.803379 microseconds 
************************************************************************************************************************************************************************
Running OpenMP benchmark version 4.0
	1 thread(s)
	40 outer repetitions
	1000.00 test time (microseconds)
	115 delay length (iterations) 
	0.100000 delay time (microseconds)

--------------------------------------------------------
Computing reference_Device time using 20 reps

Sample_size       Mean       Median     Min        Max        StdDev     Outliers
 40               3.147721   3.147125   2.849102   3.504753   0.084292   2
reference_Device mean time    = 3.147721 microseconds +/- 0.165211
reference_Device median time  = 3.147125 microseconds

--------------------------------------------------------
Computing TARGET_DEVICE_27 time using 160 reps

Sample_size       Mean       Median     Min        Max        StdDev     Outliers
 40               24.330467   24.317950   23.899972   24.792552   0.240337   0
TARGET_DEVICE_27 mean time    = 24.330467 microseconds +/- 0.471060
TARGET_DEVICE_27 overhead     = 21.182746 microseconds +/- 0.636271
TARGET_DEVICE_27 median_ovrhd = 21.170825 microseconds 
************************************************************************************************************************************************************************
Running OpenMP benchmark version 4.0
	1 thread(s)
	40 outer repetitions
	1000.00 test time (microseconds)
	125 delay length (iterations) 
	0.100000 delay time (microseconds)

--------------------------------------------------------
Computing reference_Device time using 20 reps

Sample_size       Mean       Median     Min        Max        StdDev     Outliers
 40               3.217459   3.194809   3.099442   3.898144   0.118067   1
reference_Device mean time    = 3.217459 microseconds +/- 0.231411
reference_Device median time  = 3.194809 microseconds

--------------------------------------------------------
Computing TARGET_DEVICE_27 time using 80 reps

Sample_size       Mean       Median     Min        Max        StdDev     Outliers
 40               24.939403   24.989247   24.288893   25.349855   0.251040   0
TARGET_DEVICE_27 mean time    = 24.939403 microseconds +/- 0.492038
TARGET_DEVICE_27 overhead     = 21.721944 microseconds +/- 0.723449
TARGET_DEVICE_27 median_ovrhd = 21.794438 microseconds 
************************************************************************************************************************************************************************
Running OpenMP benchmark version 4.0
	1 thread(s)
	40 outer repetitions
	1000.00 test time (microseconds)
	135 delay length (iterations) 
	0.100000 delay time (microseconds)

--------------------------------------------------------
Computing reference_Device time using 20 reps

Sample_size       Mean       Median     Min        Max        StdDev     Outliers
 40               3.238916   3.206730   3.099442   4.196167   0.162965   1
reference_Device mean time    = 3.238916 microseconds +/- 0.319411
reference_Device median time  = 3.206730 microseconds

--------------------------------------------------------
Computing TARGET_DEVICE_27 time using 80 reps

Sample_size       Mean       Median     Min        Max        StdDev     Outliers
 40               25.509074   25.580823   24.962425   25.886297   0.237887   0
TARGET_DEVICE_27 mean time    = 25.509074 microseconds +/- 0.466258
TARGET_DEVICE_27 overhead     = 22.270158 microseconds +/- 0.785669
TARGET_DEVICE_27 median_ovrhd = 22.374094 microseconds 
************************************************************************************************************************************************************************
Running OpenMP benchmark version 4.0
	1 thread(s)
	40 outer repetitions
	1000.00 test time (microseconds)
	147 delay length (iterations) 
	0.100000 delay time (microseconds)

--------------------------------------------------------
Computing reference_Device time using 20 reps

Sample_size       Mean       Median     Min        Max        StdDev     Outliers
 40               3.601313   3.647804   3.290176   3.945827   0.133861   0
reference_Device mean time    = 3.601313 microseconds +/- 0.262368
reference_Device median time  = 3.647804 microseconds

--------------------------------------------------------
Computing TARGET_DEVICE_27 time using 80 reps

Sample_size       Mean       Median     Min        Max        StdDev     Outliers
 40               25.003776   25.057793   24.449825   25.448203   0.227397   0
TARGET_DEVICE_27 mean time    = 25.003776 microseconds +/- 0.445698
TARGET_DEVICE_27 overhead     = 21.402463 microseconds +/- 0.708066
TARGET_DEVICE_27 median_ovrhd = 21.409988 microseconds 
************************************************************************************************************************************************************************
Running OpenMP benchmark version 4.0
	1 thread(s)
	40 outer repetitions
	1000.00 test time (microseconds)
	159 delay length (iterations) 
	0.100000 delay time (microseconds)

--------------------------------------------------------
Computing reference_Device time using 20 reps

Sample_size       Mean       Median     Min        Max        StdDev     Outliers
 40               3.668666   3.647804   3.552437   4.351139   0.133205   1
reference_Device mean time    = 3.668666 microseconds +/- 0.261081
reference_Device median time  = 3.647804 microseconds

--------------------------------------------------------
Computing TARGET_DEVICE_27 time using 160 reps

Sample_size       Mean       Median     Min        Max        StdDev     Outliers
 40               24.578124   24.618953   23.818016   24.931133   0.268630   0
TARGET_DEVICE_27 mean time    = 24.578124 microseconds +/- 0.526515
TARGET_DEVICE_27 overhead     = 20.909458 microseconds +/- 0.787597
TARGET_DEVICE_27 median_ovrhd = 20.971149 microseconds 
************************************************************************************************************************************************************************
Running OpenMP benchmark version 4.0
	1 thread(s)
	40 outer repetitions
	1000.00 test time (microseconds)
	172 delay length (iterations) 
	0.100000 delay time (microseconds)

--------------------------------------------------------
Computing reference_Device time using 20 reps

Sample_size       Mean       Median     Min        Max        StdDev     Outliers
 40               3.690124   3.659725   3.600121   4.458427   0.131282   1
reference_Device mean time    = 3.690124 microseconds +/- 0.257312
reference_Device median time  = 3.659725 microseconds

--------------------------------------------------------
Computing TARGET_DEVICE_27 time using 80 reps

Sample_size       Mean       Median     Min        Max        StdDev     Outliers
 40               24.957210   24.950504   24.625659   25.388598   0.205734   0
TARGET_DEVICE_27 mean time    = 24.957210 microseconds +/- 0.403238
TARGET_DEVICE_27 overhead     = 21.267086 microseconds +/- 0.660550
TARGET_DEVICE_27 median_ovrhd = 21.290779 microseconds 
************************************************************************************************************************************************************************
Running OpenMP benchmark version 4.0
	1 thread(s)
	40 outer repetitions
	1000.00 test time (microseconds)
	187 delay length (iterations) 
	0.100000 delay time (microseconds)

--------------------------------------------------------
Computing reference_Device time using 20 reps

Sample_size       Mean       Median     Min        Max        StdDev     Outliers
 40               4.111826   4.100800   3.993511   4.792213   0.120890   1
reference_Device mean time    = 4.111826 microseconds +/- 0.236945
reference_Device median time  = 4.100800 microseconds

--------------------------------------------------------
Computing TARGET_DEVICE_27 time using 80 reps

Sample_size       Mean       Median     Min        Max        StdDev     Outliers
 40               24.626553   24.682283   24.038553   25.013089   0.235652   0
TARGET_DEVICE_27 mean time    = 24.626553 microseconds +/- 0.461877
TARGET_DEVICE_27 overhead     = 20.514727 microseconds +/- 0.698823
TARGET_DEVICE_27 median_ovrhd = 20.581484 microseconds 
************************************************************************************************************************************************************************
Running OpenMP benchmark version 4.0
	1 thread(s)
	40 outer repetitions
	1000.00 test time (microseconds)
	202 delay length (iterations) 
	0.100000 delay time (microseconds)

--------------------------------------------------------
Computing reference_Device time using 20 reps

Sample_size       Mean       Median     Min        Max        StdDev     Outliers
 40               4.133582   4.100800   3.993511   4.839897   0.166275   2
reference_Device mean time    = 4.133582 microseconds +/- 0.325899
reference_Device median time  = 4.100800 microseconds

--------------------------------------------------------
Computing TARGET_DEVICE_27 time using 80 reps

Sample_size       Mean       Median     Min        Max        StdDev     Outliers
 40               24.845600   24.849176   24.387240   25.400519   0.225741   0
TARGET_DEVICE_27 mean time    = 24.845600 microseconds +/- 0.442453
TARGET_DEVICE_27 overhead     = 20.712018 microseconds +/- 0.768352
TARGET_DEVICE_27 median_ovrhd = 20.748377 microseconds 
************************************************************************************************************************************************************************
Running OpenMP benchmark version 4.0
	1 thread(s)
	40 outer repetitions
	1000.00 test time (microseconds)
	219 delay length (iterations) 
	0.100000 delay time (microseconds)

--------------------------------------------------------
Computing reference_Device time using 20 reps

Sample_size       Mean       Median     Min        Max        StdDev     Outliers
 40               4.557669   4.553795   4.351139   5.209446   0.124922   1
reference_Device mean time    = 4.557669 microseconds +/- 0.244848
reference_Device median time  = 4.553795 microseconds

--------------------------------------------------------
Computing TARGET_DEVICE_27 time using 80 reps

Sample_size       Mean       Median     Min        Max        StdDev     Outliers
 40               25.032833   25.054812   24.288893   25.522709   0.244472   1
TARGET_DEVICE_27 mean time    = 25.032833 microseconds +/- 0.479165
TARGET_DEVICE_27 overhead     = 20.475164 microseconds +/- 0.724013
TARGET_DEVICE_27 median_ovrhd = 20.501018 microseconds 
************************************************************************************************************************************************************************
Running OpenMP benchmark version 4.0
	1 thread(s)
	40 outer repetitions
	1000.00 test time (microseconds)
	237 delay length (iterations) 
	0.100000 delay time (microseconds)

--------------------------------------------------------
Computing reference_Device time using 20 reps

Sample_size       Mean       Median     Min        Max        StdDev     Outliers
 40               4.567504   4.553795   4.458427   5.245209   0.120775   1
reference_Device mean time    = 4.567504 microseconds +/- 0.236718
reference_Device median time  = 4.553795 microseconds

--------------------------------------------------------
Computing TARGET_DEVICE_27 time using 160 reps

Sample_size       Mean       Median     Min        Max        StdDev     Outliers
 40               24.654381   24.709105   24.156272   25.087595   0.212622   0
TARGET_DEVICE_27 mean time    = 24.654381 microseconds +/- 0.416739
TARGET_DEVICE_27 overhead     = 20.086877 microseconds +/- 0.653458
TARGET_DEVICE_27 median_ovrhd = 20.155311 microseconds 
************************************************************************************************************************************************************************
Running OpenMP benchmark version 4.0
	1 thread(s)
	40 outer repetitions
	1000.00 test time (microseconds)
	257 delay length (iterations) 
	0.100000 delay time (microseconds)

--------------------------------------------------------
Computing reference_Device time using 20 reps

Sample_size       Mean       Median     Min        Max        StdDev     Outliers
 40               4.998744   4.994869   4.851818   5.590916   0.107962   1
reference_Device mean time    = 4.998744 microseconds +/- 0.211605
reference_Device median time  = 4.994869 microseconds

--------------------------------------------------------
Computing TARGET_DEVICE_27 time using 160 reps

Sample_size       Mean       Median     Min        Max        StdDev     Outliers
 40               24.501272   24.585426   23.663044   25.038421   0.282908   0
TARGET_DEVICE_27 mean time    = 24.501272 microseconds +/- 0.554499
TARGET_DEVICE_27 overhead     = 19.502528 microseconds +/- 0.766104
TARGET_DEVICE_27 median_ovrhd = 19.590557 microseconds 
************************************************************************************************************************************************************************
Running OpenMP benchmark version 4.0
	1 thread(s)
	40 outer repetitions
	1000.00 test time (microseconds)
	278 delay length (iterations) 
	0.100000 delay time (microseconds)

--------------------------------------------------------
Computing reference_Device time using 20 reps

Sample_size       Mean       Median     Min        Max        StdDev     Outliers
 40               5.413592   5.447865   5.102158   5.805492   0.138711   0
reference_Device mean time    = 5.413592 microseconds +/- 0.271873
reference_Device median time  = 5.447865 microseconds

--------------------------------------------------------
Computing TARGET_DEVICE_27 time using 80 reps

Sample_size       Mean       Median     Min        Max        StdDev     Outliers
 40               24.706125   24.744868   24.202466   25.397539   0.253795   0
TARGET_DEVICE_27 mean time    = 24.706125 microseconds +/- 0.497439
TARGET_DEVICE_27 overhead     = 19.292533 microseconds +/- 0.769312
TARGET_DEVICE_27 median_ovrhd = 19.297004 microseconds 
************************************************************************************************************************************************************************
Running OpenMP benchmark version 4.0
	1 thread(s)
	40 outer repetitions
	1000.00 test time (microseconds)
	301 delay length (iterations) 
	0.100000 delay time (microseconds)

--------------------------------------------------------
Computing reference_Device time using 20 reps

Sample_size       Mean       Median     Min        Max        StdDev     Outliers
 40               5.535185   5.495548   5.352497   6.294250   0.186492   2
reference_Device mean time    = 5.535185 microseconds +/- 0.365525
reference_Device median time  = 5.495548 microseconds

--------------------------------------------------------
Computing TARGET_DEVICE_27 time using 160 reps

Sample_size       Mean       Median     Min        Max        StdDev     Outliers
 40               24.995916   25.002658   24.418533   25.537610   0.272880   0
TARGET_DEVICE_27 mean time    = 24.995916 microseconds +/- 0.534845
TARGET_DEVICE_27 overhead     = 19.460730 microseconds +/- 0.900370
TARGET_DEVICE_27 median_ovrhd = 19.507110 microseconds 
************************************************************************************************************************************************************************
Running OpenMP benchmark version 4.0
	1 thread(s)
	40 outer repetitions
	1000.00 test time (microseconds)
	327 delay length (iterations) 
	0.100000 delay time (microseconds)

--------------------------------------------------------
Computing reference_Device time using 20 reps

Sample_size       Mean       Median     Min        Max        StdDev     Outliers
 40               5.948842   5.948544   5.757809   6.699562   0.141476   1
reference_Device mean time    = 5.948842 microseconds +/- 0.277292
reference_Device median time  = 5.948544 microseconds

--------------------------------------------------------
Computing TARGET_DEVICE_27 time using 160 reps

Sample_size       Mean       Median     Min        Max        StdDev     Outliers
 40               24.479218   24.490058   23.780763   24.874508   0.276418   0
TARGET_DEVICE_27 mean time    = 24.479218 microseconds +/- 0.541780
TARGET_DEVICE_27 overhead     = 18.530376 microseconds +/- 0.819072
TARGET_DEVICE_27 median_ovrhd = 18.541515 microseconds 
************************************************************************************************************************************************************************
Running OpenMP benchmark version 4.0
	1 thread(s)
	40 outer repetitions
	1000.00 test time (microseconds)
	354 delay length (iterations) 
	0.100000 delay time (microseconds)

--------------------------------------------------------
Computing reference_Device time using 20 reps

Sample_size       Mean       Median     Min        Max        StdDev     Outliers
 40               6.390214   6.353855   6.246567   7.152557   0.145825   1
reference_Device mean time    = 6.390214 microseconds +/- 0.285817
reference_Device median time  = 6.353855 microseconds

--------------------------------------------------------
Computing TARGET_DEVICE_27 time using 160 reps

Sample_size       Mean       Median     Min        Max        StdDev     Outliers
 40               24.573728   24.556369   24.005771   25.099516   0.293096   0
TARGET_DEVICE_27 mean time    = 24.573728 microseconds +/- 0.574468
TARGET_DEVICE_27 overhead     = 18.183514 microseconds +/- 0.860285
TARGET_DEVICE_27 median_ovrhd = 18.202513 microseconds 
************************************************************************************************************************************************************************
Running OpenMP benchmark version 4.0
	1 thread(s)
	40 outer repetitions
	1000.00 test time (microseconds)
	383 delay length (iterations) 
	0.100000 delay time (microseconds)

--------------------------------------------------------
Computing reference_Device time using 20 reps

Sample_size       Mean       Median     Min        Max        StdDev     Outliers
 40               6.865263   6.806850   6.747246   7.748604   0.177018   1
reference_Device mean time    = 6.865263 microseconds +/- 0.346955
reference_Device median time  = 6.806850 microseconds

--------------------------------------------------------
Computing TARGET_DEVICE_27 time using 160 reps

Sample_size       Mean       Median     Min        Max        StdDev     Outliers
 40               24.649538   24.665892   24.044514   24.962425   0.216202   0
TARGET_DEVICE_27 mean time    = 24.649538 microseconds +/- 0.423756
TARGET_DEVICE_27 overhead     = 17.784275 microseconds +/- 0.770711
TARGET_DEVICE_27 median_ovrhd = 17.859042 microseconds 
************************************************************************************************************************************************************************
Running OpenMP benchmark version 4.0
	1 thread(s)
	40 outer repetitions
	1000.00 test time (microseconds)
	415 delay length (iterations) 
	0.100000 delay time (microseconds)

--------------------------------------------------------
Computing reference_Device time using 20 reps

Sample_size       Mean       Median     Min        Max        StdDev     Outliers
 40               7.309020   7.295609   7.200241   7.998943   0.133626   1
reference_Device mean time    = 7.309020 microseconds +/- 0.261908
reference_Device median time  = 7.295609 microseconds

--------------------------------------------------------
Computing TARGET_DEVICE_27 time using 160 reps

Sample_size       Mean       Median     Min        Max        StdDev     Outliers
 40               24.515465   24.600327   23.993850   24.786592   0.219031   0
TARGET_DEVICE_27 mean time    = 24.515465 microseconds +/- 0.429300
TARGET_DEVICE_27 overhead     = 17.206445 microseconds +/- 0.691208
TARGET_DEVICE_27 median_ovrhd = 17.304718 microseconds 
************************************************************************************************************************************************************************
Running OpenMP benchmark version 4.0
	1 thread(s)
	40 outer repetitions
	1000.00 test time (microseconds)
	450 delay length (iterations) 
	0.100000 delay time (microseconds)

--------------------------------------------------------
Computing reference_Device time using 20 reps

Sample_size       Mean       Median     Min        Max        StdDev     Outliers
 40               7.762611   7.748604   7.641315   8.547306   0.145598   1
reference_Device mean time    = 7.762611 microseconds +/- 0.285373
reference_Device median time  = 7.748604 microseconds

--------------------------------------------------------
Computing TARGET_DEVICE_27 time using 160 reps

Sample_size       Mean       Median     Min        Max        StdDev     Outliers
 40               24.334975   24.365634   23.750961   24.761260   0.266225   0
TARGET_DEVICE_27 mean time    = 24.334975 microseconds +/- 0.521801
TARGET_DEVICE_27 overhead     = 16.572364 microseconds +/- 0.807173
TARGET_DEVICE_27 median_ovrhd = 16.617030 microseconds 
************************************************************************************************************************************************************************
Running OpenMP benchmark version 4.0
	1 thread(s)
	40 outer repetitions
	1000.00 test time (microseconds)
	487 delay length (iterations) 
	0.100000 delay time (microseconds)

--------------------------------------------------------
Computing reference_Device time using 20 reps

Sample_size       Mean       Median     Min        Max        StdDev     Outliers
 40               8.222461   8.201599   8.094311   8.940697   0.153561   1
reference_Device mean time    = 8.222461 microseconds +/- 0.300979
reference_Device median time  = 8.201599 microseconds

--------------------------------------------------------
Computing TARGET_DEVICE_27 time using 80 reps

Sample_size       Mean       Median     Min        Max        StdDev     Outliers
 40               24.710596   24.688244   24.238229   25.260448   0.257168   0
TARGET_DEVICE_27 mean time    = 24.710596 microseconds +/- 0.504048
TARGET_DEVICE_27 overhead     = 16.488135 microseconds +/- 0.805027
TARGET_DEVICE_27 median_ovrhd = 16.486645 microseconds 
************************************************************************************************************************************************************************
Running OpenMP benchmark version 4.0
	1 thread(s)
	40 outer repetitions
	1000.00 test time (microseconds)
	527 delay length (iterations) 
	0.100000 delay time (microseconds)

--------------------------------------------------------
Computing reference_Device time using 20 reps

Sample_size       Mean       Median     Min        Max        StdDev     Outliers
 40               8.703768   8.696318   8.547306   9.500980   0.150770   1
reference_Device mean time    = 8.703768 microseconds +/- 0.295508
reference_Device median time  = 8.696318 microseconds

--------------------------------------------------------
Computing TARGET_DEVICE_27 time using 80 reps

Sample_size       Mean       Median     Min        Max        StdDev     Outliers
 40               25.973171   25.875866   25.326014   26.974082   0.446184   0
TARGET_DEVICE_27 mean time    = 25.973171 microseconds +/- 0.874521
TARGET_DEVICE_27 overhead     = 17.269403 microseconds +/- 1.170029
TARGET_DEVICE_27 median_ovrhd = 17.179549 microseconds 
************************************************************************************************************************************************************************
Running OpenMP benchmark version 4.0
	1 thread(s)
	40 outer repetitions
	1000.00 test time (microseconds)
	571 delay length (iterations) 
	0.100000 delay time (microseconds)

--------------------------------------------------------
Computing reference_Device time using 20 reps

Sample_size       Mean       Median     Min        Max        StdDev     Outliers
 40               9.478927   9.524822   9.191036   10.097027   0.196430   1
reference_Device mean time    = 9.478927 microseconds +/- 0.385002
reference_Device median time  = 9.524822 microseconds

--------------------------------------------------------
Computing TARGET_DEVICE_27 time using 80 reps

Sample_size       Mean       Median     Min        Max        StdDev     Outliers
 40               30.582547   30.687451   29.024482   31.650066   0.537866   0
TARGET_DEVICE_27 mean time    = 30.582547 microseconds +/- 1.054217
TARGET_DEVICE_27 overhead     = 21.103621 microseconds +/- 1.439219
TARGET_DEVICE_27 median_ovrhd = 21.162629 microseconds 
************************************************************************************************************************************************************************
Running OpenMP benchmark version 4.0
	1 thread(s)
	40 outer repetitions
	1000.00 test time (microseconds)
	619 delay length (iterations) 
	0.100000 delay time (microseconds)

--------------------------------------------------------
Computing reference_Device time using 20 reps

Sample_size       Mean       Median     Min        Max        StdDev     Outliers
 40               10.059774   10.001659   9.942055   10.859966   0.147199   1
reference_Device mean time    = 10.059774 microseconds +/- 0.288509
reference_Device median time  = 10.001659 microseconds

--------------------------------------------------------
Computing TARGET_DEVICE_27 time using 80 reps

Sample_size       Mean       Median     Min        Max        StdDev     Outliers
 40               34.014061   34.025311   33.587217   34.350157   0.177584   0
TARGET_DEVICE_27 mean time    = 34.014061 microseconds +/- 0.348064
TARGET_DEVICE_27 overhead     = 23.954287 microseconds +/- 0.636574
TARGET_DEVICE_27 median_ovrhd = 24.023652 microseconds 
************************************************************************************************************************************************************************
Running OpenMP benchmark version 4.0
	1 thread(s)
	40 outer repetitions
	1000.00 test time (microseconds)
	670 delay length (iterations) 
	0.100000 delay time (microseconds)

--------------------------------------------------------
Computing reference_Device time using 20 reps

Sample_size       Mean       Median     Min        Max        StdDev     Outliers
 40               10.839105   10.895729   10.550022   11.408329   0.186186   1
reference_Device mean time    = 10.839105 microseconds +/- 0.364925
reference_Device median time  = 10.895729 microseconds

--------------------------------------------------------
Computing TARGET_DEVICE_27 time using 80 reps

Sample_size       Mean       Median     Min        Max        StdDev     Outliers
 40               34.077540   34.099817   33.676624   34.612417   0.233310   0
TARGET_DEVICE_27 mean time    = 34.077540 microseconds +/- 0.457287
TARGET_DEVICE_27 overhead     = 23.238435 microseconds +/- 0.822213
TARGET_DEVICE_27 median_ovrhd = 23.204088 microseconds 
************************************************************************************************************************************************************************
Running OpenMP benchmark version 4.0
	1 thread(s)
	40 outer repetitions
	1000.00 test time (microseconds)
	726 delay length (iterations) 
	0.100000 delay time (microseconds)

--------------------------------------------------------
Computing reference_Device time using 20 reps

Sample_size       Mean       Median     Min        Max        StdDev     Outliers
 40               11.418760   11.396408   11.301041   11.992455   0.110984   1
reference_Device mean time    = 11.418760 microseconds +/- 0.217529
reference_Device median time  = 11.396408 microseconds

--------------------------------------------------------
Computing TARGET_DEVICE_27 time using 80 reps

Sample_size       Mean       Median     Min        Max        StdDev     Outliers
 40               33.980012   34.044683   33.497810   34.251809   0.211896   0
TARGET_DEVICE_27 mean time    = 33.980012 microseconds +/- 0.415317
TARGET_DEVICE_27 overhead     = 22.561252 microseconds +/- 0.632845
TARGET_DEVICE_27 median_ovrhd = 22.648275 microseconds 
************************************************************************************************************************************************************************
Running OpenMP benchmark version 4.0
	1 thread(s)
	40 outer repetitions
	1000.00 test time (microseconds)
	787 delay length (iterations) 
	0.100000 delay time (microseconds)

--------------------------------------------------------
Computing reference_Device time using 20 reps

Sample_size       Mean       Median     Min        Max        StdDev     Outliers
 40               12.356341   12.302399   12.242794   13.148785   0.153471   1
reference_Device mean time    = 12.356341 microseconds +/- 0.300804
reference_Device median time  = 12.302399 microseconds

--------------------------------------------------------
Computing TARGET_DEVICE_27 time using 80 reps

Sample_size       Mean       Median     Min        Max        StdDev     Outliers
 40               33.943057   33.923984   33.488870   34.451485   0.221515   0
TARGET_DEVICE_27 mean time    = 33.943057 microseconds +/- 0.434169
TARGET_DEVICE_27 overhead     = 21.586716 microseconds +/- 0.734973
TARGET_DEVICE_27 median_ovrhd = 21.621585 microseconds 
************************************************************************************************************************************************************************
Running OpenMP benchmark version 4.0
	1 thread(s)
	40 outer repetitions
	1000.00 test time (microseconds)
	852 delay length (iterations) 
	0.100000 delay time (microseconds)

--------------------------------------------------------
Computing reference_Device time using 20 reps

Sample_size       Mean       Median     Min        Max        StdDev     Outliers
 40               13.288558   13.256073   13.148785   13.947487   0.128392   1
reference_Device mean time    = 13.288558 microseconds +/- 0.251648
reference_Device median time  = 13.256073 microseconds

--------------------------------------------------------
Computing TARGET_DEVICE_27 time using 80 reps

Sample_size       Mean       Median     Min        Max        StdDev     Outliers
 40               34.230947   34.248829   33.727288   34.624338   0.205382   0
TARGET_DEVICE_27 mean time    = 34.230947 microseconds +/- 0.402548
TARGET_DEVICE_27 overhead     = 20.942390 microseconds +/- 0.654196
TARGET_DEVICE_27 median_ovrhd = 20.992756 microseconds 
************************************************************************************************************************************************************************
Running OpenMP benchmark version 4.0
	1 thread(s)
	40 outer repetitions
	1000.00 test time (microseconds)
	923 delay length (iterations) 
	0.100000 delay time (microseconds)

--------------------------------------------------------
Computing reference_Device time using 20 reps

Sample_size       Mean       Median     Min        Max        StdDev     Outliers
 40               14.213622   14.150143   14.090538   14.996529   0.162387   1
reference_Device mean time    = 14.213622 microseconds +/- 0.318278
reference_Device median time  = 14.150143 microseconds

--------------------------------------------------------
Computing TARGET_DEVICE_27 time using 80 reps

Sample_size       Mean       Median     Min        Max        StdDev     Outliers
 40               33.805892   33.822656   33.187866   34.177303   0.238040   0
TARGET_DEVICE_27 mean time    = 33.805892 microseconds +/- 0.466558
TARGET_DEVICE_27 overhead     = 19.592270 microseconds +/- 0.784836
TARGET_DEVICE_27 median_ovrhd = 19.672513 microseconds 
************************************************************************************************************************************************************************
Running OpenMP benchmark version 4.0
	1 thread(s)
	40 outer repetitions
	1000.00 test time (microseconds)
	999 delay length (iterations) 
	0.100000 delay time (microseconds)

--------------------------------------------------------
Computing reference_Device time using 20 reps

Sample_size       Mean       Median     Min        Max        StdDev     Outliers
 40               15.521348   15.544891   15.151501   15.950203   0.128916   1
reference_Device mean time    = 15.521348 microseconds +/- 0.252675
reference_Device median time  = 15.544891 microseconds

--------------------------------------------------------
Computing TARGET_DEVICE_27 time using 80 reps

Sample_size       Mean       Median     Min        Max        StdDev     Outliers
 40               33.911839   33.962727   33.313036   34.523010   0.277850   0
TARGET_DEVICE_27 mean time    = 33.911839 microseconds +/- 0.544586
TARGET_DEVICE_27 overhead     = 18.390492 microseconds +/- 0.797261
TARGET_DEVICE_27 median_ovrhd = 18.417835 microseconds 
