************************************************************************************************************************************************************************
Running OpenMP benchmark version 4.0
	1 thread(s)
	40 outer repetitions
	1000.00 test time (microseconds)
	20 delay length (iterations) 
	0.100000 delay time (microseconds)

--------------------------------------------------------
Computing reference_Device time using 20 reps

Sample_size       Mean       Median     Min        Max        StdDev     Outliers
 40               1.822412   1.800060   1.692772   2.598763   0.184623   2
reference_Device mean time    = 1.822412 microseconds +/- 0.361861
reference_Device median time  = 1.800060 microseconds

--------------------------------------------------------
Computing TARGET_DEVICE_27 time using 160 reps

Sample_size       Mean       Median     Min        Max        StdDev     Outliers
 40               24.670474   24.691224   24.238229   25.093555   0.213362   0
TARGET_DEVICE_27 mean time    = 24.670474 microseconds +/- 0.418190
TARGET_DEVICE_27 overhead     = 22.848062 microseconds +/- 0.780050
TARGET_DEVICE_27 median_ovrhd = 22.891164 microseconds 
************************************************************************************************************************************************************************
Running OpenMP benchmark version 4.0
	1 thread(s)
	40 outer repetitions
	1000.00 test time (microseconds)
	40 delay length (iterations) 
	0.100000 delay time (microseconds)

--------------------------------------------------------
Computing reference_Device time using 20 reps

Sample_size       Mean       Median     Min        Max        StdDev     Outliers
 40               1.822412   1.800060   1.740456   2.491474   0.127200   1
reference_Device mean time    = 1.822412 microseconds +/- 0.249312
reference_Device median time  = 1.800060 microseconds

--------------------------------------------------------
Computing TARGET_DEVICE_27 time using 80 reps

Sample_size       Mean       Median     Min        Max        StdDev     Outliers
 40               25.044903   25.057793   24.425983   25.489926   0.243319   0
TARGET_DEVICE_27 mean time    = 25.044903 microseconds +/- 0.476906
TARGET_DEVICE_27 overhead     = 23.222491 microseconds +/- 0.726218
TARGET_DEVICE_27 median_ovrhd = 23.257732 microseconds 
************************************************************************************************************************************************************************
Running OpenMP benchmark version 4.0
	1 thread(s)
	40 outer repetitions
	1000.00 test time (microseconds)
	60 delay length (iterations) 
	0.100000 delay time (microseconds)

--------------------------------------------------------
Computing reference_Device time using 20 reps

Sample_size       Mean       Median     Min        Max        StdDev     Outliers
 40               2.287626   2.253056   2.193451   3.099442   0.148765   1
reference_Device mean time    = 2.287626 microseconds +/- 0.291579
reference_Device median time  = 2.253056 microseconds

--------------------------------------------------------
Computing TARGET_DEVICE_27 time using 80 reps

Sample_size       Mean       Median     Min        Max        StdDev     Outliers
 40               24.792552   24.813414   24.500489   25.051832   0.125064   0
TARGET_DEVICE_27 mean time    = 24.792552 microseconds +/- 0.245126
TARGET_DEVICE_27 overhead     = 22.504926 microseconds +/- 0.536705
TARGET_DEVICE_27 median_ovrhd = 22.560358 microseconds 
************************************************************************************************************************************************************************
Running OpenMP benchmark version 4.0
	1 thread(s)
	40 outer repetitions
	1000.00 test time (microseconds)
	80 delay length (iterations) 
	0.100000 delay time (microseconds)

--------------------------------------------------------
Computing reference_Device time using 20 reps

Sample_size       Mean       Median     Min        Max        StdDev     Outliers
 40               2.636015   2.658367   2.300739   3.397465   0.189954   1
reference_Device mean time    = 2.636015 microseconds +/- 0.372309
reference_Device median time  = 2.658367 microseconds

--------------------------------------------------------
Computing TARGET_DEVICE_27 time using 80 reps

Sample_size       Mean       Median     Min        Max        StdDev     Outliers
 40               24.438798   24.525821   23.749471   25.185943   0.365909   0
TARGET_DEVICE_27 mean time    = 24.438798 microseconds +/- 0.717182
TARGET_DEVICE_27 overhead     = 21.802783 microseconds +/- 1.089491
TARGET_DEVICE_27 median_ovrhd = 21.867454 microseconds 
************************************************************************************************************************************************************************
Running OpenMP benchmark version 4.0
	1 thread(s)
	40 outer repetitions
	1000.00 test time (microseconds)
	100 delay length (iterations) 
	0.100000 delay time (microseconds)

--------------------------------------------------------
Computing reference_Device time using 20 reps

Sample_size       Mean       Median     Min        Max        StdDev     Outliers
 40               2.728999   2.706051   2.646446   3.397465   0.117062   1
reference_Device mean time    = 2.728999 microseconds +/- 0.229442
reference_Device median time  = 2.706051 microseconds

--------------------------------------------------------
Computing TARGET_DEVICE_27 time using 80 reps

Sample_size       Mean       Median     Min        Max        StdDev     Outliers
 40               24.649650   24.650991   24.211407   25.072694   0.165951   0
TARGET_DEVICE_27 mean time    = 24.649650 microseconds +/- 0.325265
TARGET_DEVICE_27 overhead     = 21.920651 microseconds +/- 0.554707
TARGET_DEVICE_27 median_ovrhd = 21.944940 microseconds 
************************************************************************************************************************************************************************
Running OpenMP benchmark version 4.0
	1 thread(s)
	40 outer repetitions
	1000.00 test time (microseconds)
	120 delay length (iterations) 
	0.100000 delay time (microseconds)

--------------------------------------------------------
Computing reference_Device time using 20 reps

Sample_size       Mean       Median     Min        Max        StdDev     Outliers
 40               3.200173   3.147125   3.039837   4.005432   0.171564   2
reference_Device mean time    = 3.200173 microseconds +/- 0.336266
reference_Device median time  = 3.147125 microseconds

--------------------------------------------------------
Computing TARGET_DEVICE_27 time using 160 reps

Sample_size       Mean       Median     Min        Max        StdDev     Outliers
 40               24.769232   24.799258   24.175644   25.093555   0.182173   1
TARGET_DEVICE_27 mean time    = 24.769232 microseconds +/- 0.357059
TARGET_DEVICE_27 overhead     = 21.569058 microseconds +/- 0.693325
TARGET_DEVICE_27 median_ovrhd = 21.652132 microseconds 
************************************************************************************************************************************************************************
Running OpenMP benchmark version 4.0
	1 thread(s)
	40 outer repetitions
	1000.00 test time (microseconds)
	140 delay length (iterations) 
	0.100000 delay time (microseconds)

--------------------------------------------------------
Computing reference_Device time using 20 reps

Sample_size       Mean       Median     Min        Max        StdDev     Outliers
 40               3.210306   3.194809   3.099442   3.910065   0.123538   1
reference_Device mean time    = 3.210306 microseconds +/- 0.242135
reference_Device median time  = 3.194809 microseconds

--------------------------------------------------------
Computing TARGET_DEVICE_27 time using 160 reps

Sample_size       Mean       Median     Min        Max        StdDev     Outliers
 40               24.746098   24.756044   24.224818   25.156140   0.251790   0
TARGET_DEVICE_27 mean time    = 24.746098 microseconds +/- 0.493509
TARGET_DEVICE_27 overhead     = 21.535791 microseconds +/- 0.735644
TARGET_DEVICE_27 median_ovrhd = 21.561235 microseconds 
************************************************************************************************************************************************************************
Running OpenMP benchmark version 4.0
	1 thread(s)
	40 outer repetitions
	1000.00 test time (microseconds)
	160 delay length (iterations) 
	0.100000 delay time (microseconds)

--------------------------------------------------------
Computing reference_Device time using 20 reps

Sample_size       Mean       Median     Min        Max        StdDev     Outliers
 40               3.617108   3.600121   3.492832   4.148483   0.110579   1
reference_Device mean time    = 3.617108 microseconds +/- 0.216736
reference_Device median time  = 3.600121 microseconds

--------------------------------------------------------
Computing TARGET_DEVICE_27 time using 160 reps

Sample_size       Mean       Median     Min        Max        StdDev     Outliers
 40               24.570338   24.741143   23.700297   25.056303   0.410103   0
TARGET_DEVICE_27 mean time    = 24.570338 microseconds +/- 0.803801
TARGET_DEVICE_27 overhead     = 20.953231 microseconds +/- 1.020537
TARGET_DEVICE_27 median_ovrhd = 21.141022 microseconds 
************************************************************************************************************************************************************************
Running OpenMP benchmark version 4.0
	1 thread(s)
	40 outer repetitions
	1000.00 test time (microseconds)
	180 delay length (iterations) 
	0.100000 delay time (microseconds)

--------------------------------------------------------
Computing reference_Device time using 20 reps

Sample_size       Mean       Median     Min        Max        StdDev     Outliers
 40               4.004836   4.053116   3.695488   4.744530   0.195004   1
reference_Device mean time    = 4.004836 microseconds +/- 0.382207
reference_Device median time  = 4.053116 microseconds

--------------------------------------------------------
Computing TARGET_DEVICE_27 time using 160 reps

Sample_size       Mean       Median     Min        Max        StdDev     Outliers
 40               24.712346   24.743378   24.262071   25.132298   0.191402   0
TARGET_DEVICE_27 mean time    = 24.712346 microseconds +/- 0.375147
TARGET_DEVICE_27 overhead     = 20.707510 microseconds +/- 0.757355
TARGET_DEVICE_27 median_ovrhd = 20.690262 microseconds 
************************************************************************************************************************************************************************
Running OpenMP benchmark version 4.0
	1 thread(s)
	40 outer repetitions
	1000.00 test time (microseconds)
	200 delay length (iterations) 
	0.100000 delay time (microseconds)

--------------------------------------------------------
Computing reference_Device time using 20 reps

Sample_size       Mean       Median     Min        Max        StdDev     Outliers
 40               4.126430   4.100800   4.005432   4.947186   0.141271   1
reference_Device mean time    = 4.126430 microseconds +/- 0.276891
reference_Device median time  = 4.100800 microseconds

--------------------------------------------------------
Computing TARGET_DEVICE_27 time using 80 reps

Sample_size       Mean       Median     Min        Max        StdDev     Outliers
 40               24.819896   24.794042   24.464726   25.275350   0.212831   0
TARGET_DEVICE_27 mean time    = 24.819896 microseconds +/- 0.417149
TARGET_DEVICE_27 overhead     = 20.693466 microseconds +/- 0.694040
TARGET_DEVICE_27 median_ovrhd = 20.693243 microseconds 
************************************************************************************************************************************************************************
Running OpenMP benchmark version 4.0
	1 thread(s)
	40 outer repetitions
	1000.00 test time (microseconds)
	220 delay length (iterations) 
	0.100000 delay time (microseconds)

--------------------------------------------------------
Computing reference_Device time using 20 reps

Sample_size       Mean       Median     Min        Max        StdDev     Outliers
 40               4.594624   4.553795   4.446507   5.292892   0.128729   1
reference_Device mean time    = 4.594624 microseconds +/- 0.252309
reference_Device median time  = 4.553795 microseconds

--------------------------------------------------------
Computing TARGET_DEVICE_27 time using 80 reps

Sample_size       Mean       Median     Min        Max        StdDev     Outliers
 40               25.209114   25.269389   24.598837   25.737286   0.234085   0
TARGET_DEVICE_27 mean time    = 25.209114 microseconds +/- 0.458807
TARGET_DEVICE_27 overhead     = 20.614490 microseconds +/- 0.711116
TARGET_DEVICE_27 median_ovrhd = 20.715594 microseconds 
************************************************************************************************************************************************************************
Running OpenMP benchmark version 4.0
	1 thread(s)
	40 outer repetitions
	1000.00 test time (microseconds)
	240 delay length (iterations) 
	0.100000 delay time (microseconds)

--------------------------------------------------------
Computing reference_Device time using 20 reps

Sample_size       Mean       Median     Min        Max        StdDev     Outliers
 40               4.709065   4.601479   4.541874   5.209446   0.189441   0
reference_Device mean time    = 4.709065 microseconds +/- 0.371304
reference_Device median time  = 4.601479 microseconds

--------------------------------------------------------
Computing TARGET_DEVICE_27 time using 160 reps

Sample_size       Mean       Median     Min        Max        StdDev     Outliers
 40               24.468116   24.546683   23.686886   24.968386   0.298516   0
TARGET_DEVICE_27 mean time    = 24.468116 microseconds +/- 0.585090
TARGET_DEVICE_27 overhead     = 19.759052 microseconds +/- 0.956394
TARGET_DEVICE_27 median_ovrhd = 19.945204 microseconds 
************************************************************************************************************************************************************************
Running OpenMP benchmark version 4.0
	1 thread(s)
	40 outer repetitions
	1000.00 test time (microseconds)
	260 delay length (iterations) 
	0.100000 delay time (microseconds)

--------------------------------------------------------
Computing reference_Device time using 20 reps

Sample_size       Mean       Median     Min        Max        StdDev     Outliers
 40               5.032718   5.006790   4.851818   5.805492   0.146272   1
reference_Device mean time    = 5.032718 microseconds +/- 0.286694
reference_Device median time  = 5.006790 microseconds

--------------------------------------------------------
Computing TARGET_DEVICE_27 time using 160 reps

Sample_size       Mean       Median     Min        Max        StdDev     Outliers
 40               24.521910   24.600327   23.899972   25.005639   0.317139   0
TARGET_DEVICE_27 mean time    = 24.521910 microseconds +/- 0.621592
TARGET_DEVICE_27 overhead     = 19.489191 microseconds +/- 0.908286
TARGET_DEVICE_27 median_ovrhd = 19.593537 microseconds 
************************************************************************************************************************************************************************
Running OpenMP benchmark version 4.0
	1 thread(s)
	40 outer repetitions
	1000.00 test time (microseconds)
	280 delay length (iterations) 
	0.100000 delay time (microseconds)

--------------------------------------------------------
Computing reference_Device time using 20 reps

Sample_size       Mean       Median     Min        Max        StdDev     Outliers
 40               5.449057   5.447865   5.149841   5.757809   0.087467   2
reference_Device mean time    = 5.449057 microseconds +/- 0.171436
reference_Device median time  = 5.447865 microseconds

--------------------------------------------------------
Computing TARGET_DEVICE_27 time using 160 reps

Sample_size       Mean       Median     Min        Max        StdDev     Outliers
 40               24.547316   24.615228   23.937225   24.981797   0.249823   0
TARGET_DEVICE_27 mean time    = 24.547316 microseconds +/- 0.489653
TARGET_DEVICE_27 overhead     = 19.098260 microseconds +/- 0.661089
TARGET_DEVICE_27 median_ovrhd = 19.167364 microseconds 
************************************************************************************************************************************************************************
Running OpenMP benchmark version 4.0
	1 thread(s)
	40 outer repetitions
	1000.00 test time (microseconds)
	300 delay length (iterations) 
	0.100000 delay time (microseconds)

--------------------------------------------------------
Computing reference_Device time using 20 reps

Sample_size       Mean       Median     Min        Max        StdDev     Outliers
 40               5.484819   5.447865   5.340576   6.139278   0.136503   1
reference_Device mean time    = 5.484819 microseconds +/- 0.267545
reference_Device median time  = 5.447865 microseconds

--------------------------------------------------------
Computing TARGET_DEVICE_27 time using 160 reps

Sample_size       Mean       Median     Min        Max        StdDev     Outliers
 40               24.487972   24.621934   23.649633   24.881959   0.328139   0
TARGET_DEVICE_27 mean time    = 24.487972 microseconds +/- 0.643153
TARGET_DEVICE_27 overhead     = 19.003153 microseconds +/- 0.910698
TARGET_DEVICE_27 median_ovrhd = 19.174069 microseconds 
************************************************************************************************************************************************************************
Running OpenMP benchmark version 4.0
	1 thread(s)
	40 outer repetitions
	1000.00 test time (microseconds)
	320 delay length (iterations) 
	0.100000 delay time (microseconds)

--------------------------------------------------------
Computing reference_Device time using 20 reps

Sample_size       Mean       Median     Min        Max        StdDev     Outliers
 40               5.905032   5.900860   5.793571   6.651878   0.129172   1
reference_Device mean time    = 5.905032 microseconds +/- 0.253177
reference_Device median time  = 5.900860 microseconds

--------------------------------------------------------
Computing TARGET_DEVICE_27 time using 80 reps

Sample_size       Mean       Median     Min        Max        StdDev     Outliers
 40               24.559721   24.586916   24.086237   25.025010   0.236049   0
TARGET_DEVICE_27 mean time    = 24.559721 microseconds +/- 0.462655
TARGET_DEVICE_27 overhead     = 18.654689 microseconds +/- 0.715832
TARGET_DEVICE_27 median_ovrhd = 18.686056 microseconds 
************************************************************************************************************************************************************************
Running OpenMP benchmark version 4.0
	1 thread(s)
	40 outer repetitions
	1000.00 test time (microseconds)
	340 delay length (iterations) 
	0.100000 delay time (microseconds)

--------------------------------------------------------
Computing reference_Device time using 20 reps

Sample_size       Mean       Median     Min        Max        StdDev     Outliers
 40               6.183982   6.294250   5.900860   6.699562   0.205676   0
reference_Device mean time    = 6.183982 microseconds +/- 0.403126
reference_Device median time  = 6.294250 microseconds

--------------------------------------------------------
Computing TARGET_DEVICE_27 time using 160 reps

Sample_size       Mean       Median     Min        Max        StdDev     Outliers
 40               24.615005   24.637580   24.242699   24.905801   0.194206   0
TARGET_DEVICE_27 mean time    = 24.615005 microseconds +/- 0.380643
TARGET_DEVICE_27 overhead     = 18.431023 microseconds +/- 0.783769
TARGET_DEVICE_27 median_ovrhd = 18.343329 microseconds 
************************************************************************************************************************************************************************
Running OpenMP benchmark version 4.0
	1 thread(s)
	40 outer repetitions
	1000.00 test time (microseconds)
	360 delay length (iterations) 
	0.100000 delay time (microseconds)

--------------------------------------------------------
Computing reference_Device time using 20 reps

Sample_size       Mean       Median     Min        Max        StdDev     Outliers
 40               6.401241   6.353855   6.246567   7.295609   0.163105   1
reference_Device mean time    = 6.401241 microseconds +/- 0.319687
reference_Device median time  = 6.353855 microseconds

--------------------------------------------------------
Computing TARGET_DEVICE_27 time using 160 reps

Sample_size       Mean       Median     Min        Max        StdDev     Outliers
 40               24.755597   24.762005   24.175644   25.230646   0.239319   0
TARGET_DEVICE_27 mean time    = 24.755597 microseconds +/- 0.469066
TARGET_DEVICE_27 overhead     = 18.354356 microseconds +/- 0.788752
TARGET_DEVICE_27 median_ovrhd = 18.408149 microseconds 
************************************************************************************************************************************************************************
Running OpenMP benchmark version 4.0
	1 thread(s)
	40 outer repetitions
	1000.00 test time (microseconds)
	380 delay length (iterations) 
	0.100000 delay time (microseconds)

--------------------------------------------------------
Computing reference_Device time using 20 reps

Sample_size       Mean       Median     Min        Max        StdDev     Outliers
 40               6.814003   6.806850   6.496906   7.152557   0.112666   1
reference_Device mean time    = 6.814003 microseconds +/- 0.220825
reference_Device median time  = 6.806850 microseconds

--------------------------------------------------------
Computing TARGET_DEVICE_27 time using 160 reps

Sample_size       Mean       Median     Min        Max        StdDev     Outliers
 40               24.403743   24.462491   23.843348   24.887919   0.295662   0
TARGET_DEVICE_27 mean time    = 24.403743 microseconds +/- 0.579497
TARGET_DEVICE_27 overhead     = 17.589740 microseconds +/- 0.800322
TARGET_DEVICE_27 median_ovrhd = 17.655641 microseconds 
************************************************************************************************************************************************************************
Running OpenMP benchmark version 4.0
	1 thread(s)
	40 outer repetitions
	1000.00 test time (microseconds)
	400 delay length (iterations) 
	0.100000 delay time (microseconds)

--------------------------------------------------------
Computing reference_Device time using 20 reps

Sample_size       Mean       Median     Min        Max        StdDev     Outliers
 40               6.878674   6.854534   6.747246   7.593632   0.159742   1
reference_Device mean time    = 6.878674 microseconds +/- 0.313094
reference_Device median time  = 6.854534 microseconds

--------------------------------------------------------
Computing TARGET_DEVICE_27 time using 160 reps

Sample_size       Mean       Median     Min        Max        StdDev     Outliers
 40               24.745762   24.747103   24.124980   25.112927   0.206874   1
TARGET_DEVICE_27 mean time    = 24.745762 microseconds +/- 0.405473
TARGET_DEVICE_27 overhead     = 17.867088 microseconds +/- 0.718567
TARGET_DEVICE_27 median_ovrhd = 17.892569 microseconds 
************************************************************************************************************************************************************************
Running OpenMP benchmark version 4.0
	1 thread(s)
	40 outer repetitions
	1000.00 test time (microseconds)
	420 delay length (iterations) 
	0.100000 delay time (microseconds)

--------------------------------------------------------
Computing reference_Device time using 20 reps

Sample_size       Mean       Median     Min        Max        StdDev     Outliers
 40               7.297695   7.259846   7.057190   8.058548   0.148178   1
reference_Device mean time    = 7.297695 microseconds +/- 0.290429
reference_Device median time  = 7.259846 microseconds

--------------------------------------------------------
Computing TARGET_DEVICE_27 time using 80 reps

Sample_size       Mean       Median     Min        Max        StdDev     Outliers
 40               24.847388   24.804473   24.312735   25.373697   0.200319   0
TARGET_DEVICE_27 mean time    = 24.847388 microseconds +/- 0.392626
TARGET_DEVICE_27 overhead     = 17.549694 microseconds +/- 0.683055
TARGET_DEVICE_27 median_ovrhd = 17.544627 microseconds 
************************************************************************************************************************************************************************
Running OpenMP benchmark version 4.0
	1 thread(s)
	40 outer repetitions
	1000.00 test time (microseconds)
	440 delay length (iterations) 
	0.100000 delay time (microseconds)

--------------------------------------------------------
Computing reference_Device time using 20 reps

Sample_size       Mean       Median     Min        Max        StdDev     Outliers
 40               7.571280   7.647276   7.295609   8.153915   0.208080   0
reference_Device mean time    = 7.571280 microseconds +/- 0.407836
reference_Device median time  = 7.647276 microseconds

--------------------------------------------------------
Computing TARGET_DEVICE_27 time using 80 reps

Sample_size       Mean       Median     Min        Max        StdDev     Outliers
 40               24.727136   24.747849   24.139881   25.650859   0.308328   0
TARGET_DEVICE_27 mean time    = 24.727136 microseconds +/- 0.604323
TARGET_DEVICE_27 overhead     = 17.155856 microseconds +/- 1.012158
TARGET_DEVICE_27 median_ovrhd = 17.100573 microseconds 
************************************************************************************************************************************************************************
Running OpenMP benchmark version 4.0
	1 thread(s)
	40 outer repetitions
	1000.00 test time (microseconds)
	460 delay length (iterations) 
	0.100000 delay time (microseconds)

--------------------------------------------------------
Computing reference_Device time using 20 reps

Sample_size       Mean       Median     Min        Max        StdDev     Outliers
 40               7.771254   7.748604   7.641315   8.499622   0.143224   1
reference_Device mean time    = 7.771254 microseconds +/- 0.280720
reference_Device median time  = 7.748604 microseconds

--------------------------------------------------------
Computing TARGET_DEVICE_27 time using 160 reps

Sample_size       Mean       Median     Min        Max        StdDev     Outliers
 40               24.710000   24.721771   24.136901   25.036931   0.235199   0
TARGET_DEVICE_27 mean time    = 24.710000 microseconds +/- 0.460990
TARGET_DEVICE_27 overhead     = 16.938746 microseconds +/- 0.741710
TARGET_DEVICE_27 median_ovrhd = 16.973168 microseconds 
************************************************************************************************************************************************************************
Running OpenMP benchmark version 4.0
	1 thread(s)
	40 outer repetitions
	1000.00 test time (microseconds)
	480 delay length (iterations) 
	0.100000 delay time (microseconds)

--------------------------------------------------------
Computing reference_Device time using 20 reps

Sample_size       Mean       Median     Min        Max        StdDev     Outliers
 40               8.263886   8.225441   7.903576   8.857250   0.168490   2
reference_Device mean time    = 8.263886 microseconds +/- 0.330240
reference_Device median time  = 8.225441 microseconds

--------------------------------------------------------
Computing TARGET_DEVICE_27 time using 80 reps

Sample_size       Mean       Median     Min        Max        StdDev     Outliers
 40               25.033206   25.013089   24.574995   25.424361   0.185887   0
TARGET_DEVICE_27 mean time    = 25.033206 microseconds +/- 0.364339
TARGET_DEVICE_27 overhead     = 16.769320 microseconds +/- 0.694579
TARGET_DEVICE_27 median_ovrhd = 16.787648 microseconds 
************************************************************************************************************************************************************************
Running OpenMP benchmark version 4.0
	1 thread(s)
	40 outer repetitions
	1000.00 test time (microseconds)
	500 delay length (iterations) 
	0.100000 delay time (microseconds)

--------------------------------------------------------
Computing reference_Device time using 20 reps

Sample_size       Mean       Median     Min        Max        StdDev     Outliers
 40               8.277595   8.201599   8.141994   9.000301   0.184968   2
reference_Device mean time    = 8.277595 microseconds +/- 0.362537
reference_Device median time  = 8.201599 microseconds

--------------------------------------------------------
Computing TARGET_DEVICE_27 time using 160 reps

Sample_size       Mean       Median     Min        Max        StdDev     Outliers
 40               24.679080   24.731457   23.856759   25.312603   0.291382   0
TARGET_DEVICE_27 mean time    = 24.679080 microseconds +/- 0.571109
TARGET_DEVICE_27 overhead     = 16.401485 microseconds +/- 0.933646
TARGET_DEVICE_27 median_ovrhd = 16.529858 microseconds 
************************************************************************************************************************************************************************
Running OpenMP benchmark version 4.0
	1 thread(s)
	40 outer repetitions
	1000.00 test time (microseconds)
	520 delay length (iterations) 
	0.100000 delay time (microseconds)

--------------------------------------------------------
Computing reference_Device time using 20 reps

Sample_size       Mean       Median     Min        Max        StdDev     Outliers
 40               8.662343   8.642673   8.547306   9.346008   0.134398   1
reference_Device mean time    = 8.662343 microseconds +/- 0.263419
reference_Device median time  = 8.642673 microseconds

--------------------------------------------------------
Computing TARGET_DEVICE_27 time using 80 reps

Sample_size       Mean       Median     Min        Max        StdDev     Outliers
 40               25.676563   25.649369   25.114417   26.825070   0.323832   1
TARGET_DEVICE_27 mean time    = 25.676563 microseconds +/- 0.634711
TARGET_DEVICE_27 overhead     = 17.014220 microseconds +/- 0.898131
TARGET_DEVICE_27 median_ovrhd = 17.006695 microseconds 
************************************************************************************************************************************************************************
Running OpenMP benchmark version 4.0
	1 thread(s)
	40 outer repetitions
	1000.00 test time (microseconds)
	540 delay length (iterations) 
	0.100000 delay time (microseconds)

--------------------------------------------------------
Computing reference_Device time using 20 reps

Sample_size       Mean       Median     Min        Max        StdDev     Outliers
 40               8.992255   9.047985   8.702278   9.489059   0.179828   0
reference_Device mean time    = 8.992255 microseconds +/- 0.352462
reference_Device median time  = 9.047985 microseconds

--------------------------------------------------------
Computing TARGET_DEVICE_27 time using 80 reps

Sample_size       Mean       Median     Min        Max        StdDev     Outliers
 40               26.808158   26.817620   26.035309   27.874112   0.375573   0
TARGET_DEVICE_27 mean time    = 26.808158 microseconds +/- 0.736123
TARGET_DEVICE_27 overhead     = 17.815903 microseconds +/- 1.088586
TARGET_DEVICE_27 median_ovrhd = 17.769635 microseconds 
************************************************************************************************************************************************************************
Running OpenMP benchmark version 4.0
	1 thread(s)
	40 outer repetitions
	1000.00 test time (microseconds)
	560 delay length (iterations) 
	0.100000 delay time (microseconds)

--------------------------------------------------------
Computing reference_Device time using 20 reps

Sample_size       Mean       Median     Min        Max        StdDev     Outliers
 40               9.163916   9.143353   9.047985   9.846687   0.138100   1
reference_Device mean time    = 9.163916 microseconds +/- 0.270676
reference_Device median time  = 9.143353 microseconds

--------------------------------------------------------
Computing TARGET_DEVICE_27 time using 80 reps

Sample_size       Mean       Median     Min        Max        StdDev     Outliers
 40               28.657541   28.583407   27.313828   30.037761   0.657066   0
TARGET_DEVICE_27 mean time    = 28.657541 microseconds +/- 1.287850
TARGET_DEVICE_27 overhead     = 19.493625 microseconds +/- 1.558526
TARGET_DEVICE_27 median_ovrhd = 19.440055 microseconds 
************************************************************************************************************************************************************************
Running OpenMP benchmark version 4.0
	1 thread(s)
	40 outer repetitions
	1000.00 test time (microseconds)
	580 delay length (iterations) 
	0.100000 delay time (microseconds)

--------------------------------------------------------
Computing reference_Device time using 20 reps

Sample_size       Mean       Median     Min        Max        StdDev     Outliers
 40               9.601414   9.548664   9.500980   10.299683   0.131640   1
reference_Device mean time    = 9.601414 microseconds +/- 0.258015
reference_Device median time  = 9.548664 microseconds

--------------------------------------------------------
Computing TARGET_DEVICE_27 time using 80 reps

Sample_size       Mean       Median     Min        Max        StdDev     Outliers
 40               31.477809   31.524897   29.939413   32.550097   0.576173   0
TARGET_DEVICE_27 mean time    = 31.477809 microseconds +/- 1.129300
TARGET_DEVICE_27 overhead     = 21.876395 microseconds +/- 1.387314
TARGET_DEVICE_27 median_ovrhd = 21.976233 microseconds 
************************************************************************************************************************************************************************
Running OpenMP benchmark version 4.0
	1 thread(s)
	40 outer repetitions
	1000.00 test time (microseconds)
	600 delay length (iterations) 
	0.100000 delay time (microseconds)

--------------------------------------------------------
Computing reference_Device time using 20 reps

Sample_size       Mean       Median     Min        Max        StdDev     Outliers
 40               9.727776   9.644032   9.500980   10.299683   0.195070   0
reference_Device mean time    = 9.727776 microseconds +/- 0.382337
reference_Device median time  = 9.644032 microseconds

--------------------------------------------------------
Computing TARGET_DEVICE_27 time using 80 reps

Sample_size       Mean       Median     Min        Max        StdDev     Outliers
 40               33.595338   33.608079   33.187866   34.224987   0.243617   0
TARGET_DEVICE_27 mean time    = 33.595338 microseconds +/- 0.477490
TARGET_DEVICE_27 overhead     = 23.867562 microseconds +/- 0.859827
TARGET_DEVICE_27 median_ovrhd = 23.964047 microseconds 
************************************************************************************************************************************************************************
Running OpenMP benchmark version 4.0
	1 thread(s)
	40 outer repetitions
	1000.00 test time (microseconds)
	620 delay length (iterations) 
	0.100000 delay time (microseconds)

--------------------------------------------------------
Computing reference_Device time using 20 reps

Sample_size       Mean       Median     Min        Max        StdDev     Outliers
 40               10.046363   10.001659   9.906292   10.752678   0.136261   1
reference_Device mean time    = 10.046363 microseconds +/- 0.267071
reference_Device median time  = 10.001659 microseconds

--------------------------------------------------------
Computing TARGET_DEVICE_27 time using 80 reps

Sample_size       Mean       Median     Min        Max        StdDev     Outliers
 40               33.941567   33.962727   33.250451   34.499168   0.256151   0
TARGET_DEVICE_27 mean time    = 33.941567 microseconds +/- 0.502057
TARGET_DEVICE_27 overhead     = 23.895204 microseconds +/- 0.769128
TARGET_DEVICE_27 median_ovrhd = 23.961067 microseconds 
************************************************************************************************************************************************************************
Running OpenMP benchmark version 4.0
	1 thread(s)
	40 outer repetitions
	1000.00 test time (microseconds)
	640 delay length (iterations) 
	0.100000 delay time (microseconds)

--------------------------------------------------------
Computing reference_Device time using 20 reps

Sample_size       Mean       Median     Min        Max        StdDev     Outliers
 40               10.479987   10.454655   10.192394   10.955334   0.105910   1
reference_Device mean time    = 10.479987 microseconds +/- 0.207584
reference_Device median time  = 10.454655 microseconds

--------------------------------------------------------
Computing TARGET_DEVICE_27 time using 80 reps

Sample_size       Mean       Median     Min        Max        StdDev     Outliers
 40               34.183785   34.211576   33.661723   34.689903   0.260170   0
TARGET_DEVICE_27 mean time    = 34.183785 microseconds +/- 0.509933
TARGET_DEVICE_27 overhead     = 23.703799 microseconds +/- 0.717517
TARGET_DEVICE_27 median_ovrhd = 23.756921 microseconds 
************************************************************************************************************************************************************************
Running OpenMP benchmark version 4.0
	1 thread(s)
	40 outer repetitions
	1000.00 test time (microseconds)
	660 delay length (iterations) 
	0.100000 delay time (microseconds)

--------------------------------------------------------
Computing reference_Device time using 20 reps

Sample_size       Mean       Median     Min        Max        StdDev     Outliers
 40               10.537803   10.502338   10.395050   11.301041   0.148316   1
reference_Device mean time    = 10.537803 microseconds +/- 0.290699
reference_Device median time  = 10.502338 microseconds

--------------------------------------------------------
Computing TARGET_DEVICE_27 time using 80 reps

Sample_size       Mean       Median     Min        Max        StdDev     Outliers
 40               34.767538   34.843385   34.087896   35.199523   0.308329   0
TARGET_DEVICE_27 mean time    = 34.767538 microseconds +/- 0.604325
TARGET_DEVICE_27 overhead     = 24.229735 microseconds +/- 0.895024
TARGET_DEVICE_27 median_ovrhd = 24.341047 microseconds 
************************************************************************************************************************************************************************
Running OpenMP benchmark version 4.0
	1 thread(s)
	40 outer repetitions
	1000.00 test time (microseconds)
	680 delay length (iterations) 
	0.100000 delay time (microseconds)

--------------------------------------------------------
Computing reference_Device time using 20 reps

Sample_size       Mean       Median     Min        Max        StdDev     Outliers
 40               10.977387   10.943413   10.704994   11.801720   0.161174   1
reference_Device mean time    = 10.977387 microseconds +/- 0.315901
reference_Device median time  = 10.943413 microseconds

--------------------------------------------------------
Computing TARGET_DEVICE_27 time using 80 reps

Sample_size       Mean       Median     Min        Max        StdDev     Outliers
 40               33.988133   33.999979   33.411384   34.314394   0.228702   0
TARGET_DEVICE_27 mean time    = 33.988133 microseconds +/- 0.448256
TARGET_DEVICE_27 overhead     = 23.010746 microseconds +/- 0.764157
TARGET_DEVICE_27 median_ovrhd = 23.056567 microseconds 
************************************************************************************************************************************************************************
Running OpenMP benchmark version 4.0
	1 thread(s)
	40 outer repetitions
	1000.00 test time (microseconds)
	700 delay length (iterations) 
	0.100000 delay time (microseconds)

--------------------------------------------------------
Computing reference_Device time using 20 reps

Sample_size       Mean       Median     Min        Max        StdDev     Outliers
 40               11.155009   11.050701   10.943413   11.754036   0.195839   1
reference_Device mean time    = 11.155009 microseconds +/- 0.383844
reference_Device median time  = 11.050701 microseconds

--------------------------------------------------------
Computing TARGET_DEVICE_27 time using 80 reps

Sample_size       Mean       Median     Min        Max        StdDev     Outliers
 40               33.889115   33.882260   33.336878   34.463406   0.227315   0
TARGET_DEVICE_27 mean time    = 33.889115 microseconds +/- 0.445537
TARGET_DEVICE_27 overhead     = 22.734106 microseconds +/- 0.829381
TARGET_DEVICE_27 median_ovrhd = 22.831559 microseconds 
************************************************************************************************************************************************************************
Running OpenMP benchmark version 4.0
	1 thread(s)
	40 outer repetitions
	1000.00 test time (microseconds)
	720 delay length (iterations) 
	0.100000 delay time (microseconds)

--------------------------------------------------------
Computing reference_Device time using 20 reps

Sample_size       Mean       Median     Min        Max        StdDev     Outliers
 40               11.453331   11.408329   11.348724   12.147427   0.134016   1
reference_Device mean time    = 11.453331 microseconds +/- 0.262671
reference_Device median time  = 11.408329 microseconds

--------------------------------------------------------
Computing TARGET_DEVICE_27 time using 80 reps

Sample_size       Mean       Median     Min        Max        StdDev     Outliers
 40               34.196526   34.187734   33.587217   34.636259   0.264935   0
TARGET_DEVICE_27 mean time    = 34.196526 microseconds +/- 0.519273
TARGET_DEVICE_27 overhead     = 22.743195 microseconds +/- 0.781944
TARGET_DEVICE_27 median_ovrhd = 22.779405 microseconds 
************************************************************************************************************************************************************************
Running OpenMP benchmark version 4.0
	1 thread(s)
	40 outer repetitions
	1000.00 test time (microseconds)
	740 delay length (iterations) 
	0.100000 delay time (microseconds)

--------------------------------------------------------
Computing reference_Device time using 20 reps

Sample_size       Mean       Median     Min        Max        StdDev     Outliers
 40               11.830032   11.849403   11.599064   12.254715   0.120809   1
reference_Device mean time    = 11.830032 microseconds +/- 0.236786
reference_Device median time  = 11.849403 microseconds

--------------------------------------------------------
Computing TARGET_DEVICE_27 time using 80 reps

Sample_size       Mean       Median     Min        Max        StdDev     Outliers
 40               34.169033   34.123659   33.822656   34.639239   0.209479   0
TARGET_DEVICE_27 mean time    = 34.169033 microseconds +/- 0.410578
TARGET_DEVICE_27 overhead     = 22.339001 microseconds +/- 0.647364
TARGET_DEVICE_27 median_ovrhd = 22.274256 microseconds 
************************************************************************************************************************************************************************
Running OpenMP benchmark version 4.0
	1 thread(s)
	40 outer repetitions
	1000.00 test time (microseconds)
	760 delay length (iterations) 
	0.100000 delay time (microseconds)

--------------------------------------------------------
Computing reference_Device time using 20 reps

Sample_size       Mean       Median     Min        Max        StdDev     Outliers
 40               11.887252   11.849403   11.789799   12.540817   0.135406   1
reference_Device mean time    = 11.887252 microseconds +/- 0.265396
reference_Device median time  = 11.849403 microseconds

--------------------------------------------------------
Computing TARGET_DEVICE_27 time using 80 reps

Sample_size       Mean       Median     Min        Max        StdDev     Outliers
 40               33.797473   33.825636   33.375621   34.514070   0.225594   1
TARGET_DEVICE_27 mean time    = 33.797473 microseconds +/- 0.442164
TARGET_DEVICE_27 overhead     = 21.910220 microseconds +/- 0.707560
TARGET_DEVICE_27 median_ovrhd = 21.976233 microseconds 
************************************************************************************************************************************************************************
Running OpenMP benchmark version 4.0
	1 thread(s)
	40 outer repetitions
	1000.00 test time (microseconds)
	780 delay length (iterations) 
	0.100000 delay time (microseconds)

--------------------------------------------------------
Computing reference_Device time using 20 reps

Sample_size       Mean       Median     Min        Max        StdDev     Outliers
 40               12.348890   12.302399   12.195110   13.053417   0.143199   1
reference_Device mean time    = 12.348890 microseconds +/- 0.280670
reference_Device median time  = 12.302399 microseconds

--------------------------------------------------------
Computing TARGET_DEVICE_27 time using 80 reps

Sample_size       Mean       Median     Min        Max        StdDev     Outliers
 40               33.820346   33.837557   33.277273   34.239888   0.242276   0
TARGET_DEVICE_27 mean time    = 33.820346 microseconds +/- 0.474860
TARGET_DEVICE_27 overhead     = 21.471456 microseconds +/- 0.755530
TARGET_DEVICE_27 median_ovrhd = 21.535158 microseconds 
************************************************************************************************************************************************************************
Running OpenMP benchmark version 4.0
	1 thread(s)
	40 outer repetitions
	1000.00 test time (microseconds)
	800 delay length (iterations) 
	0.100000 delay time (microseconds)

--------------------------------------------------------
Computing reference_Device time using 20 reps

Sample_size       Mean       Median     Min        Max        StdDev     Outliers
 40               12.658834   12.743473   12.350082   13.053417   0.171264   0
reference_Device mean time    = 12.658834 microseconds +/- 0.335677
reference_Device median time  = 12.743473 microseconds

--------------------------------------------------------
Computing TARGET_DEVICE_27 time using 80 reps

Sample_size       Mean       Median     Min        Max        StdDev     Outliers
 40               33.934712   33.931434   33.351779   34.439564   0.279714   0
TARGET_DEVICE_27 mean time    = 33.934712 microseconds +/- 0.548239
TARGET_DEVICE_27 overhead     = 21.275878 microseconds +/- 0.883915
TARGET_DEVICE_27 median_ovrhd = 21.187961 microseconds 
************************************************************************************************************************************************************************
Running OpenMP benchmark version 4.0
	1 thread(s)
	40 outer repetitions
	1000.00 test time (microseconds)
	820 delay length (iterations) 
	0.100000 delay time (microseconds)

--------------------------------------------------------
Computing reference_Device time using 20 reps

Sample_size       Mean       Median     Min        Max        StdDev     Outliers
 40               12.830198   12.803078   12.695789   13.601780   0.146524   1
reference_Device mean time    = 12.830198 microseconds +/- 0.287187
reference_Device median time  = 12.803078 microseconds

--------------------------------------------------------
Computing TARGET_DEVICE_27 time using 80 reps

Sample_size       Mean       Median     Min        Max        StdDev     Outliers
 40               34.195334   34.187734   33.801794   34.800172   0.251043   0
TARGET_DEVICE_27 mean time    = 34.195334 microseconds +/- 0.492043
TARGET_DEVICE_27 overhead     = 21.365136 microseconds +/- 0.779230
TARGET_DEVICE_27 median_ovrhd = 21.384656 microseconds 
************************************************************************************************************************************************************************
Running OpenMP benchmark version 4.0
	1 thread(s)
	40 outer repetitions
	1000.00 test time (microseconds)
	840 delay length (iterations) 
	0.100000 delay time (microseconds)

--------------------------------------------------------
Computing reference_Device time using 20 reps

Sample_size       Mean       Median     Min        Max        StdDev     Outliers
 40               13.243556   13.226271   12.946129   14.007092   0.164073   1
reference_Device mean time    = 13.243556 microseconds +/- 0.321584
reference_Device median time  = 13.226271 microseconds

--------------------------------------------------------
Computing TARGET_DEVICE_27 time using 80 reps

Sample_size       Mean       Median     Min        Max        StdDev     Outliers
 40               33.686236   33.624470   33.175945   34.213066   0.255801   0
TARGET_DEVICE_27 mean time    = 33.686236 microseconds +/- 0.501369
TARGET_DEVICE_27 overhead     = 20.442680 microseconds +/- 0.822953
TARGET_DEVICE_27 median_ovrhd = 20.398200 microseconds 
************************************************************************************************************************************************************************
Running OpenMP benchmark version 4.0
	1 thread(s)
	40 outer repetitions
	1000.00 test time (microseconds)
	860 delay length (iterations) 
	0.100000 delay time (microseconds)

--------------------------------------------------------
Computing reference_Device time using 20 reps

Sample_size       Mean       Median     Min        Max        StdDev     Outliers
 40               13.282895   13.250113   13.196468   14.007092   0.137538   1
reference_Device mean time    = 13.282895 microseconds +/- 0.269575
reference_Device median time  = 13.250113 microseconds

--------------------------------------------------------
Computing TARGET_DEVICE_27 time using 80 reps

Sample_size       Mean       Median     Min        Max        StdDev     Outliers
 40               33.909678   33.923984   33.462048   34.612417   0.269071   0
TARGET_DEVICE_27 mean time    = 33.909678 microseconds +/- 0.527380
TARGET_DEVICE_27 overhead     = 20.626783 microseconds +/- 0.796955
TARGET_DEVICE_27 median_ovrhd = 20.673871 microseconds 
************************************************************************************************************************************************************************
Running OpenMP benchmark version 4.0
	1 thread(s)
	40 outer repetitions
	1000.00 test time (microseconds)
	880 delay length (iterations) 
	0.100000 delay time (microseconds)

--------------------------------------------------------
Computing reference_Device time using 20 reps

Sample_size       Mean       Median     Min        Max        StdDev     Outliers
 40               13.766289   13.726950   13.649464   14.543533   0.143996   1
reference_Device mean time    = 13.766289 microseconds +/- 0.282231
reference_Device median time  = 13.726950 microseconds

--------------------------------------------------------
Computing TARGET_DEVICE_27 time using 80 reps

Sample_size       Mean       Median     Min        Max        StdDev     Outliers
 40               34.346953   34.320354   33.950806   34.901500   0.220116   0
TARGET_DEVICE_27 mean time    = 34.346953 microseconds +/- 0.431427
TARGET_DEVICE_27 overhead     = 20.580664 microseconds +/- 0.713658
TARGET_DEVICE_27 median_ovrhd = 20.593405 microseconds 
************************************************************************************************************************************************************************
Running OpenMP benchmark version 4.0
	1 thread(s)
	40 outer repetitions
	1000.00 test time (microseconds)
	900 delay length (iterations) 
	0.100000 delay time (microseconds)

--------------------------------------------------------
Computing reference_Device time using 20 reps

Sample_size       Mean       Median     Min        Max        StdDev     Outliers
 40               14.079213   14.150143   13.744831   14.507771   0.163450   0
reference_Device mean time    = 14.079213 microseconds +/- 0.320363
reference_Device median time  = 14.150143 microseconds

--------------------------------------------------------
Computing TARGET_DEVICE_27 time using 80 reps

Sample_size       Mean       Median     Min        Max        StdDev     Outliers
 40               33.822507   33.837557   33.324957   34.201145   0.247090   0
TARGET_DEVICE_27 mean time    = 33.822507 microseconds +/- 0.484296
TARGET_DEVICE_27 overhead     = 19.743294 microseconds +/- 0.804659
TARGET_DEVICE_27 median_ovrhd = 19.687414 microseconds 
************************************************************************************************************************************************************************
Running OpenMP benchmark version 4.0
	1 thread(s)
	40 outer repetitions
	1000.00 test time (microseconds)
	920 delay length (iterations) 
	0.100000 delay time (microseconds)

--------------------------------------------------------
Computing reference_Device time using 20 reps

Sample_size       Mean       Median     Min        Max        StdDev     Outliers
 40               14.219880   14.197826   14.090538   15.103817   0.162794   1
reference_Device mean time    = 14.219880 microseconds +/- 0.319076
reference_Device median time  = 14.197826 microseconds

--------------------------------------------------------
Computing TARGET_DEVICE_27 time using 80 reps

Sample_size       Mean       Median     Min        Max        StdDev     Outliers
 40               34.087822   34.064054   33.599138   34.514070   0.234948   0
TARGET_DEVICE_27 mean time    = 34.087822 microseconds +/- 0.460499
TARGET_DEVICE_27 overhead     = 19.867942 microseconds +/- 0.779574
TARGET_DEVICE_27 median_ovrhd = 19.866228 microseconds 
************************************************************************************************************************************************************************
Running OpenMP benchmark version 4.0
	1 thread(s)
	40 outer repetitions
	1000.00 test time (microseconds)
	940 delay length (iterations) 
	0.100000 delay time (microseconds)

--------------------------------------------------------
Computing reference_Device time using 20 reps

Sample_size       Mean       Median     Min        Max        StdDev     Outliers
 40               14.633536   14.603138   14.352798   15.044212   0.101582   1
reference_Device mean time    = 14.633536 microseconds +/- 0.199101
reference_Device median time  = 14.603138 microseconds

--------------------------------------------------------
Computing TARGET_DEVICE_27 time using 80 reps

Sample_size       Mean       Median     Min        Max        StdDev     Outliers
 40               33.968464   33.894181   33.673644   34.400821   0.204333   0
TARGET_DEVICE_27 mean time    = 33.968464 microseconds +/- 0.400492
TARGET_DEVICE_27 overhead     = 19.334927 microseconds +/- 0.599593
TARGET_DEVICE_27 median_ovrhd = 19.291043 microseconds 
************************************************************************************************************************************************************************
Running OpenMP benchmark version 4.0
	1 thread(s)
	40 outer repetitions
	1000.00 test time (microseconds)
	960 delay length (iterations) 
	0.100000 delay time (microseconds)

--------------------------------------------------------
Computing reference_Device time using 20 reps

Sample_size       Mean       Median     Min        Max        StdDev     Outliers
 40               14.692247   14.650822   14.543533   15.544891   0.169815   1
reference_Device mean time    = 14.692247 microseconds +/- 0.332837
reference_Device median time  = 14.650822 microseconds

--------------------------------------------------------
Computing TARGET_DEVICE_27 time using 80 reps

Sample_size       Mean       Median     Min        Max        StdDev     Outliers
 40               34.123436   34.156442   33.563375   34.561753   0.245497   0
TARGET_DEVICE_27 mean time    = 34.123436 microseconds +/- 0.481174
TARGET_DEVICE_27 overhead     = 19.431189 microseconds +/- 0.814011
TARGET_DEVICE_27 median_ovrhd = 19.505620 microseconds 
************************************************************************************************************************************************************************
Running OpenMP benchmark version 4.0
	1 thread(s)
	40 outer repetitions
	1000.00 test time (microseconds)
	980 delay length (iterations) 
	0.100000 delay time (microseconds)

--------------------------------------------------------
Computing reference_Device time using 20 reps

Sample_size       Mean       Median     Min        Max        StdDev     Outliers
 40               15.117526   15.103817   14.996529   15.795231   0.131659   1
reference_Device mean time    = 15.117526 microseconds +/- 0.258051
reference_Device median time  = 15.103817 microseconds

--------------------------------------------------------
Computing TARGET_DEVICE_27 time using 80 reps

Sample_size       Mean       Median     Min        Max        StdDev     Outliers
 40               34.037158   34.049153   33.512712   34.511089   0.253179   0
TARGET_DEVICE_27 mean time    = 34.037158 microseconds +/- 0.496232
TARGET_DEVICE_27 overhead     = 18.919632 microseconds +/- 0.754282
TARGET_DEVICE_27 median_ovrhd = 18.945336 microseconds 
************************************************************************************************************************************************************************
Running OpenMP benchmark version 4.0
	1 thread(s)
	40 outer repetitions
	1000.00 test time (microseconds)
	1000 delay length (iterations) 
	0.100000 delay time (microseconds)

--------------------------------------------------------
Computing reference_Device time using 20 reps

Sample_size       Mean       Median     Min        Max        StdDev     Outliers
 40               15.496314   15.509129   15.199184   15.997887   0.137502   1
reference_Device mean time    = 15.496314 microseconds +/- 0.269505
reference_Device median time  = 15.509129 microseconds

--------------------------------------------------------
Computing TARGET_DEVICE_27 time using 80 reps

Sample_size       Mean       Median     Min        Max        StdDev     Outliers
 40               34.035370   34.017861   33.685565   34.588575   0.209697   0
TARGET_DEVICE_27 mean time    = 34.035370 microseconds +/- 0.411006
TARGET_DEVICE_27 overhead     = 18.539056 microseconds +/- 0.680511
TARGET_DEVICE_27 median_ovrhd = 18.508732 microseconds 
