************************************************************************************************************************************************************************
Running OpenMP benchmark version 4.0
	1 thread(s)
	40 outer repetitions
	1000.00 test time (microseconds)
	20 delay length (iterations) 
	0.100000 delay time (microseconds)

--------------------------------------------------------
Computing reference_Device time using 20 reps

Sample_size       Mean       Median     Min        Max        StdDev     Outliers
 40               1.727343   1.704693   1.645088   2.551079   0.138806   1
reference_Device mean time    = 1.727343 microseconds +/- 0.272059
reference_Device median time  = 1.704693 microseconds

--------------------------------------------------------
Computing TARGET_DEVICE_27 time using 160 reps

Sample_size       Mean       Median     Min        Max        StdDev     Outliers
 40               24.558268   24.658442   23.812056   24.905801   0.282903   0
TARGET_DEVICE_27 mean time    = 24.558268 microseconds +/- 0.554490
TARGET_DEVICE_27 overhead     = 22.830926 microseconds +/- 0.826549
TARGET_DEVICE_27 median_ovrhd = 22.953749 microseconds 
************************************************************************************************************************************************************************
Running OpenMP benchmark version 4.0
	1 thread(s)
	40 outer repetitions
	1000.00 test time (microseconds)
	40 delay length (iterations) 
	0.100000 delay time (microseconds)

--------------------------------------------------------
Computing reference_Device time using 20 reps

Sample_size       Mean       Median     Min        Max        StdDev     Outliers
 40               1.828671   1.800060   1.740456   2.491474   0.147115   1
reference_Device mean time    = 1.828671 microseconds +/- 0.288345
reference_Device median time  = 1.800060 microseconds

--------------------------------------------------------
Computing TARGET_DEVICE_27 time using 160 reps

Sample_size       Mean       Median     Min        Max        StdDev     Outliers
 40               24.350770   24.427474   23.768842   24.811924   0.287980   0
TARGET_DEVICE_27 mean time    = 24.350770 microseconds +/- 0.564440
TARGET_DEVICE_27 overhead     = 22.522099 microseconds +/- 0.852785
TARGET_DEVICE_27 median_ovrhd = 22.627413 microseconds 
************************************************************************************************************************************************************************
Running OpenMP benchmark version 4.0
	1 thread(s)
	40 outer repetitions
	1000.00 test time (microseconds)
	60 delay length (iterations) 
	0.100000 delay time (microseconds)

--------------------------------------------------------
Computing reference_Device time using 20 reps

Sample_size       Mean       Median     Min        Max        StdDev     Outliers
 40               2.287626   2.276897   2.145767   3.004074   0.124525   1
reference_Device mean time    = 2.287626 microseconds +/- 0.244070
reference_Device median time  = 2.276897 microseconds

--------------------------------------------------------
Computing TARGET_DEVICE_27 time using 80 reps

Sample_size       Mean       Median     Min        Max        StdDev     Outliers
 40               25.064573   25.086105   24.414062   25.662780   0.262389   0
TARGET_DEVICE_27 mean time    = 25.064573 microseconds +/- 0.514282
TARGET_DEVICE_27 overhead     = 22.776946 microseconds +/- 0.758352
TARGET_DEVICE_27 median_ovrhd = 22.809207 microseconds 
************************************************************************************************************************************************************************
Running OpenMP benchmark version 4.0
	1 thread(s)
	40 outer repetitions
	1000.00 test time (microseconds)
	80 delay length (iterations) 
	0.100000 delay time (microseconds)

--------------------------------------------------------
Computing reference_Device time using 20 reps

Sample_size       Mean       Median     Min        Max        StdDev     Outliers
 40               2.556145   2.646446   2.253056   2.992153   0.194797   0
reference_Device mean time    = 2.556145 microseconds +/- 0.381802
reference_Device median time  = 2.646446 microseconds

--------------------------------------------------------
Computing TARGET_DEVICE_27 time using 80 reps

Sample_size       Mean       Median     Min        Max        StdDev     Outliers
 40               24.796575   24.774671   24.375319   25.165081   0.171088   0
TARGET_DEVICE_27 mean time    = 24.796575 microseconds +/- 0.335332
TARGET_DEVICE_27 overhead     = 22.240430 microseconds +/- 0.717133
TARGET_DEVICE_27 median_ovrhd = 22.128224 microseconds 
************************************************************************************************************************************************************************
Running OpenMP benchmark version 4.0
	1 thread(s)
	40 outer repetitions
	1000.00 test time (microseconds)
	100 delay length (iterations) 
	0.100000 delay time (microseconds)

--------------------------------------------------------
Computing reference_Device time using 20 reps

Sample_size       Mean       Median     Min        Max        StdDev     Outliers
 40               2.734661   2.706051   2.598763   3.397465   0.115918   1
reference_Device mean time    = 2.734661 microseconds +/- 0.227199
reference_Device median time  = 2.706051 microseconds

--------------------------------------------------------
Computing TARGET_DEVICE_27 time using 80 reps

Sample_size       Mean       Median     Min        Max        StdDev     Outliers
 40               24.571195   24.631619   23.737550   25.051832   0.332266   0
TARGET_DEVICE_27 mean time    = 24.571195 microseconds +/- 0.651241
TARGET_DEVICE_27 overhead     = 21.836534 microseconds +/- 0.878440
TARGET_DEVICE_27 median_ovrhd = 21.925569 microseconds 
************************************************************************************************************************************************************************
Running OpenMP benchmark version 4.0
	1 thread(s)
	40 outer repetitions
	1000.00 test time (microseconds)
	120 delay length (iterations) 
	0.100000 delay time (microseconds)

--------------------------------------------------------
Computing reference_Device time using 20 reps

Sample_size       Mean       Median     Min        Max        StdDev     Outliers
 40               3.212690   3.194809   2.956390   3.910065   0.127624   1
reference_Device mean time    = 3.212690 microseconds +/- 0.250143
reference_Device median time  = 3.194809 microseconds

--------------------------------------------------------
Computing TARGET_DEVICE_27 time using 80 reps

Sample_size       Mean       Median     Min        Max        StdDev     Outliers
 40               25.219396   25.236607   24.810433   25.749207   0.232195   0
TARGET_DEVICE_27 mean time    = 25.219396 microseconds +/- 0.455102
TARGET_DEVICE_27 overhead     = 22.006705 microseconds +/- 0.705245
TARGET_DEVICE_27 median_ovrhd = 22.041798 microseconds 
************************************************************************************************************************************************************************
Running OpenMP benchmark version 4.0
	1 thread(s)
	40 outer repetitions
	1000.00 test time (microseconds)
	140 delay length (iterations) 
	0.100000 delay time (microseconds)

--------------------------------------------------------
Computing reference_Device time using 20 reps

Sample_size       Mean       Median     Min        Max        StdDev     Outliers
 40               3.221333   3.194809   3.099442   3.898144   0.136468   1
reference_Device mean time    = 3.221333 microseconds +/- 0.267477
reference_Device median time  = 3.194809 microseconds

--------------------------------------------------------
Computing TARGET_DEVICE_27 time using 160 reps

Sample_size       Mean       Median     Min        Max        StdDev     Outliers
 40               24.464987   24.472177   24.011731   25.150180   0.227623   1
TARGET_DEVICE_27 mean time    = 24.464987 microseconds +/- 0.446141
TARGET_DEVICE_27 overhead     = 21.243654 microseconds +/- 0.713617
TARGET_DEVICE_27 median_ovrhd = 21.277368 microseconds 
************************************************************************************************************************************************************************
Running OpenMP benchmark version 4.0
	1 thread(s)
	40 outer repetitions
	1000.00 test time (microseconds)
	160 delay length (iterations) 
	0.100000 delay time (microseconds)

--------------------------------------------------------
Computing reference_Device time using 20 reps

Sample_size       Mean       Median     Min        Max        StdDev     Outliers
 40               3.660023   3.647804   3.540516   4.303455   0.119010   1
reference_Device mean time    = 3.660023 microseconds +/- 0.233260
reference_Device median time  = 3.647804 microseconds

--------------------------------------------------------
Computing TARGET_DEVICE_27 time using 80 reps

Sample_size       Mean       Median     Min        Max        StdDev     Outliers
 40               24.975389   24.923682   24.688244   25.439262   0.185581   0
TARGET_DEVICE_27 mean time    = 24.975389 microseconds +/- 0.363738
TARGET_DEVICE_27 overhead     = 21.315366 microseconds +/- 0.596998
TARGET_DEVICE_27 median_ovrhd = 21.275878 microseconds 
************************************************************************************************************************************************************************
Running OpenMP benchmark version 4.0
	1 thread(s)
	40 outer repetitions
	1000.00 test time (microseconds)
	180 delay length (iterations) 
	0.100000 delay time (microseconds)

--------------------------------------------------------
Computing reference_Device time using 20 reps

Sample_size       Mean       Median     Min        Max        StdDev     Outliers
 40               4.020035   4.005432   3.695488   4.756451   0.153008   1
reference_Device mean time    = 4.020035 microseconds +/- 0.299895
reference_Device median time  = 4.005432 microseconds

--------------------------------------------------------
Computing TARGET_DEVICE_27 time using 160 reps

Sample_size       Mean       Median     Min        Max        StdDev     Outliers
 40               24.505146   24.481863   23.855269   25.130808   0.385247   0
TARGET_DEVICE_27 mean time    = 24.505146 microseconds +/- 0.755083
TARGET_DEVICE_27 overhead     = 20.485111 microseconds +/- 1.054979
TARGET_DEVICE_27 median_ovrhd = 20.476431 microseconds 
************************************************************************************************************************************************************************
Running OpenMP benchmark version 4.0
	1 thread(s)
	40 outer repetitions
	1000.00 test time (microseconds)
	200 delay length (iterations) 
	0.100000 delay time (microseconds)

--------------------------------------------------------
Computing reference_Device time using 20 reps

Sample_size       Mean       Median     Min        Max        StdDev     Outliers
 40               4.110038   4.100800   3.945827   4.792213   0.124282   1
reference_Device mean time    = 4.110038 microseconds +/- 0.243593
reference_Device median time  = 4.100800 microseconds

--------------------------------------------------------
Computing TARGET_DEVICE_27 time using 160 reps

Sample_size       Mean       Median     Min        Max        StdDev     Outliers
 40               24.408549   24.440885   23.931265   24.725497   0.242030   0
TARGET_DEVICE_27 mean time    = 24.408549 microseconds +/- 0.474379
TARGET_DEVICE_27 overhead     = 20.298511 microseconds +/- 0.717972
TARGET_DEVICE_27 median_ovrhd = 20.340085 microseconds 
************************************************************************************************************************************************************************
Running OpenMP benchmark version 4.0
	1 thread(s)
	40 outer repetitions
	1000.00 test time (microseconds)
	220 delay length (iterations) 
	0.100000 delay time (microseconds)

--------------------------------------------------------
Computing reference_Device time using 20 reps

Sample_size       Mean       Median     Min        Max        StdDev     Outliers
 40               4.569888   4.553795   4.291534   5.304813   0.135934   1
reference_Device mean time    = 4.569888 microseconds +/- 0.266431
reference_Device median time  = 4.553795 microseconds

--------------------------------------------------------
Computing TARGET_DEVICE_27 time using 80 reps

Sample_size       Mean       Median     Min        Max        StdDev     Outliers
 40               24.845675   24.893880   24.211407   25.698543   0.278168   1
TARGET_DEVICE_27 mean time    = 24.845675 microseconds +/- 0.545210
TARGET_DEVICE_27 overhead     = 20.275787 microseconds +/- 0.811641
TARGET_DEVICE_27 median_ovrhd = 20.340085 microseconds 
************************************************************************************************************************************************************************
Running OpenMP benchmark version 4.0
	1 thread(s)
	40 outer repetitions
	1000.00 test time (microseconds)
	240 delay length (iterations) 
	0.100000 delay time (microseconds)

--------------------------------------------------------
Computing reference_Device time using 20 reps

Sample_size       Mean       Median     Min        Max        StdDev     Outliers
 40               4.709959   4.601479   4.506111   5.400181   0.224775   1
reference_Device mean time    = 4.709959 microseconds +/- 0.440558
reference_Device median time  = 4.601479 microseconds

--------------------------------------------------------
Computing TARGET_DEVICE_27 time using 160 reps

Sample_size       Mean       Median     Min        Max        StdDev     Outliers
 40               24.646968   24.718046   23.674965   24.962425   0.283492   1
TARGET_DEVICE_27 mean time    = 24.646968 microseconds +/- 0.555644
TARGET_DEVICE_27 overhead     = 19.937009 microseconds +/- 0.996202
TARGET_DEVICE_27 median_ovrhd = 20.116568 microseconds 
************************************************************************************************************************************************************************
Running OpenMP benchmark version 4.0
	1 thread(s)
	40 outer repetitions
	1000.00 test time (microseconds)
	260 delay length (iterations) 
	0.100000 delay time (microseconds)

--------------------------------------------------------
Computing reference_Device time using 20 reps

Sample_size       Mean       Median     Min        Max        StdDev     Outliers
 40               5.016327   4.994869   4.899502   5.698204   0.123833   1
reference_Device mean time    = 5.016327 microseconds +/- 0.242713
reference_Device median time  = 4.994869 microseconds

--------------------------------------------------------
Computing TARGET_DEVICE_27 time using 80 reps

Sample_size       Mean       Median     Min        Max        StdDev     Outliers
 40               24.907514   24.975836   24.375319   25.361776   0.259773   0
TARGET_DEVICE_27 mean time    = 24.907514 microseconds +/- 0.509155
TARGET_DEVICE_27 overhead     = 19.891188 microseconds +/- 0.751867
TARGET_DEVICE_27 median_ovrhd = 19.980967 microseconds 
************************************************************************************************************************************************************************
Running OpenMP benchmark version 4.0
	1 thread(s)
	40 outer repetitions
	1000.00 test time (microseconds)
	280 delay length (iterations) 
	0.100000 delay time (microseconds)

--------------------------------------------------------
Computing reference_Device time using 20 reps

Sample_size       Mean       Median     Min        Max        StdDev     Outliers
 40               5.395114   5.400181   5.102158   5.805492   0.134081   1
reference_Device mean time    = 5.395114 microseconds +/- 0.262799
reference_Device median time  = 5.400181 microseconds

--------------------------------------------------------
Computing TARGET_DEVICE_27 time using 160 reps

Sample_size       Mean       Median     Min        Max        StdDev     Outliers
 40               24.559535   24.540722   23.944676   24.980307   0.247593   0
TARGET_DEVICE_27 mean time    = 24.559535 microseconds +/- 0.485283
TARGET_DEVICE_27 overhead     = 19.164421 microseconds +/- 0.748082
TARGET_DEVICE_27 median_ovrhd = 19.140542 microseconds 
************************************************************************************************************************************************************************
Running OpenMP benchmark version 4.0
	1 thread(s)
	40 outer repetitions
	1000.00 test time (microseconds)
	300 delay length (iterations) 
	0.100000 delay time (microseconds)

--------------------------------------------------------
Computing reference_Device time using 20 reps

Sample_size       Mean       Median     Min        Max        StdDev     Outliers
 40               5.476177   5.447865   5.340576   6.246567   0.145393   1
reference_Device mean time    = 5.476177 microseconds +/- 0.284970
reference_Device median time  = 5.447865 microseconds

--------------------------------------------------------
Computing TARGET_DEVICE_27 time using 160 reps

Sample_size       Mean       Median     Min        Max        StdDev     Outliers
 40               24.466887   24.497509   23.794174   25.181472   0.322289   0
TARGET_DEVICE_27 mean time    = 24.466887 microseconds +/- 0.631687
TARGET_DEVICE_27 overhead     = 18.990710 microseconds +/- 0.916657
TARGET_DEVICE_27 median_ovrhd = 19.049644 microseconds 
************************************************************************************************************************************************************************
Running OpenMP benchmark version 4.0
	1 thread(s)
	40 outer repetitions
	1000.00 test time (microseconds)
	320 delay length (iterations) 
	0.100000 delay time (microseconds)

--------------------------------------------------------
Computing reference_Device time using 20 reps

Sample_size       Mean       Median     Min        Max        StdDev     Outliers
 40               5.941093   5.900860   5.793571   6.592274   0.120960   1
reference_Device mean time    = 5.941093 microseconds +/- 0.237081
reference_Device median time  = 5.900860 microseconds

--------------------------------------------------------
Computing TARGET_DEVICE_27 time using 80 reps

Sample_size       Mean       Median     Min        Max        StdDev     Outliers
 40               25.148094   25.112927   24.676323   25.749207   0.311287   0
TARGET_DEVICE_27 mean time    = 25.148094 microseconds +/- 0.610122
TARGET_DEVICE_27 overhead     = 19.207001 microseconds +/- 0.847203
TARGET_DEVICE_27 median_ovrhd = 19.212067 microseconds 
************************************************************************************************************************************************************************
Running OpenMP benchmark version 4.0
	1 thread(s)
	40 outer repetitions
	1000.00 test time (microseconds)
	340 delay length (iterations) 
	0.100000 delay time (microseconds)

--------------------------------------------------------
Computing reference_Device time using 20 reps

Sample_size       Mean       Median     Min        Max        StdDev     Outliers
 40               6.170273   6.127357   5.900860   7.402897   0.265544   1
reference_Device mean time    = 6.170273 microseconds +/- 0.520466
reference_Device median time  = 6.127357 microseconds

--------------------------------------------------------
Computing TARGET_DEVICE_27 time using 80 reps

Sample_size       Mean       Median     Min        Max        StdDev     Outliers
 40               24.653152   24.650991   24.324656   24.950504   0.168326   0
TARGET_DEVICE_27 mean time    = 24.653152 microseconds +/- 0.329919
TARGET_DEVICE_27 overhead     = 18.482879 microseconds +/- 0.850384
TARGET_DEVICE_27 median_ovrhd = 18.523633 microseconds 
************************************************************************************************************************************************************************
Running OpenMP benchmark version 4.0
	1 thread(s)
	40 outer repetitions
	1000.00 test time (microseconds)
	360 delay length (iterations) 
	0.100000 delay time (microseconds)

--------------------------------------------------------
Computing reference_Device time using 20 reps

Sample_size       Mean       Median     Min        Max        StdDev     Outliers
 40               6.394982   6.353855   6.246567   7.104874   0.139019   1
reference_Device mean time    = 6.394982 microseconds +/- 0.272478
reference_Device median time  = 6.353855 microseconds

--------------------------------------------------------
Computing TARGET_DEVICE_27 time using 160 reps

Sample_size       Mean       Median     Min        Max        StdDev     Outliers
 40               24.748892   24.785101   24.156272   25.062263   0.181575   1
TARGET_DEVICE_27 mean time    = 24.748892 microseconds +/- 0.355888
TARGET_DEVICE_27 overhead     = 18.353909 microseconds +/- 0.628366
TARGET_DEVICE_27 median_ovrhd = 18.431246 microseconds 
************************************************************************************************************************************************************************
Running OpenMP benchmark version 4.0
	1 thread(s)
	40 outer repetitions
	1000.00 test time (microseconds)
	380 delay length (iterations) 
	0.100000 delay time (microseconds)

--------------------------------------------------------
Computing reference_Device time using 20 reps

Sample_size       Mean       Median     Min        Max        StdDev     Outliers
 40               6.778538   6.794930   6.449223   7.140636   0.122635   0
reference_Device mean time    = 6.778538 microseconds +/- 0.240365
reference_Device median time  = 6.794930 microseconds

--------------------------------------------------------
Computing TARGET_DEVICE_27 time using 160 reps

Sample_size       Mean       Median     Min        Max        StdDev     Outliers
 40               24.456419   24.534017   23.882091   24.850667   0.272244   0
TARGET_DEVICE_27 mean time    = 24.456419 microseconds +/- 0.533599
TARGET_DEVICE_27 overhead     = 17.677881 microseconds +/- 0.773963
TARGET_DEVICE_27 median_ovrhd = 17.739087 microseconds 
************************************************************************************************************************************************************************
Running OpenMP benchmark version 4.0
	1 thread(s)
	40 outer repetitions
	1000.00 test time (microseconds)
	400 delay length (iterations) 
	0.100000 delay time (microseconds)

--------------------------------------------------------
Computing reference_Device time using 20 reps

Sample_size       Mean       Median     Min        Max        StdDev     Outliers
 40               6.869733   6.842613   6.747246   7.545948   0.128732   1
reference_Device mean time    = 6.869733 microseconds +/- 0.252315
reference_Device median time  = 6.842613 microseconds

--------------------------------------------------------
Computing TARGET_DEVICE_27 time using 160 reps

Sample_size       Mean       Median     Min        Max        StdDev     Outliers
 40               24.562478   24.612248   23.850799   25.343895   0.376494   0
TARGET_DEVICE_27 mean time    = 24.562478 microseconds +/- 0.737928
TARGET_DEVICE_27 overhead     = 17.692745 microseconds +/- 0.990243
TARGET_DEVICE_27 median_ovrhd = 17.769635 microseconds 
************************************************************************************************************************************************************************
Running OpenMP benchmark version 4.0
	1 thread(s)
	40 outer repetitions
	1000.00 test time (microseconds)
	420 delay length (iterations) 
	0.100000 delay time (microseconds)

--------------------------------------------------------
Computing reference_Device time using 20 reps

Sample_size       Mean       Median     Min        Max        StdDev     Outliers
 40               7.323921   7.295609   7.188320   8.046627   0.144084   1
reference_Device mean time    = 7.323921 microseconds +/- 0.282404
reference_Device median time  = 7.295609 microseconds

--------------------------------------------------------
Computing TARGET_DEVICE_27 time using 80 reps

Sample_size       Mean       Median     Min        Max        StdDev     Outliers
 40               25.300309   25.331974   24.762750   25.624037   0.185495   0
TARGET_DEVICE_27 mean time    = 25.300309 microseconds +/- 0.363570
TARGET_DEVICE_27 overhead     = 17.976388 microseconds +/- 0.645974
TARGET_DEVICE_27 median_ovrhd = 18.036366 microseconds 
************************************************************************************************************************************************************************
Running OpenMP benchmark version 4.0
	1 thread(s)
	40 outer repetitions
	1000.00 test time (microseconds)
	440 delay length (iterations) 
	0.100000 delay time (microseconds)

--------------------------------------------------------
Computing reference_Device time using 20 reps

Sample_size       Mean       Median     Min        Max        StdDev     Outliers
 40               7.547438   7.528067   7.295609   8.153915   0.186312   1
reference_Device mean time    = 7.547438 microseconds +/- 0.365172
reference_Device median time  = 7.528067 microseconds

--------------------------------------------------------
Computing TARGET_DEVICE_27 time using 160 reps

Sample_size       Mean       Median     Min        Max        StdDev     Outliers
 40               24.550632   24.497509   24.044514   25.074184   0.264917   0
TARGET_DEVICE_27 mean time    = 24.550632 microseconds +/- 0.519238
TARGET_DEVICE_27 overhead     = 17.003193 microseconds +/- 0.884410
TARGET_DEVICE_27 median_ovrhd = 16.969442 microseconds 
************************************************************************************************************************************************************************
Running OpenMP benchmark version 4.0
	1 thread(s)
	40 outer repetitions
	1000.00 test time (microseconds)
	460 delay length (iterations) 
	0.100000 delay time (microseconds)

--------------------------------------------------------
Computing reference_Device time using 20 reps

Sample_size       Mean       Median     Min        Max        StdDev     Outliers
 40               7.735193   7.700920   7.593632   8.451939   0.134279   1
reference_Device mean time    = 7.735193 microseconds +/- 0.263187
reference_Device median time  = 7.700920 microseconds

--------------------------------------------------------
Computing TARGET_DEVICE_27 time using 80 reps

Sample_size       Mean       Median     Min        Max        StdDev     Outliers
 40               24.641529   24.661422   24.124980   25.087595   0.203660   0
TARGET_DEVICE_27 mean time    = 24.641529 microseconds +/- 0.399173
TARGET_DEVICE_27 overhead     = 16.906336 microseconds +/- 0.662360
TARGET_DEVICE_27 median_ovrhd = 16.960502 microseconds 
************************************************************************************************************************************************************************
Running OpenMP benchmark version 4.0
	1 thread(s)
	40 outer repetitions
	1000.00 test time (microseconds)
	480 delay length (iterations) 
	0.100000 delay time (microseconds)

--------------------------------------------------------
Computing reference_Device time using 20 reps

Sample_size       Mean       Median     Min        Max        StdDev     Outliers
 40               8.200109   8.201599   7.951260   8.547306   0.085589   1
reference_Device mean time    = 8.200109 microseconds +/- 0.167754
reference_Device median time  = 8.201599 microseconds

--------------------------------------------------------
Computing TARGET_DEVICE_27 time using 80 reps

Sample_size       Mean       Median     Min        Max        StdDev     Outliers
 40               24.589002   24.610758   24.101138   25.010109   0.240421   0
TARGET_DEVICE_27 mean time    = 24.589002 microseconds +/- 0.471225
TARGET_DEVICE_27 overhead     = 16.388893 microseconds +/- 0.638979
TARGET_DEVICE_27 median_ovrhd = 16.409159 microseconds 
************************************************************************************************************************************************************************
Running OpenMP benchmark version 4.0
	1 thread(s)
	40 outer repetitions
	1000.00 test time (microseconds)
	500 delay length (iterations) 
	0.100000 delay time (microseconds)

--------------------------------------------------------
Computing reference_Device time using 20 reps

Sample_size       Mean       Median     Min        Max        StdDev     Outliers
 40               8.336306   8.249283   8.141994   9.047985   0.221647   1
reference_Device mean time    = 8.336306 microseconds +/- 0.434428
reference_Device median time  = 8.249283 microseconds

--------------------------------------------------------
Computing TARGET_DEVICE_27 time using 80 reps

Sample_size       Mean       Median     Min        Max        StdDev     Outliers
 40               24.941266   24.932623   24.574995   25.349855   0.191450   0
TARGET_DEVICE_27 mean time    = 24.941266 microseconds +/- 0.375241
TARGET_DEVICE_27 overhead     = 16.604960 microseconds +/- 0.809669
TARGET_DEVICE_27 median_ovrhd = 16.683340 microseconds 
************************************************************************************************************************************************************************
Running OpenMP benchmark version 4.0
	1 thread(s)
	40 outer repetitions
	1000.00 test time (microseconds)
	520 delay length (iterations) 
	0.100000 delay time (microseconds)

--------------------------------------------------------
Computing reference_Device time using 20 reps

Sample_size       Mean       Median     Min        Max        StdDev     Outliers
 40               8.679032   8.642673   8.559227   9.405613   0.135408   1
reference_Device mean time    = 8.679032 microseconds +/- 0.265399
reference_Device median time  = 8.642673 microseconds

--------------------------------------------------------
Computing TARGET_DEVICE_27 time using 80 reps

Sample_size       Mean       Median     Min        Max        StdDev     Outliers
 40               25.768131   25.805831   25.162101   26.410818   0.303818   0
TARGET_DEVICE_27 mean time    = 25.768131 microseconds +/- 0.595484
TARGET_DEVICE_27 overhead     = 17.089099 microseconds +/- 0.860884
TARGET_DEVICE_27 median_ovrhd = 17.163157 microseconds 
************************************************************************************************************************************************************************
Running OpenMP benchmark version 4.0
	1 thread(s)
	40 outer repetitions
	1000.00 test time (microseconds)
	540 delay length (iterations) 
	0.100000 delay time (microseconds)

--------------------------------------------------------
Computing reference_Device time using 20 reps

Sample_size       Mean       Median     Min        Max        StdDev     Outliers
 40               9.001195   9.077787   8.702278   9.441376   0.175749   0
reference_Device mean time    = 9.001195 microseconds +/- 0.344468
reference_Device median time  = 9.077787 microseconds

--------------------------------------------------------
Computing TARGET_DEVICE_27 time using 80 reps

Sample_size       Mean       Median     Min        Max        StdDev     Outliers
 40               27.212128   27.161837   26.586652   28.014183   0.393408   0
TARGET_DEVICE_27 mean time    = 27.212128 microseconds +/- 0.771079
TARGET_DEVICE_27 overhead     = 18.210933 microseconds +/- 1.115547
TARGET_DEVICE_27 median_ovrhd = 18.084049 microseconds 
************************************************************************************************************************************************************************
Running OpenMP benchmark version 4.0
	1 thread(s)
	40 outer repetitions
	1000.00 test time (microseconds)
	560 delay length (iterations) 
	0.100000 delay time (microseconds)

--------------------------------------------------------
Computing reference_Device time using 20 reps

Sample_size       Mean       Median     Min        Max        StdDev     Outliers
 40               9.165108   9.107590   9.000301   10.049343   0.204221   2
reference_Device mean time    = 9.165108 microseconds +/- 0.400273
reference_Device median time  = 9.107590 microseconds

--------------------------------------------------------
Computing TARGET_DEVICE_27 time using 80 reps

Sample_size       Mean       Median     Min        Max        StdDev     Outliers
 40               29.128119   29.100478   27.960539   30.288100   0.523240   0
TARGET_DEVICE_27 mean time    = 29.128119 microseconds +/- 1.025550
TARGET_DEVICE_27 overhead     = 19.963011 microseconds +/- 1.425823
TARGET_DEVICE_27 median_ovrhd = 19.992888 microseconds 
************************************************************************************************************************************************************************
Running OpenMP benchmark version 4.0
	1 thread(s)
	40 outer repetitions
	1000.00 test time (microseconds)
	580 delay length (iterations) 
	0.100000 delay time (microseconds)

--------------------------------------------------------
Computing reference_Device time using 20 reps

Sample_size       Mean       Median     Min        Max        StdDev     Outliers
 40               9.581447   9.548664   9.298325   10.299683   0.154601   1
reference_Device mean time    = 9.581447 microseconds +/- 0.303019
reference_Device median time  = 9.548664 microseconds

--------------------------------------------------------
Computing TARGET_DEVICE_27 time using 80 reps

Sample_size       Mean       Median     Min        Max        StdDev     Outliers
 40               32.205358   32.168627   31.262636   33.387542   0.493320   0
TARGET_DEVICE_27 mean time    = 32.205358 microseconds +/- 0.966906
TARGET_DEVICE_27 overhead     = 22.623911 microseconds +/- 1.269925
TARGET_DEVICE_27 median_ovrhd = 22.619963 microseconds 
************************************************************************************************************************************************************************
Running OpenMP benchmark version 4.0
	1 thread(s)
	40 outer repetitions
	1000.00 test time (microseconds)
	600 delay length (iterations) 
	0.100000 delay time (microseconds)

--------------------------------------------------------
Computing reference_Device time using 20 reps

Sample_size       Mean       Median     Min        Max        StdDev     Outliers
 40               9.728968   9.673834   9.548664   10.406971   0.188645   1
reference_Device mean time    = 9.728968 microseconds +/- 0.369744
reference_Device median time  = 9.673834 microseconds

--------------------------------------------------------
Computing TARGET_DEVICE_27 time using 80 reps

Sample_size       Mean       Median     Min        Max        StdDev     Outliers
 40               33.185035   33.250451   32.338500   33.950806   0.366220   0
TARGET_DEVICE_27 mean time    = 33.185035 microseconds +/- 0.717790
TARGET_DEVICE_27 overhead     = 23.456067 microseconds +/- 1.087534
TARGET_DEVICE_27 median_ovrhd = 23.576617 microseconds 
************************************************************************************************************************************************************************
Running OpenMP benchmark version 4.0
	1 thread(s)
	40 outer repetitions
	1000.00 test time (microseconds)
	620 delay length (iterations) 
	0.100000 delay time (microseconds)

--------------------------------------------------------
Computing reference_Device time using 20 reps

Sample_size       Mean       Median     Min        Max        StdDev     Outliers
 40               10.069907   10.001659   9.906292   11.050701   0.222546   2
reference_Device mean time    = 10.069907 microseconds +/- 0.436189
reference_Device median time  = 10.001659 microseconds

--------------------------------------------------------
Computing TARGET_DEVICE_27 time using 80 reps

Sample_size       Mean       Median     Min        Max        StdDev     Outliers
 40               33.815950   33.843517   33.450127   34.287572   0.208393   0
TARGET_DEVICE_27 mean time    = 33.815950 microseconds +/- 0.408451
TARGET_DEVICE_27 overhead     = 23.746043 microseconds +/- 0.844640
TARGET_DEVICE_27 median_ovrhd = 23.841858 microseconds 
************************************************************************************************************************************************************************
Running OpenMP benchmark version 4.0
	1 thread(s)
	40 outer repetitions
	1000.00 test time (microseconds)
	640 delay length (iterations) 
	0.100000 delay time (microseconds)

--------------------------------------------------------
Computing reference_Device time using 20 reps

Sample_size       Mean       Median     Min        Max        StdDev     Outliers
 40               10.465086   10.454655   10.144711   11.157990   0.176035   1
reference_Device mean time    = 10.465086 microseconds +/- 0.345029
reference_Device median time  = 10.454655 microseconds

--------------------------------------------------------
Computing TARGET_DEVICE_27 time using 80 reps

Sample_size       Mean       Median     Min        Max        StdDev     Outliers
 40               34.119114   34.119189   33.736229   34.564734   0.205917   0
TARGET_DEVICE_27 mean time    = 34.119114 microseconds +/- 0.403596
TARGET_DEVICE_27 overhead     = 23.654029 microseconds +/- 0.748625
TARGET_DEVICE_27 median_ovrhd = 23.664534 microseconds 
************************************************************************************************************************************************************************
Running OpenMP benchmark version 4.0
	1 thread(s)
	40 outer repetitions
	1000.00 test time (microseconds)
	660 delay length (iterations) 
	0.100000 delay time (microseconds)

--------------------------------------------------------
Computing reference_Device time using 20 reps

Sample_size       Mean       Median     Min        Max        StdDev     Outliers
 40               10.526478   10.502338   10.395050   11.301041   0.144810   1
reference_Device mean time    = 10.526478 microseconds +/- 0.283828
reference_Device median time  = 10.502338 microseconds

--------------------------------------------------------
Computing TARGET_DEVICE_27 time using 80 reps

Sample_size       Mean       Median     Min        Max        StdDev     Outliers
 40               34.016222   33.999979   33.625960   34.502149   0.218104   0
TARGET_DEVICE_27 mean time    = 34.016222 microseconds +/- 0.427484
TARGET_DEVICE_27 overhead     = 23.489743 microseconds +/- 0.711312
TARGET_DEVICE_27 median_ovrhd = 23.497641 microseconds 
************************************************************************************************************************************************************************
Running OpenMP benchmark version 4.0
	1 thread(s)
	40 outer repetitions
	1000.00 test time (microseconds)
	680 delay length (iterations) 
	0.100000 delay time (microseconds)

--------------------------------------------------------
Computing reference_Device time using 20 reps

Sample_size       Mean       Median     Min        Max        StdDev     Outliers
 40               10.978580   10.949373   10.848045   11.754036   0.142258   1
reference_Device mean time    = 10.978580 microseconds +/- 0.278826
reference_Device median time  = 10.949373 microseconds

--------------------------------------------------------
Computing TARGET_DEVICE_27 time using 80 reps

Sample_size       Mean       Median     Min        Max        StdDev     Outliers
 40               34.032241   34.011900   33.661723   34.549832   0.237231   0
TARGET_DEVICE_27 mean time    = 34.032241 microseconds +/- 0.464972
TARGET_DEVICE_27 overhead     = 23.053661 microseconds +/- 0.743798
TARGET_DEVICE_27 median_ovrhd = 23.062527 microseconds 
************************************************************************************************************************************************************************
Running OpenMP benchmark version 4.0
	1 thread(s)
	40 outer repetitions
	1000.00 test time (microseconds)
	700 delay length (iterations) 
	0.100000 delay time (microseconds)

--------------------------------------------------------
Computing reference_Device time using 20 reps

Sample_size       Mean       Median     Min        Max        StdDev     Outliers
 40               11.118948   11.050701   10.907650   11.801720   0.199676   1
reference_Device mean time    = 11.118948 microseconds +/- 0.391365
reference_Device median time  = 11.050701 microseconds

--------------------------------------------------------
Computing TARGET_DEVICE_27 time using 80 reps

Sample_size       Mean       Median     Min        Max        StdDev     Outliers
 40               34.265593   34.250319   33.801794   34.824014   0.200378   0
TARGET_DEVICE_27 mean time    = 34.265593 microseconds +/- 0.392741
TARGET_DEVICE_27 overhead     = 23.146644 microseconds +/- 0.784106
TARGET_DEVICE_27 median_ovrhd = 23.199618 microseconds 
************************************************************************************************************************************************************************
Running OpenMP benchmark version 4.0
	1 thread(s)
	40 outer repetitions
	1000.00 test time (microseconds)
	720 delay length (iterations) 
	0.100000 delay time (microseconds)

--------------------------------------------------------
Computing reference_Device time using 20 reps

Sample_size       Mean       Median     Min        Max        StdDev     Outliers
 40               11.423826   11.396408   11.301041   12.147427   0.134902   1
reference_Device mean time    = 11.423826 microseconds +/- 0.264409
reference_Device median time  = 11.396408 microseconds

--------------------------------------------------------
Computing TARGET_DEVICE_27 time using 80 reps

Sample_size       Mean       Median     Min        Max        StdDev     Outliers
 40               33.905506   33.912063   33.360720   34.350157   0.206539   0
TARGET_DEVICE_27 mean time    = 33.905506 microseconds +/- 0.404816
TARGET_DEVICE_27 overhead     = 22.481680 microseconds +/- 0.669224
TARGET_DEVICE_27 median_ovrhd = 22.515655 microseconds 
************************************************************************************************************************************************************************
Running OpenMP benchmark version 4.0
	1 thread(s)
	40 outer repetitions
	1000.00 test time (microseconds)
	740 delay length (iterations) 
	0.100000 delay time (microseconds)

--------------------------------------------------------
Computing reference_Device time using 20 reps

Sample_size       Mean       Median     Min        Max        StdDev     Outliers
 40               11.872351   11.855364   11.503696   12.242794   0.105711   2
reference_Device mean time    = 11.872351 microseconds +/- 0.207193
reference_Device median time  = 11.855364 microseconds

--------------------------------------------------------
Computing TARGET_DEVICE_27 time using 80 reps

Sample_size       Mean       Median     Min        Max        StdDev     Outliers
 40               34.018755   34.025311   33.524632   34.463406   0.244596   0
TARGET_DEVICE_27 mean time    = 34.018755 microseconds +/- 0.479409
TARGET_DEVICE_27 overhead     = 22.146404 microseconds +/- 0.686602
TARGET_DEVICE_27 median_ovrhd = 22.169948 microseconds 
************************************************************************************************************************************************************************
Running OpenMP benchmark version 4.0
	1 thread(s)
	40 outer repetitions
	1000.00 test time (microseconds)
	760 delay length (iterations) 
	0.100000 delay time (microseconds)

--------------------------------------------------------
Computing reference_Device time using 20 reps

Sample_size       Mean       Median     Min        Max        StdDev     Outliers
 40               11.912584   11.849403   11.754036   12.695789   0.168678   1
reference_Device mean time    = 11.912584 microseconds +/- 0.330609
reference_Device median time  = 11.849403 microseconds

--------------------------------------------------------
Computing TARGET_DEVICE_27 time using 80 reps

Sample_size       Mean       Median     Min        Max        StdDev     Outliers
 40               33.630058   33.669174   33.149123   34.323335   0.269872   0
TARGET_DEVICE_27 mean time    = 33.630058 microseconds +/- 0.528949
TARGET_DEVICE_27 overhead     = 21.717474 microseconds +/- 0.859558
TARGET_DEVICE_27 median_ovrhd = 21.819770 microseconds 
************************************************************************************************************************************************************************
Running OpenMP benchmark version 4.0
	1 thread(s)
	40 outer repetitions
	1000.00 test time (microseconds)
	780 delay length (iterations) 
	0.100000 delay time (microseconds)

--------------------------------------------------------
Computing reference_Device time using 20 reps

Sample_size       Mean       Median     Min        Max        StdDev     Outliers
 40               12.388825   12.350082   12.242794   13.399124   0.210734   2
reference_Device mean time    = 12.388825 microseconds +/- 0.413039
reference_Device median time  = 12.350082 microseconds

--------------------------------------------------------
Computing TARGET_DEVICE_27 time using 80 reps

Sample_size       Mean       Median     Min        Max        StdDev     Outliers
 40               34.387857   34.436584   33.837557   34.776330   0.219654   0
TARGET_DEVICE_27 mean time    = 34.387857 microseconds +/- 0.430522
TARGET_DEVICE_27 overhead     = 21.999031 microseconds +/- 0.843561
TARGET_DEVICE_27 median_ovrhd = 22.086501 microseconds 
************************************************************************************************************************************************************************
Running OpenMP benchmark version 4.0
	1 thread(s)
	40 outer repetitions
	1000.00 test time (microseconds)
	800 delay length (iterations) 
	0.100000 delay time (microseconds)

--------------------------------------------------------
Computing reference_Device time using 20 reps

Sample_size       Mean       Median     Min        Max        StdDev     Outliers
 40               12.650192   12.743473   12.350082   13.053417   0.171712   0
reference_Device mean time    = 12.650192 microseconds +/- 0.336555
reference_Device median time  = 12.743473 microseconds

--------------------------------------------------------
Computing TARGET_DEVICE_27 time using 80 reps

Sample_size       Mean       Median     Min        Max        StdDev     Outliers
 40               33.904389   33.912063   33.473969   34.260750   0.176867   0
TARGET_DEVICE_27 mean time    = 33.904389 microseconds +/- 0.346660
TARGET_DEVICE_27 overhead     = 21.254197 microseconds +/- 0.683215
TARGET_DEVICE_27 median_ovrhd = 21.168590 microseconds 
************************************************************************************************************************************************************************
Running OpenMP benchmark version 4.0
	1 thread(s)
	40 outer repetitions
	1000.00 test time (microseconds)
	820 delay length (iterations) 
	0.100000 delay time (microseconds)

--------------------------------------------------------
Computing reference_Device time using 20 reps

Sample_size       Mean       Median     Min        Max        StdDev     Outliers
 40               12.825131   12.791157   12.743473   13.649464   0.150851   1
reference_Device mean time    = 12.825131 microseconds +/- 0.295667
reference_Device median time  = 12.791157 microseconds

--------------------------------------------------------
Computing TARGET_DEVICE_27 time using 80 reps

Sample_size       Mean       Median     Min        Max        StdDev     Outliers
 40               34.173205   34.174323   33.625960   34.675002   0.209557   0
TARGET_DEVICE_27 mean time    = 34.173205 microseconds +/- 0.410732
TARGET_DEVICE_27 overhead     = 21.348074 microseconds +/- 0.706399
TARGET_DEVICE_27 median_ovrhd = 21.383166 microseconds 
************************************************************************************************************************************************************************
Running OpenMP benchmark version 4.0
	1 thread(s)
	40 outer repetitions
	1000.00 test time (microseconds)
	840 delay length (iterations) 
	0.100000 delay time (microseconds)

--------------------------------------------------------
Computing reference_Device time using 20 reps

Sample_size       Mean       Median     Min        Max        StdDev     Outliers
 40               13.215244   13.244152   12.898445   13.554096   0.122849   0
reference_Device mean time    = 13.215244 microseconds +/- 0.240784
reference_Device median time  = 13.244152 microseconds

--------------------------------------------------------
Computing TARGET_DEVICE_27 time using 80 reps

Sample_size       Mean       Median     Min        Max        StdDev     Outliers
 40               34.313127   34.362078   33.789873   35.199523   0.291724   1
TARGET_DEVICE_27 mean time    = 34.313127 microseconds +/- 0.571779
TARGET_DEVICE_27 overhead     = 21.097884 microseconds +/- 0.812563
TARGET_DEVICE_27 median_ovrhd = 21.117926 microseconds 
************************************************************************************************************************************************************************
Running OpenMP benchmark version 4.0
	1 thread(s)
	40 outer repetitions
	1000.00 test time (microseconds)
	860 delay length (iterations) 
	0.100000 delay time (microseconds)

--------------------------------------------------------
Computing reference_Device time using 20 reps

Sample_size       Mean       Median     Min        Max        StdDev     Outliers
 40               13.287663   13.244152   13.196468   14.102459   0.150318   1
reference_Device mean time    = 13.287663 microseconds +/- 0.294624
reference_Device median time  = 13.244152 microseconds

--------------------------------------------------------
Computing TARGET_DEVICE_27 time using 80 reps

Sample_size       Mean       Median     Min        Max        StdDev     Outliers
 40               34.208745   34.187734   33.736229   34.549832   0.197144   0
TARGET_DEVICE_27 mean time    = 34.208745 microseconds +/- 0.386402
TARGET_DEVICE_27 overhead     = 20.921081 microseconds +/- 0.681026
TARGET_DEVICE_27 median_ovrhd = 20.943582 microseconds 
************************************************************************************************************************************************************************
Running OpenMP benchmark version 4.0
	1 thread(s)
	40 outer repetitions
	1000.00 test time (microseconds)
	880 delay length (iterations) 
	0.100000 delay time (microseconds)

--------------------------------------------------------
Computing reference_Device time using 20 reps

Sample_size       Mean       Median     Min        Max        StdDev     Outliers
 40               13.753772   13.697147   13.649464   14.543533   0.167889   1
reference_Device mean time    = 13.753772 microseconds +/- 0.329062
reference_Device median time  = 13.697147 microseconds

--------------------------------------------------------
Computing TARGET_DEVICE_27 time using 80 reps

Sample_size       Mean       Median     Min        Max        StdDev     Outliers
 40               33.952817   33.935905   33.548474   34.451485   0.252200   0
TARGET_DEVICE_27 mean time    = 33.952817 microseconds +/- 0.494311
TARGET_DEVICE_27 overhead     = 20.199046 microseconds +/- 0.823374
TARGET_DEVICE_27 median_ovrhd = 20.238757 microseconds 
************************************************************************************************************************************************************************
Running OpenMP benchmark version 4.0
	1 thread(s)
	40 outer repetitions
	1000.00 test time (microseconds)
	900 delay length (iterations) 
	0.100000 delay time (microseconds)

--------------------------------------------------------
Computing reference_Device time using 20 reps

Sample_size       Mean       Median     Min        Max        StdDev     Outliers
 40               14.053881   14.102459   13.744831   14.603138   0.179828   1
reference_Device mean time    = 14.053881 microseconds +/- 0.352462
reference_Device median time  = 14.102459 microseconds

--------------------------------------------------------
Computing TARGET_DEVICE_27 time using 80 reps

Sample_size       Mean       Median     Min        Max        StdDev     Outliers
 40               34.027472   34.004450   33.587217   34.675002   0.241579   0
TARGET_DEVICE_27 mean time    = 34.027472 microseconds +/- 0.473496
TARGET_DEVICE_27 overhead     = 19.973591 microseconds +/- 0.825958
TARGET_DEVICE_27 median_ovrhd = 19.901991 microseconds 
************************************************************************************************************************************************************************
Running OpenMP benchmark version 4.0
	1 thread(s)
	40 outer repetitions
	1000.00 test time (microseconds)
	920 delay length (iterations) 
	0.100000 delay time (microseconds)

--------------------------------------------------------
Computing reference_Device time using 20 reps

Sample_size       Mean       Median     Min        Max        StdDev     Outliers
 40               14.238656   14.150143   14.090538   14.996529   0.192122   2
reference_Device mean time    = 14.238656 microseconds +/- 0.376560
reference_Device median time  = 14.150143 microseconds

--------------------------------------------------------
Computing TARGET_DEVICE_27 time using 80 reps

Sample_size       Mean       Median     Min        Max        StdDev     Outliers
 40               34.207776   34.186244   33.912063   34.663081   0.191933   0
TARGET_DEVICE_27 mean time    = 34.207776 microseconds +/- 0.376188
TARGET_DEVICE_27 overhead     = 19.969121 microseconds +/- 0.752748
TARGET_DEVICE_27 median_ovrhd = 20.036101 microseconds 
************************************************************************************************************************************************************************
Running OpenMP benchmark version 4.0
	1 thread(s)
	40 outer repetitions
	1000.00 test time (microseconds)
	940 delay length (iterations) 
	0.100000 delay time (microseconds)

--------------------------------------------------------
Computing reference_Device time using 20 reps

Sample_size       Mean       Median     Min        Max        StdDev     Outliers
 40               14.658868   14.650822   14.340878   15.044212   0.116938   1
reference_Device mean time    = 14.658868 microseconds +/- 0.229198
reference_Device median time  = 14.650822 microseconds

--------------------------------------------------------
Computing TARGET_DEVICE_27 time using 80 reps

Sample_size       Mean       Median     Min        Max        StdDev     Outliers
 40               34.293458   34.306943   33.813715   36.698580   0.464942   1
TARGET_DEVICE_27 mean time    = 34.293458 microseconds +/- 0.911287
TARGET_DEVICE_27 overhead     = 19.634590 microseconds +/- 1.140485
TARGET_DEVICE_27 median_ovrhd = 19.656122 microseconds 
************************************************************************************************************************************************************************
Running OpenMP benchmark version 4.0
	1 thread(s)
	40 outer repetitions
	1000.00 test time (microseconds)
	960 delay length (iterations) 
	0.100000 delay time (microseconds)

--------------------------------------------------------
Computing reference_Device time using 20 reps

Sample_size       Mean       Median     Min        Max        StdDev     Outliers
 40               14.693439   14.650822   14.591217   15.497208   0.161498   1
reference_Device mean time    = 14.693439 microseconds +/- 0.316536
reference_Device median time  = 14.650822 microseconds

--------------------------------------------------------
Computing TARGET_DEVICE_27 time using 80 reps

Sample_size       Mean       Median     Min        Max        StdDev     Outliers
 40               34.454018   34.463406   33.974648   34.987926   0.203019   0
TARGET_DEVICE_27 mean time    = 34.454018 microseconds +/- 0.397917
TARGET_DEVICE_27 overhead     = 19.760579 microseconds +/- 0.714453
TARGET_DEVICE_27 median_ovrhd = 19.812584 microseconds 
************************************************************************************************************************************************************************
Running OpenMP benchmark version 4.0
	1 thread(s)
	40 outer repetitions
	1000.00 test time (microseconds)
	980 delay length (iterations) 
	0.100000 delay time (microseconds)

--------------------------------------------------------
Computing reference_Device time using 20 reps

Sample_size       Mean       Median     Min        Max        StdDev     Outliers
 40               15.151203   15.103817   15.008450   15.854836   0.170254   2
reference_Device mean time    = 15.151203 microseconds +/- 0.333698
reference_Device median time  = 15.103817 microseconds

--------------------------------------------------------
Computing TARGET_DEVICE_27 time using 80 reps

Sample_size       Mean       Median     Min        Max        StdDev     Outliers
 40               34.034997   33.974648   33.465028   34.639239   0.274539   0
TARGET_DEVICE_27 mean time    = 34.034997 microseconds +/- 0.538096
TARGET_DEVICE_27 overhead     = 18.883795 microseconds +/- 0.871794
TARGET_DEVICE_27 median_ovrhd = 18.870831 microseconds 
************************************************************************************************************************************************************************
Running OpenMP benchmark version 4.0
	1 thread(s)
	40 outer repetitions
	1000.00 test time (microseconds)
	1000 delay length (iterations) 
	0.100000 delay time (microseconds)

--------------------------------------------------------
Computing reference_Device time using 20 reps

Sample_size       Mean       Median     Min        Max        StdDev     Outliers
 40               15.469790   15.509129   15.151501   16.045570   0.196664   0
reference_Device mean time    = 15.469790 microseconds +/- 0.385462
reference_Device median time  = 15.509129 microseconds

--------------------------------------------------------
Computing TARGET_DEVICE_27 time using 80 reps

Sample_size       Mean       Median     Min        Max        StdDev     Outliers
 40               33.683777   33.612549   33.324957   34.099817   0.211464   0
TARGET_DEVICE_27 mean time    = 33.683777 microseconds +/- 0.414470
TARGET_DEVICE_27 overhead     = 18.213987 microseconds +/- 0.799932
TARGET_DEVICE_27 median_ovrhd = 18.103421 microseconds 
