************************************************************************************************************************************************************************
Running OpenMP benchmark version 4.0
	1 thread(s)
	40 outer repetitions
	1000.00 test time (microseconds)
	20 delay length (iterations) 
	0.100000 delay time (microseconds)

--------------------------------------------------------
Computing reference_Device time using 20 reps

Sample_size       Mean       Median     Min        Max        StdDev     Outliers
 40               1.765192   1.752377   1.502037   2.455711   0.131432   1
reference_Device mean time    = 1.765192 microseconds +/- 0.257608
reference_Device median time  = 1.752377 microseconds

--------------------------------------------------------
Computing TARGET_DEVICE_27 time using 160 reps

Sample_size       Mean       Median     Min        Max        StdDev     Outliers
 40               24.799034   24.831295   24.138391   25.261939   0.281133   0
TARGET_DEVICE_27 mean time    = 24.799034 microseconds +/- 0.551021
TARGET_DEVICE_27 overhead     = 23.033842 microseconds +/- 0.808629
TARGET_DEVICE_27 median_ovrhd = 23.078918 microseconds 
************************************************************************************************************************************************************************
Running OpenMP benchmark version 4.0
	1 thread(s)
	40 outer repetitions
	1000.00 test time (microseconds)
	40 delay length (iterations) 
	0.100000 delay time (microseconds)

--------------------------------------------------------
Computing reference_Device time using 20 reps

Sample_size       Mean       Median     Min        Max        StdDev     Outliers
 40               1.812279   1.800060   1.740456   2.551079   0.136334   1
reference_Device mean time    = 1.812279 microseconds +/- 0.267215
reference_Device median time  = 1.800060 microseconds

--------------------------------------------------------
Computing TARGET_DEVICE_27 time using 80 reps

Sample_size       Mean       Median     Min        Max        StdDev     Outliers
 40               24.525672   24.500489   23.776293   25.036931   0.244170   1
TARGET_DEVICE_27 mean time    = 24.525672 microseconds +/- 0.478574
TARGET_DEVICE_27 overhead     = 22.713393 microseconds +/- 0.745788
TARGET_DEVICE_27 median_ovrhd = 22.700429 microseconds 
************************************************************************************************************************************************************************
Running OpenMP benchmark version 4.0
	1 thread(s)
	40 outer repetitions
	1000.00 test time (microseconds)
	60 delay length (iterations) 
	0.100000 delay time (microseconds)

--------------------------------------------------------
Computing reference_Device time using 20 reps

Sample_size       Mean       Median     Min        Max        StdDev     Outliers
 40               2.276301   2.253056   2.193451   3.004074   0.123029   1
reference_Device mean time    = 2.276301 microseconds +/- 0.241136
reference_Device median time  = 2.253056 microseconds

--------------------------------------------------------
Computing TARGET_DEVICE_27 time using 80 reps

Sample_size       Mean       Median     Min        Max        StdDev     Outliers
 40               24.574921   24.637580   23.737550   24.950504   0.258588   1
TARGET_DEVICE_27 mean time    = 24.574921 microseconds +/- 0.506833
TARGET_DEVICE_27 overhead     = 22.298619 microseconds +/- 0.747968
TARGET_DEVICE_27 median_ovrhd = 22.384524 microseconds 
************************************************************************************************************************************************************************
Running OpenMP benchmark version 4.0
	1 thread(s)
	40 outer repetitions
	1000.00 test time (microseconds)
	80 delay length (iterations) 
	0.100000 delay time (microseconds)

--------------------------------------------------------
Computing reference_Device time using 20 reps

Sample_size       Mean       Median     Min        Max        StdDev     Outliers
 40               2.526343   2.628565   2.253056   3.004074   0.192567   0
reference_Device mean time    = 2.526343 microseconds +/- 0.377432
reference_Device median time  = 2.628565 microseconds

--------------------------------------------------------
Computing TARGET_DEVICE_27 time using 80 reps

Sample_size       Mean       Median     Min        Max        StdDev     Outliers
 40               25.101304   25.117397   24.586916   25.764108   0.265397   0
TARGET_DEVICE_27 mean time    = 25.101304 microseconds +/- 0.520178
TARGET_DEVICE_27 overhead     = 22.574961 microseconds +/- 0.897611
TARGET_DEVICE_27 median_ovrhd = 22.488832 microseconds 
************************************************************************************************************************************************************************
Running OpenMP benchmark version 4.0
	1 thread(s)
	40 outer repetitions
	1000.00 test time (microseconds)
	100 delay length (iterations) 
	0.100000 delay time (microseconds)

--------------------------------------------------------
Computing reference_Device time using 20 reps

Sample_size       Mean       Median     Min        Max        StdDev     Outliers
 40               2.723932   2.706051   2.598763   3.457069   0.124678   1
reference_Device mean time    = 2.723932 microseconds +/- 0.244368
reference_Device median time  = 2.706051 microseconds

--------------------------------------------------------
Computing TARGET_DEVICE_27 time using 80 reps

Sample_size       Mean       Median     Min        Max        StdDev     Outliers
 40               24.363101   24.345517   23.800135   25.361776   0.362294   0
TARGET_DEVICE_27 mean time    = 24.363101 microseconds +/- 0.710097
TARGET_DEVICE_27 overhead     = 21.639168 microseconds +/- 0.954465
TARGET_DEVICE_27 median_ovrhd = 21.639466 microseconds 
************************************************************************************************************************************************************************
Running OpenMP benchmark version 4.0
	1 thread(s)
	40 outer repetitions
	1000.00 test time (microseconds)
	120 delay length (iterations) 
	0.100000 delay time (microseconds)

--------------------------------------------------------
Computing reference_Device time using 20 reps

Sample_size       Mean       Median     Min        Max        StdDev     Outliers
 40               3.178716   3.147125   3.051758   3.802776   0.116098   1
reference_Device mean time    = 3.178716 microseconds +/- 0.227553
reference_Device median time  = 3.147125 microseconds

--------------------------------------------------------
Computing TARGET_DEVICE_27 time using 160 reps

Sample_size       Mean       Median     Min        Max        StdDev     Outliers
 40               24.902187   24.893135   24.424493   25.205314   0.182180   0
TARGET_DEVICE_27 mean time    = 24.902187 microseconds +/- 0.357073
TARGET_DEVICE_27 overhead     = 21.723472 microseconds +/- 0.584625
TARGET_DEVICE_27 median_ovrhd = 21.746010 microseconds 
************************************************************************************************************************************************************************
Running OpenMP benchmark version 4.0
	1 thread(s)
	40 outer repetitions
	1000.00 test time (microseconds)
	140 delay length (iterations) 
	0.100000 delay time (microseconds)

--------------------------------------------------------
Computing reference_Device time using 20 reps

Sample_size       Mean       Median     Min        Max        StdDev     Outliers
 40               3.207326   3.194809   3.099442   3.898144   0.129549   1
reference_Device mean time    = 3.207326 microseconds +/- 0.253917
reference_Device median time  = 3.194809 microseconds

--------------------------------------------------------
Computing TARGET_DEVICE_27 time using 160 reps

Sample_size       Mean       Median     Min        Max        StdDev     Outliers
 40               24.481565   24.516135   23.792684   24.837255   0.245722   0
TARGET_DEVICE_27 mean time    = 24.481565 microseconds +/- 0.481615
TARGET_DEVICE_27 overhead     = 21.274239 microseconds +/- 0.735532
TARGET_DEVICE_27 median_ovrhd = 21.321326 microseconds 
************************************************************************************************************************************************************************
Running OpenMP benchmark version 4.0
	1 thread(s)
	40 outer repetitions
	1000.00 test time (microseconds)
	160 delay length (iterations) 
	0.100000 delay time (microseconds)

--------------------------------------------------------
Computing reference_Device time using 20 reps

Sample_size       Mean       Median     Min        Max        StdDev     Outliers
 40               3.678799   3.647804   3.552437   4.351139   0.127618   1
reference_Device mean time    = 3.678799 microseconds +/- 0.250131
reference_Device median time  = 3.647804 microseconds

--------------------------------------------------------
Computing TARGET_DEVICE_27 time using 160 reps

Sample_size       Mean       Median     Min        Max        StdDev     Outliers
 40               24.611987   24.668127   24.156272   25.081635   0.237295   0
TARGET_DEVICE_27 mean time    = 24.611987 microseconds +/- 0.465099
TARGET_DEVICE_27 overhead     = 20.933188 microseconds +/- 0.715230
TARGET_DEVICE_27 median_ovrhd = 21.020323 microseconds 
************************************************************************************************************************************************************************
Running OpenMP benchmark version 4.0
	1 thread(s)
	40 outer repetitions
	1000.00 test time (microseconds)
	180 delay length (iterations) 
	0.100000 delay time (microseconds)

--------------------------------------------------------
Computing reference_Device time using 20 reps

Sample_size       Mean       Median     Min        Max        StdDev     Outliers
 40               4.053712   4.070997   3.695488   4.649162   0.171139   1
reference_Device mean time    = 4.053712 microseconds +/- 0.335433
reference_Device median time  = 4.070997 microseconds

--------------------------------------------------------
Computing TARGET_DEVICE_27 time using 160 reps

Sample_size       Mean       Median     Min        Max        StdDev     Outliers
 40               24.530925   24.559349   23.923814   24.950504   0.264380   0
TARGET_DEVICE_27 mean time    = 24.530925 microseconds +/- 0.518184
TARGET_DEVICE_27 overhead     = 20.477213 microseconds +/- 0.853617
TARGET_DEVICE_27 median_ovrhd = 20.488352 microseconds 
************************************************************************************************************************************************************************
Running OpenMP benchmark version 4.0
	1 thread(s)
	40 outer repetitions
	1000.00 test time (microseconds)
	200 delay length (iterations) 
	0.100000 delay time (microseconds)

--------------------------------------------------------
Computing reference_Device time using 20 reps

Sample_size       Mean       Median     Min        Max        StdDev     Outliers
 40               4.127622   4.100800   4.005432   4.851818   0.128839   1
reference_Device mean time    = 4.127622 microseconds +/- 0.252524
reference_Device median time  = 4.100800 microseconds

--------------------------------------------------------
Computing TARGET_DEVICE_27 time using 80 reps

Sample_size       Mean       Median     Min        Max        StdDev     Outliers
 40               24.697483   24.762750   24.151802   25.075674   0.254131   0
TARGET_DEVICE_27 mean time    = 24.697483 microseconds +/- 0.498098
TARGET_DEVICE_27 overhead     = 20.569861 microseconds +/- 0.750621
TARGET_DEVICE_27 median_ovrhd = 20.661950 microseconds 
************************************************************************************************************************************************************************
Running OpenMP benchmark version 4.0
	1 thread(s)
	40 outer repetitions
	1000.00 test time (microseconds)
	220 delay length (iterations) 
	0.100000 delay time (microseconds)

--------------------------------------------------------
Computing reference_Device time using 20 reps

Sample_size       Mean       Median     Min        Max        StdDev     Outliers
 40               4.538894   4.506111   4.446507   5.245209   0.124260   1
reference_Device mean time    = 4.538894 microseconds +/- 0.243550
reference_Device median time  = 4.506111 microseconds

--------------------------------------------------------
Computing TARGET_DEVICE_27 time using 160 reps

Sample_size       Mean       Median     Min        Max        StdDev     Outliers
 40               24.810657   24.802983   24.461746   25.187433   0.174605   0
TARGET_DEVICE_27 mean time    = 24.810657 microseconds +/- 0.342226
TARGET_DEVICE_27 overhead     = 20.271763 microseconds +/- 0.585777
TARGET_DEVICE_27 median_ovrhd = 20.296872 microseconds 
************************************************************************************************************************************************************************
Running OpenMP benchmark version 4.0
	1 thread(s)
	40 outer repetitions
	1000.00 test time (microseconds)
	240 delay length (iterations) 
	0.100000 delay time (microseconds)

--------------------------------------------------------
Computing reference_Device time using 20 reps

Sample_size       Mean       Median     Min        Max        StdDev     Outliers
 40               4.695952   4.601479   4.541874   5.352497   0.199318   1
reference_Device mean time    = 4.695952 microseconds +/- 0.390663
reference_Device median time  = 4.601479 microseconds

--------------------------------------------------------
Computing TARGET_DEVICE_27 time using 80 reps

Sample_size       Mean       Median     Min        Max        StdDev     Outliers
 40               24.889410   24.937093   24.187565   25.337934   0.264893   0
TARGET_DEVICE_27 mean time    = 24.889410 microseconds +/- 0.519191
TARGET_DEVICE_27 overhead     = 20.193458 microseconds +/- 0.909854
TARGET_DEVICE_27 median_ovrhd = 20.335615 microseconds 
************************************************************************************************************************************************************************
Running OpenMP benchmark version 4.0
	1 thread(s)
	40 outer repetitions
	1000.00 test time (microseconds)
	260 delay length (iterations) 
	0.100000 delay time (microseconds)

--------------------------------------------------------
Computing reference_Device time using 20 reps

Sample_size       Mean       Median     Min        Max        StdDev     Outliers
 40               5.037487   5.006790   4.851818   5.698204   0.156059   2
reference_Device mean time    = 5.037487 microseconds +/- 0.305876
reference_Device median time  = 5.006790 microseconds

--------------------------------------------------------
Computing TARGET_DEVICE_27 time using 160 reps

Sample_size       Mean       Median     Min        Max        StdDev     Outliers
 40               24.648570   24.691224   24.099648   25.030971   0.255126   0
TARGET_DEVICE_27 mean time    = 24.648570 microseconds +/- 0.500048
TARGET_DEVICE_27 overhead     = 19.611083 microseconds +/- 0.805923
TARGET_DEVICE_27 median_ovrhd = 19.684434 microseconds 
************************************************************************************************************************************************************************
Running OpenMP benchmark version 4.0
	1 thread(s)
	40 outer repetitions
	1000.00 test time (microseconds)
	280 delay length (iterations) 
	0.100000 delay time (microseconds)

--------------------------------------------------------
Computing reference_Device time using 20 reps

Sample_size       Mean       Median     Min        Max        StdDev     Outliers
 40               5.402565   5.447865   5.102158   5.745888   0.137947   0
reference_Device mean time    = 5.402565 microseconds +/- 0.270376
reference_Device median time  = 5.447865 microseconds

--------------------------------------------------------
Computing TARGET_DEVICE_27 time using 160 reps

Sample_size       Mean       Median     Min        Max        StdDev     Outliers
 40               24.618581   24.652481   23.657084   25.038421   0.278067   1
TARGET_DEVICE_27 mean time    = 24.618581 microseconds +/- 0.545012
TARGET_DEVICE_27 overhead     = 19.216016 microseconds +/- 0.815389
TARGET_DEVICE_27 median_ovrhd = 19.204617 microseconds 
************************************************************************************************************************************************************************
Running OpenMP benchmark version 4.0
	1 thread(s)
	40 outer repetitions
	1000.00 test time (microseconds)
	300 delay length (iterations) 
	0.100000 delay time (microseconds)

--------------------------------------------------------
Computing reference_Device time using 20 reps

Sample_size       Mean       Median     Min        Max        StdDev     Outliers
 40               5.487502   5.495548   5.352497   6.091595   0.117124   1
reference_Device mean time    = 5.487502 microseconds +/- 0.229564
reference_Device median time  = 5.495548 microseconds

--------------------------------------------------------
Computing TARGET_DEVICE_27 time using 80 reps

Sample_size       Mean       Median     Min        Max        StdDev     Outliers
 40               25.010929   25.080144   24.500489   25.498867   0.251141   0
TARGET_DEVICE_27 mean time    = 25.010929 microseconds +/- 0.492237
TARGET_DEVICE_27 overhead     = 19.523427 microseconds +/- 0.721801
TARGET_DEVICE_27 median_ovrhd = 19.584596 microseconds 
************************************************************************************************************************************************************************
Running OpenMP benchmark version 4.0
	1 thread(s)
	40 outer repetitions
	1000.00 test time (microseconds)
	320 delay length (iterations) 
	0.100000 delay time (microseconds)

--------------------------------------------------------
Computing reference_Device time using 20 reps

Sample_size       Mean       Median     Min        Max        StdDev     Outliers
 40               5.938709   5.900860   5.793571   6.699562   0.180162   2
reference_Device mean time    = 5.938709 microseconds +/- 0.353117
reference_Device median time  = 5.900860 microseconds

--------------------------------------------------------
Computing TARGET_DEVICE_27 time using 160 reps

Sample_size       Mean       Median     Min        Max        StdDev     Outliers
 40               24.421848   24.421513   23.956597   24.911761   0.222990   0
TARGET_DEVICE_27 mean time    = 24.421848 microseconds +/- 0.437060
TARGET_DEVICE_27 overhead     = 18.483140 microseconds +/- 0.790177
TARGET_DEVICE_27 median_ovrhd = 18.520653 microseconds 
************************************************************************************************************************************************************************
Running OpenMP benchmark version 4.0
	1 thread(s)
	40 outer repetitions
	1000.00 test time (microseconds)
	340 delay length (iterations) 
	0.100000 delay time (microseconds)

--------------------------------------------------------
Computing reference_Device time using 20 reps

Sample_size       Mean       Median     Min        Max        StdDev     Outliers
 40               6.116629   6.008148   5.900860   6.604195   0.184674   0
reference_Device mean time    = 6.116629 microseconds +/- 0.361962
reference_Device median time  = 6.008148 microseconds

--------------------------------------------------------
Computing TARGET_DEVICE_27 time using 80 reps

Sample_size       Mean       Median     Min        Max        StdDev     Outliers
 40               24.917200   24.944544   24.411082   25.260448   0.202056   0
TARGET_DEVICE_27 mean time    = 24.917200 microseconds +/- 0.396029
TARGET_DEVICE_27 overhead     = 18.800572 microseconds +/- 0.757991
TARGET_DEVICE_27 median_ovrhd = 18.936396 microseconds 
************************************************************************************************************************************************************************
Running OpenMP benchmark version 4.0
	1 thread(s)
	40 outer repetitions
	1000.00 test time (microseconds)
	360 delay length (iterations) 
	0.100000 delay time (microseconds)

--------------------------------------------------------
Computing reference_Device time using 20 reps

Sample_size       Mean       Median     Min        Max        StdDev     Outliers
 40               6.393790   6.395578   6.246567   7.200241   0.154761   1
reference_Device mean time    = 6.393790 microseconds +/- 0.303333
reference_Device median time  = 6.395578 microseconds

--------------------------------------------------------
Computing TARGET_DEVICE_27 time using 160 reps

Sample_size       Mean       Median     Min        Max        StdDev     Outliers
 40               24.861135   24.859607   24.436414   25.250018   0.202095   0
TARGET_DEVICE_27 mean time    = 24.861135 microseconds +/- 0.396106
TARGET_DEVICE_27 overhead     = 18.467344 microseconds +/- 0.699438
TARGET_DEVICE_27 median_ovrhd = 18.464029 microseconds 
************************************************************************************************************************************************************************
Running OpenMP benchmark version 4.0
	1 thread(s)
	40 outer repetitions
	1000.00 test time (microseconds)
	380 delay length (iterations) 
	0.100000 delay time (microseconds)

--------------------------------------------------------
Computing reference_Device time using 20 reps

Sample_size       Mean       Median     Min        Max        StdDev     Outliers
 40               6.775260   6.794930   6.496906   7.510185   0.161016   1
reference_Device mean time    = 6.775260 microseconds +/- 0.315591
reference_Device median time  = 6.794930 microseconds

--------------------------------------------------------
Computing TARGET_DEVICE_27 time using 160 reps

Sample_size       Mean       Median     Min        Max        StdDev     Outliers
 40               24.608597   24.572015   24.107099   25.081635   0.229855   0
TARGET_DEVICE_27 mean time    = 24.608597 microseconds +/- 0.450515
TARGET_DEVICE_27 overhead     = 17.833337 microseconds +/- 0.766106
TARGET_DEVICE_27 median_ovrhd = 17.777085 microseconds 
************************************************************************************************************************************************************************
Running OpenMP benchmark version 4.0
	1 thread(s)
	40 outer repetitions
	1000.00 test time (microseconds)
	400 delay length (iterations) 
	0.100000 delay time (microseconds)

--------------------------------------------------------
Computing reference_Device time using 20 reps

Sample_size       Mean       Median     Min        Max        StdDev     Outliers
 40               6.886125   6.842613   6.747246   7.593632   0.161806   1
reference_Device mean time    = 6.886125 microseconds +/- 0.317139
reference_Device median time  = 6.842613 microseconds

--------------------------------------------------------
Computing TARGET_DEVICE_27 time using 160 reps

Sample_size       Mean       Median     Min        Max        StdDev     Outliers
 40               24.635345   24.709105   24.111569   25.106966   0.227171   0
TARGET_DEVICE_27 mean time    = 24.635345 microseconds +/- 0.445255
TARGET_DEVICE_27 overhead     = 17.749220 microseconds +/- 0.762395
TARGET_DEVICE_27 median_ovrhd = 17.866492 microseconds 
************************************************************************************************************************************************************************
Running OpenMP benchmark version 4.0
	1 thread(s)
	40 outer repetitions
	1000.00 test time (microseconds)
	420 delay length (iterations) 
	0.100000 delay time (microseconds)

--------------------------------------------------------
Computing reference_Device time using 20 reps

Sample_size       Mean       Median     Min        Max        StdDev     Outliers
 40               7.303655   7.277727   7.140636   8.046627   0.149585   1
reference_Device mean time    = 7.303655 microseconds +/- 0.293188
reference_Device median time  = 7.277727 microseconds

--------------------------------------------------------
Computing TARGET_DEVICE_27 time using 80 reps

Sample_size       Mean       Median     Min        Max        StdDev     Outliers
 40               24.502501   24.487078   23.788214   25.036931   0.356721   0
TARGET_DEVICE_27 mean time    = 24.502501 microseconds +/- 0.699173
TARGET_DEVICE_27 overhead     = 17.198846 microseconds +/- 0.992360
TARGET_DEVICE_27 median_ovrhd = 17.209351 microseconds 
************************************************************************************************************************************************************************
Running OpenMP benchmark version 4.0
	1 thread(s)
	40 outer repetitions
	1000.00 test time (microseconds)
	440 delay length (iterations) 
	0.100000 delay time (microseconds)

--------------------------------------------------------
Computing reference_Device time using 20 reps

Sample_size       Mean       Median     Min        Max        StdDev     Outliers
 40               7.595420   7.653236   7.343292   8.058548   0.164752   0
reference_Device mean time    = 7.595420 microseconds +/- 0.322913
reference_Device median time  = 7.653236 microseconds

--------------------------------------------------------
Computing TARGET_DEVICE_27 time using 80 reps

Sample_size       Mean       Median     Min        Max        StdDev     Outliers
 40               24.771914   24.856627   23.910403   25.114417   0.285826   1
TARGET_DEVICE_27 mean time    = 24.771914 microseconds +/- 0.560219
TARGET_DEVICE_27 overhead     = 17.176494 microseconds +/- 0.883133
TARGET_DEVICE_27 median_ovrhd = 17.203391 microseconds 
************************************************************************************************************************************************************************
Running OpenMP benchmark version 4.0
	1 thread(s)
	40 outer repetitions
	1000.00 test time (microseconds)
	460 delay length (iterations) 
	0.100000 delay time (microseconds)

--------------------------------------------------------
Computing reference_Device time using 20 reps

Sample_size       Mean       Median     Min        Max        StdDev     Outliers
 40               7.784069   7.748604   7.605553   8.547306   0.173077   2
reference_Device mean time    = 7.784069 microseconds +/- 0.339231
reference_Device median time  = 7.748604 microseconds

--------------------------------------------------------
Computing TARGET_DEVICE_27 time using 160 reps

Sample_size       Mean       Median     Min        Max        StdDev     Outliers
 40               24.592988   24.627894   24.031103   24.931133   0.206576   0
TARGET_DEVICE_27 mean time    = 24.592988 microseconds +/- 0.404889
TARGET_DEVICE_27 overhead     = 16.808920 microseconds +/- 0.744120
TARGET_DEVICE_27 median_ovrhd = 16.879290 microseconds 
************************************************************************************************************************************************************************
Running OpenMP benchmark version 4.0
	1 thread(s)
	40 outer repetitions
	1000.00 test time (microseconds)
	480 delay length (iterations) 
	0.100000 delay time (microseconds)

--------------------------------------------------------
Computing reference_Device time using 20 reps

Sample_size       Mean       Median     Min        Max        StdDev     Outliers
 40               8.197725   8.189678   7.903576   8.940697   0.155720   1
reference_Device mean time    = 8.197725 microseconds +/- 0.305211
reference_Device median time  = 8.189678 microseconds

--------------------------------------------------------
Computing TARGET_DEVICE_27 time using 160 reps

Sample_size       Mean       Median     Min        Max        StdDev     Outliers
 40               24.756379   24.799258   23.955107   25.144219   0.265548   1
TARGET_DEVICE_27 mean time    = 24.756379 microseconds +/- 0.520474
TARGET_DEVICE_27 overhead     = 16.558655 microseconds +/- 0.825686
TARGET_DEVICE_27 median_ovrhd = 16.609579 microseconds 
************************************************************************************************************************************************************************
Running OpenMP benchmark version 4.0
	1 thread(s)
	40 outer repetitions
	1000.00 test time (microseconds)
	500 delay length (iterations) 
	0.100000 delay time (microseconds)

--------------------------------------------------------
Computing reference_Device time using 20 reps

Sample_size       Mean       Median     Min        Max        StdDev     Outliers
 40               8.321106   8.249283   8.141994   9.000301   0.188186   1
reference_Device mean time    = 8.321106 microseconds +/- 0.368845
reference_Device median time  = 8.249283 microseconds

--------------------------------------------------------
Computing TARGET_DEVICE_27 time using 80 reps

Sample_size       Mean       Median     Min        Max        StdDev     Outliers
 40               24.936274   24.917722   24.637580   25.287271   0.194446   0
TARGET_DEVICE_27 mean time    = 24.936274 microseconds +/- 0.381114
TARGET_DEVICE_27 overhead     = 16.615167 microseconds +/- 0.749960
TARGET_DEVICE_27 median_ovrhd = 16.668439 microseconds 
************************************************************************************************************************************************************************
Running OpenMP benchmark version 4.0
	1 thread(s)
	40 outer repetitions
	1000.00 test time (microseconds)
	520 delay length (iterations) 
	0.100000 delay time (microseconds)

--------------------------------------------------------
Computing reference_Device time using 20 reps

Sample_size       Mean       Median     Min        Max        StdDev     Outliers
 40               8.687675   8.696318   8.559227   9.453297   0.140908   1
reference_Device mean time    = 8.687675 microseconds +/- 0.276179
reference_Device median time  = 8.696318 microseconds

--------------------------------------------------------
Computing TARGET_DEVICE_27 time using 80 reps

Sample_size       Mean       Median     Min        Max        StdDev     Outliers
 40               25.371909   25.293231   25.025010   25.925040   0.235094   0
TARGET_DEVICE_27 mean time    = 25.371909 microseconds +/- 0.460784
TARGET_DEVICE_27 overhead     = 16.684234 microseconds +/- 0.736964
TARGET_DEVICE_27 median_ovrhd = 16.596913 microseconds 
************************************************************************************************************************************************************************
Running OpenMP benchmark version 4.0
	1 thread(s)
	40 outer repetitions
	1000.00 test time (microseconds)
	540 delay length (iterations) 
	0.100000 delay time (microseconds)

--------------------------------------------------------
Computing reference_Device time using 20 reps

Sample_size       Mean       Median     Min        Max        StdDev     Outliers
 40               9.021461   9.053946   8.702278   9.500980   0.161984   0
reference_Device mean time    = 9.021461 microseconds +/- 0.317490
reference_Device median time  = 9.053946 microseconds

--------------------------------------------------------
Computing TARGET_DEVICE_27 time using 80 reps

Sample_size       Mean       Median     Min        Max        StdDev     Outliers
 40               27.566552   27.520955   26.786327   28.651953   0.448399   0
TARGET_DEVICE_27 mean time    = 27.566552 microseconds +/- 0.878862
TARGET_DEVICE_27 overhead     = 18.545091 microseconds +/- 1.196352
TARGET_DEVICE_27 median_ovrhd = 18.467009 microseconds 
************************************************************************************************************************************************************************
Running OpenMP benchmark version 4.0
	1 thread(s)
	40 outer repetitions
	1000.00 test time (microseconds)
	560 delay length (iterations) 
	0.100000 delay time (microseconds)

--------------------------------------------------------
Computing reference_Device time using 20 reps

Sample_size       Mean       Median     Min        Max        StdDev     Outliers
 40               9.133518   9.095669   9.000301   9.942055   0.152134   1
reference_Device mean time    = 9.133518 microseconds +/- 0.298182
reference_Device median time  = 9.095669 microseconds

--------------------------------------------------------
Computing TARGET_DEVICE_27 time using 80 reps

Sample_size       Mean       Median     Min        Max        StdDev     Outliers
 40               29.535592   29.462576   28.660893   30.687451   0.511952   0
TARGET_DEVICE_27 mean time    = 29.535592 microseconds +/- 1.003426
TARGET_DEVICE_27 overhead     = 20.402074 microseconds +/- 1.301608
TARGET_DEVICE_27 median_ovrhd = 20.366907 microseconds 
************************************************************************************************************************************************************************
Running OpenMP benchmark version 4.0
	1 thread(s)
	40 outer repetitions
	1000.00 test time (microseconds)
	580 delay length (iterations) 
	0.100000 delay time (microseconds)

--------------------------------------------------------
Computing reference_Device time using 20 reps

Sample_size       Mean       Median     Min        Max        StdDev     Outliers
 40               9.579957   9.548664   9.346008   10.347366   0.146864   1
reference_Device mean time    = 9.579957 microseconds +/- 0.287854
reference_Device median time  = 9.548664 microseconds

--------------------------------------------------------
Computing TARGET_DEVICE_27 time using 80 reps

Sample_size       Mean       Median     Min        Max        StdDev     Outliers
 40               32.726303   32.800436   31.936169   33.211708   0.299388   0
TARGET_DEVICE_27 mean time    = 32.726303 microseconds +/- 0.586801
TARGET_DEVICE_27 overhead     = 23.146346 microseconds +/- 0.874654
TARGET_DEVICE_27 median_ovrhd = 23.251772 microseconds 
************************************************************************************************************************************************************************
Running OpenMP benchmark version 4.0
	1 thread(s)
	40 outer repetitions
	1000.00 test time (microseconds)
	600 delay length (iterations) 
	0.100000 delay time (microseconds)

--------------------------------------------------------
Computing reference_Device time using 20 reps

Sample_size       Mean       Median     Min        Max        StdDev     Outliers
 40               9.847581   9.846687   9.560585   10.645390   0.183021   1
reference_Device mean time    = 9.847581 microseconds +/- 0.358721
reference_Device median time  = 9.846687 microseconds

--------------------------------------------------------
Computing TARGET_DEVICE_27 time using 80 reps

Sample_size       Mean       Median     Min        Max        StdDev     Outliers
 40               32.946244   32.925606   32.639503   33.447146   0.183031   0
TARGET_DEVICE_27 mean time    = 32.946244 microseconds +/- 0.358741
TARGET_DEVICE_27 overhead     = 23.098662 microseconds +/- 0.717463
TARGET_DEVICE_27 median_ovrhd = 23.078918 microseconds 
************************************************************************************************************************************************************************
Running OpenMP benchmark version 4.0
	1 thread(s)
	40 outer repetitions
	1000.00 test time (microseconds)
	620 delay length (iterations) 
	0.100000 delay time (microseconds)

--------------------------------------------------------
Computing reference_Device time using 20 reps

Sample_size       Mean       Median     Min        Max        StdDev     Outliers
 40               10.064840   10.001659   9.942055   10.848045   0.147248   1
reference_Device mean time    = 10.064840 microseconds +/- 0.288607
reference_Device median time  = 10.001659 microseconds

--------------------------------------------------------
Computing TARGET_DEVICE_27 time using 80 reps

Sample_size       Mean       Median     Min        Max        StdDev     Outliers
 40               33.951923   33.962727   33.450127   34.287572   0.185330   0
TARGET_DEVICE_27 mean time    = 33.951923 microseconds +/- 0.363247
TARGET_DEVICE_27 overhead     = 23.887083 microseconds +/- 0.651854
TARGET_DEVICE_27 median_ovrhd = 23.961067 microseconds 
************************************************************************************************************************************************************************
Running OpenMP benchmark version 4.0
	1 thread(s)
	40 outer repetitions
	1000.00 test time (microseconds)
	640 delay length (iterations) 
	0.100000 delay time (microseconds)

--------------------------------------------------------
Computing reference_Device time using 20 reps

Sample_size       Mean       Median     Min        Max        StdDev     Outliers
 40               10.470450   10.454655   10.144711   11.157990   0.143341   1
reference_Device mean time    = 10.470450 microseconds +/- 0.280948
reference_Device median time  = 10.454655 microseconds

--------------------------------------------------------
Computing TARGET_DEVICE_27 time using 80 reps

Sample_size       Mean       Median     Min        Max        StdDev     Outliers
 40               34.026578   34.056604   33.599138   34.624338   0.241611   0
TARGET_DEVICE_27 mean time    = 34.026578 microseconds +/- 0.473558
TARGET_DEVICE_27 overhead     = 23.556128 microseconds +/- 0.754506
TARGET_DEVICE_27 median_ovrhd = 23.601949 microseconds 
************************************************************************************************************************************************************************
Running OpenMP benchmark version 4.0
	1 thread(s)
	40 outer repetitions
	1000.00 test time (microseconds)
	660 delay length (iterations) 
	0.100000 delay time (microseconds)

--------------------------------------------------------
Computing reference_Device time using 20 reps

Sample_size       Mean       Median     Min        Max        StdDev     Outliers
 40               10.499954   10.454655   10.347366   11.348724   0.158843   1
reference_Device mean time    = 10.499954 microseconds +/- 0.311333
reference_Device median time  = 10.454655 microseconds

--------------------------------------------------------
Computing TARGET_DEVICE_27 time using 80 reps

Sample_size       Mean       Median     Min        Max        StdDev     Outliers
 40               33.717752   33.800304   33.098459   34.213066   0.315346   0
TARGET_DEVICE_27 mean time    = 33.717752 microseconds +/- 0.618077
TARGET_DEVICE_27 overhead     = 23.217797 microseconds +/- 0.929410
TARGET_DEVICE_27 median_ovrhd = 23.345649 microseconds 
************************************************************************************************************************************************************************
Running OpenMP benchmark version 4.0
	1 thread(s)
	40 outer repetitions
	1000.00 test time (microseconds)
	680 delay length (iterations) 
	0.100000 delay time (microseconds)

--------------------------------------------------------
Computing reference_Device time using 20 reps

Sample_size       Mean       Median     Min        Max        StdDev     Outliers
 40               10.962486   10.925531   10.693073   11.754036   0.153182   1
reference_Device mean time    = 10.962486 microseconds +/- 0.300236
reference_Device median time  = 10.925531 microseconds

--------------------------------------------------------
Computing TARGET_DEVICE_27 time using 80 reps

Sample_size       Mean       Median     Min        Max        StdDev     Outliers
 40               34.010634   34.049153   33.524632   34.388900   0.208748   0
TARGET_DEVICE_27 mean time    = 34.010634 microseconds +/- 0.409145
TARGET_DEVICE_27 overhead     = 23.048148 microseconds +/- 0.709382
TARGET_DEVICE_27 median_ovrhd = 23.123622 microseconds 
************************************************************************************************************************************************************************
Running OpenMP benchmark version 4.0
	1 thread(s)
	40 outer repetitions
	1000.00 test time (microseconds)
	700 delay length (iterations) 
	0.100000 delay time (microseconds)

--------------------------------------------------------
Computing reference_Device time using 20 reps

Sample_size       Mean       Median     Min        Max        StdDev     Outliers
 40               11.122525   11.050701   10.907650   11.754036   0.199813   1
reference_Device mean time    = 11.122525 microseconds +/- 0.391633
reference_Device median time  = 11.050701 microseconds

--------------------------------------------------------
Computing TARGET_DEVICE_27 time using 80 reps

Sample_size       Mean       Median     Min        Max        StdDev     Outliers
 40               33.981204   33.950806   33.524632   34.350157   0.216619   0
TARGET_DEVICE_27 mean time    = 33.981204 microseconds +/- 0.424573
TARGET_DEVICE_27 overhead     = 22.858679 microseconds +/- 0.816206
TARGET_DEVICE_27 median_ovrhd = 22.900105 microseconds 
************************************************************************************************************************************************************************
Running OpenMP benchmark version 4.0
	1 thread(s)
	40 outer repetitions
	1000.00 test time (microseconds)
	720 delay length (iterations) 
	0.100000 delay time (microseconds)

--------------------------------------------------------
Computing reference_Device time using 20 reps

Sample_size       Mean       Median     Min        Max        StdDev     Outliers
 40               11.467636   11.402369   11.348724   12.207031   0.202638   2
reference_Device mean time    = 11.467636 microseconds +/- 0.397170
reference_Device median time  = 11.402369 microseconds

--------------------------------------------------------
Computing TARGET_DEVICE_27 time using 80 reps

Sample_size       Mean       Median     Min        Max        StdDev     Outliers
 40               34.209713   34.195185   33.834577   34.612417   0.180930   0
TARGET_DEVICE_27 mean time    = 34.209713 microseconds +/- 0.354622
TARGET_DEVICE_27 overhead     = 22.742078 microseconds +/- 0.751792
TARGET_DEVICE_27 median_ovrhd = 22.792816 microseconds 
************************************************************************************************************************************************************************
Running OpenMP benchmark version 4.0
	1 thread(s)
	40 outer repetitions
	1000.00 test time (microseconds)
	740 delay length (iterations) 
	0.100000 delay time (microseconds)

--------------------------------------------------------
Computing reference_Device time using 20 reps

Sample_size       Mean       Median     Min        Max        StdDev     Outliers
 40               11.855066   11.897087   11.551380   12.242794   0.121420   1
reference_Device mean time    = 11.855066 microseconds +/- 0.237983
reference_Device median time  = 11.897087 microseconds

--------------------------------------------------------
Computing TARGET_DEVICE_27 time using 80 reps

Sample_size       Mean       Median     Min        Max        StdDev     Outliers
 40               34.379736   34.388900   33.849478   34.812093   0.249589   0
TARGET_DEVICE_27 mean time    = 34.379736 microseconds +/- 0.489195
TARGET_DEVICE_27 overhead     = 22.524670 microseconds +/- 0.727177
TARGET_DEVICE_27 median_ovrhd = 22.491813 microseconds 
************************************************************************************************************************************************************************
Running OpenMP benchmark version 4.0
	1 thread(s)
	40 outer repetitions
	1000.00 test time (microseconds)
	760 delay length (iterations) 
	0.100000 delay time (microseconds)

--------------------------------------------------------
Computing reference_Device time using 20 reps

Sample_size       Mean       Median     Min        Max        StdDev     Outliers
 40               11.881292   11.849403   11.789799   12.600422   0.132482   1
reference_Device mean time    = 11.881292 microseconds +/- 0.259664
reference_Device median time  = 11.849403 microseconds

--------------------------------------------------------
Computing TARGET_DEVICE_27 time using 80 reps

Sample_size       Mean       Median     Min        Max        StdDev     Outliers
 40               34.203455   34.205616   33.873320   34.487247   0.167617   0
TARGET_DEVICE_27 mean time    = 34.203455 microseconds +/- 0.328529
TARGET_DEVICE_27 overhead     = 22.322163 microseconds +/- 0.588193
TARGET_DEVICE_27 median_ovrhd = 22.356212 microseconds 
************************************************************************************************************************************************************************
Running OpenMP benchmark version 4.0
	1 thread(s)
	40 outer repetitions
	1000.00 test time (microseconds)
	780 delay length (iterations) 
	0.100000 delay time (microseconds)

--------------------------------------------------------
Computing reference_Device time using 20 reps

Sample_size       Mean       Median     Min        Max        StdDev     Outliers
 40               12.356043   12.302399   12.242794   13.148785   0.142106   1
reference_Device mean time    = 12.356043 microseconds +/- 0.278527
reference_Device median time  = 12.302399 microseconds

--------------------------------------------------------
Computing TARGET_DEVICE_27 time using 80 reps

Sample_size       Mean       Median     Min        Max        StdDev     Outliers
 40               33.840984   33.882260   33.399463   34.448504   0.249959   0
TARGET_DEVICE_27 mean time    = 33.840984 microseconds +/- 0.489919
TARGET_DEVICE_27 overhead     = 21.484941 microseconds +/- 0.768446
TARGET_DEVICE_27 median_ovrhd = 21.579862 microseconds 
************************************************************************************************************************************************************************
Running OpenMP benchmark version 4.0
	1 thread(s)
	40 outer repetitions
	1000.00 test time (microseconds)
	800 delay length (iterations) 
	0.100000 delay time (microseconds)

--------------------------------------------------------
Computing reference_Device time using 20 reps

Sample_size       Mean       Median     Min        Max        StdDev     Outliers
 40               12.662709   12.743473   12.350082   13.148785   0.189460   0
reference_Device mean time    = 12.662709 microseconds +/- 0.371341
reference_Device median time  = 12.743473 microseconds

--------------------------------------------------------
Computing TARGET_DEVICE_27 time using 80 reps

Sample_size       Mean       Median     Min        Max        StdDev     Outliers
 40               33.626258   33.624470   33.089519   34.189224   0.289476   0
TARGET_DEVICE_27 mean time    = 33.626258 microseconds +/- 0.567374
TARGET_DEVICE_27 overhead     = 20.963550 microseconds +/- 0.938715
TARGET_DEVICE_27 median_ovrhd = 20.880997 microseconds 
************************************************************************************************************************************************************************
Running OpenMP benchmark version 4.0
	1 thread(s)
	40 outer repetitions
	1000.00 test time (microseconds)
	820 delay length (iterations) 
	0.100000 delay time (microseconds)

--------------------------------------------------------
Computing reference_Device time using 20 reps

Sample_size       Mean       Median     Min        Max        StdDev     Outliers
 40               12.833774   12.791157   12.743473   13.601780   0.147315   1
reference_Device mean time    = 12.833774 microseconds +/- 0.288737
reference_Device median time  = 12.791157 microseconds

--------------------------------------------------------
Computing TARGET_DEVICE_27 time using 80 reps

Sample_size       Mean       Median     Min        Max        StdDev     Outliers
 40               34.124404   34.138560   33.688545   34.600496   0.230483   0
TARGET_DEVICE_27 mean time    = 34.124404 microseconds +/- 0.451747
TARGET_DEVICE_27 overhead     = 21.290630 microseconds +/- 0.740485
TARGET_DEVICE_27 median_ovrhd = 21.347404 microseconds 
************************************************************************************************************************************************************************
Running OpenMP benchmark version 4.0
	1 thread(s)
	40 outer repetitions
	1000.00 test time (microseconds)
	840 delay length (iterations) 
	0.100000 delay time (microseconds)

--------------------------------------------------------
Computing reference_Device time using 20 reps

Sample_size       Mean       Median     Min        Max        StdDev     Outliers
 40               13.250113   13.256073   12.946129   13.697147   0.107407   1
reference_Device mean time    = 13.250113 microseconds +/- 0.210518
reference_Device median time  = 13.256073 microseconds

--------------------------------------------------------
Computing TARGET_DEVICE_27 time using 80 reps

Sample_size       Mean       Median     Min        Max        StdDev     Outliers
 40               33.859015   33.855438   33.348799   34.263730   0.233420   0
TARGET_DEVICE_27 mean time    = 33.859015 microseconds +/- 0.457504
TARGET_DEVICE_27 overhead     = 20.608902 microseconds +/- 0.668022
TARGET_DEVICE_27 median_ovrhd = 20.599365 microseconds 
************************************************************************************************************************************************************************
Running OpenMP benchmark version 4.0
	1 thread(s)
	40 outer repetitions
	1000.00 test time (microseconds)
	860 delay length (iterations) 
	0.100000 delay time (microseconds)

--------------------------------------------------------
Computing reference_Device time using 20 reps

Sample_size       Mean       Median     Min        Max        StdDev     Outliers
 40               13.279021   13.244152   13.196468   14.007092   0.132124   1
reference_Device mean time    = 13.279021 microseconds +/- 0.258962
reference_Device median time  = 13.244152 microseconds

--------------------------------------------------------
Computing TARGET_DEVICE_27 time using 80 reps

Sample_size       Mean       Median     Min        Max        StdDev     Outliers
 40               34.246892   34.244359   33.861399   34.639239   0.170566   0
TARGET_DEVICE_27 mean time    = 34.246892 microseconds +/- 0.334310
TARGET_DEVICE_27 overhead     = 20.967871 microseconds +/- 0.593272
TARGET_DEVICE_27 median_ovrhd = 21.000206 microseconds 
************************************************************************************************************************************************************************
Running OpenMP benchmark version 4.0
	1 thread(s)
	40 outer repetitions
	1000.00 test time (microseconds)
	880 delay length (iterations) 
	0.100000 delay time (microseconds)

--------------------------------------------------------
Computing reference_Device time using 20 reps

Sample_size       Mean       Median     Min        Max        StdDev     Outliers
 40               13.721287   13.697147   13.589859   14.507771   0.144861   1
reference_Device mean time    = 13.721287 microseconds +/- 0.283927
reference_Device median time  = 13.697147 microseconds

--------------------------------------------------------
Computing TARGET_DEVICE_27 time using 80 reps

Sample_size       Mean       Median     Min        Max        StdDev     Outliers
 40               34.124106   34.131110   33.822656   34.499168   0.153073   0
TARGET_DEVICE_27 mean time    = 34.124106 microseconds +/- 0.300023
TARGET_DEVICE_27 overhead     = 20.402819 microseconds +/- 0.583950
TARGET_DEVICE_27 median_ovrhd = 20.433962 microseconds 
************************************************************************************************************************************************************************
Running OpenMP benchmark version 4.0
	1 thread(s)
	40 outer repetitions
	1000.00 test time (microseconds)
	900 delay length (iterations) 
	0.100000 delay time (microseconds)

--------------------------------------------------------
Computing reference_Device time using 20 reps

Sample_size       Mean       Median     Min        Max        StdDev     Outliers
 40               14.051497   14.150143   13.697147   14.507771   0.189373   0
reference_Device mean time    = 14.051497 microseconds +/- 0.371172
reference_Device median time  = 14.150143 microseconds

--------------------------------------------------------
Computing TARGET_DEVICE_27 time using 80 reps

Sample_size       Mean       Median     Min        Max        StdDev     Outliers
 40               34.012869   33.999979   33.599138   34.436584   0.232637   0
TARGET_DEVICE_27 mean time    = 34.012869 microseconds +/- 0.455969
TARGET_DEVICE_27 overhead     = 19.961372 microseconds +/- 0.827141
TARGET_DEVICE_27 median_ovrhd = 19.849837 microseconds 
************************************************************************************************************************************************************************
Running OpenMP benchmark version 4.0
	1 thread(s)
	40 outer repetitions
	1000.00 test time (microseconds)
	920 delay length (iterations) 
	0.100000 delay time (microseconds)

--------------------------------------------------------
Computing reference_Device time using 20 reps

Sample_size       Mean       Median     Min        Max        StdDev     Outliers
 40               14.186203   14.150143   14.042854   14.948845   0.145638   1
reference_Device mean time    = 14.186203 microseconds +/- 0.285451
reference_Device median time  = 14.150143 microseconds

--------------------------------------------------------
Computing TARGET_DEVICE_27 time using 80 reps

Sample_size       Mean       Median     Min        Max        StdDev     Outliers
 40               33.831820   33.855438   33.351779   34.487247   0.287143   0
TARGET_DEVICE_27 mean time    = 33.831820 microseconds +/- 0.562800
TARGET_DEVICE_27 overhead     = 19.645616 microseconds +/- 0.848251
TARGET_DEVICE_27 median_ovrhd = 19.705296 microseconds 
************************************************************************************************************************************************************************
Running OpenMP benchmark version 4.0
	1 thread(s)
	40 outer repetitions
	1000.00 test time (microseconds)
	940 delay length (iterations) 
	0.100000 delay time (microseconds)

--------------------------------------------------------
Computing reference_Device time using 20 reps

Sample_size       Mean       Median     Min        Max        StdDev     Outliers
 40               14.638901   14.603138   14.352798   15.401840   0.144319   1
reference_Device mean time    = 14.638901 microseconds +/- 0.282865
reference_Device median time  = 14.603138 microseconds

--------------------------------------------------------
Computing TARGET_DEVICE_27 time using 80 reps

Sample_size       Mean       Median     Min        Max        StdDev     Outliers
 40               33.870339   33.888221   33.473969   34.236908   0.204135   0
TARGET_DEVICE_27 mean time    = 33.870339 microseconds +/- 0.400104
TARGET_DEVICE_27 overhead     = 19.231439 microseconds +/- 0.682970
TARGET_DEVICE_27 median_ovrhd = 19.285083 microseconds 
************************************************************************************************************************************************************************
Running OpenMP benchmark version 4.0
	1 thread(s)
	40 outer repetitions
	1000.00 test time (microseconds)
	960 delay length (iterations) 
	0.100000 delay time (microseconds)

--------------------------------------------------------
Computing reference_Device time using 20 reps

Sample_size       Mean       Median     Min        Max        StdDev     Outliers
 40               14.678538   14.603138   14.543533   15.449524   0.160650   1
reference_Device mean time    = 14.678538 microseconds +/- 0.314873
reference_Device median time  = 14.603138 microseconds

--------------------------------------------------------
Computing TARGET_DEVICE_27 time using 80 reps

Sample_size       Mean       Median     Min        Max        StdDev     Outliers
 40               33.705011   33.755600   33.286214   34.272671   0.253238   0
TARGET_DEVICE_27 mean time    = 33.705011 microseconds +/- 0.496347
TARGET_DEVICE_27 overhead     = 19.026473 microseconds +/- 0.811220
TARGET_DEVICE_27 median_ovrhd = 19.152462 microseconds 
************************************************************************************************************************************************************************
Running OpenMP benchmark version 4.0
	1 thread(s)
	40 outer repetitions
	1000.00 test time (microseconds)
	980 delay length (iterations) 
	0.100000 delay time (microseconds)

--------------------------------------------------------
Computing reference_Device time using 20 reps

Sample_size       Mean       Median     Min        Max        StdDev     Outliers
 40               15.109777   15.056133   14.996529   15.795231   0.132746   1
reference_Device mean time    = 15.109777 microseconds +/- 0.260182
reference_Device median time  = 15.056133 microseconds

--------------------------------------------------------
Computing TARGET_DEVICE_27 time using 80 reps

Sample_size       Mean       Median     Min        Max        StdDev     Outliers
 40               34.153759   34.086406   33.727288   34.788251   0.218744   0
TARGET_DEVICE_27 mean time    = 34.153759 microseconds +/- 0.428739
TARGET_DEVICE_27 overhead     = 19.043982 microseconds +/- 0.688921
TARGET_DEVICE_27 median_ovrhd = 19.030273 microseconds 
************************************************************************************************************************************************************************
Running OpenMP benchmark version 4.0
	1 thread(s)
	40 outer repetitions
	1000.00 test time (microseconds)
	1000 delay length (iterations) 
	0.100000 delay time (microseconds)

--------------------------------------------------------
Computing reference_Device time using 20 reps

Sample_size       Mean       Median     Min        Max        StdDev     Outliers
 40               15.463829   15.544891   15.139580   16.009808   0.184070   0
reference_Device mean time    = 15.463829 microseconds +/- 0.360776
reference_Device median time  = 15.544891 microseconds

--------------------------------------------------------
Computing TARGET_DEVICE_27 time using 80 reps

Sample_size       Mean       Median     Min        Max        StdDev     Outliers
 40               34.371912   34.417212   33.947825   34.737587   0.206547   0
TARGET_DEVICE_27 mean time    = 34.371912 microseconds +/- 0.404833
TARGET_DEVICE_27 overhead     = 18.908083 microseconds +/- 0.765609
TARGET_DEVICE_27 median_ovrhd = 18.872321 microseconds 
