************************************************************************************************************************************************************************
Running OpenMP benchmark version 4.0
	1 thread(s)
	40 outer repetitions
	1000.00 test time (microseconds)
	20 delay length (iterations) 
	0.100000 delay time (microseconds)

--------------------------------------------------------
Computing reference_Device time using 20 reps

Sample_size       Mean       Median     Min        Max        StdDev     Outliers
 40               1.779795   1.752377   1.692772   2.145767   0.076269   1
reference_Device mean time    = 1.779795 microseconds +/- 0.149487
reference_Device median time  = 1.752377 microseconds

--------------------------------------------------------
Computing TARGET_DEVICE_27 time using 160 reps

Sample_size       Mean       Median     Min        Max        StdDev     Outliers
 40               24.426244   24.518371   23.587048   24.974346   0.358530   0
TARGET_DEVICE_27 mean time    = 24.426244 microseconds +/- 0.702718
TARGET_DEVICE_27 overhead     = 22.646450 microseconds +/- 0.852206
TARGET_DEVICE_27 median_ovrhd = 22.765994 microseconds 
************************************************************************************************************************************************************************
Running OpenMP benchmark version 4.0
	1 thread(s)
	40 outer repetitions
	1000.00 test time (microseconds)
	40 delay length (iterations) 
	0.100000 delay time (microseconds)

--------------------------------------------------------
Computing reference_Device time using 20 reps

Sample_size       Mean       Median     Min        Max        StdDev     Outliers
 40               1.808703   1.776218   1.692772   2.694130   0.161523   1
reference_Device mean time    = 1.808703 microseconds +/- 0.316584
reference_Device median time  = 1.776218 microseconds

--------------------------------------------------------
Computing TARGET_DEVICE_27 time using 160 reps

Sample_size       Mean       Median     Min        Max        StdDev     Outliers
 40               24.452507   24.528056   23.737550   24.881959   0.308539   0
TARGET_DEVICE_27 mean time    = 24.452507 microseconds +/- 0.604736
TARGET_DEVICE_27 overhead     = 22.643805 microseconds +/- 0.921320
TARGET_DEVICE_27 median_ovrhd = 22.751838 microseconds 
************************************************************************************************************************************************************************
Running OpenMP benchmark version 4.0
	1 thread(s)
	40 outer repetitions
	1000.00 test time (microseconds)
	60 delay length (iterations) 
	0.100000 delay time (microseconds)

--------------------------------------------------------
Computing reference_Device time using 20 reps

Sample_size       Mean       Median     Min        Max        StdDev     Outliers
 40               2.265871   2.253056   2.193451   3.004074   0.127091   1
reference_Device mean time    = 2.265871 microseconds +/- 0.249099
reference_Device median time  = 2.253056 microseconds

--------------------------------------------------------
Computing TARGET_DEVICE_27 time using 80 reps

Sample_size       Mean       Median     Min        Max        StdDev     Outliers
 40               24.517179   24.500489   23.862720   25.200844   0.261915   0
TARGET_DEVICE_27 mean time    = 24.517179 microseconds +/- 0.513354
TARGET_DEVICE_27 overhead     = 22.251308 microseconds +/- 0.762453
TARGET_DEVICE_27 median_ovrhd = 22.247434 microseconds 
************************************************************************************************************************************************************************
Running OpenMP benchmark version 4.0
	1 thread(s)
	40 outer repetitions
	1000.00 test time (microseconds)
	80 delay length (iterations) 
	0.100000 delay time (microseconds)

--------------------------------------------------------
Computing reference_Device time using 20 reps

Sample_size       Mean       Median     Min        Max        StdDev     Outliers
 40               2.571344   2.646446   2.300739   3.004074   0.186859   0
reference_Device mean time    = 2.571344 microseconds +/- 0.366244
reference_Device median time  = 2.646446 microseconds

--------------------------------------------------------
Computing TARGET_DEVICE_27 time using 80 reps

Sample_size       Mean       Median     Min        Max        StdDev     Outliers
 40               24.473742   24.506450   24.035573   25.236607   0.273111   0
TARGET_DEVICE_27 mean time    = 24.473742 microseconds +/- 0.535297
TARGET_DEVICE_27 overhead     = 21.902397 microseconds +/- 0.901541
TARGET_DEVICE_27 median_ovrhd = 21.860003 microseconds 
************************************************************************************************************************************************************************
Running OpenMP benchmark version 4.0
	1 thread(s)
	40 outer repetitions
	1000.00 test time (microseconds)
	100 delay length (iterations) 
	0.100000 delay time (microseconds)

--------------------------------------------------------
Computing reference_Device time using 20 reps

Sample_size       Mean       Median     Min        Max        StdDev     Outliers
 40               2.748370   2.741814   2.646446   3.492832   0.129521   1
reference_Device mean time    = 2.748370 microseconds +/- 0.253861
reference_Device median time  = 2.741814 microseconds

--------------------------------------------------------
Computing TARGET_DEVICE_27 time using 80 reps

Sample_size       Mean       Median     Min        Max        StdDev     Outliers
 40               24.872497   24.923682   24.187565   25.287271   0.237147   0
TARGET_DEVICE_27 mean time    = 24.872497 microseconds +/- 0.464807
TARGET_DEVICE_27 overhead     = 22.124127 microseconds +/- 0.718669
TARGET_DEVICE_27 median_ovrhd = 22.181869 microseconds 
************************************************************************************************************************************************************************
Running OpenMP benchmark version 4.0
	1 thread(s)
	40 outer repetitions
	1000.00 test time (microseconds)
	120 delay length (iterations) 
	0.100000 delay time (microseconds)

--------------------------------------------------------
Computing reference_Device time using 20 reps

Sample_size       Mean       Median     Min        Max        StdDev     Outliers
 40               3.203750   3.194809   3.099442   3.850460   0.113406   1
reference_Device mean time    = 3.203750 microseconds +/- 0.222275
reference_Device median time  = 3.194809 microseconds

--------------------------------------------------------
Computing TARGET_DEVICE_27 time using 80 reps

Sample_size       Mean       Median     Min        Max        StdDev     Outliers
 40               24.925694   24.919212   24.586916   25.299191   0.163184   0
TARGET_DEVICE_27 mean time    = 24.925694 microseconds +/- 0.319841
TARGET_DEVICE_27 overhead     = 21.721944 microseconds +/- 0.542116
TARGET_DEVICE_27 median_ovrhd = 21.724403 microseconds 
************************************************************************************************************************************************************************
Running OpenMP benchmark version 4.0
	1 thread(s)
	40 outer repetitions
	1000.00 test time (microseconds)
	140 delay length (iterations) 
	0.100000 delay time (microseconds)

--------------------------------------------------------
Computing reference_Device time using 20 reps

Sample_size       Mean       Median     Min        Max        StdDev     Outliers
 40               3.212690   3.194809   3.099442   3.850460   0.118811   1
reference_Device mean time    = 3.212690 microseconds +/- 0.232870
reference_Device median time  = 3.194809 microseconds

--------------------------------------------------------
Computing TARGET_DEVICE_27 time using 80 reps

Sample_size       Mean       Median     Min        Max        StdDev     Outliers
 40               24.660900   24.712086   24.148822   25.287271   0.265824   0
TARGET_DEVICE_27 mean time    = 24.660900 microseconds +/- 0.521015
TARGET_DEVICE_27 overhead     = 21.448210 microseconds +/- 0.753886
TARGET_DEVICE_27 median_ovrhd = 21.517277 microseconds 
************************************************************************************************************************************************************************
Running OpenMP benchmark version 4.0
	1 thread(s)
	40 outer repetitions
	1000.00 test time (microseconds)
	160 delay length (iterations) 
	0.100000 delay time (microseconds)

--------------------------------------------------------
Computing reference_Device time using 20 reps

Sample_size       Mean       Median     Min        Max        StdDev     Outliers
 40               3.665090   3.647804   3.552437   4.351139   0.124002   1
reference_Device mean time    = 3.665090 microseconds +/- 0.243044
reference_Device median time  = 3.647804 microseconds

--------------------------------------------------------
Computing TARGET_DEVICE_27 time using 160 reps

Sample_size       Mean       Median     Min        Max        StdDev     Outliers
 40               24.846382   24.874508   24.375319   25.105476   0.163921   0
TARGET_DEVICE_27 mean time    = 24.846382 microseconds +/- 0.321285
TARGET_DEVICE_27 overhead     = 21.181293 microseconds +/- 0.564329
TARGET_DEVICE_27 median_ovrhd = 21.226704 microseconds 
************************************************************************************************************************************************************************
Running OpenMP benchmark version 4.0
	1 thread(s)
	40 outer repetitions
	1000.00 test time (microseconds)
	180 delay length (iterations) 
	0.100000 delay time (microseconds)

--------------------------------------------------------
Computing reference_Device time using 20 reps

Sample_size       Mean       Median     Min        Max        StdDev     Outliers
 40               4.030168   4.053116   3.695488   4.553795   0.183756   0
reference_Device mean time    = 4.030168 microseconds +/- 0.360162
reference_Device median time  = 4.053116 microseconds

--------------------------------------------------------
Computing TARGET_DEVICE_27 time using 160 reps

Sample_size       Mean       Median     Min        Max        StdDev     Outliers
 40               24.646111   24.725497   24.124980   25.032461   0.237609   0
TARGET_DEVICE_27 mean time    = 24.646111 microseconds +/- 0.465713
TARGET_DEVICE_27 overhead     = 20.615943 microseconds +/- 0.825876
TARGET_DEVICE_27 median_ovrhd = 20.672381 microseconds 
************************************************************************************************************************************************************************
Running OpenMP benchmark version 4.0
	1 thread(s)
	40 outer repetitions
	1000.00 test time (microseconds)
	200 delay length (iterations) 
	0.100000 delay time (microseconds)

--------------------------------------------------------
Computing reference_Device time using 20 reps

Sample_size       Mean       Median     Min        Max        StdDev     Outliers
 40               4.134774   4.100800   4.041195   4.851818   0.134398   1
reference_Device mean time    = 4.134774 microseconds +/- 0.263419
reference_Device median time  = 4.100800 microseconds

--------------------------------------------------------
Computing TARGET_DEVICE_27 time using 160 reps

Sample_size       Mean       Median     Min        Max        StdDev     Outliers
 40               24.413280   24.425238   23.837388   24.999678   0.317382   0
TARGET_DEVICE_27 mean time    = 24.413280 microseconds +/- 0.622069
TARGET_DEVICE_27 overhead     = 20.278506 microseconds +/- 0.885489
TARGET_DEVICE_27 median_ovrhd = 20.324439 microseconds 
************************************************************************************************************************************************************************
Running OpenMP benchmark version 4.0
	1 thread(s)
	40 outer repetitions
	1000.00 test time (microseconds)
	220 delay length (iterations) 
	0.100000 delay time (microseconds)

--------------------------------------------------------
Computing reference_Device time using 20 reps

Sample_size       Mean       Median     Min        Max        StdDev     Outliers
 40               4.568696   4.553795   4.398823   5.197525   0.125050   1
reference_Device mean time    = 4.568696 microseconds +/- 0.245097
reference_Device median time  = 4.553795 microseconds

--------------------------------------------------------
Computing TARGET_DEVICE_27 time using 160 reps

Sample_size       Mean       Median     Min        Max        StdDev     Outliers
 40               24.670325   24.686754   24.218857   25.162101   0.219986   0
TARGET_DEVICE_27 mean time    = 24.670325 microseconds +/- 0.431172
TARGET_DEVICE_27 overhead     = 20.101629 microseconds +/- 0.676269
TARGET_DEVICE_27 median_ovrhd = 20.132959 microseconds 
************************************************************************************************************************************************************************
Running OpenMP benchmark version 4.0
	1 thread(s)
	40 outer repetitions
	1000.00 test time (microseconds)
	240 delay length (iterations) 
	0.100000 delay time (microseconds)

--------------------------------------------------------
Computing reference_Device time using 20 reps

Sample_size       Mean       Median     Min        Max        StdDev     Outliers
 40               4.726350   4.601479   4.541874   5.257130   0.193541   0
reference_Device mean time    = 4.726350 microseconds +/- 0.379341
reference_Device median time  = 4.601479 microseconds

--------------------------------------------------------
Computing TARGET_DEVICE_27 time using 80 reps

Sample_size       Mean       Median     Min        Max        StdDev     Outliers
 40               24.572462   24.649501   23.925304   25.060773   0.275087   0
TARGET_DEVICE_27 mean time    = 24.572462 microseconds +/- 0.539171
TARGET_DEVICE_27 overhead     = 19.846112 microseconds +/- 0.918512
TARGET_DEVICE_27 median_ovrhd = 20.048022 microseconds 
************************************************************************************************************************************************************************
Running OpenMP benchmark version 4.0
	1 thread(s)
	40 outer repetitions
	1000.00 test time (microseconds)
	260 delay length (iterations) 
	0.100000 delay time (microseconds)

--------------------------------------------------------
Computing reference_Device time using 20 reps

Sample_size       Mean       Median     Min        Max        StdDev     Outliers
 40               5.051196   5.042553   4.899502   5.793571   0.135866   1
reference_Device mean time    = 5.051196 microseconds +/- 0.266296
reference_Device median time  = 5.042553 microseconds

--------------------------------------------------------
Computing TARGET_DEVICE_27 time using 80 reps

Sample_size       Mean       Median     Min        Max        StdDev     Outliers
 40               24.963170   24.999678   24.485588   25.564432   0.260435   0
TARGET_DEVICE_27 mean time    = 24.963170 microseconds +/- 0.510452
TARGET_DEVICE_27 overhead     = 19.911975 microseconds +/- 0.776748
TARGET_DEVICE_27 median_ovrhd = 19.957125 microseconds 
************************************************************************************************************************************************************************
Running OpenMP benchmark version 4.0
	1 thread(s)
	40 outer repetitions
	1000.00 test time (microseconds)
	280 delay length (iterations) 
	0.100000 delay time (microseconds)

--------------------------------------------------------
Computing reference_Device time using 20 reps

Sample_size       Mean       Median     Min        Max        StdDev     Outliers
 40               5.379915   5.352497   5.090237   6.151199   0.199351   2
reference_Device mean time    = 5.379915 microseconds +/- 0.390728
reference_Device median time  = 5.352497 microseconds

--------------------------------------------------------
Computing TARGET_DEVICE_27 time using 80 reps

Sample_size       Mean       Median     Min        Max        StdDev     Outliers
 40               25.078431   25.069714   24.688244   25.451183   0.152991   0
TARGET_DEVICE_27 mean time    = 25.078431 microseconds +/- 0.299862
TARGET_DEVICE_27 overhead     = 19.698516 microseconds +/- 0.690590
TARGET_DEVICE_27 median_ovrhd = 19.717216 microseconds 
************************************************************************************************************************************************************************
Running OpenMP benchmark version 4.0
	1 thread(s)
	40 outer repetitions
	1000.00 test time (microseconds)
	300 delay length (iterations) 
	0.100000 delay time (microseconds)

--------------------------------------------------------
Computing reference_Device time using 20 reps

Sample_size       Mean       Median     Min        Max        StdDev     Outliers
 40               5.494952   5.453825   5.340576   6.246567   0.176897   2
reference_Device mean time    = 5.494952 microseconds +/- 0.346719
reference_Device median time  = 5.453825 microseconds

--------------------------------------------------------
Computing TARGET_DEVICE_27 time using 160 reps

Sample_size       Mean       Median     Min        Max        StdDev     Outliers
 40               24.611093   24.677813   23.993850   25.044382   0.241609   0
TARGET_DEVICE_27 mean time    = 24.611093 microseconds +/- 0.473553
TARGET_DEVICE_27 overhead     = 19.116141 microseconds +/- 0.820272
TARGET_DEVICE_27 median_ovrhd = 19.223988 microseconds 
************************************************************************************************************************************************************************
Running OpenMP benchmark version 4.0
	1 thread(s)
	40 outer repetitions
	1000.00 test time (microseconds)
	320 delay length (iterations) 
	0.100000 delay time (microseconds)

--------------------------------------------------------
Computing reference_Device time using 20 reps

Sample_size       Mean       Median     Min        Max        StdDev     Outliers
 40               5.920231   5.900860   5.793571   6.556511   0.120567   1
reference_Device mean time    = 5.920231 microseconds +/- 0.236312
reference_Device median time  = 5.900860 microseconds

--------------------------------------------------------
Computing TARGET_DEVICE_27 time using 160 reps

Sample_size       Mean       Median     Min        Max        StdDev     Outliers
 40               24.600178   24.665147   24.068356   25.019050   0.246650   0
TARGET_DEVICE_27 mean time    = 24.600178 microseconds +/- 0.483434
TARGET_DEVICE_27 overhead     = 18.679947 microseconds +/- 0.719746
TARGET_DEVICE_27 median_ovrhd = 18.764287 microseconds 
************************************************************************************************************************************************************************
Running OpenMP benchmark version 4.0
	1 thread(s)
	40 outer repetitions
	1000.00 test time (microseconds)
	340 delay length (iterations) 
	0.100000 delay time (microseconds)

--------------------------------------------------------
Computing reference_Device time using 20 reps

Sample_size       Mean       Median     Min        Max        StdDev     Outliers
 40               6.129742   6.026030   5.948544   6.651878   0.180733   0
reference_Device mean time    = 6.129742 microseconds +/- 0.354237
reference_Device median time  = 6.026030 microseconds

--------------------------------------------------------
Computing TARGET_DEVICE_27 time using 80 reps

Sample_size       Mean       Median     Min        Max        StdDev     Outliers
 40               24.795607   24.837255   24.238229   25.200844   0.253647   0
TARGET_DEVICE_27 mean time    = 24.795607 microseconds +/- 0.497148
TARGET_DEVICE_27 overhead     = 18.665865 microseconds +/- 0.851385
TARGET_DEVICE_27 median_ovrhd = 18.811226 microseconds 
************************************************************************************************************************************************************************
Running OpenMP benchmark version 4.0
	1 thread(s)
	40 outer repetitions
	1000.00 test time (microseconds)
	360 delay length (iterations) 
	0.100000 delay time (microseconds)

--------------------------------------------------------
Computing reference_Device time using 20 reps

Sample_size       Mean       Median     Min        Max        StdDev     Outliers
 40               6.392598   6.401539   6.198883   7.045269   0.134023   1
reference_Device mean time    = 6.392598 microseconds +/- 0.262685
reference_Device median time  = 6.401539 microseconds

--------------------------------------------------------
Computing TARGET_DEVICE_27 time using 80 reps

Sample_size       Mean       Median     Min        Max        StdDev     Outliers
 40               24.737194   24.749339   23.987889   25.475025   0.258286   0
TARGET_DEVICE_27 mean time    = 24.737194 microseconds +/- 0.506241
TARGET_DEVICE_27 overhead     = 18.344596 microseconds +/- 0.768926
TARGET_DEVICE_27 median_ovrhd = 18.347800 microseconds 
************************************************************************************************************************************************************************
Running OpenMP benchmark version 4.0
	1 thread(s)
	40 outer repetitions
	1000.00 test time (microseconds)
	380 delay length (iterations) 
	0.100000 delay time (microseconds)

--------------------------------------------------------
Computing reference_Device time using 20 reps

Sample_size       Mean       Median     Min        Max        StdDev     Outliers
 40               6.837547   6.824732   6.747246   7.200241   0.080847   1
reference_Device mean time    = 6.837547 microseconds +/- 0.158459
reference_Device median time  = 6.824732 microseconds

--------------------------------------------------------
Computing TARGET_DEVICE_27 time using 160 reps

Sample_size       Mean       Median     Min        Max        StdDev     Outliers
 40               24.606884   24.677813   23.762882   25.007129   0.277331   1
TARGET_DEVICE_27 mean time    = 24.606884 microseconds +/- 0.543569
TARGET_DEVICE_27 overhead     = 17.769337 microseconds +/- 0.702028
TARGET_DEVICE_27 median_ovrhd = 17.853081 microseconds 
************************************************************************************************************************************************************************
Running OpenMP benchmark version 4.0
	1 thread(s)
	40 outer repetitions
	1000.00 test time (microseconds)
	400 delay length (iterations) 
	0.100000 delay time (microseconds)

--------------------------------------------------------
Computing reference_Device time using 20 reps

Sample_size       Mean       Median     Min        Max        StdDev     Outliers
 40               6.912053   6.842613   6.747246   7.545948   0.172664   1
reference_Device mean time    = 6.912053 microseconds +/- 0.338421
reference_Device median time  = 6.842613 microseconds

--------------------------------------------------------
Computing TARGET_DEVICE_27 time using 160 reps

Sample_size       Mean       Median     Min        Max        StdDev     Outliers
 40               24.571419   24.649501   23.643672   25.087595   0.314351   0
TARGET_DEVICE_27 mean time    = 24.571419 microseconds +/- 0.616127
TARGET_DEVICE_27 overhead     = 17.659366 microseconds +/- 0.954548
TARGET_DEVICE_27 median_ovrhd = 17.806888 microseconds 
************************************************************************************************************************************************************************
Running OpenMP benchmark version 4.0
	1 thread(s)
	40 outer repetitions
	1000.00 test time (microseconds)
	420 delay length (iterations) 
	0.100000 delay time (microseconds)

--------------------------------------------------------
Computing reference_Device time using 20 reps

Sample_size       Mean       Median     Min        Max        StdDev     Outliers
 40               7.312596   7.295609   7.200241   8.153915   0.152564   1
reference_Device mean time    = 7.312596 microseconds +/- 0.299026
reference_Device median time  = 7.295609 microseconds

--------------------------------------------------------
Computing TARGET_DEVICE_27 time using 160 reps

Sample_size       Mean       Median     Min        Max        StdDev     Outliers
 40               24.802051   24.827570   23.981929   25.312603   0.266923   1
TARGET_DEVICE_27 mean time    = 24.802051 microseconds +/- 0.523169
TARGET_DEVICE_27 overhead     = 17.489456 microseconds +/- 0.822195
TARGET_DEVICE_27 median_ovrhd = 17.531961 microseconds 
************************************************************************************************************************************************************************
Running OpenMP benchmark version 4.0
	1 thread(s)
	40 outer repetitions
	1000.00 test time (microseconds)
	440 delay length (iterations) 
	0.100000 delay time (microseconds)

--------------------------------------------------------
Computing reference_Device time using 20 reps

Sample_size       Mean       Median     Min        Max        StdDev     Outliers
 40               7.593930   7.653236   7.343292   8.249283   0.195070   1
reference_Device mean time    = 7.593930 microseconds +/- 0.382337
reference_Device median time  = 7.653236 microseconds

--------------------------------------------------------
Computing TARGET_DEVICE_27 time using 160 reps

Sample_size       Mean       Median     Min        Max        StdDev     Outliers
 40               24.854541   24.905801   23.780763   28.350949   0.689275   1
TARGET_DEVICE_27 mean time    = 24.854541 microseconds +/- 1.350980
TARGET_DEVICE_27 overhead     = 17.260611 microseconds +/- 1.733317
TARGET_DEVICE_27 median_ovrhd = 17.252564 microseconds 
************************************************************************************************************************************************************************
Running OpenMP benchmark version 4.0
	1 thread(s)
	40 outer repetitions
	1000.00 test time (microseconds)
	460 delay length (iterations) 
	0.100000 delay time (microseconds)

--------------------------------------------------------
Computing reference_Device time using 20 reps

Sample_size       Mean       Median     Min        Max        StdDev     Outliers
 40               7.753670   7.724762   7.641315   8.594990   0.152946   1
reference_Device mean time    = 7.753670 microseconds +/- 0.299774
reference_Device median time  = 7.724762 microseconds

--------------------------------------------------------
Computing TARGET_DEVICE_27 time using 160 reps

Sample_size       Mean       Median     Min        Max        StdDev     Outliers
 40               24.730787   24.762750   24.218857   25.030971   0.190710   0
TARGET_DEVICE_27 mean time    = 24.730787 microseconds +/- 0.373791
TARGET_DEVICE_27 overhead     = 16.977116 microseconds +/- 0.673565
TARGET_DEVICE_27 median_ovrhd = 17.037988 microseconds 
************************************************************************************************************************************************************************
Running OpenMP benchmark version 4.0
	1 thread(s)
	40 outer repetitions
	1000.00 test time (microseconds)
	480 delay length (iterations) 
	0.100000 delay time (microseconds)

--------------------------------------------------------
Computing reference_Device time using 20 reps

Sample_size       Mean       Median     Min        Max        StdDev     Outliers
 40               8.135140   8.141994   7.951260   8.594990   0.112733   1
reference_Device mean time    = 8.135140 microseconds +/- 0.220957
reference_Device median time  = 8.141994 microseconds

--------------------------------------------------------
Computing TARGET_DEVICE_27 time using 160 reps

Sample_size       Mean       Median     Min        Max        StdDev     Outliers
 40               24.434216   24.487078   23.606420   24.881959   0.310783   0
TARGET_DEVICE_27 mean time    = 24.434216 microseconds +/- 0.609134
TARGET_DEVICE_27 overhead     = 16.299076 microseconds +/- 0.830092
TARGET_DEVICE_27 median_ovrhd = 16.345084 microseconds 
************************************************************************************************************************************************************************
Running OpenMP benchmark version 4.0
	1 thread(s)
	40 outer repetitions
	1000.00 test time (microseconds)
	500 delay length (iterations) 
	0.100000 delay time (microseconds)

--------------------------------------------------------
Computing reference_Device time using 20 reps

Sample_size       Mean       Median     Min        Max        StdDev     Outliers
 40               8.277297   8.249283   8.153915   9.000301   0.150536   1
reference_Device mean time    = 8.277297 microseconds +/- 0.295051
reference_Device median time  = 8.249283 microseconds

--------------------------------------------------------
Computing TARGET_DEVICE_27 time using 160 reps

Sample_size       Mean       Median     Min        Max        StdDev     Outliers
 40               24.830624   24.922192   23.688376   25.461614   0.404319   0
TARGET_DEVICE_27 mean time    = 24.830624 microseconds +/- 0.792465
TARGET_DEVICE_27 overhead     = 16.553327 microseconds +/- 1.087516
TARGET_DEVICE_27 median_ovrhd = 16.672909 microseconds 
************************************************************************************************************************************************************************
Running OpenMP benchmark version 4.0
	1 thread(s)
	40 outer repetitions
	1000.00 test time (microseconds)
	520 delay length (iterations) 
	0.100000 delay time (microseconds)

--------------------------------------------------------
Computing reference_Device time using 20 reps

Sample_size       Mean       Median     Min        Max        StdDev     Outliers
 40               8.668900   8.642673   8.547306   9.357929   0.136460   1
reference_Device mean time    = 8.668900 microseconds +/- 0.267462
reference_Device median time  = 8.642673 microseconds

--------------------------------------------------------
Computing TARGET_DEVICE_27 time using 80 reps

Sample_size       Mean       Median     Min        Max        StdDev     Outliers
 40               26.068389   25.957823   25.349855   27.263165   0.452252   0
TARGET_DEVICE_27 mean time    = 26.068389 microseconds +/- 0.886413
TARGET_DEVICE_27 overhead     = 17.399490 microseconds +/- 1.153875
TARGET_DEVICE_27 median_ovrhd = 17.315149 microseconds 
************************************************************************************************************************************************************************
Running OpenMP benchmark version 4.0
	1 thread(s)
	40 outer repetitions
	1000.00 test time (microseconds)
	540 delay length (iterations) 
	0.100000 delay time (microseconds)

--------------------------------------------------------
Computing reference_Device time using 20 reps

Sample_size       Mean       Median     Min        Max        StdDev     Outliers
 40               8.993745   9.047985   8.749962   9.644032   0.199547   1
reference_Device mean time    = 8.993745 microseconds +/- 0.391113
reference_Device median time  = 9.047985 microseconds

--------------------------------------------------------
Computing TARGET_DEVICE_27 time using 80 reps

Sample_size       Mean       Median     Min        Max        StdDev     Outliers
 40               26.437789   26.381016   25.939941   27.036667   0.300834   0
TARGET_DEVICE_27 mean time    = 26.437789 microseconds +/- 0.589635
TARGET_DEVICE_27 overhead     = 17.444044 microseconds +/- 0.980748
TARGET_DEVICE_27 median_ovrhd = 17.333031 microseconds 
************************************************************************************************************************************************************************
Running OpenMP benchmark version 4.0
	1 thread(s)
	40 outer repetitions
	1000.00 test time (microseconds)
	560 delay length (iterations) 
	0.100000 delay time (microseconds)

--------------------------------------------------------
Computing reference_Device time using 20 reps

Sample_size       Mean       Median     Min        Max        StdDev     Outliers
 40               9.146333   9.107590   9.000301   9.953976   0.152609   1
reference_Device mean time    = 9.146333 microseconds +/- 0.299113
reference_Device median time  = 9.107590 microseconds

--------------------------------------------------------
Computing TARGET_DEVICE_27 time using 80 reps

Sample_size       Mean       Median     Min        Max        StdDev     Outliers
 40               29.090941   29.030442   28.464198   30.010939   0.407740   0
TARGET_DEVICE_27 mean time    = 29.090941 microseconds +/- 0.799170
TARGET_DEVICE_27 overhead     = 19.944608 microseconds +/- 1.098283
TARGET_DEVICE_27 median_ovrhd = 19.922853 microseconds 
************************************************************************************************************************************************************************
Running OpenMP benchmark version 4.0
	1 thread(s)
	40 outer repetitions
	1000.00 test time (microseconds)
	580 delay length (iterations) 
	0.100000 delay time (microseconds)

--------------------------------------------------------
Computing reference_Device time using 20 reps

Sample_size       Mean       Median     Min        Max        StdDev     Outliers
 40               9.579957   9.548664   9.453297   10.299683   0.133504   1
reference_Device mean time    = 9.579957 microseconds +/- 0.261667
reference_Device median time  = 9.548664 microseconds

--------------------------------------------------------
Computing TARGET_DEVICE_27 time using 80 reps

Sample_size       Mean       Median     Min        Max        StdDev     Outliers
 40               32.256916   32.299757   31.062961   33.426285   0.485792   0
TARGET_DEVICE_27 mean time    = 32.256916 microseconds +/- 0.952151
TARGET_DEVICE_27 overhead     = 22.676960 microseconds +/- 1.213819
TARGET_DEVICE_27 median_ovrhd = 22.751093 microseconds 
************************************************************************************************************************************************************************
Running OpenMP benchmark version 4.0
	1 thread(s)
	40 outer repetitions
	1000.00 test time (microseconds)
	600 delay length (iterations) 
	0.100000 delay time (microseconds)

--------------------------------------------------------
Computing reference_Device time using 20 reps

Sample_size       Mean       Median     Min        Max        StdDev     Outliers
 40               9.728670   9.655952   9.548664   10.395050   0.184141   1
reference_Device mean time    = 9.728670 microseconds +/- 0.360916
reference_Device median time  = 9.655952 microseconds

--------------------------------------------------------
Computing TARGET_DEVICE_27 time using 80 reps

Sample_size       Mean       Median     Min        Max        StdDev     Outliers
 40               33.604130   33.631921   32.976270   34.010410   0.216760   0
TARGET_DEVICE_27 mean time    = 33.604130 microseconds +/- 0.424849
TARGET_DEVICE_27 overhead     = 23.875460 microseconds +/- 0.785765
TARGET_DEVICE_27 median_ovrhd = 23.975968 microseconds 
************************************************************************************************************************************************************************
Running OpenMP benchmark version 4.0
	1 thread(s)
	40 outer repetitions
	1000.00 test time (microseconds)
	620 delay length (iterations) 
	0.100000 delay time (microseconds)

--------------------------------------------------------
Computing reference_Device time using 20 reps

Sample_size       Mean       Median     Min        Max        StdDev     Outliers
 40               10.081232   10.049343   9.942055   10.800362   0.164017   1
reference_Device mean time    = 10.081232 microseconds +/- 0.321472
reference_Device median time  = 10.049343 microseconds

--------------------------------------------------------
Computing TARGET_DEVICE_27 time using 80 reps

Sample_size       Mean       Median     Min        Max        StdDev     Outliers
 40               33.807829   33.850968   33.387542   34.400821   0.253040   0
TARGET_DEVICE_27 mean time    = 33.807829 microseconds +/- 0.495958
TARGET_DEVICE_27 overhead     = 23.726597 microseconds +/- 0.817431
TARGET_DEVICE_27 median_ovrhd = 23.801625 microseconds 
************************************************************************************************************************************************************************
Running OpenMP benchmark version 4.0
	1 thread(s)
	40 outer repetitions
	1000.00 test time (microseconds)
	640 delay length (iterations) 
	0.100000 delay time (microseconds)

--------------------------------------------------------
Computing reference_Device time using 20 reps

Sample_size       Mean       Median     Min        Max        StdDev     Outliers
 40               10.449886   10.454655   10.144711   11.253357   0.180261   1
reference_Device mean time    = 10.449886 microseconds +/- 0.353312
reference_Device median time  = 10.454655 microseconds

--------------------------------------------------------
Computing TARGET_DEVICE_27 time using 80 reps

Sample_size       Mean       Median     Min        Max        StdDev     Outliers
 40               33.933148   33.912063   33.286214   34.439564   0.284186   0
TARGET_DEVICE_27 mean time    = 33.933148 microseconds +/- 0.557004
TARGET_DEVICE_27 overhead     = 23.483261 microseconds +/- 0.910316
TARGET_DEVICE_27 median_ovrhd = 23.457408 microseconds 
************************************************************************************************************************************************************************
Running OpenMP benchmark version 4.0
	1 thread(s)
	40 outer repetitions
	1000.00 test time (microseconds)
	660 delay length (iterations) 
	0.100000 delay time (microseconds)

--------------------------------------------------------
Computing reference_Device time using 20 reps

Sample_size       Mean       Median     Min        Max        StdDev     Outliers
 40               10.544956   10.454655   10.406971   11.396408   0.177287   1
reference_Device mean time    = 10.544956 microseconds +/- 0.347482
reference_Device median time  = 10.454655 microseconds

--------------------------------------------------------
Computing TARGET_DEVICE_27 time using 80 reps

Sample_size       Mean       Median     Min        Max        StdDev     Outliers
 40               34.131929   34.180284   33.625960   34.576654   0.214701   0
TARGET_DEVICE_27 mean time    = 34.131929 microseconds +/- 0.420815
TARGET_DEVICE_27 overhead     = 23.586974 microseconds +/- 0.768297
TARGET_DEVICE_27 median_ovrhd = 23.725629 microseconds 
************************************************************************************************************************************************************************
Running OpenMP benchmark version 4.0
	1 thread(s)
	40 outer repetitions
	1000.00 test time (microseconds)
	680 delay length (iterations) 
	0.100000 delay time (microseconds)

--------------------------------------------------------
Computing reference_Device time using 20 reps

Sample_size       Mean       Median     Min        Max        StdDev     Outliers
 40               10.965168   10.949373   10.752678   11.396408   0.108685   1
reference_Device mean time    = 10.965168 microseconds +/- 0.213022
reference_Device median time  = 10.949373 microseconds

--------------------------------------------------------
Computing TARGET_DEVICE_27 time using 80 reps

Sample_size       Mean       Median     Min        Max        StdDev     Outliers
 40               33.896863   33.912063   33.473969   34.251809   0.206703   0
TARGET_DEVICE_27 mean time    = 33.896863 microseconds +/- 0.405139
TARGET_DEVICE_27 overhead     = 22.931695 microseconds +/- 0.618161
TARGET_DEVICE_27 median_ovrhd = 22.962689 microseconds 
************************************************************************************************************************************************************************
Running OpenMP benchmark version 4.0
	1 thread(s)
	40 outer repetitions
	1000.00 test time (microseconds)
	700 delay length (iterations) 
	0.100000 delay time (microseconds)

--------------------------------------------------------
Computing reference_Device time using 20 reps

Sample_size       Mean       Median     Min        Max        StdDev     Outliers
 40               11.132658   11.050701   10.907650   11.849403   0.203887   1
reference_Device mean time    = 11.132658 microseconds +/- 0.399619
reference_Device median time  = 11.050701 microseconds

--------------------------------------------------------
Computing TARGET_DEVICE_27 time using 80 reps

Sample_size       Mean       Median     Min        Max        StdDev     Outliers
 40               33.849329   33.837557   33.548474   34.326315   0.197893   0
TARGET_DEVICE_27 mean time    = 33.849329 microseconds +/- 0.387871
TARGET_DEVICE_27 overhead     = 22.716671 microseconds +/- 0.787490
TARGET_DEVICE_27 median_ovrhd = 22.786856 microseconds 
************************************************************************************************************************************************************************
Running OpenMP benchmark version 4.0
	1 thread(s)
	40 outer repetitions
	1000.00 test time (microseconds)
	720 delay length (iterations) 
	0.100000 delay time (microseconds)

--------------------------------------------------------
Computing reference_Device time using 20 reps

Sample_size       Mean       Median     Min        Max        StdDev     Outliers
 40               11.432767   11.396408   11.301041   12.147427   0.136346   1
reference_Device mean time    = 11.432767 microseconds +/- 0.267239
reference_Device median time  = 11.396408 microseconds

--------------------------------------------------------
Computing TARGET_DEVICE_27 time using 80 reps

Sample_size       Mean       Median     Min        Max        StdDev     Outliers
 40               34.046248   34.025311   33.563375   34.686923   0.208595   1
TARGET_DEVICE_27 mean time    = 34.046248 microseconds +/- 0.408846
TARGET_DEVICE_27 overhead     = 22.613481 microseconds +/- 0.676085
TARGET_DEVICE_27 median_ovrhd = 22.628903 microseconds 
************************************************************************************************************************************************************************
Running OpenMP benchmark version 4.0
	1 thread(s)
	40 outer repetitions
	1000.00 test time (microseconds)
	740 delay length (iterations) 
	0.100000 delay time (microseconds)

--------------------------------------------------------
Computing reference_Device time using 20 reps

Sample_size       Mean       Median     Min        Max        StdDev     Outliers
 40               11.873543   11.849403   11.539459   12.552738   0.165808   1
reference_Device mean time    = 11.873543 microseconds +/- 0.324985
reference_Device median time  = 11.849403 microseconds

--------------------------------------------------------
Computing TARGET_DEVICE_27 time using 80 reps

Sample_size       Mean       Median     Min        Max        StdDev     Outliers
 40               34.255907   34.293532   33.736229   34.788251   0.260887   0
TARGET_DEVICE_27 mean time    = 34.255907 microseconds +/- 0.511339
TARGET_DEVICE_27 overhead     = 22.382364 microseconds +/- 0.836323
TARGET_DEVICE_27 median_ovrhd = 22.444129 microseconds 
************************************************************************************************************************************************************************
Running OpenMP benchmark version 4.0
	1 thread(s)
	40 outer repetitions
	1000.00 test time (microseconds)
	760 delay length (iterations) 
	0.100000 delay time (microseconds)

--------------------------------------------------------
Computing reference_Device time using 20 reps

Sample_size       Mean       Median     Min        Max        StdDev     Outliers
 40               11.918843   11.897087   11.789799   12.695789   0.148841   1
reference_Device mean time    = 11.918843 microseconds +/- 0.291728
reference_Device median time  = 11.897087 microseconds

--------------------------------------------------------
Computing TARGET_DEVICE_27 time using 80 reps

Sample_size       Mean       Median     Min        Max        StdDev     Outliers
 40               34.271553   34.318864   33.864379   34.648180   0.202521   0
TARGET_DEVICE_27 mean time    = 34.271553 microseconds +/- 0.396940
TARGET_DEVICE_27 overhead     = 22.352710 microseconds +/- 0.688668
TARGET_DEVICE_27 median_ovrhd = 22.421777 microseconds 
************************************************************************************************************************************************************************
Running OpenMP benchmark version 4.0
	1 thread(s)
	40 outer repetitions
	1000.00 test time (microseconds)
	780 delay length (iterations) 
	0.100000 delay time (microseconds)

--------------------------------------------------------
Computing reference_Device time using 20 reps

Sample_size       Mean       Median     Min        Max        StdDev     Outliers
 40               12.352467   12.350082   12.242794   12.743473   0.099416   1
reference_Device mean time    = 12.352467 microseconds +/- 0.194855
reference_Device median time  = 12.350082 microseconds

--------------------------------------------------------
Computing TARGET_DEVICE_27 time using 80 reps

Sample_size       Mean       Median     Min        Max        StdDev     Outliers
 40               34.005046   33.937395   33.676624   34.525990   0.231252   0
TARGET_DEVICE_27 mean time    = 34.005046 microseconds +/- 0.453254
TARGET_DEVICE_27 overhead     = 21.652579 microseconds +/- 0.648109
TARGET_DEVICE_27 median_ovrhd = 21.587312 microseconds 
************************************************************************************************************************************************************************
Running OpenMP benchmark version 4.0
	1 thread(s)
	40 outer repetitions
	1000.00 test time (microseconds)
	800 delay length (iterations) 
	0.100000 delay time (microseconds)

--------------------------------------------------------
Computing reference_Device time using 20 reps

Sample_size       Mean       Median     Min        Max        StdDev     Outliers
 40               12.662411   12.743473   12.350082   13.196468   0.192318   0
reference_Device mean time    = 12.662411 microseconds +/- 0.376943
reference_Device median time  = 12.743473 microseconds

--------------------------------------------------------
Computing TARGET_DEVICE_27 time using 80 reps

Sample_size       Mean       Median     Min        Max        StdDev     Outliers
 40               33.693388   33.655763   33.301115   34.236908   0.181754   0
TARGET_DEVICE_27 mean time    = 33.693388 microseconds +/- 0.356238
TARGET_DEVICE_27 overhead     = 21.030977 microseconds +/- 0.733181
TARGET_DEVICE_27 median_ovrhd = 20.912290 microseconds 
************************************************************************************************************************************************************************
Running OpenMP benchmark version 4.0
	1 thread(s)
	40 outer repetitions
	1000.00 test time (microseconds)
	820 delay length (iterations) 
	0.100000 delay time (microseconds)

--------------------------------------------------------
Computing reference_Device time using 20 reps

Sample_size       Mean       Median     Min        Max        StdDev     Outliers
 40               12.850165   12.803078   12.695789   13.554096   0.156200   1
reference_Device mean time    = 12.850165 microseconds +/- 0.306153
reference_Device median time  = 12.803078 microseconds

--------------------------------------------------------
Computing TARGET_DEVICE_27 time using 80 reps

Sample_size       Mean       Median     Min        Max        StdDev     Outliers
 40               34.479722   34.493208   34.001470   34.937263   0.247654   0
TARGET_DEVICE_27 mean time    = 34.479722 microseconds +/- 0.485402
TARGET_DEVICE_27 overhead     = 21.629557 microseconds +/- 0.791555
TARGET_DEVICE_27 median_ovrhd = 21.690130 microseconds 
************************************************************************************************************************************************************************
Running OpenMP benchmark version 4.0
	1 thread(s)
	40 outer repetitions
	1000.00 test time (microseconds)
	840 delay length (iterations) 
	0.100000 delay time (microseconds)

--------------------------------------------------------
Computing reference_Device time using 20 reps

Sample_size       Mean       Median     Min        Max        StdDev     Outliers
 40               13.257563   13.244152   12.898445   13.709068   0.150697   0
reference_Device mean time    = 13.257563 microseconds +/- 0.295366
reference_Device median time  = 13.244152 microseconds

--------------------------------------------------------
Computing TARGET_DEVICE_27 time using 80 reps

Sample_size       Mean       Median     Min        Max        StdDev     Outliers
 40               34.117475   34.105778   33.450127   34.588575   0.246318   0
TARGET_DEVICE_27 mean time    = 34.117475 microseconds +/- 0.482782
TARGET_DEVICE_27 overhead     = 20.859912 microseconds +/- 0.778148
TARGET_DEVICE_27 median_ovrhd = 20.861626 microseconds 
************************************************************************************************************************************************************************
Running OpenMP benchmark version 4.0
	1 thread(s)
	40 outer repetitions
	1000.00 test time (microseconds)
	860 delay length (iterations) 
	0.100000 delay time (microseconds)

--------------------------------------------------------
Computing reference_Device time using 20 reps

Sample_size       Mean       Median     Min        Max        StdDev     Outliers
 40               13.301373   13.256073   13.196468   14.150143   0.162248   1
reference_Device mean time    = 13.301373 microseconds +/- 0.318006
reference_Device median time  = 13.256073 microseconds

--------------------------------------------------------
Computing TARGET_DEVICE_27 time using 80 reps

Sample_size       Mean       Median     Min        Max        StdDev     Outliers
 40               34.196898   34.226477   33.751130   34.698844   0.190679   0
TARGET_DEVICE_27 mean time    = 34.196898 microseconds +/- 0.373730
TARGET_DEVICE_27 overhead     = 20.895526 microseconds +/- 0.691736
TARGET_DEVICE_27 median_ovrhd = 20.970404 microseconds 
************************************************************************************************************************************************************************
Running OpenMP benchmark version 4.0
	1 thread(s)
	40 outer repetitions
	1000.00 test time (microseconds)
	880 delay length (iterations) 
	0.100000 delay time (microseconds)

--------------------------------------------------------
Computing reference_Device time using 20 reps

Sample_size       Mean       Median     Min        Max        StdDev     Outliers
 40               13.749599   13.697147   13.542175   14.591217   0.177839   1
reference_Device mean time    = 13.749599 microseconds +/- 0.348565
reference_Device median time  = 13.697147 microseconds

--------------------------------------------------------
Computing TARGET_DEVICE_27 time using 80 reps

Sample_size       Mean       Median     Min        Max        StdDev     Outliers
 40               34.112781   34.143031   33.524632   34.675002   0.251185   0
TARGET_DEVICE_27 mean time    = 34.112781 microseconds +/- 0.492322
TARGET_DEVICE_27 overhead     = 20.363182 microseconds +/- 0.840887
TARGET_DEVICE_27 median_ovrhd = 20.445883 microseconds 
************************************************************************************************************************************************************************
Running OpenMP benchmark version 4.0
	1 thread(s)
	40 outer repetitions
	1000.00 test time (microseconds)
	900 delay length (iterations) 
	0.100000 delay time (microseconds)

--------------------------------------------------------
Computing reference_Device time using 20 reps

Sample_size       Mean       Median     Min        Max        StdDev     Outliers
 40               14.062524   14.150143   13.744831   14.495850   0.185064   0
reference_Device mean time    = 14.062524 microseconds +/- 0.362725
reference_Device median time  = 14.150143 microseconds

--------------------------------------------------------
Computing TARGET_DEVICE_27 time using 80 reps

Sample_size       Mean       Median     Min        Max        StdDev     Outliers
 40               34.168139   34.189224   33.774972   34.725666   0.233782   0
TARGET_DEVICE_27 mean time    = 34.168139 microseconds +/- 0.458213
TARGET_DEVICE_27 overhead     = 20.105615 microseconds +/- 0.820938
TARGET_DEVICE_27 median_ovrhd = 20.039082 microseconds 
************************************************************************************************************************************************************************
Running OpenMP benchmark version 4.0
	1 thread(s)
	40 outer repetitions
	1000.00 test time (microseconds)
	920 delay length (iterations) 
	0.100000 delay time (microseconds)

--------------------------------------------------------
Computing reference_Device time using 20 reps

Sample_size       Mean       Median     Min        Max        StdDev     Outliers
 40               14.202595   14.150143   14.090538   14.996529   0.149254   1
reference_Device mean time    = 14.202595 microseconds +/- 0.292538
reference_Device median time  = 14.150143 microseconds

--------------------------------------------------------
Computing TARGET_DEVICE_27 time using 80 reps

Sample_size       Mean       Median     Min        Max        StdDev     Outliers
 40               34.046248   34.070015   33.450127   34.525990   0.224119   0
TARGET_DEVICE_27 mean time    = 34.046248 microseconds +/- 0.439273
TARGET_DEVICE_27 overhead     = 19.843653 microseconds +/- 0.731811
TARGET_DEVICE_27 median_ovrhd = 19.919872 microseconds 
************************************************************************************************************************************************************************
Running OpenMP benchmark version 4.0
	1 thread(s)
	40 outer repetitions
	1000.00 test time (microseconds)
	940 delay length (iterations) 
	0.100000 delay time (microseconds)

--------------------------------------------------------
Computing reference_Device time using 20 reps

Sample_size       Mean       Median     Min        Max        StdDev     Outliers
 40               14.504492   14.448166   14.293194   15.103817   0.182614   2
reference_Device mean time    = 14.504492 microseconds +/- 0.357924
reference_Device median time  = 14.448166 microseconds

--------------------------------------------------------
Computing TARGET_DEVICE_27 time using 80 reps

Sample_size       Mean       Median     Min        Max        StdDev     Outliers
 40               33.160672   33.181906   32.687187   33.450127   0.198841   0
TARGET_DEVICE_27 mean time    = 33.160672 microseconds +/- 0.389728
TARGET_DEVICE_27 overhead     = 18.656179 microseconds +/- 0.747652
TARGET_DEVICE_27 median_ovrhd = 18.733740 microseconds 
************************************************************************************************************************************************************************
Running OpenMP benchmark version 4.0
	1 thread(s)
	40 outer repetitions
	1000.00 test time (microseconds)
	960 delay length (iterations) 
	0.100000 delay time (microseconds)

--------------------------------------------------------
Computing reference_Device time using 20 reps

Sample_size       Mean       Median     Min        Max        StdDev     Outliers
 40               14.658868   14.603138   14.543533   15.401840   0.137396   1
reference_Device mean time    = 14.658868 microseconds +/- 0.269297
reference_Device median time  = 14.603138 microseconds

--------------------------------------------------------
Computing TARGET_DEVICE_27 time using 80 reps

Sample_size       Mean       Median     Min        Max        StdDev     Outliers
 40               33.874065   33.906102   33.336878   34.275651   0.229258   0
TARGET_DEVICE_27 mean time    = 33.874065 microseconds +/- 0.449345
TARGET_DEVICE_27 overhead     = 19.215196 microseconds +/- 0.718642
TARGET_DEVICE_27 median_ovrhd = 19.302964 microseconds 
************************************************************************************************************************************************************************
Running OpenMP benchmark version 4.0
	1 thread(s)
	40 outer repetitions
	1000.00 test time (microseconds)
	980 delay length (iterations) 
	0.100000 delay time (microseconds)

--------------------------------------------------------
Computing reference_Device time using 20 reps

Sample_size       Mean       Median     Min        Max        StdDev     Outliers
 40               15.121102   15.091896   14.996529   15.890598   0.145274   1
reference_Device mean time    = 15.121102 microseconds +/- 0.284737
reference_Device median time  = 15.091896 microseconds

--------------------------------------------------------
Computing TARGET_DEVICE_27 time using 80 reps

Sample_size       Mean       Median     Min        Max        StdDev     Outliers
 40               34.101903   34.132600   33.625960   34.576654   0.267298   0
TARGET_DEVICE_27 mean time    = 34.101903 microseconds +/- 0.523905
TARGET_DEVICE_27 overhead     = 18.980801 microseconds +/- 0.808642
TARGET_DEVICE_27 median_ovrhd = 19.040704 microseconds 
************************************************************************************************************************************************************************
Running OpenMP benchmark version 4.0
	1 thread(s)
	40 outer repetitions
	1000.00 test time (microseconds)
	1000 delay length (iterations) 
	0.100000 delay time (microseconds)

--------------------------------------------------------
Computing reference_Device time using 20 reps

Sample_size       Mean       Median     Min        Max        StdDev     Outliers
 40               15.467703   15.527010   15.139580   15.902519   0.157641   0
reference_Device mean time    = 15.467703 microseconds +/- 0.308976
reference_Device median time  = 15.527010 microseconds

--------------------------------------------------------
Computing TARGET_DEVICE_27 time using 80 reps

Sample_size       Mean       Median     Min        Max        StdDev     Outliers
 40               33.842251   33.900142   33.450127   34.251809   0.207128   0
TARGET_DEVICE_27 mean time    = 33.842251 microseconds +/- 0.405972
TARGET_DEVICE_27 overhead     = 18.374547 microseconds +/- 0.714948
TARGET_DEVICE_27 median_ovrhd = 18.373132 microseconds 
