************************************************************************************************************************************************************************
Running OpenMP benchmark version 4.0
	1 thread(s)
	40 outer repetitions
	1000.00 test time (microseconds)
	20 delay length (iterations) 
	0.100000 delay time (microseconds)

--------------------------------------------------------
Computing reference_Device time using 20 reps

Sample_size       Mean       Median     Min        Max        StdDev     Outliers
 40               1.783371   1.752377   1.597404   2.491474   0.128330   1
reference_Device mean time    = 1.783371 microseconds +/- 0.251527
reference_Device median time  = 1.752377 microseconds

--------------------------------------------------------
Computing TARGET_DEVICE_27 time using 160 reps

Sample_size       Mean       Median     Min        Max        StdDev     Outliers
 40               24.607517   24.618953   24.230778   25.068223   0.199465   0
TARGET_DEVICE_27 mean time    = 24.607517 microseconds +/- 0.390951
TARGET_DEVICE_27 overhead     = 22.824146 microseconds +/- 0.642478
TARGET_DEVICE_27 median_ovrhd = 22.866577 microseconds 
************************************************************************************************************************************************************************
Running OpenMP benchmark version 4.0
	1 thread(s)
	40 outer repetitions
	1000.00 test time (microseconds)
	40 delay length (iterations) 
	0.100000 delay time (microseconds)

--------------------------------------------------------
Computing reference_Device time using 20 reps

Sample_size       Mean       Median     Min        Max        StdDev     Outliers
 40               1.838803   1.776218   1.692772   2.408028   0.169616   1
reference_Device mean time    = 1.838803 microseconds +/- 0.332448
reference_Device median time  = 1.776218 microseconds

--------------------------------------------------------
Computing TARGET_DEVICE_27 time using 160 reps

Sample_size       Mean       Median     Min        Max        StdDev     Outliers
 40               24.403296   24.506450   23.798645   24.862587   0.274850   0
TARGET_DEVICE_27 mean time    = 24.403296 microseconds +/- 0.538705
TARGET_DEVICE_27 overhead     = 22.564493 microseconds +/- 0.871153
TARGET_DEVICE_27 median_ovrhd = 22.730231 microseconds 
************************************************************************************************************************************************************************
Running OpenMP benchmark version 4.0
	1 thread(s)
	40 outer repetitions
	1000.00 test time (microseconds)
	60 delay length (iterations) 
	0.100000 delay time (microseconds)

--------------------------------------------------------
Computing reference_Device time using 20 reps

Sample_size       Mean       Median     Min        Max        StdDev     Outliers
 40               2.264977   2.247095   2.145767   2.992153   0.134491   1
reference_Device mean time    = 2.264977 microseconds +/- 0.263603
reference_Device median time  = 2.247095 microseconds

--------------------------------------------------------
Computing TARGET_DEVICE_27 time using 80 reps

Sample_size       Mean       Median     Min        Max        StdDev     Outliers
 40               24.493411   24.525821   23.838878   24.887919   0.240287   0
TARGET_DEVICE_27 mean time    = 24.493411 microseconds +/- 0.470962
TARGET_DEVICE_27 overhead     = 22.228435 microseconds +/- 0.734565
TARGET_DEVICE_27 median_ovrhd = 22.278726 microseconds 
************************************************************************************************************************************************************************
Running OpenMP benchmark version 4.0
	1 thread(s)
	40 outer repetitions
	1000.00 test time (microseconds)
	80 delay length (iterations) 
	0.100000 delay time (microseconds)

--------------------------------------------------------
Computing reference_Device time using 20 reps

Sample_size       Mean       Median     Min        Max        StdDev     Outliers
 40               2.662539   2.676249   2.300739   3.254414   0.173436   1
reference_Device mean time    = 2.662539 microseconds +/- 0.339934
reference_Device median time  = 2.676249 microseconds

--------------------------------------------------------
Computing TARGET_DEVICE_27 time using 80 reps

Sample_size       Mean       Median     Min        Max        StdDev     Outliers
 40               24.498701   24.592876   23.761392   24.974346   0.338591   0
TARGET_DEVICE_27 mean time    = 24.498701 microseconds +/- 0.663639
TARGET_DEVICE_27 overhead     = 21.836162 microseconds +/- 1.003574
TARGET_DEVICE_27 median_ovrhd = 21.916628 microseconds 
************************************************************************************************************************************************************************
Running OpenMP benchmark version 4.0
	1 thread(s)
	40 outer repetitions
	1000.00 test time (microseconds)
	100 delay length (iterations) 
	0.100000 delay time (microseconds)

--------------------------------------------------------
Computing reference_Device time using 20 reps

Sample_size       Mean       Median     Min        Max        StdDev     Outliers
 40               2.713799   2.694130   2.646446   3.349781   0.111160   1
reference_Device mean time    = 2.713799 microseconds +/- 0.217873
reference_Device median time  = 2.694130 microseconds

--------------------------------------------------------
Computing TARGET_DEVICE_27 time using 80 reps

Sample_size       Mean       Median     Min        Max        StdDev     Outliers
 40               24.321899   24.348497   23.749471   24.977326   0.329195   0
TARGET_DEVICE_27 mean time    = 24.321899 microseconds +/- 0.645222
TARGET_DEVICE_27 overhead     = 21.608099 microseconds +/- 0.863096
TARGET_DEVICE_27 median_ovrhd = 21.654367 microseconds 
************************************************************************************************************************************************************************
Running OpenMP benchmark version 4.0
	1 thread(s)
	40 outer repetitions
	1000.00 test time (microseconds)
	120 delay length (iterations) 
	0.100000 delay time (microseconds)

--------------------------------------------------------
Computing reference_Device time using 20 reps

Sample_size       Mean       Median     Min        Max        StdDev     Outliers
 40               3.194809   3.194809   3.051758   3.945827   0.130000   1
reference_Device mean time    = 3.194809 microseconds +/- 0.254800
reference_Device median time  = 3.194809 microseconds

--------------------------------------------------------
Computing TARGET_DEVICE_27 time using 160 reps

Sample_size       Mean       Median     Min        Max        StdDev     Outliers
 40               24.661422   24.734437   24.023652   25.050342   0.237974   0
TARGET_DEVICE_27 mean time    = 24.661422 microseconds +/- 0.466430
TARGET_DEVICE_27 overhead     = 21.466613 microseconds +/- 0.721230
TARGET_DEVICE_27 median_ovrhd = 21.539629 microseconds 
************************************************************************************************************************************************************************
Running OpenMP benchmark version 4.0
	1 thread(s)
	40 outer repetitions
	1000.00 test time (microseconds)
	140 delay length (iterations) 
	0.100000 delay time (microseconds)

--------------------------------------------------------
Computing reference_Device time using 20 reps

Sample_size       Mean       Median     Min        Max        StdDev     Outliers
 40               3.196299   3.159046   3.099442   3.850460   0.118756   1
reference_Device mean time    = 3.196299 microseconds +/- 0.232761
reference_Device median time  = 3.159046 microseconds

--------------------------------------------------------
Computing TARGET_DEVICE_27 time using 160 reps

Sample_size       Mean       Median     Min        Max        StdDev     Outliers
 40               24.699382   24.724752   24.232268   24.993718   0.166391   0
TARGET_DEVICE_27 mean time    = 24.699382 microseconds +/- 0.326127
TARGET_DEVICE_27 overhead     = 21.503083 microseconds +/- 0.558888
TARGET_DEVICE_27 median_ovrhd = 21.565706 microseconds 
************************************************************************************************************************************************************************
Running OpenMP benchmark version 4.0
	1 thread(s)
	40 outer repetitions
	1000.00 test time (microseconds)
	160 delay length (iterations) 
	0.100000 delay time (microseconds)

--------------------------------------------------------
Computing reference_Device time using 20 reps

Sample_size       Mean       Median     Min        Max        StdDev     Outliers
 40               3.684759   3.647804   3.600121   4.303455   0.112115   1
reference_Device mean time    = 3.684759 microseconds +/- 0.219745
reference_Device median time  = 3.647804 microseconds

--------------------------------------------------------
Computing TARGET_DEVICE_27 time using 80 reps

Sample_size       Mean       Median     Min        Max        StdDev     Outliers
 40               25.078431   25.093555   24.622679   25.564432   0.267741   0
TARGET_DEVICE_27 mean time    = 25.078431 microseconds +/- 0.524773
TARGET_DEVICE_27 overhead     = 21.393672 microseconds +/- 0.744517
TARGET_DEVICE_27 median_ovrhd = 21.445751 microseconds 
************************************************************************************************************************************************************************
Running OpenMP benchmark version 4.0
	1 thread(s)
	40 outer repetitions
	1000.00 test time (microseconds)
	180 delay length (iterations) 
	0.100000 delay time (microseconds)

--------------------------------------------------------
Computing reference_Device time using 20 reps

Sample_size       Mean       Median     Min        Max        StdDev     Outliers
 40               4.034936   4.070997   3.647804   4.446507   0.156178   0
reference_Device mean time    = 4.034936 microseconds +/- 0.306109
reference_Device median time  = 4.070997 microseconds

--------------------------------------------------------
Computing TARGET_DEVICE_27 time using 160 reps

Sample_size       Mean       Median     Min        Max        StdDev     Outliers
 40               24.374649   24.369359   23.837388   24.893880   0.311127   0
TARGET_DEVICE_27 mean time    = 24.374649 microseconds +/- 0.609809
TARGET_DEVICE_27 overhead     = 20.339713 microseconds +/- 0.915918
TARGET_DEVICE_27 median_ovrhd = 20.298362 microseconds 
************************************************************************************************************************************************************************
Running OpenMP benchmark version 4.0
	1 thread(s)
	40 outer repetitions
	1000.00 test time (microseconds)
	200 delay length (iterations) 
	0.100000 delay time (microseconds)

--------------------------------------------------------
Computing reference_Device time using 20 reps

Sample_size       Mean       Median     Min        Max        StdDev     Outliers
 40               4.106164   4.100800   3.993511   4.744530   0.121778   1
reference_Device mean time    = 4.106164 microseconds +/- 0.238685
reference_Device median time  = 4.100800 microseconds

--------------------------------------------------------
Computing TARGET_DEVICE_27 time using 160 reps

Sample_size       Mean       Median     Min        Max        StdDev     Outliers
 40               24.361908   24.397671   23.812056   24.768710   0.229952   0
TARGET_DEVICE_27 mean time    = 24.361908 microseconds +/- 0.450705
TARGET_DEVICE_27 overhead     = 20.255744 microseconds +/- 0.689391
TARGET_DEVICE_27 median_ovrhd = 20.296872 microseconds 
************************************************************************************************************************************************************************
Running OpenMP benchmark version 4.0
	1 thread(s)
	40 outer repetitions
	1000.00 test time (microseconds)
	220 delay length (iterations) 
	0.100000 delay time (microseconds)

--------------------------------------------------------
Computing reference_Device time using 20 reps

Sample_size       Mean       Median     Min        Max        StdDev     Outliers
 40               4.592538   4.553795   4.494190   5.304813   0.165396   2
reference_Device mean time    = 4.592538 microseconds +/- 0.324177
reference_Device median time  = 4.553795 microseconds

--------------------------------------------------------
Computing TARGET_DEVICE_27 time using 80 reps

Sample_size       Mean       Median     Min        Max        StdDev     Outliers
 40               24.882779   24.931133   24.276972   25.299191   0.226439   0
TARGET_DEVICE_27 mean time    = 24.882779 microseconds +/- 0.443821
TARGET_DEVICE_27 overhead     = 20.290241 microseconds +/- 0.767998
TARGET_DEVICE_27 median_ovrhd = 20.377338 microseconds 
************************************************************************************************************************************************************************
Running OpenMP benchmark version 4.0
	1 thread(s)
	40 outer repetitions
	1000.00 test time (microseconds)
	240 delay length (iterations) 
	0.100000 delay time (microseconds)

--------------------------------------------------------
Computing reference_Device time using 20 reps

Sample_size       Mean       Median     Min        Max        StdDev     Outliers
 40               4.675984   4.601479   4.541874   5.245209   0.161246   1
reference_Device mean time    = 4.675984 microseconds +/- 0.316043
reference_Device median time  = 4.601479 microseconds

--------------------------------------------------------
Computing TARGET_DEVICE_27 time using 80 reps

Sample_size       Mean       Median     Min        Max        StdDev     Outliers
 40               25.083795   25.075674   24.512410   25.627017   0.313039   0
TARGET_DEVICE_27 mean time    = 25.083795 microseconds +/- 0.613556
TARGET_DEVICE_27 overhead     = 20.407811 microseconds +/- 0.929599
TARGET_DEVICE_27 median_ovrhd = 20.474195 microseconds 
************************************************************************************************************************************************************************
Running OpenMP benchmark version 4.0
	1 thread(s)
	40 outer repetitions
	1000.00 test time (microseconds)
	260 delay length (iterations) 
	0.100000 delay time (microseconds)

--------------------------------------------------------
Computing reference_Device time using 20 reps

Sample_size       Mean       Median     Min        Max        StdDev     Outliers
 40               5.051196   5.024672   4.899502   5.793571   0.144193   1
reference_Device mean time    = 5.051196 microseconds +/- 0.282617
reference_Device median time  = 5.024672 microseconds

--------------------------------------------------------
Computing TARGET_DEVICE_27 time using 80 reps

Sample_size       Mean       Median     Min        Max        StdDev     Outliers
 40               24.793446   24.867058   24.223328   25.150180   0.211635   0
TARGET_DEVICE_27 mean time    = 24.793446 microseconds +/- 0.414804
TARGET_DEVICE_27 overhead     = 19.742250 microseconds +/- 0.697422
TARGET_DEVICE_27 median_ovrhd = 19.842386 microseconds 
************************************************************************************************************************************************************************
Running OpenMP benchmark version 4.0
	1 thread(s)
	40 outer repetitions
	1000.00 test time (microseconds)
	280 delay length (iterations) 
	0.100000 delay time (microseconds)

--------------------------------------------------------
Computing reference_Device time using 20 reps

Sample_size       Mean       Median     Min        Max        StdDev     Outliers
 40               5.435050   5.447865   5.102158   5.841255   0.121402   1
reference_Device mean time    = 5.435050 microseconds +/- 0.237947
reference_Device median time  = 5.447865 microseconds

--------------------------------------------------------
Computing TARGET_DEVICE_27 time using 160 reps

Sample_size       Mean       Median     Min        Max        StdDev     Outliers
 40               24.711974   24.715066   24.181604   25.199354   0.227112   0
TARGET_DEVICE_27 mean time    = 24.711974 microseconds +/- 0.445139
TARGET_DEVICE_27 overhead     = 19.276924 microseconds +/- 0.683087
TARGET_DEVICE_27 median_ovrhd = 19.267201 microseconds 
************************************************************************************************************************************************************************
Running OpenMP benchmark version 4.0
	1 thread(s)
	40 outer repetitions
	1000.00 test time (microseconds)
	300 delay length (iterations) 
	0.100000 delay time (microseconds)

--------------------------------------------------------
Computing reference_Device time using 20 reps

Sample_size       Mean       Median     Min        Max        StdDev     Outliers
 40               5.502701   5.495548   5.340576   6.151199   0.148544   2
reference_Device mean time    = 5.502701 microseconds +/- 0.291147
reference_Device median time  = 5.495548 microseconds

--------------------------------------------------------
Computing TARGET_DEVICE_27 time using 160 reps

Sample_size       Mean       Median     Min        Max        StdDev     Outliers
 40               24.556890   24.600327   23.812056   25.025010   0.269392   0
TARGET_DEVICE_27 mean time    = 24.556890 microseconds +/- 0.528008
TARGET_DEVICE_27 overhead     = 19.054189 microseconds +/- 0.819155
TARGET_DEVICE_27 median_ovrhd = 19.104779 microseconds 
************************************************************************************************************************************************************************
Running OpenMP benchmark version 4.0
	1 thread(s)
	40 outer repetitions
	1000.00 test time (microseconds)
	320 delay length (iterations) 
	0.100000 delay time (microseconds)

--------------------------------------------------------
Computing reference_Device time using 20 reps

Sample_size       Mean       Median     Min        Max        StdDev     Outliers
 40               5.960763   5.900860   5.805492   6.651878   0.182345   2
reference_Device mean time    = 5.960763 microseconds +/- 0.357396
reference_Device median time  = 5.900860 microseconds

--------------------------------------------------------
Computing TARGET_DEVICE_27 time using 80 reps

Sample_size       Mean       Median     Min        Max        StdDev     Outliers
 40               24.696812   24.680793   24.089217   25.174022   0.233390   0
TARGET_DEVICE_27 mean time    = 24.696812 microseconds +/- 0.457445
TARGET_DEVICE_27 overhead     = 18.736050 microseconds +/- 0.814841
TARGET_DEVICE_27 median_ovrhd = 18.779933 microseconds 
************************************************************************************************************************************************************************
Running OpenMP benchmark version 4.0
	1 thread(s)
	40 outer repetitions
	1000.00 test time (microseconds)
	340 delay length (iterations) 
	0.100000 delay time (microseconds)

--------------------------------------------------------
Computing reference_Device time using 20 reps

Sample_size       Mean       Median     Min        Max        StdDev     Outliers
 40               6.119907   6.026030   5.900860   6.604195   0.182169   0
reference_Device mean time    = 6.119907 microseconds +/- 0.357051
reference_Device median time  = 6.026030 microseconds

--------------------------------------------------------
Computing TARGET_DEVICE_27 time using 160 reps

Sample_size       Mean       Median     Min        Max        StdDev     Outliers
 40               24.458915   24.534017   23.750961   24.931133   0.323668   0
TARGET_DEVICE_27 mean time    = 24.458915 microseconds +/- 0.634389
TARGET_DEVICE_27 overhead     = 18.339008 microseconds +/- 0.991440
TARGET_DEVICE_27 median_ovrhd = 18.507987 microseconds 
************************************************************************************************************************************************************************
Running OpenMP benchmark version 4.0
	1 thread(s)
	40 outer repetitions
	1000.00 test time (microseconds)
	360 delay length (iterations) 
	0.100000 delay time (microseconds)

--------------------------------------------------------
Computing reference_Device time using 20 reps

Sample_size       Mean       Median     Min        Max        StdDev     Outliers
 40               6.396174   6.395578   6.246567   7.140636   0.140661   1
reference_Device mean time    = 6.396174 microseconds +/- 0.275696
reference_Device median time  = 6.395578 microseconds

--------------------------------------------------------
Computing TARGET_DEVICE_27 time using 160 reps

Sample_size       Mean       Median     Min        Max        StdDev     Outliers
 40               25.048926   24.574995   23.843348   44.818223   3.220223   1
TARGET_DEVICE_27 mean time    = 25.048926 microseconds +/- 6.311636
TARGET_DEVICE_27 overhead     = 18.652752 microseconds +/- 6.587332
TARGET_DEVICE_27 median_ovrhd = 18.179417 microseconds 
************************************************************************************************************************************************************************
Running OpenMP benchmark version 4.0
	1 thread(s)
	40 outer repetitions
	1000.00 test time (microseconds)
	380 delay length (iterations) 
	0.100000 delay time (microseconds)

--------------------------------------------------------
Computing reference_Device time using 20 reps

Sample_size       Mean       Median     Min        Max        StdDev     Outliers
 40               6.814897   6.848574   6.496906   7.140636   0.118424   0
reference_Device mean time    = 6.814897 microseconds +/- 0.232111
reference_Device median time  = 6.848574 microseconds

--------------------------------------------------------
Computing TARGET_DEVICE_27 time using 80 reps

Sample_size       Mean       Median     Min        Max        StdDev     Outliers
 40               25.077760   25.111437   24.601817   25.710464   0.333607   0
TARGET_DEVICE_27 mean time    = 25.077760 microseconds +/- 0.653870
TARGET_DEVICE_27 overhead     = 18.262863 microseconds +/- 0.885981
TARGET_DEVICE_27 median_ovrhd = 18.262863 microseconds 
************************************************************************************************************************************************************************
Running OpenMP benchmark version 4.0
	1 thread(s)
	40 outer repetitions
	1000.00 test time (microseconds)
	400 delay length (iterations) 
	0.100000 delay time (microseconds)

--------------------------------------------------------
Computing reference_Device time using 20 reps

Sample_size       Mean       Median     Min        Max        StdDev     Outliers
 40               6.911159   6.854534   6.747246   7.545948   0.159816   1
reference_Device mean time    = 6.911159 microseconds +/- 0.313240
reference_Device median time  = 6.854534 microseconds

--------------------------------------------------------
Computing TARGET_DEVICE_27 time using 160 reps

Sample_size       Mean       Median     Min        Max        StdDev     Outliers
 40               24.745017   24.737418   24.431944   25.099516   0.174731   0
TARGET_DEVICE_27 mean time    = 24.745017 microseconds +/- 0.342473
TARGET_DEVICE_27 overhead     = 17.833859 microseconds +/- 0.655713
TARGET_DEVICE_27 median_ovrhd = 17.882884 microseconds 
************************************************************************************************************************************************************************
Running OpenMP benchmark version 4.0
	1 thread(s)
	40 outer repetitions
	1000.00 test time (microseconds)
	420 delay length (iterations) 
	0.100000 delay time (microseconds)

--------------------------------------------------------
Computing reference_Device time using 20 reps

Sample_size       Mean       Median     Min        Max        StdDev     Outliers
 40               7.320940   7.295609   7.104874   8.344650   0.181738   1
reference_Device mean time    = 7.320940 microseconds +/- 0.356207
reference_Device median time  = 7.295609 microseconds

--------------------------------------------------------
Computing TARGET_DEVICE_27 time using 80 reps

Sample_size       Mean       Median     Min        Max        StdDev     Outliers
 40               24.890304   24.886429   24.563074   25.251508   0.187119   0
TARGET_DEVICE_27 mean time    = 24.890304 microseconds +/- 0.366753
TARGET_DEVICE_27 overhead     = 17.569363 microseconds +/- 0.722960
TARGET_DEVICE_27 median_ovrhd = 17.590821 microseconds 
************************************************************************************************************************************************************************
Running OpenMP benchmark version 4.0
	1 thread(s)
	40 outer repetitions
	1000.00 test time (microseconds)
	440 delay length (iterations) 
	0.100000 delay time (microseconds)

--------------------------------------------------------
Computing reference_Device time using 20 reps

Sample_size       Mean       Median     Min        Max        StdDev     Outliers
 40               7.577538   7.653236   7.343292   8.046627   0.184492   0
reference_Device mean time    = 7.577538 microseconds +/- 0.361604
reference_Device median time  = 7.653236 microseconds

--------------------------------------------------------
Computing TARGET_DEVICE_27 time using 160 reps

Sample_size       Mean       Median     Min        Max        StdDev     Outliers
 40               24.488159   24.530292   23.844838   24.917722   0.259608   0
TARGET_DEVICE_27 mean time    = 24.488159 microseconds +/- 0.508831
TARGET_DEVICE_27 overhead     = 16.910620 microseconds +/- 0.870435
TARGET_DEVICE_27 median_ovrhd = 16.877055 microseconds 
************************************************************************************************************************************************************************
Running OpenMP benchmark version 4.0
	1 thread(s)
	40 outer repetitions
	1000.00 test time (microseconds)
	460 delay length (iterations) 
	0.100000 delay time (microseconds)

--------------------------------------------------------
Computing reference_Device time using 20 reps

Sample_size       Mean       Median     Min        Max        StdDev     Outliers
 40               7.770061   7.748604   7.641315   8.547306   0.143056   1
reference_Device mean time    = 7.770061 microseconds +/- 0.280390
reference_Device median time  = 7.748604 microseconds

--------------------------------------------------------
Computing TARGET_DEVICE_27 time using 160 reps

Sample_size       Mean       Median     Min        Max        StdDev     Outliers
 40               24.474971   24.509430   23.643672   24.892390   0.261633   1
TARGET_DEVICE_27 mean time    = 24.474971 microseconds +/- 0.512801
TARGET_DEVICE_27 overhead     = 16.704910 microseconds +/- 0.793191
TARGET_DEVICE_27 median_ovrhd = 16.760826 microseconds 
************************************************************************************************************************************************************************
Running OpenMP benchmark version 4.0
	1 thread(s)
	40 outer repetitions
	1000.00 test time (microseconds)
	480 delay length (iterations) 
	0.100000 delay time (microseconds)

--------------------------------------------------------
Computing reference_Device time using 20 reps

Sample_size       Mean       Median     Min        Max        StdDev     Outliers
 40               8.195341   8.201599   7.951260   8.904934   0.134138   1
reference_Device mean time    = 8.195341 microseconds +/- 0.262911
reference_Device median time  = 8.201599 microseconds

--------------------------------------------------------
Computing TARGET_DEVICE_27 time using 160 reps

Sample_size       Mean       Median     Min        Max        StdDev     Outliers
 40               24.688765   24.696440   24.212897   25.025010   0.199897   0
TARGET_DEVICE_27 mean time    = 24.688765 microseconds +/- 0.391797
TARGET_DEVICE_27 overhead     = 16.493425 microseconds +/- 0.654708
TARGET_DEVICE_27 median_ovrhd = 16.494840 microseconds 
************************************************************************************************************************************************************************
Running OpenMP benchmark version 4.0
	1 thread(s)
	40 outer repetitions
	1000.00 test time (microseconds)
	500 delay length (iterations) 
	0.100000 delay time (microseconds)

--------------------------------------------------------
Computing reference_Device time using 20 reps

Sample_size       Mean       Median     Min        Max        StdDev     Outliers
 40               8.281171   8.225441   8.106232   8.845329   0.167359   1
reference_Device mean time    = 8.281171 microseconds +/- 0.328024
reference_Device median time  = 8.225441 microseconds

--------------------------------------------------------
Computing TARGET_DEVICE_27 time using 80 reps

Sample_size       Mean       Median     Min        Max        StdDev     Outliers
 40               25.025308   25.050342   24.512410   25.627017   0.224655   0
TARGET_DEVICE_27 mean time    = 25.025308 microseconds +/- 0.440324
TARGET_DEVICE_27 overhead     = 16.744137 microseconds +/- 0.768348
TARGET_DEVICE_27 median_ovrhd = 16.824901 microseconds 
************************************************************************************************************************************************************************
Running OpenMP benchmark version 4.0
	1 thread(s)
	40 outer repetitions
	1000.00 test time (microseconds)
	520 delay length (iterations) 
	0.100000 delay time (microseconds)

--------------------------------------------------------
Computing reference_Device time using 20 reps

Sample_size       Mean       Median     Min        Max        StdDev     Outliers
 40               8.678436   8.648634   8.594990   9.441376   0.137306   1
reference_Device mean time    = 8.678436 microseconds +/- 0.269121
reference_Device median time  = 8.648634 microseconds

--------------------------------------------------------
Computing TARGET_DEVICE_27 time using 80 reps

Sample_size       Mean       Median     Min        Max        StdDev     Outliers
 40               25.561899   25.531650   24.938583   25.999546   0.280157   0
TARGET_DEVICE_27 mean time    = 25.561899 microseconds +/- 0.549108
TARGET_DEVICE_27 overhead     = 16.883463 microseconds +/- 0.818228
TARGET_DEVICE_27 median_ovrhd = 16.883016 microseconds 
************************************************************************************************************************************************************************
Running OpenMP benchmark version 4.0
	1 thread(s)
	40 outer repetitions
	1000.00 test time (microseconds)
	540 delay length (iterations) 
	0.100000 delay time (microseconds)

--------------------------------------------------------
Computing reference_Device time using 20 reps

Sample_size       Mean       Median     Min        Max        StdDev     Outliers
 40               9.017289   9.053946   8.690357   9.441376   0.170711   0
reference_Device mean time    = 9.017289 microseconds +/- 0.334594
reference_Device median time  = 9.053946 microseconds

--------------------------------------------------------
Computing TARGET_DEVICE_27 time using 80 reps

Sample_size       Mean       Median     Min        Max        StdDev     Outliers
 40               26.707500   26.711822   25.689602   27.525425   0.422376   0
TARGET_DEVICE_27 mean time    = 26.707500 microseconds +/- 0.827857
TARGET_DEVICE_27 overhead     = 17.690212 microseconds +/- 1.162451
TARGET_DEVICE_27 median_ovrhd = 17.657876 microseconds 
************************************************************************************************************************************************************************
Running OpenMP benchmark version 4.0
	1 thread(s)
	40 outer repetitions
	1000.00 test time (microseconds)
	560 delay length (iterations) 
	0.100000 delay time (microseconds)

--------------------------------------------------------
Computing reference_Device time using 20 reps

Sample_size       Mean       Median     Min        Max        StdDev     Outliers
 40               9.178817   9.149313   9.047985   9.858608   0.134640   1
reference_Device mean time    = 9.178817 microseconds +/- 0.263894
reference_Device median time  = 9.149313 microseconds

--------------------------------------------------------
Computing TARGET_DEVICE_27 time using 80 reps

Sample_size       Mean       Median     Min        Max        StdDev     Outliers
 40               29.480085   29.549003   28.386712   30.326843   0.402434   0
TARGET_DEVICE_27 mean time    = 29.480085 microseconds +/- 0.788771
TARGET_DEVICE_27 overhead     = 20.301268 microseconds +/- 1.052665
TARGET_DEVICE_27 median_ovrhd = 20.399690 microseconds 
************************************************************************************************************************************************************************
Running OpenMP benchmark version 4.0
	1 thread(s)
	40 outer repetitions
	1000.00 test time (microseconds)
	580 delay length (iterations) 
	0.100000 delay time (microseconds)

--------------------------------------------------------
Computing reference_Device time using 20 reps

Sample_size       Mean       Median     Min        Max        StdDev     Outliers
 40               9.577572   9.548664   9.489059   10.347366   0.136318   1
reference_Device mean time    = 9.577572 microseconds +/- 0.267183
reference_Device median time  = 9.548664 microseconds

--------------------------------------------------------
Computing TARGET_DEVICE_27 time using 80 reps

Sample_size       Mean       Median     Min        Max        StdDev     Outliers
 40               31.840280   31.863153   30.800700   32.600760   0.423568   0
TARGET_DEVICE_27 mean time    = 31.840280 microseconds +/- 0.830194
TARGET_DEVICE_27 overhead     = 22.262707 microseconds +/- 1.097377
TARGET_DEVICE_27 median_ovrhd = 22.314489 microseconds 
************************************************************************************************************************************************************************
Running OpenMP benchmark version 4.0
	1 thread(s)
	40 outer repetitions
	1000.00 test time (microseconds)
	600 delay length (iterations) 
	0.100000 delay time (microseconds)

--------------------------------------------------------
Computing reference_Device time using 20 reps

Sample_size       Mean       Median     Min        Max        StdDev     Outliers
 40               9.718835   9.649992   9.548664   10.395050   0.192067   1
reference_Device mean time    = 9.718835 microseconds +/- 0.376452
reference_Device median time  = 9.649992 microseconds

--------------------------------------------------------
Computing TARGET_DEVICE_27 time using 80 reps

Sample_size       Mean       Median     Min        Max        StdDev     Outliers
 40               33.596158   33.599138   32.910705   34.123659   0.234437   0
TARGET_DEVICE_27 mean time    = 33.596158 microseconds +/- 0.459496
TARGET_DEVICE_27 overhead     = 23.877323 microseconds +/- 0.835947
TARGET_DEVICE_27 median_ovrhd = 23.949146 microseconds 
************************************************************************************************************************************************************************
Running OpenMP benchmark version 4.0
	1 thread(s)
	40 outer repetitions
	1000.00 test time (microseconds)
	620 delay length (iterations) 
	0.100000 delay time (microseconds)

--------------------------------------------------------
Computing reference_Device time using 20 reps

Sample_size       Mean       Median     Min        Max        StdDev     Outliers
 40               10.078847   10.049343   9.942055   10.800362   0.137730   1
reference_Device mean time    = 10.078847 microseconds +/- 0.269951
reference_Device median time  = 10.049343 microseconds

--------------------------------------------------------
Computing TARGET_DEVICE_27 time using 80 reps

Sample_size       Mean       Median     Min        Max        StdDev     Outliers
 40               33.955947   33.943355   33.450127   34.499168   0.239516   0
TARGET_DEVICE_27 mean time    = 33.955947 microseconds +/- 0.469452
TARGET_DEVICE_27 overhead     = 23.877099 microseconds +/- 0.739403
TARGET_DEVICE_27 median_ovrhd = 23.894012 microseconds 
************************************************************************************************************************************************************************
Running OpenMP benchmark version 4.0
	1 thread(s)
	40 outer repetitions
	1000.00 test time (microseconds)
	640 delay length (iterations) 
	0.100000 delay time (microseconds)

--------------------------------------------------------
Computing reference_Device time using 20 reps

Sample_size       Mean       Median     Min        Max        StdDev     Outliers
 40               10.432601   10.454655   10.097027   10.848045   0.144913   0
reference_Device mean time    = 10.432601 microseconds +/- 0.284029
reference_Device median time  = 10.454655 microseconds

--------------------------------------------------------
Computing TARGET_DEVICE_27 time using 80 reps

Sample_size       Mean       Median     Min        Max        StdDev     Outliers
 40               33.759624   33.743680   33.274293   34.376979   0.235538   0
TARGET_DEVICE_27 mean time    = 33.759624 microseconds +/- 0.461654
TARGET_DEVICE_27 overhead     = 23.327023 microseconds +/- 0.745683
TARGET_DEVICE_27 median_ovrhd = 23.289025 microseconds 
************************************************************************************************************************************************************************
Running OpenMP benchmark version 4.0
	1 thread(s)
	40 outer repetitions
	1000.00 test time (microseconds)
	660 delay length (iterations) 
	0.100000 delay time (microseconds)

--------------------------------------------------------
Computing reference_Device time using 20 reps

Sample_size       Mean       Median     Min        Max        StdDev     Outliers
 40               10.530055   10.496378   10.395050   11.193752   0.134339   1
reference_Device mean time    = 10.530055 microseconds +/- 0.263304
reference_Device median time  = 10.496378 microseconds

--------------------------------------------------------
Computing TARGET_DEVICE_27 time using 80 reps

Sample_size       Mean       Median     Min        Max        StdDev     Outliers
 40               33.853054   33.825636   33.527613   34.365058   0.201361   0
TARGET_DEVICE_27 mean time    = 33.853054 microseconds +/- 0.394667
TARGET_DEVICE_27 overhead     = 23.322999 microseconds +/- 0.657971
TARGET_DEVICE_27 median_ovrhd = 23.329258 microseconds 
************************************************************************************************************************************************************************
Running OpenMP benchmark version 4.0
	1 thread(s)
	40 outer repetitions
	1000.00 test time (microseconds)
	680 delay length (iterations) 
	0.100000 delay time (microseconds)

--------------------------------------------------------
Computing reference_Device time using 20 reps

Sample_size       Mean       Median     Min        Max        StdDev     Outliers
 40               11.006296   10.955334   10.895729   11.694431   0.153614   1
reference_Device mean time    = 11.006296 microseconds +/- 0.301083
reference_Device median time  = 10.955334 microseconds

--------------------------------------------------------
Computing TARGET_DEVICE_27 time using 80 reps

Sample_size       Mean       Median     Min        Max        StdDev     Outliers
 40               34.358054   34.394860   33.810735   34.764409   0.209207   0
TARGET_DEVICE_27 mean time    = 34.358054 microseconds +/- 0.410045
TARGET_DEVICE_27 overhead     = 23.351759 microseconds +/- 0.711128
TARGET_DEVICE_27 median_ovrhd = 23.439527 microseconds 
************************************************************************************************************************************************************************
Running OpenMP benchmark version 4.0
	1 thread(s)
	40 outer repetitions
	1000.00 test time (microseconds)
	700 delay length (iterations) 
	0.100000 delay time (microseconds)

--------------------------------------------------------
Computing reference_Device time using 20 reps

Sample_size       Mean       Median     Min        Max        StdDev     Outliers
 40               11.102557   11.020899   10.943413   11.694431   0.182426   1
reference_Device mean time    = 11.102557 microseconds +/- 0.357555
reference_Device median time  = 11.020899 microseconds

--------------------------------------------------------
Computing TARGET_DEVICE_27 time using 80 reps

Sample_size       Mean       Median     Min        Max        StdDev     Outliers
 40               33.946857   33.944845   33.587217   34.660101   0.205004   1
TARGET_DEVICE_27 mean time    = 33.946857 microseconds +/- 0.401807
TARGET_DEVICE_27 overhead     = 22.844300 microseconds +/- 0.759362
TARGET_DEVICE_27 median_ovrhd = 22.923946 microseconds 
************************************************************************************************************************************************************************
Running OpenMP benchmark version 4.0
	1 thread(s)
	40 outer repetitions
	1000.00 test time (microseconds)
	720 delay length (iterations) 
	0.100000 delay time (microseconds)

--------------------------------------------------------
Computing reference_Device time using 20 reps

Sample_size       Mean       Median     Min        Max        StdDev     Outliers
 40               11.432171   11.402369   11.348724   12.195110   0.140351   1
reference_Device mean time    = 11.432171 microseconds +/- 0.275088
reference_Device median time  = 11.402369 microseconds

--------------------------------------------------------
Computing TARGET_DEVICE_27 time using 80 reps

Sample_size       Mean       Median     Min        Max        StdDev     Outliers
 40               34.004003   34.007430   33.536553   34.338236   0.179618   0
TARGET_DEVICE_27 mean time    = 34.004003 microseconds +/- 0.352051
TARGET_DEVICE_27 overhead     = 22.571832 microseconds +/- 0.627139
TARGET_DEVICE_27 median_ovrhd = 22.605062 microseconds 
************************************************************************************************************************************************************************
Running OpenMP benchmark version 4.0
	1 thread(s)
	40 outer repetitions
	1000.00 test time (microseconds)
	740 delay length (iterations) 
	0.100000 delay time (microseconds)

--------------------------------------------------------
Computing reference_Device time using 20 reps

Sample_size       Mean       Median     Min        Max        StdDev     Outliers
 40               11.902452   11.849403   11.551380   12.707710   0.186132   1
reference_Device mean time    = 11.902452 microseconds +/- 0.364818
reference_Device median time  = 11.849403 microseconds

--------------------------------------------------------
Computing TARGET_DEVICE_27 time using 80 reps

Sample_size       Mean       Median     Min        Max        StdDev     Outliers
 40               33.928752   33.907592   33.462048   34.412742   0.236732   0
TARGET_DEVICE_27 mean time    = 33.928752 microseconds +/- 0.463995
TARGET_DEVICE_27 overhead     = 22.026300 microseconds +/- 0.828813
TARGET_DEVICE_27 median_ovrhd = 22.058189 microseconds 
************************************************************************************************************************************************************************
Running OpenMP benchmark version 4.0
	1 thread(s)
	40 outer repetitions
	1000.00 test time (microseconds)
	760 delay length (iterations) 
	0.100000 delay time (microseconds)

--------------------------------------------------------
Computing reference_Device time using 20 reps

Sample_size       Mean       Median     Min        Max        StdDev     Outliers
 40               11.906028   11.849403   11.801720   12.540817   0.138041   1
reference_Device mean time    = 11.906028 microseconds +/- 0.270560
reference_Device median time  = 11.849403 microseconds

--------------------------------------------------------
Computing TARGET_DEVICE_27 time using 80 reps

Sample_size       Mean       Median     Min        Max        StdDev     Outliers
 40               34.188181   34.168363   33.888221   34.549832   0.166526   0
TARGET_DEVICE_27 mean time    = 34.188181 microseconds +/- 0.326392
TARGET_DEVICE_27 overhead     = 22.282153 microseconds +/- 0.596952
TARGET_DEVICE_27 median_ovrhd = 22.318959 microseconds 
************************************************************************************************************************************************************************
Running OpenMP benchmark version 4.0
	1 thread(s)
	40 outer repetitions
	1000.00 test time (microseconds)
	780 delay length (iterations) 
	0.100000 delay time (microseconds)

--------------------------------------------------------
Computing reference_Device time using 20 reps

Sample_size       Mean       Median     Min        Max        StdDev     Outliers
 40               12.341440   12.302399   12.099743   13.053417   0.135059   1
reference_Device mean time    = 12.341440 microseconds +/- 0.264715
reference_Device median time  = 12.302399 microseconds

--------------------------------------------------------
Computing TARGET_DEVICE_27 time using 80 reps

Sample_size       Mean       Median     Min        Max        StdDev     Outliers
 40               33.808500   33.876300   33.125281   34.213066   0.263340   0
TARGET_DEVICE_27 mean time    = 33.808500 microseconds +/- 0.516146
TARGET_DEVICE_27 overhead     = 21.467060 microseconds +/- 0.780861
TARGET_DEVICE_27 median_ovrhd = 21.573901 microseconds 
************************************************************************************************************************************************************************
Running OpenMP benchmark version 4.0
	1 thread(s)
	40 outer repetitions
	1000.00 test time (microseconds)
	800 delay length (iterations) 
	0.100000 delay time (microseconds)

--------------------------------------------------------
Computing reference_Device time using 20 reps

Sample_size       Mean       Median     Min        Max        StdDev     Outliers
 40               12.671053   12.755394   12.397766   13.148785   0.181823   0
reference_Device mean time    = 12.671053 microseconds +/- 0.356372
reference_Device median time  = 12.755394 microseconds

--------------------------------------------------------
Computing TARGET_DEVICE_27 time using 80 reps

Sample_size       Mean       Median     Min        Max        StdDev     Outliers
 40               34.523457   34.525990   34.037232   34.925342   0.179104   0
TARGET_DEVICE_27 mean time    = 34.523457 microseconds +/- 0.351043
TARGET_DEVICE_27 overhead     = 21.852404 microseconds +/- 0.707415
TARGET_DEVICE_27 median_ovrhd = 21.770597 microseconds 
************************************************************************************************************************************************************************
Running OpenMP benchmark version 4.0
	1 thread(s)
	40 outer repetitions
	1000.00 test time (microseconds)
	820 delay length (iterations) 
	0.100000 delay time (microseconds)

--------------------------------------------------------
Computing reference_Device time using 20 reps

Sample_size       Mean       Median     Min        Max        StdDev     Outliers
 40               12.801290   12.755394   12.648106   13.601780   0.151285   1
reference_Device mean time    = 12.801290 microseconds +/- 0.296518
reference_Device median time  = 12.755394 microseconds

--------------------------------------------------------
Computing TARGET_DEVICE_27 time using 80 reps

Sample_size       Mean       Median     Min        Max        StdDev     Outliers
 40               34.122467   34.087896   33.625960   34.576654   0.212505   0
TARGET_DEVICE_27 mean time    = 34.122467 microseconds +/- 0.416511
TARGET_DEVICE_27 overhead     = 21.321177 microseconds +/- 0.713029
TARGET_DEVICE_27 median_ovrhd = 21.332502 microseconds 
************************************************************************************************************************************************************************
Running OpenMP benchmark version 4.0
	1 thread(s)
	40 outer repetitions
	1000.00 test time (microseconds)
	840 delay length (iterations) 
	0.100000 delay time (microseconds)

--------------------------------------------------------
Computing reference_Device time using 20 reps

Sample_size       Mean       Median     Min        Max        StdDev     Outliers
 40               13.155043   13.148785   12.898445   13.804436   0.186660   1
reference_Device mean time    = 13.155043 microseconds +/- 0.365854
reference_Device median time  = 13.148785 microseconds

--------------------------------------------------------
Computing TARGET_DEVICE_27 time using 80 reps

Sample_size       Mean       Median     Min        Max        StdDev     Outliers
 40               33.334419   33.342838   32.788515   33.789873   0.243600   0
TARGET_DEVICE_27 mean time    = 33.334419 microseconds +/- 0.477457
TARGET_DEVICE_27 overhead     = 20.179376 microseconds +/- 0.843311
TARGET_DEVICE_27 median_ovrhd = 20.194054 microseconds 
************************************************************************************************************************************************************************
Running OpenMP benchmark version 4.0
	1 thread(s)
	40 outer repetitions
	1000.00 test time (microseconds)
	860 delay length (iterations) 
	0.100000 delay time (microseconds)

--------------------------------------------------------
Computing reference_Device time using 20 reps

Sample_size       Mean       Median     Min        Max        StdDev     Outliers
 40               13.281107   13.250113   13.148785   14.007092   0.141587   1
reference_Device mean time    = 13.281107 microseconds +/- 0.277510
reference_Device median time  = 13.250113 microseconds

--------------------------------------------------------
Computing TARGET_DEVICE_27 time using 80 reps

Sample_size       Mean       Median     Min        Max        StdDev     Outliers
 40               34.053177   34.113228   33.476949   34.439564   0.261090   0
TARGET_DEVICE_27 mean time    = 34.053177 microseconds +/- 0.511737
TARGET_DEVICE_27 overhead     = 20.772070 microseconds +/- 0.789247
TARGET_DEVICE_27 median_ovrhd = 20.863116 microseconds 
************************************************************************************************************************************************************************
Running OpenMP benchmark version 4.0
	1 thread(s)
	40 outer repetitions
	1000.00 test time (microseconds)
	880 delay length (iterations) 
	0.100000 delay time (microseconds)

--------------------------------------------------------
Computing reference_Device time using 20 reps

Sample_size       Mean       Median     Min        Max        StdDev     Outliers
 40               13.752282   13.697147   13.649464   14.150143   0.120447   2
reference_Device mean time    = 13.752282 microseconds +/- 0.236075
reference_Device median time  = 13.697147 microseconds

--------------------------------------------------------
Computing TARGET_DEVICE_27 time using 80 reps

Sample_size       Mean       Median     Min        Max        StdDev     Outliers
 40               33.929348   33.974648   33.497810   34.460425   0.244036   0
TARGET_DEVICE_27 mean time    = 33.929348 microseconds +/- 0.478311
TARGET_DEVICE_27 overhead     = 20.177066 microseconds +/- 0.714386
TARGET_DEVICE_27 median_ovrhd = 20.277500 microseconds 
************************************************************************************************************************************************************************
Running OpenMP benchmark version 4.0
	1 thread(s)
	40 outer repetitions
	1000.00 test time (microseconds)
	900 delay length (iterations) 
	0.100000 delay time (microseconds)

--------------------------------------------------------
Computing reference_Device time using 20 reps

Sample_size       Mean       Median     Min        Max        StdDev     Outliers
 40               14.042854   14.102459   13.744831   14.555454   0.160573   1
reference_Device mean time    = 14.042854 microseconds +/- 0.314722
reference_Device median time  = 14.102459 microseconds

--------------------------------------------------------
Computing TARGET_DEVICE_27 time using 80 reps

Sample_size       Mean       Median     Min        Max        StdDev     Outliers
 40               33.853725   33.906102   33.411384   34.463406   0.286420   0
TARGET_DEVICE_27 mean time    = 33.853725 microseconds +/- 0.561384
TARGET_DEVICE_27 overhead     = 19.810870 microseconds +/- 0.876107
TARGET_DEVICE_27 median_ovrhd = 19.803643 microseconds 
************************************************************************************************************************************************************************
Running OpenMP benchmark version 4.0
	1 thread(s)
	40 outer repetitions
	1000.00 test time (microseconds)
	920 delay length (iterations) 
	0.100000 delay time (microseconds)

--------------------------------------------------------
Computing reference_Device time using 20 reps

Sample_size       Mean       Median     Min        Max        StdDev     Outliers
 40               14.207661   14.150143   14.090538   14.996529   0.156781   1
reference_Device mean time    = 14.207661 microseconds +/- 0.307291
reference_Device median time  = 14.150143 microseconds

--------------------------------------------------------
Computing TARGET_DEVICE_27 time using 80 reps

Sample_size       Mean       Median     Min        Max        StdDev     Outliers
 40               33.871010   33.918023   33.375621   34.201145   0.220090   0
TARGET_DEVICE_27 mean time    = 33.871010 microseconds +/- 0.431377
TARGET_DEVICE_27 overhead     = 19.663349 microseconds +/- 0.738668
TARGET_DEVICE_27 median_ovrhd = 19.767880 microseconds 
************************************************************************************************************************************************************************
Running OpenMP benchmark version 4.0
	1 thread(s)
	40 outer repetitions
	1000.00 test time (microseconds)
	940 delay length (iterations) 
	0.100000 delay time (microseconds)

--------------------------------------------------------
Computing reference_Device time using 20 reps

Sample_size       Mean       Median     Min        Max        StdDev     Outliers
 40               14.601052   14.603138   14.340878   14.948845   0.111236   1
reference_Device mean time    = 14.601052 microseconds +/- 0.218024
reference_Device median time  = 14.603138 microseconds

--------------------------------------------------------
Computing TARGET_DEVICE_27 time using 80 reps

Sample_size       Mean       Median     Min        Max        StdDev     Outliers
 40               33.816844   33.786893   33.438206   34.323335   0.228140   0
TARGET_DEVICE_27 mean time    = 33.816844 microseconds +/- 0.447154
TARGET_DEVICE_27 overhead     = 19.215792 microseconds +/- 0.665177
TARGET_DEVICE_27 median_ovrhd = 19.183755 microseconds 
************************************************************************************************************************************************************************
Running OpenMP benchmark version 4.0
	1 thread(s)
	40 outer repetitions
	1000.00 test time (microseconds)
	960 delay length (iterations) 
	0.100000 delay time (microseconds)

--------------------------------------------------------
Computing reference_Device time using 20 reps

Sample_size       Mean       Median     Min        Max        StdDev     Outliers
 40               14.692545   14.603138   14.543533   15.401840   0.173088   1
reference_Device mean time    = 14.692545 microseconds +/- 0.339252
reference_Device median time  = 14.603138 microseconds

--------------------------------------------------------
Computing TARGET_DEVICE_27 time using 80 reps

Sample_size       Mean       Median     Min        Max        StdDev     Outliers
 40               34.105629   34.131110   33.637881   34.499168   0.188727   0
TARGET_DEVICE_27 mean time    = 34.105629 microseconds +/- 0.369904
TARGET_DEVICE_27 overhead     = 19.413084 microseconds +/- 0.709156
TARGET_DEVICE_27 median_ovrhd = 19.527972 microseconds 
************************************************************************************************************************************************************************
Running OpenMP benchmark version 4.0
	1 thread(s)
	40 outer repetitions
	1000.00 test time (microseconds)
	980 delay length (iterations) 
	0.100000 delay time (microseconds)

--------------------------------------------------------
Computing reference_Device time using 20 reps

Sample_size       Mean       Median     Min        Max        StdDev     Outliers
 40               15.130043   15.103817   15.008450   15.604496   0.115363   2
reference_Device mean time    = 15.130043 microseconds +/- 0.226112
reference_Device median time  = 15.103817 microseconds

--------------------------------------------------------
Computing TARGET_DEVICE_27 time using 80 reps

Sample_size       Mean       Median     Min        Max        StdDev     Outliers
 40               34.087449   34.070015   33.497810   34.636259   0.250191   0
TARGET_DEVICE_27 mean time    = 34.087449 microseconds +/- 0.490374
TARGET_DEVICE_27 overhead     = 18.957406 microseconds +/- 0.716486
TARGET_DEVICE_27 median_ovrhd = 18.966198 microseconds 
************************************************************************************************************************************************************************
Running OpenMP benchmark version 4.0
	1 thread(s)
	40 outer repetitions
	1000.00 test time (microseconds)
	1000 delay length (iterations) 
	0.100000 delay time (microseconds)

--------------------------------------------------------
Computing reference_Device time using 20 reps

Sample_size       Mean       Median     Min        Max        StdDev     Outliers
 40               15.491247   15.509129   15.151501   15.950203   0.148598   1
reference_Device mean time    = 15.491247 microseconds +/- 0.291253
reference_Device median time  = 15.509129 microseconds

--------------------------------------------------------
Computing TARGET_DEVICE_27 time using 80 reps

Sample_size       Mean       Median     Min        Max        StdDev     Outliers
 40               33.842176   33.845007   33.375621   34.385920   0.247599   0
TARGET_DEVICE_27 mean time    = 33.842176 microseconds +/- 0.485294
TARGET_DEVICE_27 overhead     = 18.350929 microseconds +/- 0.776547
TARGET_DEVICE_27 median_ovrhd = 18.335879 microseconds 
