************************************************************************************************************************************************************************
Running OpenMP benchmark version 4.0
	1 thread(s)
	100 outer repetitions
	10000.00 test time (microseconds)
	1 delay length (iterations) 
	0.001000 delay time (microseconds)

--------------------------------------------------------
Computing reference_Device time using 20 reps

Sample_size       Mean       Median     Min        Max        StdDev     Outliers
 100               1.257539   1.251698   1.144409   2.145767   0.116191   2
reference_Device mean time    = 1.257539 microseconds +/- 0.227734
reference_Device median time  = 1.251698 microseconds

--------------------------------------------------------
Computing TARGET_DEVICE_27 time using 1280 reps

Sample_size       Mean       Median     Min        Max        StdDev     Outliers
 100               23.957577   23.932382   23.686700   24.838373   0.204677   5
TARGET_DEVICE_27 mean time    = 23.957577 microseconds +/- 0.401166
TARGET_DEVICE_27 overhead     = 22.700038 microseconds +/- 0.628900
TARGET_DEVICE_27 median_ovrhd = 22.680685 microseconds 

--------------------------------------------------------
Computing PRIVATE_DEVICE_27 time using 1280 reps

Sample_size       Mean       Median     Min        Max        StdDev     Outliers
 100               15.798159   15.824195   15.433505   16.024150   0.140910   0
PRIVATE_DEVICE_27 mean time    = 15.798159 microseconds +/- 0.276184
PRIVATE_DEVICE_27 overhead     = 14.540620 microseconds +/- 0.503918
PRIVATE_DEVICE_27 median_ovrhd = 14.572497 microseconds 

--------------------------------------------------------
Computing FIRSTPRIVATE_DEVICE_27 time using 2560 reps

Sample_size       Mean       Median     Min        Max        StdDev     Outliers
 100               13.624884   13.638521   13.383571   13.789814   0.090390   0
FIRSTPRIVATE_DEVICE_27 mean time    = 13.624884 microseconds +/- 0.177165
FIRSTPRIVATE_DEVICE_27 overhead     = 12.367345 microseconds +/- 0.404899
FIRSTPRIVATE_DEVICE_27 median_ovrhd = 12.386823 microseconds 
************************************************************************************************************************************************************************
Running OpenMP benchmark version 4.0
	1 thread(s)
	100 outer repetitions
	10000.00 test time (microseconds)
	3 delay length (iterations) 
	0.005000 delay time (microseconds)

--------------------------------------------------------
Computing reference_Device time using 20 reps

Sample_size       Mean       Median     Min        Max        StdDev     Outliers
 100               1.299977   1.299381   1.192093   1.454353   0.047935   1
reference_Device mean time    = 1.299977 microseconds +/- 0.093953
reference_Device median time  = 1.299381 microseconds

--------------------------------------------------------
Computing TARGET_DEVICE_27 time using 1280 reps

Sample_size       Mean       Median     Min        Max        StdDev     Outliers
 100               24.160359   24.165306   23.784488   24.778768   0.168332   3
TARGET_DEVICE_27 mean time    = 24.160359 microseconds +/- 0.329930
TARGET_DEVICE_27 overhead     = 22.860382 microseconds +/- 0.423883
TARGET_DEVICE_27 median_ovrhd = 22.865925 microseconds 

--------------------------------------------------------
Computing PRIVATE_DEVICE_27 time using 1280 reps

Sample_size       Mean       Median     Min        Max        StdDev     Outliers
 100               15.976371   16.003102   15.604682   16.196258   0.130178   0
PRIVATE_DEVICE_27 mean time    = 15.976371 microseconds +/- 0.255148
PRIVATE_DEVICE_27 overhead     = 14.676394 microseconds +/- 0.349101
PRIVATE_DEVICE_27 median_ovrhd = 14.703721 microseconds 

--------------------------------------------------------
Computing FIRSTPRIVATE_DEVICE_27 time using 2560 reps

Sample_size       Mean       Median     Min        Max        StdDev     Outliers
 100               13.651153   13.660919   13.424177   13.814401   0.082931   0
FIRSTPRIVATE_DEVICE_27 mean time    = 13.651153 microseconds +/- 0.162544
FIRSTPRIVATE_DEVICE_27 overhead     = 12.351176 microseconds +/- 0.256497
FIRSTPRIVATE_DEVICE_27 median_ovrhd = 12.361538 microseconds 
************************************************************************************************************************************************************************
Running OpenMP benchmark version 4.0
	1 thread(s)
	100 outer repetitions
	10000.00 test time (microseconds)
	6 delay length (iterations) 
	0.010000 delay time (microseconds)

--------------------------------------------------------
Computing reference_Device time using 20 reps

Sample_size       Mean       Median     Min        Max        StdDev     Outliers
 100               1.353145   1.347065   1.239777   1.704693   0.104647   7
reference_Device mean time    = 1.353145 microseconds +/- 0.205108
reference_Device median time  = 1.347065 microseconds

--------------------------------------------------------
Computing TARGET_DEVICE_27 time using 1280 reps

Sample_size       Mean       Median     Min        Max        StdDev     Outliers
 100               23.886025   23.881346   23.629516   24.599954   0.129960   2
TARGET_DEVICE_27 mean time    = 23.886025 microseconds +/- 0.254721
TARGET_DEVICE_27 overhead     = 22.532880 microseconds +/- 0.459829
TARGET_DEVICE_27 median_ovrhd = 22.534281 microseconds 

--------------------------------------------------------
Computing PRIVATE_DEVICE_27 time using 1280 reps

Sample_size       Mean       Median     Min        Max        StdDev     Outliers
 100               15.686134   15.693810   15.370362   15.906245   0.104215   1
PRIVATE_DEVICE_27 mean time    = 15.686134 microseconds +/- 0.204262
PRIVATE_DEVICE_27 overhead     = 14.332989 microseconds +/- 0.409370
PRIVATE_DEVICE_27 median_ovrhd = 14.346745 microseconds 

--------------------------------------------------------
Computing FIRSTPRIVATE_DEVICE_27 time using 2560 reps

Sample_size       Mean       Median     Min        Max        StdDev     Outliers
 100               13.525637   13.535703   13.322663   13.657380   0.073267   0
FIRSTPRIVATE_DEVICE_27 mean time    = 13.525637 microseconds +/- 0.143604
FIRSTPRIVATE_DEVICE_27 overhead     = 12.172492 microseconds +/- 0.348711
FIRSTPRIVATE_DEVICE_27 median_ovrhd = 12.188638 microseconds 
************************************************************************************************************************************************************************
Running OpenMP benchmark version 4.0
	1 thread(s)
	100 outer repetitions
	10000.00 test time (microseconds)
	26 delay length (iterations) 
	0.050000 delay time (microseconds)

--------------------------------------------------------
Computing reference_Device time using 20 reps

Sample_size       Mean       Median     Min        Max        StdDev     Outliers
 100               1.768589   1.752377   1.645088   2.205372   0.062955   1
reference_Device mean time    = 1.768589 microseconds +/- 0.123391
reference_Device median time  = 1.752377 microseconds

--------------------------------------------------------
Computing TARGET_DEVICE_27 time using 1280 reps

Sample_size       Mean       Median     Min        Max        StdDev     Outliers
 100               23.872498   23.876969   23.625046   24.501607   0.120715   1
TARGET_DEVICE_27 mean time    = 23.872498 microseconds +/- 0.236601
TARGET_DEVICE_27 overhead     = 22.103909 microseconds +/- 0.359992
TARGET_DEVICE_27 median_ovrhd = 22.124592 microseconds 

--------------------------------------------------------
Computing PRIVATE_DEVICE_27 time using 1280 reps

Sample_size       Mean       Median     Min        Max        StdDev     Outliers
 100               15.864937   15.873462   15.557744   16.078912   0.118039   0
PRIVATE_DEVICE_27 mean time    = 15.864937 microseconds +/- 0.231357
PRIVATE_DEVICE_27 overhead     = 14.096348 microseconds +/- 0.354749
PRIVATE_DEVICE_27 median_ovrhd = 14.121085 microseconds 

--------------------------------------------------------
Computing FIRSTPRIVATE_DEVICE_27 time using 2560 reps

Sample_size       Mean       Median     Min        Max        StdDev     Outliers
 100               13.884285   13.900409   13.611745   14.050771   0.091911   0
FIRSTPRIVATE_DEVICE_27 mean time    = 13.884285 microseconds +/- 0.180146
FIRSTPRIVATE_DEVICE_27 overhead     = 12.115696 microseconds +/- 0.303537
FIRSTPRIVATE_DEVICE_27 median_ovrhd = 12.148032 microseconds 
************************************************************************************************************************************************************************
Running OpenMP benchmark version 4.0
	1 thread(s)
	100 outer repetitions
	10000.00 test time (microseconds)
	36 delay length (iterations) 
	0.100000 delay time (microseconds)

--------------------------------------------------------
Computing reference_Device time using 20 reps

Sample_size       Mean       Median     Min        Max        StdDev     Outliers
 100               1.780510   1.800060   1.692772   1.943111   0.044427   1
reference_Device mean time    = 1.780510 microseconds +/- 0.087078
reference_Device median time  = 1.800060 microseconds

--------------------------------------------------------
Computing TARGET_DEVICE_27 time using 1280 reps

Sample_size       Mean       Median     Min        Max        StdDev     Outliers
 100               24.008179   24.007075   23.632124   24.558604   0.139723   1
TARGET_DEVICE_27 mean time    = 24.008179 microseconds +/- 0.273858
TARGET_DEVICE_27 overhead     = 22.227669 microseconds +/- 0.360936
TARGET_DEVICE_27 median_ovrhd = 22.207014 microseconds 

--------------------------------------------------------
Computing PRIVATE_DEVICE_27 time using 1280 reps

Sample_size       Mean       Median     Min        Max        StdDev     Outliers
 100               16.147582   16.147271   15.886687   16.376562   0.093725   0
PRIVATE_DEVICE_27 mean time    = 16.147582 microseconds +/- 0.183702
PRIVATE_DEVICE_27 overhead     = 14.367072 microseconds +/- 0.270779
PRIVATE_DEVICE_27 median_ovrhd = 14.347211 microseconds 

--------------------------------------------------------
Computing FIRSTPRIVATE_DEVICE_27 time using 2560 reps

Sample_size       Mean       Median     Min        Max        StdDev     Outliers
 100               14.138374   14.137710   13.885926   14.448818   0.091542   1
FIRSTPRIVATE_DEVICE_27 mean time    = 14.138374 microseconds +/- 0.179423
FIRSTPRIVATE_DEVICE_27 overhead     = 12.357864 microseconds +/- 0.266500
FIRSTPRIVATE_DEVICE_27 median_ovrhd = 12.337649 microseconds 
************************************************************************************************************************************************************************
Running OpenMP benchmark version 4.0
	1 thread(s)
	100 outer repetitions
	10000.00 test time (microseconds)
	186 delay length (iterations) 
	0.500000 delay time (microseconds)

--------------------------------------------------------
Computing reference_Device time using 20 reps

Sample_size       Mean       Median     Min        Max        StdDev     Outliers
 100               4.060030   4.053116   3.945827   4.303455   0.072149   1
reference_Device mean time    = 4.060030 microseconds +/- 0.141411
reference_Device median time  = 4.053116 microseconds

--------------------------------------------------------
Computing TARGET_DEVICE_27 time using 1280 reps

Sample_size       Mean       Median     Min        Max        StdDev     Outliers
 100               24.307273   24.307519   23.856200   24.854764   0.181804   1
TARGET_DEVICE_27 mean time    = 24.307273 microseconds +/- 0.356336
TARGET_DEVICE_27 overhead     = 20.247243 microseconds +/- 0.497748
TARGET_DEVICE_27 median_ovrhd = 20.254403 microseconds 

--------------------------------------------------------
Computing PRIVATE_DEVICE_27 time using 1280 reps

Sample_size       Mean       Median     Min        Max        StdDev     Outliers
 100               24.600003   24.629757   24.209358   24.832040   0.152698   0
PRIVATE_DEVICE_27 mean time    = 24.600003 microseconds +/- 0.299287
PRIVATE_DEVICE_27 overhead     = 20.539973 microseconds +/- 0.440699
PRIVATE_DEVICE_27 median_ovrhd = 20.576641 microseconds 

--------------------------------------------------------
Computing FIRSTPRIVATE_DEVICE_27 time using 1280 reps

Sample_size       Mean       Median     Min        Max        StdDev     Outliers
 100               15.947124   15.967898   15.639141   16.082823   0.095823   1
FIRSTPRIVATE_DEVICE_27 mean time    = 15.947124 microseconds +/- 0.187813
FIRSTPRIVATE_DEVICE_27 overhead     = 11.887094 microseconds +/- 0.329224
FIRSTPRIVATE_DEVICE_27 median_ovrhd = 11.914782 microseconds 
************************************************************************************************************************************************************************
Running OpenMP benchmark version 4.0
	1 thread(s)
	100 outer repetitions
	10000.00 test time (microseconds)
	404 delay length (iterations) 
	1.000000 delay time (microseconds)

--------------------------------------------------------
Computing reference_Device time using 20 reps

Sample_size       Mean       Median     Min        Max        StdDev     Outliers
 100               7.101536   7.200241   6.794930   7.402897   0.170989   0
reference_Device mean time    = 7.101536 microseconds +/- 0.335139
reference_Device median time  = 7.200241 microseconds

--------------------------------------------------------
Computing TARGET_DEVICE_27 time using 1280 reps

Sample_size       Mean       Median     Min        Max        StdDev     Outliers
 100               24.284711   24.282467   23.771822   25.063381   0.188545   1
TARGET_DEVICE_27 mean time    = 24.284711 microseconds +/- 0.369549
TARGET_DEVICE_27 overhead     = 17.183175 microseconds +/- 0.704688
TARGET_DEVICE_27 median_ovrhd = 17.082226 microseconds 

--------------------------------------------------------
Computing PRIVATE_DEVICE_27 time using 1280 reps

Sample_size       Mean       Median     Min        Max        StdDev     Outliers
 100               24.627859   24.659745   24.244562   24.863333   0.138298   0
PRIVATE_DEVICE_27 mean time    = 24.627859 microseconds +/- 0.271064
PRIVATE_DEVICE_27 overhead     = 17.526323 microseconds +/- 0.606202
PRIVATE_DEVICE_27 median_ovrhd = 17.459504 microseconds 

--------------------------------------------------------
Computing FIRSTPRIVATE_DEVICE_27 time using 1280 reps

Sample_size       Mean       Median     Min        Max        StdDev     Outliers
 100               18.437117   18.445682   18.203259   18.610246   0.093342   0
FIRSTPRIVATE_DEVICE_27 mean time    = 18.437117 microseconds +/- 0.182950
FIRSTPRIVATE_DEVICE_27 overhead     = 11.335582 microseconds +/- 0.518088
FIRSTPRIVATE_DEVICE_27 median_ovrhd = 11.245441 microseconds 
************************************************************************************************************************************************************************
Running OpenMP benchmark version 4.0
	1 thread(s)
	100 outer repetitions
	10000.00 test time (microseconds)
	2069 delay length (iterations) 
	5.000000 delay time (microseconds)

--------------------------------------------------------
Computing reference_Device time using 20 reps

Sample_size       Mean       Median     Min        Max        StdDev     Outliers
 100               30.306101   30.303001   30.195713   30.899048   0.082827   1
reference_Device mean time    = 30.306101 microseconds +/- 0.162341
reference_Device median time  = 30.303001 microseconds

--------------------------------------------------------
Computing TARGET_DEVICE_27 time using 640 reps

Sample_size       Mean       Median     Min        Max        StdDev     Outliers
 100               46.180192   45.958720   45.357645   50.829723   0.896239   5
TARGET_DEVICE_27 mean time    = 46.180192 microseconds +/- 1.756628
TARGET_DEVICE_27 overhead     = 15.874092 microseconds +/- 1.918969
TARGET_DEVICE_27 median_ovrhd = 15.655719 microseconds 

--------------------------------------------------------
Computing PRIVATE_DEVICE_27 time using 640 reps

Sample_size       Mean       Median     Min        Max        StdDev     Outliers
 100               41.053768   41.104853   40.617213   41.287392   0.142661   1
PRIVATE_DEVICE_27 mean time    = 41.053768 microseconds +/- 0.279615
PRIVATE_DEVICE_27 overhead     = 10.747667 microseconds +/- 0.441956
PRIVATE_DEVICE_27 median_ovrhd = 10.801852 microseconds 

--------------------------------------------------------
Computing FIRSTPRIVATE_DEVICE_27 time using 640 reps

Sample_size       Mean       Median     Min        Max        StdDev     Outliers
 100               38.519628   38.534217   38.270280   38.687512   0.089831   0
FIRSTPRIVATE_DEVICE_27 mean time    = 38.519628 microseconds +/- 0.176069
FIRSTPRIVATE_DEVICE_27 overhead     = 8.213528 microseconds +/- 0.338410
FIRSTPRIVATE_DEVICE_27 median_ovrhd = 8.231215 microseconds 
************************************************************************************************************************************************************************
Running OpenMP benchmark version 4.0
	1 thread(s)
	100 outer repetitions
	10000.00 test time (microseconds)
	4036 delay length (iterations) 
	10.000000 delay time (microseconds)

--------------------------------------------------------
Computing reference_Device time using 20 reps

Sample_size       Mean       Median     Min        Max        StdDev     Outliers
 100               57.863832   57.947636   57.494640   58.150291   0.169661   0
reference_Device mean time    = 57.863832 microseconds +/- 0.332535
reference_Device median time  = 57.947636 microseconds

--------------------------------------------------------
Computing TARGET_DEVICE_27 time using 320 reps

Sample_size       Mean       Median     Min        Max        StdDev     Outliers
 100               65.978900   65.436214   64.987689   73.809177   1.992949   6
TARGET_DEVICE_27 mean time    = 65.978900 microseconds +/- 3.906181
TARGET_DEVICE_27 overhead     = 8.115068 microseconds +/- 4.238716
TARGET_DEVICE_27 median_ovrhd = 7.488579 microseconds 

--------------------------------------------------------
Computing PRIVATE_DEVICE_27 time using 320 reps

Sample_size       Mean       Median     Min        Max        StdDev     Outliers
 100               65.492235   65.517053   65.027922   65.802783   0.184659   0
PRIVATE_DEVICE_27 mean time    = 65.492235 microseconds +/- 0.361932
PRIVATE_DEVICE_27 overhead     = 7.628404 microseconds +/- 0.694467
PRIVATE_DEVICE_27 median_ovrhd = 7.569417 microseconds 

--------------------------------------------------------
Computing FIRSTPRIVATE_DEVICE_27 time using 640 reps

Sample_size       Mean       Median     Min        Max        StdDev     Outliers
 100               61.974283   61.975047   61.685964   62.456354   0.118928   2
FIRSTPRIVATE_DEVICE_27 mean time    = 61.974283 microseconds +/- 0.233099
FIRSTPRIVATE_DEVICE_27 overhead     = 4.110452 microseconds +/- 0.565634
FIRSTPRIVATE_DEVICE_27 median_ovrhd = 4.027411 microseconds 
************************************************************************************************************************************************************************
Running OpenMP benchmark version 4.0
	1 thread(s)
	100 outer repetitions
	10000.00 test time (microseconds)
	8659 delay length (iterations) 
	20.000000 delay time (microseconds)

--------------------------------------------------------
Computing reference_Device time using 20 reps

Sample_size       Mean       Median     Min        Max        StdDev     Outliers
 100               117.933989   122.404099   110.995770   122.606754   5.364449   0
reference_Device mean time    = 117.933989 microseconds +/- 10.514319
reference_Device median time  = 122.404099 microseconds

--------------------------------------------------------
Computing TARGET_DEVICE_27 time using 160 reps

Sample_size       Mean       Median     Min        Max        StdDev     Outliers
 100               122.709140   122.587383   122.000277   131.137669   1.013399   2
TARGET_DEVICE_27 mean time    = 122.709140 microseconds +/- 1.986263
TARGET_DEVICE_27 overhead     = 4.775152 microseconds +/- 12.500582
TARGET_DEVICE_27 median_ovrhd = 0.183284 microseconds 

--------------------------------------------------------
Computing PRIVATE_DEVICE_27 time using 320 reps

Sample_size       Mean       Median     Min        Max        StdDev     Outliers
 100               122.934632   122.949854   122.546405   123.268366   0.148450   0
PRIVATE_DEVICE_27 mean time    = 122.934632 microseconds +/- 0.290961
PRIVATE_DEVICE_27 overhead     = 5.000643 microseconds +/- 10.805281
PRIVATE_DEVICE_27 median_ovrhd = 0.545755 microseconds 

--------------------------------------------------------
Computing FIRSTPRIVATE_DEVICE_27 time using 320 reps

Sample_size       Mean       Median     Min        Max        StdDev     Outliers
 100               117.104195   117.095187   116.740167   117.371976   0.128849   0
FIRSTPRIVATE_DEVICE_27 mean time    = 117.104195 microseconds +/- 0.252544
FIRSTPRIVATE_DEVICE_27 overhead     = -0.829794 microseconds +/- 10.766864
FIRSTPRIVATE_DEVICE_27 median_ovrhd = -5.308911 microseconds 
************************************************************************************************************************************************************************
Running OpenMP benchmark version 4.0
	1 thread(s)
	100 outer repetitions
	10000.00 test time (microseconds)
	12679 delay length (iterations) 
	30.000000 delay time (microseconds)

--------------------------------------------------------
Computing reference_Device time using 20 reps

Sample_size       Mean       Median     Min        Max        StdDev     Outliers
 100               167.872310   163.054466   154.399872   178.992748   8.673927   0
reference_Device mean time    = 167.872310 microseconds +/- 17.000896
reference_Device median time  = 163.054466 microseconds

--------------------------------------------------------
Computing TARGET_DEVICE_27 time using 160 reps

Sample_size       Mean       Median     Min        Max        StdDev     Outliers
 100               172.031492   172.046572   171.355903   172.406435   0.210252   1
TARGET_DEVICE_27 mean time    = 172.031492 microseconds +/- 0.412094
TARGET_DEVICE_27 overhead     = 4.159182 microseconds +/- 17.412991
TARGET_DEVICE_27 median_ovrhd = 8.992106 microseconds 

--------------------------------------------------------
Computing PRIVATE_DEVICE_27 time using 160 reps

Sample_size       Mean       Median     Min        Max        StdDev     Outliers
 100               172.382429   172.381848   171.931088   173.418224   0.196908   3
PRIVATE_DEVICE_27 mean time    = 172.382429 microseconds +/- 0.385941
PRIVATE_DEVICE_27 overhead     = 4.510120 microseconds +/- 17.386837
PRIVATE_DEVICE_27 median_ovrhd = 9.327382 microseconds 

--------------------------------------------------------
Computing FIRSTPRIVATE_DEVICE_27 time using 160 reps

Sample_size       Mean       Median     Min        Max        StdDev     Outliers
 100               165.249571   165.259838   164.899230   165.562332   0.145690   0
FIRSTPRIVATE_DEVICE_27 mean time    = 165.249571 microseconds +/- 0.285552
FIRSTPRIVATE_DEVICE_27 overhead     = -2.622738 microseconds +/- 17.286449
FIRSTPRIVATE_DEVICE_27 median_ovrhd = 2.205372 microseconds 
************************************************************************************************************************************************************************
Running OpenMP benchmark version 4.0
	1 thread(s)
	100 outer repetitions
	10000.00 test time (microseconds)
	16877 delay length (iterations) 
	40.000000 delay time (microseconds)

--------------------------------------------------------
Computing reference_Device time using 20 reps

Sample_size       Mean       Median     Min        Max        StdDev     Outliers
 100               218.184352   215.101242   203.144550   236.845016   12.875848   0
reference_Device mean time    = 218.184352 microseconds +/- 25.236661
reference_Device median time  = 215.101242 microseconds

--------------------------------------------------------
Computing TARGET_DEVICE_27 time using 160 reps

Sample_size       Mean       Median     Min        Max        StdDev     Outliers
 100               220.832124   220.825523   220.513344   221.212208   0.159427   0
TARGET_DEVICE_27 mean time    = 220.832124 microseconds +/- 0.312477
TARGET_DEVICE_27 overhead     = 2.647772 microseconds +/- 25.549139
TARGET_DEVICE_27 median_ovrhd = 5.724281 microseconds 

--------------------------------------------------------
Computing PRIVATE_DEVICE_27 time using 160 reps

Sample_size       Mean       Median     Min        Max        StdDev     Outliers
 100               221.269891   221.271813   220.875442   221.800804   0.175331   1
PRIVATE_DEVICE_27 mean time    = 221.269891 microseconds +/- 0.343649
PRIVATE_DEVICE_27 overhead     = 3.085539 microseconds +/- 25.580311
PRIVATE_DEVICE_27 median_ovrhd = 6.170571 microseconds 

--------------------------------------------------------
Computing FIRSTPRIVATE_DEVICE_27 time using 160 reps

Sample_size       Mean       Median     Min        Max        StdDev     Outliers
 100               215.172246   215.172023   214.874744   215.525925   0.131586   0
FIRSTPRIVATE_DEVICE_27 mean time    = 215.172246 microseconds +/- 0.257909
FIRSTPRIVATE_DEVICE_27 overhead     = -3.012106 microseconds +/- 25.494570
FIRSTPRIVATE_DEVICE_27 median_ovrhd = 0.070781 microseconds 
************************************************************************************************************************************************************************
Running OpenMP benchmark version 4.0
	1 thread(s)
	100 outer repetitions
	10000.00 test time (microseconds)
	20422 delay length (iterations) 
	50.000000 delay time (microseconds)

--------------------------------------------------------
Computing reference_Device time using 20 reps

Sample_size       Mean       Median     Min        Max        StdDev     Outliers
 100               260.395527   259.697437   245.344639   286.650658   15.849366   0
reference_Device mean time    = 260.395527 microseconds +/- 31.064757
reference_Device median time  = 259.697437 microseconds

--------------------------------------------------------
Computing TARGET_DEVICE_27 time using 80 reps

Sample_size       Mean       Median     Min        Max        StdDev     Outliers
 100               261.914909   261.920691   261.461735   262.397528   0.229755   0
TARGET_DEVICE_27 mean time    = 261.914909 microseconds +/- 0.450320
TARGET_DEVICE_27 overhead     = 1.519382 microseconds +/- 31.515076
TARGET_DEVICE_27 median_ovrhd = 2.223253 microseconds 

--------------------------------------------------------
Computing PRIVATE_DEVICE_27 time using 80 reps

Sample_size       Mean       Median     Min        Max        StdDev     Outliers
 100               262.114197   262.130797   261.563063   262.549520   0.207137   0
PRIVATE_DEVICE_27 mean time    = 262.114197 microseconds +/- 0.405989
PRIVATE_DEVICE_27 overhead     = 1.718670 microseconds +/- 31.470746
PRIVATE_DEVICE_27 median_ovrhd = 2.433360 microseconds 

--------------------------------------------------------
Computing FIRSTPRIVATE_DEVICE_27 time using 80 reps

Sample_size       Mean       Median     Min        Max        StdDev     Outliers
 100               257.503271   257.495046   257.098675   257.900357   0.174628   0
FIRSTPRIVATE_DEVICE_27 mean time    = 257.503271 microseconds +/- 0.342271
FIRSTPRIVATE_DEVICE_27 overhead     = -2.892256 microseconds +/- 31.407028
FIRSTPRIVATE_DEVICE_27 median_ovrhd = -2.202392 microseconds 
************************************************************************************************************************************************************************
Running OpenMP benchmark version 4.0
	1 thread(s)
	100 outer repetitions
	10000.00 test time (microseconds)
	24712 delay length (iterations) 
	60.000000 delay time (microseconds)

--------------------------------------------------------
Computing reference_Device time using 20 reps

Sample_size       Mean       Median     Min        Max        StdDev     Outliers
 100               311.607003   299.447775   296.497345   346.553326   18.692346   0
reference_Device mean time    = 311.607003 microseconds +/- 36.636997
reference_Device median time  = 299.447775 microseconds

--------------------------------------------------------
Computing TARGET_DEVICE_27 time using 80 reps

Sample_size       Mean       Median     Min        Max        StdDev     Outliers
 100               318.570733   318.717957   316.661596   319.439173   0.592463   1
TARGET_DEVICE_27 mean time    = 318.570733 microseconds +/- 1.161227
TARGET_DEVICE_27 overhead     = 6.963730 microseconds +/- 37.798224
TARGET_DEVICE_27 median_ovrhd = 19.270182 microseconds 

--------------------------------------------------------
Computing PRIVATE_DEVICE_27 time using 80 reps

Sample_size       Mean       Median     Min        Max        StdDev     Outliers
 100               311.784327   311.456621   310.888886   319.862366   1.602023   5
PRIVATE_DEVICE_27 mean time    = 311.784327 microseconds +/- 3.139965
PRIVATE_DEVICE_27 overhead     = 0.177324 microseconds +/- 39.776962
PRIVATE_DEVICE_27 median_ovrhd = 12.008846 microseconds 

--------------------------------------------------------
Computing FIRSTPRIVATE_DEVICE_27 time using 80 reps

Sample_size       Mean       Median     Min        Max        StdDev     Outliers
 100               308.680892   308.644772   308.364630   309.264660   0.184316   1
FIRSTPRIVATE_DEVICE_27 mean time    = 308.680892 microseconds +/- 0.361260
FIRSTPRIVATE_DEVICE_27 overhead     = -2.926111 microseconds +/- 36.998257
FIRSTPRIVATE_DEVICE_27 median_ovrhd = 9.196997 microseconds 
************************************************************************************************************************************************************************
Running OpenMP benchmark version 4.0
	1 thread(s)
	100 outer repetitions
	10000.00 test time (microseconds)
	29903 delay length (iterations) 
	70.000000 delay time (microseconds)

--------------------------------------------------------
Computing reference_Device time using 20 reps

Sample_size       Mean       Median     Min        Max        StdDev     Outliers
 100               373.645067   361.698866   358.402729   418.901443   21.639402   0
reference_Device mean time    = 373.645067 microseconds +/- 42.413228
reference_Device median time  = 361.698866 microseconds

--------------------------------------------------------
Computing TARGET_DEVICE_27 time using 80 reps

Sample_size       Mean       Median     Min        Max        StdDev     Outliers
 100               376.857042   376.850367   376.436114   377.374887   0.199426   0
TARGET_DEVICE_27 mean time    = 376.857042 microseconds +/- 0.390875
TARGET_DEVICE_27 overhead     = 3.211975 microseconds +/- 42.804103
TARGET_DEVICE_27 median_ovrhd = 15.151501 microseconds 

--------------------------------------------------------
Computing PRIVATE_DEVICE_27 time using 80 reps

Sample_size       Mean       Median     Min        Max        StdDev     Outliers
 100               377.154499   377.157331   376.611948   377.723575   0.203115   0
PRIVATE_DEVICE_27 mean time    = 377.154499 microseconds +/- 0.398104
PRIVATE_DEVICE_27 overhead     = 3.509432 microseconds +/- 42.811332
PRIVATE_DEVICE_27 median_ovrhd = 15.458465 microseconds 

--------------------------------------------------------
Computing FIRSTPRIVATE_DEVICE_27 time using 80 reps

Sample_size       Mean       Median     Min        Max        StdDev     Outliers
 100               371.379375   371.299684   370.201468   395.187736   2.450860   1
FIRSTPRIVATE_DEVICE_27 mean time    = 371.379375 microseconds +/- 4.803685
FIRSTPRIVATE_DEVICE_27 overhead     = -2.265692 microseconds +/- 47.216912
FIRSTPRIVATE_DEVICE_27 median_ovrhd = 9.600818 microseconds 
************************************************************************************************************************************************************************
Running OpenMP benchmark version 4.0
	1 thread(s)
	100 outer repetitions
	10000.00 test time (microseconds)
	32894 delay length (iterations) 
	80.000000 delay time (microseconds)

--------------------------------------------------------
Computing reference_Device time using 20 reps

Sample_size       Mean       Median     Min        Max        StdDev     Outliers
 100               409.078002   394.618511   394.439697   460.696220   22.868768   0
reference_Device mean time    = 409.078002 microseconds +/- 44.822784
reference_Device median time  = 394.618511 microseconds

--------------------------------------------------------
Computing TARGET_DEVICE_27 time using 80 reps

Sample_size       Mean       Median     Min        Max        StdDev     Outliers
 100               413.055867   413.137674   410.437584   414.773822   1.018355   0
TARGET_DEVICE_27 mean time    = 413.055867 microseconds +/- 1.995975
TARGET_DEVICE_27 overhead     = 3.977865 microseconds +/- 46.818760
TARGET_DEVICE_27 median_ovrhd = 18.519163 microseconds 

--------------------------------------------------------
Computing PRIVATE_DEVICE_27 time using 80 reps

Sample_size       Mean       Median     Min        Max        StdDev     Outliers
 100               410.548896   409.758091   409.299135   461.924076   5.382580   1
PRIVATE_DEVICE_27 mean time    = 410.548896 microseconds +/- 10.549856
PRIVATE_DEVICE_27 overhead     = 1.470894 microseconds +/- 55.372641
PRIVATE_DEVICE_27 median_ovrhd = 15.139580 microseconds 

--------------------------------------------------------
Computing FIRSTPRIVATE_DEVICE_27 time using 80 reps

Sample_size       Mean       Median     Min        Max        StdDev     Outliers
 100               406.651527   406.643748   405.952334   407.975912   0.478433   0
FIRSTPRIVATE_DEVICE_27 mean time    = 406.651527 microseconds +/- 0.937728
FIRSTPRIVATE_DEVICE_27 overhead     = -2.426475 microseconds +/- 45.760513
FIRSTPRIVATE_DEVICE_27 median_ovrhd = 12.025237 microseconds 
************************************************************************************************************************************************************************
Running OpenMP benchmark version 4.0
	1 thread(s)
	100 outer repetitions
	10000.00 test time (microseconds)
	39803 delay length (iterations) 
	90.000000 delay time (microseconds)

--------------------------------------------------------
Computing reference_Device time using 20 reps

Sample_size       Mean       Median     Min        Max        StdDev     Outliers
 100               491.175175   476.849079   476.348400   557.351112   25.867159   0
reference_Device mean time    = 491.175175 microseconds +/- 50.699632
reference_Device median time  = 476.849079 microseconds

--------------------------------------------------------
Computing TARGET_DEVICE_27 time using 80 reps

Sample_size       Mean       Median     Min        Max        StdDev     Outliers
 100               499.478877   499.056280   497.177243   546.386838   4.766325   1
TARGET_DEVICE_27 mean time    = 499.478877 microseconds +/- 9.341998
TARGET_DEVICE_27 overhead     = 8.303702 microseconds +/- 60.041630
TARGET_DEVICE_27 median_ovrhd = 22.207201 microseconds 

--------------------------------------------------------
Computing PRIVATE_DEVICE_27 time using 80 reps

Sample_size       Mean       Median     Min        Max        StdDev     Outliers
 100               492.001832   491.756201   491.389632   500.175357   1.362033   3
PRIVATE_DEVICE_27 mean time    = 492.001832 microseconds +/- 2.669584
PRIVATE_DEVICE_27 overhead     = 0.826657 microseconds +/- 53.369217
PRIVATE_DEVICE_27 median_ovrhd = 14.907122 microseconds 

--------------------------------------------------------
Computing FIRSTPRIVATE_DEVICE_27 time using 80 reps

Sample_size       Mean       Median     Min        Max        StdDev     Outliers
 100               489.640117   489.780307   488.525629   490.397215   0.473712   0
FIRSTPRIVATE_DEVICE_27 mean time    = 489.640117 microseconds +/- 0.928475
FIRSTPRIVATE_DEVICE_27 overhead     = -1.535058 microseconds +/- 51.628107
FIRSTPRIVATE_DEVICE_27 median_ovrhd = 12.931228 microseconds 
************************************************************************************************************************************************************************
Running OpenMP benchmark version 4.0
	1 thread(s)
	100 outer repetitions
	10000.00 test time (microseconds)
	43784 delay length (iterations) 
	100.000000 delay time (microseconds)

--------------------------------------------------------
Computing reference_Device time using 20 reps

Sample_size       Mean       Median     Min        Max        StdDev     Outliers
 100               538.353443   524.401665   523.889065   612.509251   27.173414   0
reference_Device mean time    = 538.353443 microseconds +/- 53.259891
reference_Device median time  = 524.401665 microseconds

--------------------------------------------------------
Computing TARGET_DEVICE_27 time using 40 reps

Sample_size       Mean       Median     Min        Max        StdDev     Outliers
 100               541.118681   541.079044   540.626049   541.853905   0.246756   0
TARGET_DEVICE_27 mean time    = 541.118681 microseconds +/- 0.483643
TARGET_DEVICE_27 overhead     = 2.765238 microseconds +/- 53.743534
TARGET_DEVICE_27 median_ovrhd = 16.677380 microseconds 

--------------------------------------------------------
Computing PRIVATE_DEVICE_27 time using 40 reps

Sample_size       Mean       Median     Min        Max        StdDev     Outliers
 100               541.745484   541.371107   540.798903   549.697876   1.636713   4
PRIVATE_DEVICE_27 mean time    = 541.745484 microseconds +/- 3.207958
PRIVATE_DEVICE_27 overhead     = 3.392041 microseconds +/- 56.467849
PRIVATE_DEVICE_27 median_ovrhd = 16.969442 microseconds 

--------------------------------------------------------
Computing FIRSTPRIVATE_DEVICE_27 time using 40 reps

Sample_size       Mean       Median     Min        Max        StdDev     Outliers
 100               536.621511   536.626577   536.048412   537.276268   0.222488   0
FIRSTPRIVATE_DEVICE_27 mean time    = 536.621511 microseconds +/- 0.436076
FIRSTPRIVATE_DEVICE_27 overhead     = -1.731932 microseconds +/- 53.695967
FIRSTPRIVATE_DEVICE_27 median_ovrhd = 12.224913 microseconds 
