arraybench_(1)_0.001
slurmstepd: error: execve(): arraybench_1: No such file or directory
srun: error: r2i4n6: task 0: Exited with exit code 2
srun: launch/slurm: _step_signal: Terminating StepId=6576368.0

arraybench_(1)_0.005
slurmstepd: error: execve(): arraybench_1: No such file or directory
srun: error: r2i4n6: task 0: Exited with exit code 2
srun: launch/slurm: _step_signal: Terminating StepId=6576368.1

arraybench_(1)_0.01
slurmstepd: error: execve(): arraybench_1: No such file or directory
srun: error: r2i4n6: task 0: Exited with exit code 2
srun: launch/slurm: _step_signal: Terminating StepId=6576368.2

arraybench_(1)_0.05
slurmstepd: error: execve(): arraybench_1: No such file or directory
srun: error: r2i4n6: task 0: Exited with exit code 2
srun: launch/slurm: _step_signal: Terminating StepId=6576368.3

arraybench_(1)_0.1
slurmstepd: error: execve(): arraybench_1: No such file or directory
srun: error: r2i4n6: task 0: Exited with exit code 2
srun: launch/slurm: _step_signal: Terminating StepId=6576368.4

arraybench_(1)_0.5
slurmstepd: error: execve(): arraybench_1: No such file or directory
srun: error: r2i4n6: task 0: Exited with exit code 2
srun: launch/slurm: _step_signal: Terminating StepId=6576368.5

arraybench_(1)_1
slurmstepd: error: execve(): arraybench_1: No such file or directory
srun: error: r2i4n6: task 0: Exited with exit code 2
srun: launch/slurm: _step_signal: Terminating StepId=6576368.6

arraybench_(1)_5
slurmstepd: error: execve(): arraybench_1: No such file or directory
srun: error: r2i4n6: task 0: Exited with exit code 2
srun: launch/slurm: _step_signal: Terminating StepId=6576368.7

arraybench_(1)_10
slurmstepd: error: execve(): arraybench_1: No such file or directory
srun: error: r2i4n6: task 0: Exited with exit code 2
srun: launch/slurm: _step_signal: Terminating StepId=6576368.8

arraybench_(1)_20
slurmstepd: error: execve(): arraybench_1: No such file or directory
srun: error: r2i4n6: task 0: Exited with exit code 2
srun: launch/slurm: _step_signal: Terminating StepId=6576368.9

arraybench_(1)_30
slurmstepd: error: execve(): arraybench_1: No such file or directory
srun: error: r2i4n6: task 0: Exited with exit code 2
srun: launch/slurm: _step_signal: Terminating StepId=6576368.10

arraybench_(1)_40
slurmstepd: error: execve(): arraybench_1: No such file or directory
srun: error: r2i4n6: task 0: Exited with exit code 2
srun: launch/slurm: _step_signal: Terminating StepId=6576368.11

arraybench_(1)_50
slurmstepd: error: execve(): arraybench_1: No such file or directory
srun: error: r2i4n6: task 0: Exited with exit code 2
srun: launch/slurm: _step_signal: Terminating StepId=6576368.12

arraybench_(1)_60
slurmstepd: error: execve(): arraybench_1: No such file or directory
srun: error: r2i4n6: task 0: Exited with exit code 2
srun: launch/slurm: _step_signal: Terminating StepId=6576368.13

arraybench_(1)_70
slurmstepd: error: execve(): arraybench_1: No such file or directory
srun: error: r2i4n6: task 0: Exited with exit code 2
srun: launch/slurm: _step_signal: Terminating StepId=6576368.14

arraybench_(1)_80
slurmstepd: error: execve(): arraybench_1: No such file or directory
srun: error: r2i4n6: task 0: Exited with exit code 2
srun: launch/slurm: _step_signal: Terminating StepId=6576368.15

arraybench_(1)_90
slurmstepd: error: execve(): arraybench_1: No such file or directory
srun: error: r2i4n6: task 0: Exited with exit code 2
srun: launch/slurm: _step_signal: Terminating StepId=6576368.16

arraybench_(1)_100
slurmstepd: error: execve(): arraybench_1: No such file or directory
srun: error: r2i4n6: task 0: Exited with exit code 2
srun: launch/slurm: _step_signal: Terminating StepId=6576368.17

/mnt/lustre/e1000/home/d403/d403/weiyu2024/PhDProject/epcc-openmp-microbenchmarks/openmpbench_C_v40/visualise2.py:19: SyntaxWarning: "is" with a literal. Did you mean "=="?
  if switch is 0:
usage: visualise2.py [-h] method filename job IDA machine
visualise2.py: error: the following arguments are required: machine
arraybench_(3)_0.001
slurmstepd: error: execve(): arraybench_3: No such file or directory
srun: error: r2i4n6: task 0: Exited with exit code 2
srun: launch/slurm: _step_signal: Terminating StepId=6576368.18

arraybench_(3)_0.005
slurmstepd: error: execve(): arraybench_3: No such file or directory
srun: error: r2i4n6: task 0: Exited with exit code 2
srun: launch/slurm: _step_signal: Terminating StepId=6576368.19

arraybench_(3)_0.01
slurmstepd: error: execve(): arraybench_3: No such file or directory
srun: error: r2i4n6: task 0: Exited with exit code 2
srun: launch/slurm: _step_signal: Terminating StepId=6576368.20

arraybench_(3)_0.05
slurmstepd: error: execve(): arraybench_3: No such file or directory
srun: error: r2i4n6: task 0: Exited with exit code 2
srun: launch/slurm: _step_signal: Terminating StepId=6576368.21

arraybench_(3)_0.1
slurmstepd: error: execve(): arraybench_3: No such file or directory
srun: error: r2i4n6: task 0: Exited with exit code 2
srun: launch/slurm: _step_signal: Terminating StepId=6576368.22

arraybench_(3)_0.5
slurmstepd: error: execve(): arraybench_3: No such file or directory
srun: error: r2i4n6: task 0: Exited with exit code 2
srun: launch/slurm: _step_signal: Terminating StepId=6576368.23

arraybench_(3)_1
slurmstepd: error: execve(): arraybench_3: No such file or directory
srun: error: r2i4n6: task 0: Exited with exit code 2
srun: launch/slurm: _step_signal: Terminating StepId=6576368.24

arraybench_(3)_5
slurmstepd: error: execve(): arraybench_3: No such file or directory
srun: error: r2i4n6: task 0: Exited with exit code 2
srun: launch/slurm: _step_signal: Terminating StepId=6576368.25

arraybench_(3)_10
slurmstepd: error: execve(): arraybench_3: No such file or directory
srun: error: r2i4n6: task 0: Exited with exit code 2
srun: launch/slurm: _step_signal: Terminating StepId=6576368.26

arraybench_(3)_20
slurmstepd: error: execve(): arraybench_3: No such file or directory
srun: error: r2i4n6: task 0: Exited with exit code 2
srun: launch/slurm: _step_signal: Terminating StepId=6576368.27

arraybench_(3)_30
slurmstepd: error: execve(): arraybench_3: No such file or directory
srun: error: r2i4n6: task 0: Exited with exit code 2
srun: launch/slurm: _step_signal: Terminating StepId=6576368.28

arraybench_(3)_40
slurmstepd: error: execve(): arraybench_3: No such file or directory
srun: error: r2i4n6: task 0: Exited with exit code 2
srun: launch/slurm: _step_signal: Terminating StepId=6576368.29

arraybench_(3)_50
slurmstepd: error: execve(): arraybench_3: No such file or directory
srun: error: r2i4n6: task 0: Exited with exit code 2
srun: launch/slurm: _step_signal: Terminating StepId=6576368.30

arraybench_(3)_60
slurmstepd: error: execve(): arraybench_3: No such file or directory
srun: error: r2i4n6: task 0: Exited with exit code 2
srun: launch/slurm: _step_signal: Terminating StepId=6576368.31

arraybench_(3)_70
slurmstepd: error: execve(): arraybench_3: No such file or directory
srun: error: r2i4n6: task 0: Exited with exit code 2
srun: launch/slurm: _step_signal: Terminating StepId=6576368.32

arraybench_(3)_80
slurmstepd: error: execve(): arraybench_3: No such file or directory
srun: error: r2i4n6: task 0: Exited with exit code 2
srun: launch/slurm: _step_signal: Terminating StepId=6576368.33

arraybench_(3)_90
slurmstepd: error: execve(): arraybench_3: No such file or directory
srun: error: r2i4n6: task 0: Exited with exit code 2
srun: launch/slurm: _step_signal: Terminating StepId=6576368.34

arraybench_(3)_100
slurmstepd: error: execve(): arraybench_3: No such file or directory
srun: error: r2i4n6: task 0: Exited with exit code 2
srun: launch/slurm: _step_signal: Terminating StepId=6576368.35

/mnt/lustre/e1000/home/d403/d403/weiyu2024/PhDProject/epcc-openmp-microbenchmarks/openmpbench_C_v40/visualise2.py:19: SyntaxWarning: "is" with a literal. Did you mean "=="?
  if switch is 0:
usage: visualise2.py [-h] method filename job IDA machine
visualise2.py: error: the following arguments are required: machine
arraybench_(9)_0.001
slurmstepd: error: execve(): arraybench_9: No such file or directory
srun: error: r2i4n6: task 0: Exited with exit code 2
srun: launch/slurm: _step_signal: Terminating StepId=6576368.36

arraybench_(9)_0.005
slurmstepd: error: execve(): arraybench_9: No such file or directory
srun: error: r2i4n6: task 0: Exited with exit code 2
srun: launch/slurm: _step_signal: Terminating StepId=6576368.37

arraybench_(9)_0.01
slurmstepd: error: execve(): arraybench_9: No such file or directory
srun: error: r2i4n6: task 0: Exited with exit code 2
srun: launch/slurm: _step_signal: Terminating StepId=6576368.38

arraybench_(9)_0.05
slurmstepd: error: execve(): arraybench_9: No such file or directory
srun: error: r2i4n6: task 0: Exited with exit code 2
srun: launch/slurm: _step_signal: Terminating StepId=6576368.39

arraybench_(9)_0.1
slurmstepd: error: execve(): arraybench_9: No such file or directory
srun: error: r2i4n6: task 0: Exited with exit code 2
srun: launch/slurm: _step_signal: Terminating StepId=6576368.40

arraybench_(9)_0.5
slurmstepd: error: execve(): arraybench_9: No such file or directory
srun: error: r2i4n6: task 0: Exited with exit code 2
srun: launch/slurm: _step_signal: Terminating StepId=6576368.41

arraybench_(9)_1
slurmstepd: error: execve(): arraybench_9: No such file or directory
srun: error: r2i4n6: task 0: Exited with exit code 2
srun: launch/slurm: _step_signal: Terminating StepId=6576368.42

arraybench_(9)_5
slurmstepd: error: execve(): arraybench_9: No such file or directory
srun: error: r2i4n6: task 0: Exited with exit code 2
srun: launch/slurm: _step_signal: Terminating StepId=6576368.43

arraybench_(9)_10
slurmstepd: error: execve(): arraybench_9: No such file or directory
srun: error: r2i4n6: task 0: Exited with exit code 2
srun: launch/slurm: _step_signal: Terminating StepId=6576368.44

arraybench_(9)_20
slurmstepd: error: execve(): arraybench_9: No such file or directory
srun: error: r2i4n6: task 0: Exited with exit code 2
srun: launch/slurm: _step_signal: Terminating StepId=6576368.45

arraybench_(9)_30
slurmstepd: error: execve(): arraybench_9: No such file or directory
srun: error: r2i4n6: task 0: Exited with exit code 2
srun: launch/slurm: _step_signal: Terminating StepId=6576368.46

arraybench_(9)_40
slurmstepd: error: execve(): arraybench_9: No such file or directory
srun: error: r2i4n6: task 0: Exited with exit code 2
srun: launch/slurm: _step_signal: Terminating StepId=6576368.47

arraybench_(9)_50
slurmstepd: error: execve(): arraybench_9: No such file or directory
srun: error: r2i4n6: task 0: Exited with exit code 2
srun: launch/slurm: _step_signal: Terminating StepId=6576368.48

arraybench_(9)_60
slurmstepd: error: execve(): arraybench_9: No such file or directory
srun: error: r2i4n6: task 0: Exited with exit code 2
srun: launch/slurm: _step_signal: Terminating StepId=6576368.49

arraybench_(9)_70
slurmstepd: error: execve(): arraybench_9: No such file or directory
srun: error: r2i4n6: task 0: Exited with exit code 2
srun: launch/slurm: _step_signal: Terminating StepId=6576368.50

arraybench_(9)_80
slurmstepd: error: execve(): arraybench_9: No such file or directory
srun: error: r2i4n6: task 0: Exited with exit code 2
srun: launch/slurm: _step_signal: Terminating StepId=6576368.51

arraybench_(9)_90
slurmstepd: error: execve(): arraybench_9: No such file or directory
srun: error: r2i4n6: task 0: Exited with exit code 2
srun: launch/slurm: _step_signal: Terminating StepId=6576368.52

arraybench_(9)_100
slurmstepd: error: execve(): arraybench_9: No such file or directory
srun: error: r2i4n6: task 0: Exited with exit code 2
srun: launch/slurm: _step_signal: Terminating StepId=6576368.53

/mnt/lustre/e1000/home/d403/d403/weiyu2024/PhDProject/epcc-openmp-microbenchmarks/openmpbench_C_v40/visualise2.py:19: SyntaxWarning: "is" with a literal. Did you mean "=="?
  if switch is 0:
usage: visualise2.py [-h] method filename job IDA machine
visualise2.py: error: the following arguments are required: machine
arraybench_(27)_0.001

arraybench_(27)_0.005

arraybench_(27)_0.01

arraybench_(27)_0.05

arraybench_(27)_0.1

arraybench_(27)_0.5

arraybench_(27)_1

arraybench_(27)_5

arraybench_(27)_10

arraybench_(27)_20

arraybench_(27)_30

arraybench_(27)_40

arraybench_(27)_50

arraybench_(27)_60

arraybench_(27)_70

arraybench_(27)_80

arraybench_(27)_90

arraybench_(27)_100

/mnt/lustre/e1000/home/d403/d403/weiyu2024/PhDProject/epcc-openmp-microbenchmarks/openmpbench_C_v40/visualise2.py:19: SyntaxWarning: "is" with a literal. Did you mean "=="?
  if switch is 0:
usage: visualise2.py [-h] method filename job IDA machine
visualise2.py: error: the following arguments are required: machine
arraybench_(81)_0.001
slurmstepd: error: execve(): arraybench_81: No such file or directory
srun: error: r2i4n6: task 0: Exited with exit code 2
srun: launch/slurm: _step_signal: Terminating StepId=6576368.72

arraybench_(81)_0.005
slurmstepd: error: execve(): arraybench_81: No such file or directory
srun: error: r2i4n6: task 0: Exited with exit code 2
srun: launch/slurm: _step_signal: Terminating StepId=6576368.73

arraybench_(81)_0.01
slurmstepd: error: execve(): arraybench_81: No such file or directory
srun: error: r2i4n6: task 0: Exited with exit code 2
srun: launch/slurm: _step_signal: Terminating StepId=6576368.74

arraybench_(81)_0.05
slurmstepd: error: execve(): arraybench_81: No such file or directory
srun: error: r2i4n6: task 0: Exited with exit code 2
srun: launch/slurm: _step_signal: Terminating StepId=6576368.75

arraybench_(81)_0.1
slurmstepd: error: execve(): arraybench_81: No such file or directory
srun: error: r2i4n6: task 0: Exited with exit code 2
srun: launch/slurm: _step_signal: Terminating StepId=6576368.76

arraybench_(81)_0.5
slurmstepd: error: execve(): arraybench_81: No such file or directory
srun: error: r2i4n6: task 0: Exited with exit code 2
srun: launch/slurm: _step_signal: Terminating StepId=6576368.77

arraybench_(81)_1
slurmstepd: error: execve(): arraybench_81: No such file or directory
srun: error: r2i4n6: task 0: Exited with exit code 2
srun: launch/slurm: _step_signal: Terminating StepId=6576368.78

arraybench_(81)_5
slurmstepd: error: execve(): arraybench_81: No such file or directory
srun: error: r2i4n6: task 0: Exited with exit code 2
srun: launch/slurm: _step_signal: Terminating StepId=6576368.79

arraybench_(81)_10
slurmstepd: error: execve(): arraybench_81: No such file or directory
srun: error: r2i4n6: task 0: Exited with exit code 2
srun: launch/slurm: _step_signal: Terminating StepId=6576368.80

arraybench_(81)_20
slurmstepd: error: execve(): arraybench_81: No such file or directory
srun: error: r2i4n6: task 0: Exited with exit code 2
srun: launch/slurm: _step_signal: Terminating StepId=6576368.81

arraybench_(81)_30
slurmstepd: error: execve(): arraybench_81: No such file or directory
srun: error: r2i4n6: task 0: Exited with exit code 2
srun: launch/slurm: _step_signal: Terminating StepId=6576368.82

arraybench_(81)_40
slurmstepd: error: execve(): arraybench_81: No such file or directory
srun: error: r2i4n6: task 0: Exited with exit code 2
srun: launch/slurm: _step_signal: Terminating StepId=6576368.83

arraybench_(81)_50
slurmstepd: error: execve(): arraybench_81: No such file or directory
srun: error: r2i4n6: task 0: Exited with exit code 2
srun: launch/slurm: _step_signal: Terminating StepId=6576368.84

arraybench_(81)_60
slurmstepd: error: execve(): arraybench_81: No such file or directory
srun: error: r2i4n6: task 0: Exited with exit code 2
srun: launch/slurm: _step_signal: Terminating StepId=6576368.85

arraybench_(81)_70
slurmstepd: error: execve(): arraybench_81: No such file or directory
srun: error: r2i4n6: task 0: Exited with exit code 2
srun: launch/slurm: _step_signal: Terminating StepId=6576368.86

arraybench_(81)_80
slurmstepd: error: execve(): arraybench_81: No such file or directory
srun: error: r2i4n6: task 0: Exited with exit code 2
srun: launch/slurm: _step_signal: Terminating StepId=6576368.87

arraybench_(81)_90
slurmstepd: error: execve(): arraybench_81: No such file or directory
srun: error: r2i4n6: task 0: Exited with exit code 2
srun: launch/slurm: _step_signal: Terminating StepId=6576368.88

arraybench_(81)_100
slurmstepd: error: execve(): arraybench_81: No such file or directory
srun: error: r2i4n6: task 0: Exited with exit code 2
srun: launch/slurm: _step_signal: Terminating StepId=6576368.89

/mnt/lustre/e1000/home/d403/d403/weiyu2024/PhDProject/epcc-openmp-microbenchmarks/openmpbench_C_v40/visualise2.py:19: SyntaxWarning: "is" with a literal. Did you mean "=="?
  if switch is 0:
usage: visualise2.py [-h] method filename job IDA machine
visualise2.py: error: the following arguments are required: machine
arraybench_(243)_0.001
slurmstepd: error: execve(): arraybench_243: No such file or directory
srun: error: r2i4n6: task 0: Exited with exit code 2
srun: launch/slurm: _step_signal: Terminating StepId=6576368.90

arraybench_(243)_0.005
slurmstepd: error: execve(): arraybench_243: No such file or directory
srun: error: r2i4n6: task 0: Exited with exit code 2
srun: launch/slurm: _step_signal: Terminating StepId=6576368.91

arraybench_(243)_0.01
slurmstepd: error: execve(): arraybench_243: No such file or directory
srun: error: r2i4n6: task 0: Exited with exit code 2
srun: launch/slurm: _step_signal: Terminating StepId=6576368.92

arraybench_(243)_0.05
slurmstepd: error: execve(): arraybench_243: No such file or directory
srun: error: r2i4n6: task 0: Exited with exit code 2
srun: launch/slurm: _step_signal: Terminating StepId=6576368.93

arraybench_(243)_0.1
slurmstepd: error: execve(): arraybench_243: No such file or directory
srun: error: r2i4n6: task 0: Exited with exit code 2
srun: launch/slurm: _step_signal: Terminating StepId=6576368.94

arraybench_(243)_0.5
slurmstepd: error: execve(): arraybench_243: No such file or directory
srun: error: r2i4n6: task 0: Exited with exit code 2
srun: launch/slurm: _step_signal: Terminating StepId=6576368.95

arraybench_(243)_1
slurmstepd: error: execve(): arraybench_243: No such file or directory
srun: error: r2i4n6: task 0: Exited with exit code 2
srun: launch/slurm: _step_signal: Terminating StepId=6576368.96

arraybench_(243)_5
slurmstepd: error: execve(): arraybench_243: No such file or directory
srun: error: r2i4n6: task 0: Exited with exit code 2
srun: launch/slurm: _step_signal: Terminating StepId=6576368.97

arraybench_(243)_10
slurmstepd: error: execve(): arraybench_243: No such file or directory
srun: error: r2i4n6: task 0: Exited with exit code 2
srun: launch/slurm: _step_signal: Terminating StepId=6576368.98

arraybench_(243)_20
slurmstepd: error: execve(): arraybench_243: No such file or directory
srun: error: r2i4n6: task 0: Exited with exit code 2
srun: launch/slurm: _step_signal: Terminating StepId=6576368.99

arraybench_(243)_30
slurmstepd: error: execve(): arraybench_243: No such file or directory
srun: error: r2i4n6: task 0: Exited with exit code 2
srun: launch/slurm: _step_signal: Terminating StepId=6576368.100

arraybench_(243)_40
slurmstepd: error: execve(): arraybench_243: No such file or directory
srun: error: r2i4n6: task 0: Exited with exit code 2
srun: launch/slurm: _step_signal: Terminating StepId=6576368.101

arraybench_(243)_50
slurmstepd: error: execve(): arraybench_243: No such file or directory
srun: error: r2i4n6: task 0: Exited with exit code 2
srun: launch/slurm: _step_signal: Terminating StepId=6576368.102

arraybench_(243)_60
slurmstepd: error: execve(): arraybench_243: No such file or directory
srun: error: r2i4n6: task 0: Exited with exit code 2
srun: launch/slurm: _step_signal: Terminating StepId=6576368.103

arraybench_(243)_70
slurmstepd: error: execve(): arraybench_243: No such file or directory
srun: error: r2i4n6: task 0: Exited with exit code 2
srun: launch/slurm: _step_signal: Terminating StepId=6576368.104

arraybench_(243)_80
slurmstepd: error: execve(): arraybench_243: No such file or directory
srun: error: r2i4n6: task 0: Exited with exit code 2
srun: launch/slurm: _step_signal: Terminating StepId=6576368.105

arraybench_(243)_90
slurmstepd: error: execve(): arraybench_243: No such file or directory
srun: error: r2i4n6: task 0: Exited with exit code 2
srun: launch/slurm: _step_signal: Terminating StepId=6576368.106

arraybench_(243)_100
slurmstepd: error: execve(): arraybench_243: No such file or directory
srun: error: r2i4n6: task 0: Exited with exit code 2
srun: launch/slurm: _step_signal: Terminating StepId=6576368.107

/mnt/lustre/e1000/home/d403/d403/weiyu2024/PhDProject/epcc-openmp-microbenchmarks/openmpbench_C_v40/visualise2.py:19: SyntaxWarning: "is" with a literal. Did you mean "=="?
  if switch is 0:
usage: visualise2.py [-h] method filename job IDA machine
visualise2.py: error: the following arguments are required: machine
arraybench_(729)_0.001
slurmstepd: error: execve(): arraybench_729: No such file or directory
srun: error: r2i4n6: task 0: Exited with exit code 2
srun: launch/slurm: _step_signal: Terminating StepId=6576368.108

arraybench_(729)_0.005
slurmstepd: error: execve(): arraybench_729: No such file or directory
srun: error: r2i4n6: task 0: Exited with exit code 2
srun: launch/slurm: _step_signal: Terminating StepId=6576368.109

arraybench_(729)_0.01
slurmstepd: error: execve(): arraybench_729: No such file or directory
srun: error: r2i4n6: task 0: Exited with exit code 2
srun: launch/slurm: _step_signal: Terminating StepId=6576368.110

arraybench_(729)_0.05
slurmstepd: error: execve(): arraybench_729: No such file or directory
srun: error: r2i4n6: task 0: Exited with exit code 2
srun: launch/slurm: _step_signal: Terminating StepId=6576368.111

arraybench_(729)_0.1
slurmstepd: error: execve(): arraybench_729: No such file or directory
srun: error: r2i4n6: task 0: Exited with exit code 2
srun: launch/slurm: _step_signal: Terminating StepId=6576368.112

arraybench_(729)_0.5
slurmstepd: error: execve(): arraybench_729: No such file or directory
srun: error: r2i4n6: task 0: Exited with exit code 2
srun: launch/slurm: _step_signal: Terminating StepId=6576368.113

arraybench_(729)_1
slurmstepd: error: execve(): arraybench_729: No such file or directory
srun: error: r2i4n6: task 0: Exited with exit code 2
srun: launch/slurm: _step_signal: Terminating StepId=6576368.114

arraybench_(729)_5
slurmstepd: error: execve(): arraybench_729: No such file or directory
srun: error: r2i4n6: task 0: Exited with exit code 2
srun: launch/slurm: _step_signal: Terminating StepId=6576368.115

arraybench_(729)_10
slurmstepd: error: execve(): arraybench_729: No such file or directory
srun: error: r2i4n6: task 0: Exited with exit code 2
srun: launch/slurm: _step_signal: Terminating StepId=6576368.116

arraybench_(729)_20
slurmstepd: error: execve(): arraybench_729: No such file or directory
srun: error: r2i4n6: task 0: Exited with exit code 2
srun: launch/slurm: _step_signal: Terminating StepId=6576368.117

arraybench_(729)_30
slurmstepd: error: execve(): arraybench_729: No such file or directory
srun: error: r2i4n6: task 0: Exited with exit code 2
srun: launch/slurm: _step_signal: Terminating StepId=6576368.118

arraybench_(729)_40
slurmstepd: error: execve(): arraybench_729: No such file or directory
srun: error: r2i4n6: task 0: Exited with exit code 2
srun: launch/slurm: _step_signal: Terminating StepId=6576368.119

arraybench_(729)_50
slurmstepd: error: execve(): arraybench_729: No such file or directory
srun: error: r2i4n6: task 0: Exited with exit code 2
srun: launch/slurm: _step_signal: Terminating StepId=6576368.120

arraybench_(729)_60
slurmstepd: error: execve(): arraybench_729: No such file or directory
srun: error: r2i4n6: task 0: Exited with exit code 2
srun: launch/slurm: _step_signal: Terminating StepId=6576368.121

arraybench_(729)_70
slurmstepd: error: execve(): arraybench_729: No such file or directory
srun: error: r2i4n6: task 0: Exited with exit code 2
srun: launch/slurm: _step_signal: Terminating StepId=6576368.122

arraybench_(729)_80
slurmstepd: error: execve(): arraybench_729: No such file or directory
srun: error: r2i4n6: task 0: Exited with exit code 2
srun: launch/slurm: _step_signal: Terminating StepId=6576368.123

arraybench_(729)_90
slurmstepd: error: execve(): arraybench_729: No such file or directory
srun: error: r2i4n6: task 0: Exited with exit code 2
srun: launch/slurm: _step_signal: Terminating StepId=6576368.124

arraybench_(729)_100
slurmstepd: error: execve(): arraybench_729: No such file or directory
srun: error: r2i4n6: task 0: Exited with exit code 2
srun: launch/slurm: _step_signal: Terminating StepId=6576368.125

/mnt/lustre/e1000/home/d403/d403/weiyu2024/PhDProject/epcc-openmp-microbenchmarks/openmpbench_C_v40/visualise2.py:19: SyntaxWarning: "is" with a literal. Did you mean "=="?
  if switch is 0:
usage: visualise2.py [-h] method filename job IDA machine
visualise2.py: error: the following arguments are required: machine
arraybench_(2187)_0.001
slurmstepd: error: execve(): arraybench_2187: No such file or directory
srun: error: r2i4n6: task 0: Exited with exit code 2
srun: launch/slurm: _step_signal: Terminating StepId=6576368.126

arraybench_(2187)_0.005
slurmstepd: error: execve(): arraybench_2187: No such file or directory
srun: error: r2i4n6: task 0: Exited with exit code 2
srun: launch/slurm: _step_signal: Terminating StepId=6576368.127

arraybench_(2187)_0.01
slurmstepd: error: execve(): arraybench_2187: No such file or directory
srun: error: r2i4n6: task 0: Exited with exit code 2
srun: launch/slurm: _step_signal: Terminating StepId=6576368.128

arraybench_(2187)_0.05
slurmstepd: error: execve(): arraybench_2187: No such file or directory
srun: error: r2i4n6: task 0: Exited with exit code 2
srun: launch/slurm: _step_signal: Terminating StepId=6576368.129

arraybench_(2187)_0.1
slurmstepd: error: execve(): arraybench_2187: No such file or directory
srun: error: r2i4n6: task 0: Exited with exit code 2
srun: launch/slurm: _step_signal: Terminating StepId=6576368.130

arraybench_(2187)_0.5
slurmstepd: error: execve(): arraybench_2187: No such file or directory
srun: error: r2i4n6: task 0: Exited with exit code 2
srun: launch/slurm: _step_signal: Terminating StepId=6576368.131

arraybench_(2187)_1
slurmstepd: error: execve(): arraybench_2187: No such file or directory
srun: error: r2i4n6: task 0: Exited with exit code 2
srun: launch/slurm: _step_signal: Terminating StepId=6576368.132

arraybench_(2187)_5
slurmstepd: error: execve(): arraybench_2187: No such file or directory
srun: error: r2i4n6: task 0: Exited with exit code 2
srun: launch/slurm: _step_signal: Terminating StepId=6576368.133

arraybench_(2187)_10
slurmstepd: error: execve(): arraybench_2187: No such file or directory
srun: error: r2i4n6: task 0: Exited with exit code 2
srun: launch/slurm: _step_signal: Terminating StepId=6576368.134

arraybench_(2187)_20
slurmstepd: error: execve(): arraybench_2187: No such file or directory
srun: error: r2i4n6: task 0: Exited with exit code 2
srun: launch/slurm: _step_signal: Terminating StepId=6576368.135

arraybench_(2187)_30
slurmstepd: error: execve(): arraybench_2187: No such file or directory
srun: error: r2i4n6: task 0: Exited with exit code 2
srun: launch/slurm: _step_signal: Terminating StepId=6576368.136

arraybench_(2187)_40
slurmstepd: error: execve(): arraybench_2187: No such file or directory
srun: error: r2i4n6: task 0: Exited with exit code 2
srun: launch/slurm: _step_signal: Terminating StepId=6576368.137

arraybench_(2187)_50
slurmstepd: error: execve(): arraybench_2187: No such file or directory
srun: error: r2i4n6: task 0: Exited with exit code 2
srun: launch/slurm: _step_signal: Terminating StepId=6576368.138

arraybench_(2187)_60
slurmstepd: error: execve(): arraybench_2187: No such file or directory
srun: error: r2i4n6: task 0: Exited with exit code 2
srun: launch/slurm: _step_signal: Terminating StepId=6576368.139

arraybench_(2187)_70
slurmstepd: error: execve(): arraybench_2187: No such file or directory
srun: error: r2i4n6: task 0: Exited with exit code 2
srun: launch/slurm: _step_signal: Terminating StepId=6576368.140

arraybench_(2187)_80
slurmstepd: error: execve(): arraybench_2187: No such file or directory
srun: error: r2i4n6: task 0: Exited with exit code 2
srun: launch/slurm: _step_signal: Terminating StepId=6576368.141

arraybench_(2187)_90
slurmstepd: error: execve(): arraybench_2187: No such file or directory
srun: error: r2i4n6: task 0: Exited with exit code 2
srun: launch/slurm: _step_signal: Terminating StepId=6576368.142

arraybench_(2187)_100
slurmstepd: error: execve(): arraybench_2187: No such file or directory
srun: error: r2i4n6: task 0: Exited with exit code 2
srun: launch/slurm: _step_signal: Terminating StepId=6576368.143

/mnt/lustre/e1000/home/d403/d403/weiyu2024/PhDProject/epcc-openmp-microbenchmarks/openmpbench_C_v40/visualise2.py:19: SyntaxWarning: "is" with a literal. Did you mean "=="?
  if switch is 0:
usage: visualise2.py [-h] method filename job IDA machine
visualise2.py: error: the following arguments are required: machine
arraybench_(6561)_0.001
slurmstepd: error: execve(): arraybench_6561: No such file or directory
srun: error: r2i4n6: task 0: Exited with exit code 2
srun: launch/slurm: _step_signal: Terminating StepId=6576368.144

arraybench_(6561)_0.005
slurmstepd: error: execve(): arraybench_6561: No such file or directory
srun: error: r2i4n6: task 0: Exited with exit code 2
srun: launch/slurm: _step_signal: Terminating StepId=6576368.145

arraybench_(6561)_0.01
slurmstepd: error: execve(): arraybench_6561: No such file or directory
srun: error: r2i4n6: task 0: Exited with exit code 2
srun: launch/slurm: _step_signal: Terminating StepId=6576368.146

arraybench_(6561)_0.05
slurmstepd: error: execve(): arraybench_6561: No such file or directory
srun: error: r2i4n6: task 0: Exited with exit code 2
srun: launch/slurm: _step_signal: Terminating StepId=6576368.147

arraybench_(6561)_0.1
slurmstepd: error: execve(): arraybench_6561: No such file or directory
srun: error: r2i4n6: task 0: Exited with exit code 2
srun: launch/slurm: _step_signal: Terminating StepId=6576368.148

arraybench_(6561)_0.5
slurmstepd: error: execve(): arraybench_6561: No such file or directory
srun: error: r2i4n6: task 0: Exited with exit code 2
srun: launch/slurm: _step_signal: Terminating StepId=6576368.149

arraybench_(6561)_1
slurmstepd: error: execve(): arraybench_6561: No such file or directory
srun: error: r2i4n6: task 0: Exited with exit code 2
srun: launch/slurm: _step_signal: Terminating StepId=6576368.150

arraybench_(6561)_5
slurmstepd: error: execve(): arraybench_6561: No such file or directory
srun: error: r2i4n6: task 0: Exited with exit code 2
srun: launch/slurm: _step_signal: Terminating StepId=6576368.151

arraybench_(6561)_10
slurmstepd: error: execve(): arraybench_6561: No such file or directory
srun: error: r2i4n6: task 0: Exited with exit code 2
srun: launch/slurm: _step_signal: Terminating StepId=6576368.152

arraybench_(6561)_20
slurmstepd: error: execve(): arraybench_6561: No such file or directory
srun: error: r2i4n6: task 0: Exited with exit code 2
srun: launch/slurm: _step_signal: Terminating StepId=6576368.153

arraybench_(6561)_30
slurmstepd: error: execve(): arraybench_6561: No such file or directory
srun: error: r2i4n6: task 0: Exited with exit code 2
srun: launch/slurm: _step_signal: Terminating StepId=6576368.154

arraybench_(6561)_40
slurmstepd: error: execve(): arraybench_6561: No such file or directory
srun: error: r2i4n6: task 0: Exited with exit code 2
srun: launch/slurm: _step_signal: Terminating StepId=6576368.155

arraybench_(6561)_50
slurmstepd: error: execve(): arraybench_6561: No such file or directory
srun: error: r2i4n6: task 0: Exited with exit code 2
srun: launch/slurm: _step_signal: Terminating StepId=6576368.156

arraybench_(6561)_60
slurmstepd: error: execve(): arraybench_6561: No such file or directory
srun: error: r2i4n6: task 0: Exited with exit code 2
srun: launch/slurm: _step_signal: Terminating StepId=6576368.157

arraybench_(6561)_70
slurmstepd: error: execve(): arraybench_6561: No such file or directory
srun: error: r2i4n6: task 0: Exited with exit code 2
srun: launch/slurm: _step_signal: Terminating StepId=6576368.158

arraybench_(6561)_80
slurmstepd: error: execve(): arraybench_6561: No such file or directory
srun: error: r2i4n6: task 0: Exited with exit code 2
srun: launch/slurm: _step_signal: Terminating StepId=6576368.159

arraybench_(6561)_90
slurmstepd: error: execve(): arraybench_6561: No such file or directory
srun: error: r2i4n6: task 0: Exited with exit code 2
srun: launch/slurm: _step_signal: Terminating StepId=6576368.160

arraybench_(6561)_100
slurmstepd: error: execve(): arraybench_6561: No such file or directory
srun: error: r2i4n6: task 0: Exited with exit code 2
srun: launch/slurm: _step_signal: Terminating StepId=6576368.161

/mnt/lustre/e1000/home/d403/d403/weiyu2024/PhDProject/epcc-openmp-microbenchmarks/openmpbench_C_v40/visualise2.py:19: SyntaxWarning: "is" with a literal. Did you mean "=="?
  if switch is 0:
usage: visualise2.py [-h] method filename job IDA machine
visualise2.py: error: the following arguments are required: machine
