CSV file 'dataset.csv' already exists.
(27)_20
slurmstepd: error: execve(): gpuvalidate: No such file or directory
srun: error: r2i4n8: task 0: Exited with exit code 2
srun: launch/slurm: _step_signal: Terminating StepId=6190093.0

(27)_20
slurmstepd: error: execve(): gpuvalidate: No such file or directory
srun: error: r2i4n8: task 0: Exited with exit code 2
srun: launch/slurm: _step_signal: Terminating StepId=6190093.1

(27)_20
slurmstepd: error: execve(): gpuvalidate: No such file or directory
srun: error: r2i4n8: task 0: Exited with exit code 2
srun: launch/slurm: _step_signal: Terminating StepId=6190093.2

(27)_20
slurmstepd: error: execve(): gpuvalidate: No such file or directory
srun: error: r2i4n8: task 0: Exited with exit code 2
srun: launch/slurm: _step_signal: Terminating StepId=6190093.3

(27)_20
slurmstepd: error: execve(): gpuvalidate: No such file or directory
srun: error: r2i4n8: task 0: Exited with exit code 2
srun: launch/slurm: _step_signal: Terminating StepId=6190093.4

(27)_20
slurmstepd: error: execve(): gpuvalidate: No such file or directory
srun: error: r2i4n8: task 0: Exited with exit code 2
srun: launch/slurm: _step_signal: Terminating StepId=6190093.5

(27)_20
slurmstepd: error: execve(): gpuvalidate: No such file or directory
srun: error: r2i4n8: task 0: Exited with exit code 2
srun: launch/slurm: _step_signal: Terminating StepId=6190093.6

(27)_20
slurmstepd: error: execve(): gpuvalidate: No such file or directory
srun: error: r2i4n8: task 0: Exited with exit code 2
srun: launch/slurm: _step_signal: Terminating StepId=6190093.7

(27)_20
slurmstepd: error: execve(): gpuvalidate: No such file or directory
srun: error: r2i4n8: task 0: Exited with exit code 2
srun: launch/slurm: _step_signal: Terminating StepId=6190093.8

(27)_20
slurmstepd: error: execve(): gpuvalidate: No such file or directory
srun: error: r2i4n8: task 0: Exited with exit code 2
srun: launch/slurm: _step_signal: Terminating StepId=6190093.9

(27)_20
slurmstepd: error: execve(): gpuvalidate: No such file or directory
srun: error: r2i4n8: task 0: Exited with exit code 2
srun: launch/slurm: _step_signal: Terminating StepId=6190093.10

(27)_20
slurmstepd: error: execve(): gpuvalidate: No such file or directory
srun: error: r2i4n8: task 0: Exited with exit code 2
srun: launch/slurm: _step_signal: Terminating StepId=6190093.11

(27)_20
slurmstepd: error: execve(): gpuvalidate: No such file or directory
srun: error: r2i4n8: task 0: Exited with exit code 2
srun: launch/slurm: _step_signal: Terminating StepId=6190093.12

(27)_20
slurmstepd: error: execve(): gpuvalidate: No such file or directory
srun: error: r2i4n8: task 0: Exited with exit code 2
srun: launch/slurm: _step_signal: Terminating StepId=6190093.13

(27)_20
slurmstepd: error: execve(): gpuvalidate: No such file or directory
srun: error: r2i4n8: task 0: Exited with exit code 2
srun: launch/slurm: _step_signal: Terminating StepId=6190093.14

(27)_20
slurmstepd: error: execve(): gpuvalidate: No such file or directory
srun: error: r2i4n8: task 0: Exited with exit code 2
srun: launch/slurm: _step_signal: Terminating StepId=6190093.15

(27)_20
slurmstepd: error: execve(): gpuvalidate: No such file or directory
srun: error: r2i4n8: task 0: Exited with exit code 2
srun: launch/slurm: _step_signal: Terminating StepId=6190093.16

(27)_20
slurmstepd: error: execve(): gpuvalidate: No such file or directory
srun: error: r2i4n8: task 0: Exited with exit code 2
srun: launch/slurm: _step_signal: Terminating StepId=6190093.17

(27)_20
slurmstepd: error: execve(): gpuvalidate: No such file or directory
srun: error: r2i4n8: task 0: Exited with exit code 2
srun: launch/slurm: _step_signal: Terminating StepId=6190093.18

(27)_20
slurmstepd: error: execve(): gpuvalidate: No such file or directory
srun: error: r2i4n8: task 0: Exited with exit code 2
srun: launch/slurm: _step_signal: Terminating StepId=6190093.19

(27)_20
slurmstepd: error: execve(): gpuvalidate: No such file or directory
srun: error: r2i4n8: task 0: Exited with exit code 2
srun: launch/slurm: _step_signal: Terminating StepId=6190093.20

(27)_20
slurmstepd: error: execve(): gpuvalidate: No such file or directory
srun: error: r2i4n8: task 0: Exited with exit code 2
srun: launch/slurm: _step_signal: Terminating StepId=6190093.21

(27)_20
slurmstepd: error: execve(): gpuvalidate: No such file or directory
srun: error: r2i4n8: task 0: Exited with exit code 2
srun: launch/slurm: _step_signal: Terminating StepId=6190093.22

(27)_20
slurmstepd: error: execve(): gpuvalidate: No such file or directory
srun: error: r2i4n8: task 0: Exited with exit code 2
srun: launch/slurm: _step_signal: Terminating StepId=6190093.23

(27)_20
slurmstepd: error: execve(): gpuvalidate: No such file or directory
srun: error: r2i4n8: task 0: Exited with exit code 2
srun: launch/slurm: _step_signal: Terminating StepId=6190093.24

(27)_20
slurmstepd: error: execve(): gpuvalidate: No such file or directory
srun: error: r2i4n8: task 0: Exited with exit code 2
srun: launch/slurm: _step_signal: Terminating StepId=6190093.25

(27)_20
slurmstepd: error: execve(): gpuvalidate: No such file or directory
srun: error: r2i4n8: task 0: Exited with exit code 2
srun: launch/slurm: _step_signal: Terminating StepId=6190093.26

(27)_20
slurmstepd: error: execve(): gpuvalidate: No such file or directory
srun: error: r2i4n8: task 0: Exited with exit code 2
srun: launch/slurm: _step_signal: Terminating StepId=6190093.27

(27)_20
slurmstepd: error: execve(): gpuvalidate: No such file or directory
srun: error: r2i4n8: task 0: Exited with exit code 2
srun: launch/slurm: _step_signal: Terminating StepId=6190093.28

(27)_20
slurmstepd: error: execve(): gpuvalidate: No such file or directory
srun: error: r2i4n8: task 0: Exited with exit code 2
srun: launch/slurm: _step_signal: Terminating StepId=6190093.29

(27)_20
slurmstepd: error: execve(): gpuvalidate: No such file or directory
srun: error: r2i4n8: task 0: Exited with exit code 2
srun: launch/slurm: _step_signal: Terminating StepId=6190093.30

(27)_20
slurmstepd: error: execve(): gpuvalidate: No such file or directory
srun: error: r2i4n8: task 0: Exited with exit code 2
srun: launch/slurm: _step_signal: Terminating StepId=6190093.31

(27)_20
slurmstepd: error: execve(): gpuvalidate: No such file or directory
srun: error: r2i4n8: task 0: Exited with exit code 2
srun: launch/slurm: _step_signal: Terminating StepId=6190093.32

(27)_20
slurmstepd: error: execve(): gpuvalidate: No such file or directory
srun: error: r2i4n8: task 0: Exited with exit code 2
srun: launch/slurm: _step_signal: Terminating StepId=6190093.33

(27)_20
slurmstepd: error: execve(): gpuvalidate: No such file or directory
srun: error: r2i4n8: task 0: Exited with exit code 2
srun: launch/slurm: _step_signal: Terminating StepId=6190093.34

(27)_20
slurmstepd: error: execve(): gpuvalidate: No such file or directory
srun: error: r2i4n8: task 0: Exited with exit code 2
srun: launch/slurm: _step_signal: Terminating StepId=6190093.35

(27)_20
slurmstepd: error: execve(): gpuvalidate: No such file or directory
srun: error: r2i4n8: task 0: Exited with exit code 2
srun: launch/slurm: _step_signal: Terminating StepId=6190093.36

(27)_20
slurmstepd: error: execve(): gpuvalidate: No such file or directory
srun: error: r2i4n8: task 0: Exited with exit code 2
srun: launch/slurm: _step_signal: Terminating StepId=6190093.37

(27)_20
slurmstepd: error: execve(): gpuvalidate: No such file or directory
srun: error: r2i4n8: task 0: Exited with exit code 2
srun: launch/slurm: _step_signal: Terminating StepId=6190093.38

(27)_20
slurmstepd: error: execve(): gpuvalidate: No such file or directory
srun: error: r2i4n8: task 0: Exited with exit code 2
srun: launch/slurm: _step_signal: Terminating StepId=6190093.39

(27)_20
slurmstepd: error: execve(): gpuvalidate: No such file or directory
srun: error: r2i4n8: task 0: Exited with exit code 2
srun: launch/slurm: _step_signal: Terminating StepId=6190093.40

(27)_20
slurmstepd: error: execve(): gpuvalidate: No such file or directory
srun: error: r2i4n8: task 0: Exited with exit code 2
srun: launch/slurm: _step_signal: Terminating StepId=6190093.41

(27)_20
slurmstepd: error: execve(): gpuvalidate: No such file or directory
srun: error: r2i4n8: task 0: Exited with exit code 2
srun: launch/slurm: _step_signal: Terminating StepId=6190093.42

(27)_20
slurmstepd: error: execve(): gpuvalidate: No such file or directory
srun: error: r2i4n8: task 0: Exited with exit code 2
srun: launch/slurm: _step_signal: Terminating StepId=6190093.43

(27)_20
slurmstepd: error: execve(): gpuvalidate: No such file or directory
srun: error: r2i4n8: task 0: Exited with exit code 2
srun: launch/slurm: _step_signal: Terminating StepId=6190093.44

(27)_20
slurmstepd: error: execve(): gpuvalidate: No such file or directory
srun: error: r2i4n8: task 0: Exited with exit code 2
srun: launch/slurm: _step_signal: Terminating StepId=6190093.45

(27)_20
slurmstepd: error: execve(): gpuvalidate: No such file or directory
srun: error: r2i4n8: task 0: Exited with exit code 2
srun: launch/slurm: _step_signal: Terminating StepId=6190093.46

(27)_20
slurmstepd: error: execve(): gpuvalidate: No such file or directory
srun: error: r2i4n8: task 0: Exited with exit code 2
srun: launch/slurm: _step_signal: Terminating StepId=6190093.47

(27)_20
slurmstepd: error: execve(): gpuvalidate: No such file or directory
srun: error: r2i4n8: task 0: Exited with exit code 2
srun: launch/slurm: _step_signal: Terminating StepId=6190093.48

(27)_20
slurmstepd: error: execve(): gpuvalidate: No such file or directory
srun: error: r2i4n8: task 0: Exited with exit code 2
srun: launch/slurm: _step_signal: Terminating StepId=6190093.49

(27)_20
slurmstepd: error: execve(): gpuvalidate: No such file or directory
srun: error: r2i4n8: task 0: Exited with exit code 2
srun: launch/slurm: _step_signal: Terminating StepId=6190093.50

(27)_20
slurmstepd: error: execve(): gpuvalidate: No such file or directory
srun: error: r2i4n8: task 0: Exited with exit code 2
srun: launch/slurm: _step_signal: Terminating StepId=6190093.51

(27)_20
slurmstepd: error: execve(): gpuvalidate: No such file or directory
srun: error: r2i4n8: task 0: Exited with exit code 2
srun: launch/slurm: _step_signal: Terminating StepId=6190093.52

(27)_20
slurmstepd: error: execve(): gpuvalidate: No such file or directory
srun: error: r2i4n8: task 0: Exited with exit code 2
srun: launch/slurm: _step_signal: Terminating StepId=6190093.53

(27)_20
slurmstepd: error: execve(): gpuvalidate: No such file or directory
srun: error: r2i4n8: task 0: Exited with exit code 2
srun: launch/slurm: _step_signal: Terminating StepId=6190093.54

(27)_20
slurmstepd: error: execve(): gpuvalidate: No such file or directory
srun: error: r2i4n8: task 0: Exited with exit code 2
srun: launch/slurm: _step_signal: Terminating StepId=6190093.55

(27)_20
slurmstepd: error: execve(): gpuvalidate: No such file or directory
srun: error: r2i4n8: task 0: Exited with exit code 2
srun: launch/slurm: _step_signal: Terminating StepId=6190093.56

(27)_20
slurmstepd: error: execve(): gpuvalidate: No such file or directory
srun: error: r2i4n8: task 0: Exited with exit code 2
srun: launch/slurm: _step_signal: Terminating StepId=6190093.57

(27)_20
slurmstepd: error: execve(): gpuvalidate: No such file or directory
srun: error: r2i4n8: task 0: Exited with exit code 2
srun: launch/slurm: _step_signal: Terminating StepId=6190093.58

(27)_20
slurmstepd: error: execve(): gpuvalidate: No such file or directory
srun: error: r2i4n8: task 0: Exited with exit code 2
srun: launch/slurm: _step_signal: Terminating StepId=6190093.59

(27)_20
slurmstepd: error: execve(): gpuvalidate: No such file or directory
srun: error: r2i4n8: task 0: Exited with exit code 2
srun: launch/slurm: _step_signal: Terminating StepId=6190093.60

(27)_20
slurmstepd: error: execve(): gpuvalidate: No such file or directory
srun: error: r2i4n8: task 0: Exited with exit code 2
srun: launch/slurm: _step_signal: Terminating StepId=6190093.61

(27)_20
slurmstepd: error: execve(): gpuvalidate: No such file or directory
srun: error: r2i4n8: task 0: Exited with exit code 2
srun: launch/slurm: _step_signal: Terminating StepId=6190093.62

(27)_20
slurmstepd: error: execve(): gpuvalidate: No such file or directory
srun: error: r2i4n8: task 0: Exited with exit code 2
srun: launch/slurm: _step_signal: Terminating StepId=6190093.63

(27)_20
slurmstepd: error: execve(): gpuvalidate: No such file or directory
srun: error: r2i4n8: task 0: Exited with exit code 2
srun: launch/slurm: _step_signal: Terminating StepId=6190093.64

(27)_20
slurmstepd: error: execve(): gpuvalidate: No such file or directory
srun: error: r2i4n8: task 0: Exited with exit code 2
srun: launch/slurm: _step_signal: Terminating StepId=6190093.65

(27)_20
slurmstepd: error: execve(): gpuvalidate: No such file or directory
srun: error: r2i4n8: task 0: Exited with exit code 2
srun: launch/slurm: _step_signal: Terminating StepId=6190093.66

(27)_20
slurmstepd: error: execve(): gpuvalidate: No such file or directory
srun: error: r2i4n8: task 0: Exited with exit code 2
srun: launch/slurm: _step_signal: Terminating StepId=6190093.67

(27)_20
slurmstepd: error: execve(): gpuvalidate: No such file or directory
srun: error: r2i4n8: task 0: Exited with exit code 2
srun: launch/slurm: _step_signal: Terminating StepId=6190093.68

(27)_20
slurmstepd: error: execve(): gpuvalidate: No such file or directory
srun: error: r2i4n8: task 0: Exited with exit code 2
srun: launch/slurm: _step_signal: Terminating StepId=6190093.69

(27)_20
slurmstepd: error: execve(): gpuvalidate: No such file or directory
srun: error: r2i4n8: task 0: Exited with exit code 2
srun: launch/slurm: _step_signal: Terminating StepId=6190093.70

(27)_20
slurmstepd: error: execve(): gpuvalidate: No such file or directory
srun: error: r2i4n8: task 0: Exited with exit code 2
srun: launch/slurm: _step_signal: Terminating StepId=6190093.71

(27)_20
slurmstepd: error: execve(): gpuvalidate: No such file or directory
srun: error: r2i4n8: task 0: Exited with exit code 2
srun: launch/slurm: _step_signal: Terminating StepId=6190093.72

(27)_20
slurmstepd: error: execve(): gpuvalidate: No such file or directory
srun: error: r2i4n8: task 0: Exited with exit code 2
srun: launch/slurm: _step_signal: Terminating StepId=6190093.73

(27)_20
slurmstepd: error: execve(): gpuvalidate: No such file or directory
srun: error: r2i4n8: task 0: Exited with exit code 2
srun: launch/slurm: _step_signal: Terminating StepId=6190093.74

(27)_20
slurmstepd: error: execve(): gpuvalidate: No such file or directory
srun: error: r2i4n8: task 0: Exited with exit code 2
srun: launch/slurm: _step_signal: Terminating StepId=6190093.75

(27)_20
slurmstepd: error: execve(): gpuvalidate: No such file or directory
srun: error: r2i4n8: task 0: Exited with exit code 2
srun: launch/slurm: _step_signal: Terminating StepId=6190093.76

(27)_20
slurmstepd: error: execve(): gpuvalidate: No such file or directory
srun: error: r2i4n8: task 0: Exited with exit code 2
srun: launch/slurm: _step_signal: Terminating StepId=6190093.77

(27)_20
slurmstepd: error: execve(): gpuvalidate: No such file or directory
srun: error: r2i4n8: task 0: Exited with exit code 2
srun: launch/slurm: _step_signal: Terminating StepId=6190093.78

(27)_20
slurmstepd: error: execve(): gpuvalidate: No such file or directory
srun: error: r2i4n8: task 0: Exited with exit code 2
srun: launch/slurm: _step_signal: Terminating StepId=6190093.79

(27)_20
slurmstepd: error: execve(): gpuvalidate: No such file or directory
srun: error: r2i4n8: task 0: Exited with exit code 2
srun: launch/slurm: _step_signal: Terminating StepId=6190093.80

(27)_20
slurmstepd: error: execve(): gpuvalidate: No such file or directory
srun: error: r2i4n8: task 0: Exited with exit code 2
srun: launch/slurm: _step_signal: Terminating StepId=6190093.81

(27)_20
slurmstepd: error: execve(): gpuvalidate: No such file or directory
srun: error: r2i4n8: task 0: Exited with exit code 2
srun: launch/slurm: _step_signal: Terminating StepId=6190093.82

(27)_20
slurmstepd: error: execve(): gpuvalidate: No such file or directory
srun: error: r2i4n8: task 0: Exited with exit code 2
srun: launch/slurm: _step_signal: Terminating StepId=6190093.83

(27)_20
slurmstepd: error: execve(): gpuvalidate: No such file or directory
srun: error: r2i4n8: task 0: Exited with exit code 2
srun: launch/slurm: _step_signal: Terminating StepId=6190093.84

(27)_20
slurmstepd: error: execve(): gpuvalidate: No such file or directory
srun: error: r2i4n8: task 0: Exited with exit code 2
srun: launch/slurm: _step_signal: Terminating StepId=6190093.85

(27)_20
slurmstepd: error: execve(): gpuvalidate: No such file or directory
srun: error: r2i4n8: task 0: Exited with exit code 2
srun: launch/slurm: _step_signal: Terminating StepId=6190093.86

(27)_20
slurmstepd: error: execve(): gpuvalidate: No such file or directory
srun: error: r2i4n8: task 0: Exited with exit code 2
srun: launch/slurm: _step_signal: Terminating StepId=6190093.87

(27)_20
slurmstepd: error: execve(): gpuvalidate: No such file or directory
srun: error: r2i4n8: task 0: Exited with exit code 2
srun: launch/slurm: _step_signal: Terminating StepId=6190093.88

(27)_20
slurmstepd: error: execve(): gpuvalidate: No such file or directory
srun: error: r2i4n8: task 0: Exited with exit code 2
srun: launch/slurm: _step_signal: Terminating StepId=6190093.89

(27)_20
slurmstepd: error: execve(): gpuvalidate: No such file or directory
srun: error: r2i4n8: task 0: Exited with exit code 2
srun: launch/slurm: _step_signal: Terminating StepId=6190093.90

(27)_20
slurmstepd: error: execve(): gpuvalidate: No such file or directory
srun: error: r2i4n8: task 0: Exited with exit code 2
srun: launch/slurm: _step_signal: Terminating StepId=6190093.91

(27)_20
slurmstepd: error: execve(): gpuvalidate: No such file or directory
srun: error: r2i4n8: task 0: Exited with exit code 2
srun: launch/slurm: _step_signal: Terminating StepId=6190093.92

(27)_20
slurmstepd: error: execve(): gpuvalidate: No such file or directory
srun: error: r2i4n8: task 0: Exited with exit code 2
srun: launch/slurm: _step_signal: Terminating StepId=6190093.93

(27)_20
slurmstepd: error: execve(): gpuvalidate: No such file or directory
srun: error: r2i4n8: task 0: Exited with exit code 2
srun: launch/slurm: _step_signal: Terminating StepId=6190093.94

(27)_20
slurmstepd: error: execve(): gpuvalidate: No such file or directory
srun: error: r2i4n8: task 0: Exited with exit code 2
srun: launch/slurm: _step_signal: Terminating StepId=6190093.95

(27)_20
slurmstepd: error: execve(): gpuvalidate: No such file or directory
srun: error: r2i4n8: task 0: Exited with exit code 2
srun: launch/slurm: _step_signal: Terminating StepId=6190093.96

(27)_20
slurmstepd: error: execve(): gpuvalidate: No such file or directory
srun: error: r2i4n8: task 0: Exited with exit code 2
srun: launch/slurm: _step_signal: Terminating StepId=6190093.97

(27)_20
slurmstepd: error: execve(): gpuvalidate: No such file or directory
srun: error: r2i4n8: task 0: Exited with exit code 2
srun: launch/slurm: _step_signal: Terminating StepId=6190093.98

(27)_20
slurmstepd: error: execve(): gpuvalidate: No such file or directory
srun: error: r2i4n8: task 0: Exited with exit code 2
srun: launch/slurm: _step_signal: Terminating StepId=6190093.99

Matplotlib created a temporary cache directory at /dev/shm/weiyu2024_6190093/matplotlib-adk31qix because the default path (/mnt/lustre/e1000/home/d35/d35/weiyu24/Microbenchmarking-of-Accelerators-Offloading/openmpbench_C_v40/Plots/cirrus) is not a writable directory; it is highly recommended to set the MPLCONFIGDIR environment variable to a writable directory, in particular to speed up the import of Matplotlib and to better support multiprocessing.
Parameters not found in the file.
(27)_20
slurmstepd: error: execve(): gpuvalidate: No such file or directory
srun: error: r2i4n8: task 0: Exited with exit code 2
srun: launch/slurm: _step_signal: Terminating StepId=6190093.100

(27)_20
slurmstepd: error: execve(): gpuvalidate: No such file or directory
srun: error: r2i4n8: task 0: Exited with exit code 2
srun: launch/slurm: _step_signal: Terminating StepId=6190093.101

(27)_20
slurmstepd: error: execve(): gpuvalidate: No such file or directory
srun: error: r2i4n8: task 0: Exited with exit code 2
srun: launch/slurm: _step_signal: Terminating StepId=6190093.102

(27)_20
slurmstepd: error: execve(): gpuvalidate: No such file or directory
srun: error: r2i4n8: task 0: Exited with exit code 2
srun: launch/slurm: _step_signal: Terminating StepId=6190093.103

(27)_20
slurmstepd: error: execve(): gpuvalidate: No such file or directory
srun: error: r2i4n8: task 0: Exited with exit code 2
srun: launch/slurm: _step_signal: Terminating StepId=6190093.104

(27)_20
slurmstepd: error: execve(): gpuvalidate: No such file or directory
srun: error: r2i4n8: task 0: Exited with exit code 2
srun: launch/slurm: _step_signal: Terminating StepId=6190093.105

(27)_20
slurmstepd: error: execve(): gpuvalidate: No such file or directory
srun: error: r2i4n8: task 0: Exited with exit code 2
srun: launch/slurm: _step_signal: Terminating StepId=6190093.106

(27)_20
slurmstepd: error: execve(): gpuvalidate: No such file or directory
srun: error: r2i4n8: task 0: Exited with exit code 2
srun: launch/slurm: _step_signal: Terminating StepId=6190093.107

(27)_20
slurmstepd: error: execve(): gpuvalidate: No such file or directory
srun: error: r2i4n8: task 0: Exited with exit code 2
srun: launch/slurm: _step_signal: Terminating StepId=6190093.108

(27)_20
slurmstepd: error: execve(): gpuvalidate: No such file or directory
srun: error: r2i4n8: task 0: Exited with exit code 2
srun: launch/slurm: _step_signal: Terminating StepId=6190093.109

(27)_20
slurmstepd: error: execve(): gpuvalidate: No such file or directory
srun: error: r2i4n8: task 0: Exited with exit code 2
srun: launch/slurm: _step_signal: Terminating StepId=6190093.110

(27)_20
slurmstepd: error: execve(): gpuvalidate: No such file or directory
srun: error: r2i4n8: task 0: Exited with exit code 2
srun: launch/slurm: _step_signal: Terminating StepId=6190093.111

(27)_20
slurmstepd: error: execve(): gpuvalidate: No such file or directory
srun: error: r2i4n8: task 0: Exited with exit code 2
srun: launch/slurm: _step_signal: Terminating StepId=6190093.112

(27)_20
slurmstepd: error: execve(): gpuvalidate: No such file or directory
srun: error: r2i4n8: task 0: Exited with exit code 2
srun: launch/slurm: _step_signal: Terminating StepId=6190093.113

(27)_20
slurmstepd: error: execve(): gpuvalidate: No such file or directory
srun: error: r2i4n8: task 0: Exited with exit code 2
srun: launch/slurm: _step_signal: Terminating StepId=6190093.114

(27)_20
slurmstepd: error: execve(): gpuvalidate: No such file or directory
srun: error: r2i4n8: task 0: Exited with exit code 2
srun: launch/slurm: _step_signal: Terminating StepId=6190093.115

(27)_20
slurmstepd: error: execve(): gpuvalidate: No such file or directory
srun: error: r2i4n8: task 0: Exited with exit code 2
srun: launch/slurm: _step_signal: Terminating StepId=6190093.116

(27)_20
slurmstepd: error: execve(): gpuvalidate: No such file or directory
srun: error: r2i4n8: task 0: Exited with exit code 2
srun: launch/slurm: _step_signal: Terminating StepId=6190093.117

(27)_20
slurmstepd: error: execve(): gpuvalidate: No such file or directory
srun: error: r2i4n8: task 0: Exited with exit code 2
srun: launch/slurm: _step_signal: Terminating StepId=6190093.118

(27)_20
slurmstepd: error: execve(): gpuvalidate: No such file or directory
srun: error: r2i4n8: task 0: Exited with exit code 2
srun: launch/slurm: _step_signal: Terminating StepId=6190093.119

(27)_20
slurmstepd: error: execve(): gpuvalidate: No such file or directory
srun: error: r2i4n8: task 0: Exited with exit code 2
srun: launch/slurm: _step_signal: Terminating StepId=6190093.120

(27)_20
slurmstepd: error: execve(): gpuvalidate: No such file or directory
srun: error: r2i4n8: task 0: Exited with exit code 2
srun: launch/slurm: _step_signal: Terminating StepId=6190093.121

(27)_20
slurmstepd: error: execve(): gpuvalidate: No such file or directory
srun: error: r2i4n8: task 0: Exited with exit code 2
srun: launch/slurm: _step_signal: Terminating StepId=6190093.122

(27)_20
slurmstepd: error: execve(): gpuvalidate: No such file or directory
srun: error: r2i4n8: task 0: Exited with exit code 2
srun: launch/slurm: _step_signal: Terminating StepId=6190093.123

(27)_20
slurmstepd: error: execve(): gpuvalidate: No such file or directory
srun: error: r2i4n8: task 0: Exited with exit code 2
srun: launch/slurm: _step_signal: Terminating StepId=6190093.124

(27)_20
slurmstepd: error: execve(): gpuvalidate: No such file or directory
srun: error: r2i4n8: task 0: Exited with exit code 2
srun: launch/slurm: _step_signal: Terminating StepId=6190093.125

(27)_20
slurmstepd: error: execve(): gpuvalidate: No such file or directory
srun: error: r2i4n8: task 0: Exited with exit code 2
srun: launch/slurm: _step_signal: Terminating StepId=6190093.126

(27)_20
slurmstepd: error: execve(): gpuvalidate: No such file or directory
srun: error: r2i4n8: task 0: Exited with exit code 2
srun: launch/slurm: _step_signal: Terminating StepId=6190093.127

(27)_20
slurmstepd: error: execve(): gpuvalidate: No such file or directory
srun: error: r2i4n8: task 0: Exited with exit code 2
srun: launch/slurm: _step_signal: Terminating StepId=6190093.128

(27)_20
slurmstepd: error: execve(): gpuvalidate: No such file or directory
srun: error: r2i4n8: task 0: Exited with exit code 2
srun: launch/slurm: _step_signal: Terminating StepId=6190093.129

(27)_20
slurmstepd: error: execve(): gpuvalidate: No such file or directory
srun: error: r2i4n8: task 0: Exited with exit code 2
srun: launch/slurm: _step_signal: Terminating StepId=6190093.130

(27)_20
slurmstepd: error: execve(): gpuvalidate: No such file or directory
srun: error: r2i4n8: task 0: Exited with exit code 2
srun: launch/slurm: _step_signal: Terminating StepId=6190093.131

(27)_20
slurmstepd: error: execve(): gpuvalidate: No such file or directory
srun: error: r2i4n8: task 0: Exited with exit code 2
srun: launch/slurm: _step_signal: Terminating StepId=6190093.132

(27)_20
slurmstepd: error: execve(): gpuvalidate: No such file or directory
srun: error: r2i4n8: task 0: Exited with exit code 2
srun: launch/slurm: _step_signal: Terminating StepId=6190093.133

(27)_20
slurmstepd: error: execve(): gpuvalidate: No such file or directory
srun: error: r2i4n8: task 0: Exited with exit code 2
srun: launch/slurm: _step_signal: Terminating StepId=6190093.134

(27)_20
slurmstepd: error: execve(): gpuvalidate: No such file or directory
srun: error: r2i4n8: task 0: Exited with exit code 2
srun: launch/slurm: _step_signal: Terminating StepId=6190093.135

(27)_20
slurmstepd: error: execve(): gpuvalidate: No such file or directory
srun: error: r2i4n8: task 0: Exited with exit code 2
srun: launch/slurm: _step_signal: Terminating StepId=6190093.136

(27)_20
slurmstepd: error: execve(): gpuvalidate: No such file or directory
srun: error: r2i4n8: task 0: Exited with exit code 2
srun: launch/slurm: _step_signal: Terminating StepId=6190093.137

(27)_20
slurmstepd: error: execve(): gpuvalidate: No such file or directory
srun: error: r2i4n8: task 0: Exited with exit code 2
srun: launch/slurm: _step_signal: Terminating StepId=6190093.138

(27)_20
slurmstepd: error: execve(): gpuvalidate: No such file or directory
srun: error: r2i4n8: task 0: Exited with exit code 2
srun: launch/slurm: _step_signal: Terminating StepId=6190093.139

(27)_20
slurmstepd: error: execve(): gpuvalidate: No such file or directory
srun: error: r2i4n8: task 0: Exited with exit code 2
srun: launch/slurm: _step_signal: Terminating StepId=6190093.140

(27)_20
slurmstepd: error: execve(): gpuvalidate: No such file or directory
srun: error: r2i4n8: task 0: Exited with exit code 2
srun: launch/slurm: _step_signal: Terminating StepId=6190093.141

(27)_20
slurmstepd: error: execve(): gpuvalidate: No such file or directory
srun: error: r2i4n8: task 0: Exited with exit code 2
srun: launch/slurm: _step_signal: Terminating StepId=6190093.142

(27)_20
slurmstepd: error: execve(): gpuvalidate: No such file or directory
srun: error: r2i4n8: task 0: Exited with exit code 2
srun: launch/slurm: _step_signal: Terminating StepId=6190093.143

(27)_20
slurmstepd: error: execve(): gpuvalidate: No such file or directory
srun: error: r2i4n8: task 0: Exited with exit code 2
srun: launch/slurm: _step_signal: Terminating StepId=6190093.144

(27)_20
slurmstepd: error: execve(): gpuvalidate: No such file or directory
srun: error: r2i4n8: task 0: Exited with exit code 2
srun: launch/slurm: _step_signal: Terminating StepId=6190093.145

(27)_20
slurmstepd: error: execve(): gpuvalidate: No such file or directory
srun: error: r2i4n8: task 0: Exited with exit code 2
srun: launch/slurm: _step_signal: Terminating StepId=6190093.146

(27)_20
slurmstepd: error: execve(): gpuvalidate: No such file or directory
srun: error: r2i4n8: task 0: Exited with exit code 2
srun: launch/slurm: _step_signal: Terminating StepId=6190093.147

(27)_20
slurmstepd: error: execve(): gpuvalidate: No such file or directory
srun: error: r2i4n8: task 0: Exited with exit code 2
srun: launch/slurm: _step_signal: Terminating StepId=6190093.148

(27)_20
slurmstepd: error: execve(): gpuvalidate: No such file or directory
srun: error: r2i4n8: task 0: Exited with exit code 2
srun: launch/slurm: _step_signal: Terminating StepId=6190093.149

(27)_20
slurmstepd: error: execve(): gpuvalidate: No such file or directory
srun: error: r2i4n8: task 0: Exited with exit code 2
srun: launch/slurm: _step_signal: Terminating StepId=6190093.150

(27)_20
slurmstepd: error: execve(): gpuvalidate: No such file or directory
srun: error: r2i4n8: task 0: Exited with exit code 2
srun: launch/slurm: _step_signal: Terminating StepId=6190093.151

(27)_20
slurmstepd: error: execve(): gpuvalidate: No such file or directory
srun: error: r2i4n8: task 0: Exited with exit code 2
srun: launch/slurm: _step_signal: Terminating StepId=6190093.152

(27)_20
slurmstepd: error: execve(): gpuvalidate: No such file or directory
srun: error: r2i4n8: task 0: Exited with exit code 2
srun: launch/slurm: _step_signal: Terminating StepId=6190093.153

(27)_20
slurmstepd: error: execve(): gpuvalidate: No such file or directory
srun: error: r2i4n8: task 0: Exited with exit code 2
srun: launch/slurm: _step_signal: Terminating StepId=6190093.154

(27)_20
slurmstepd: error: execve(): gpuvalidate: No such file or directory
srun: error: r2i4n8: task 0: Exited with exit code 2
srun: launch/slurm: _step_signal: Terminating StepId=6190093.155

(27)_20
slurmstepd: error: execve(): gpuvalidate: No such file or directory
srun: error: r2i4n8: task 0: Exited with exit code 2
srun: launch/slurm: _step_signal: Terminating StepId=6190093.156

(27)_20
slurmstepd: error: execve(): gpuvalidate: No such file or directory
srun: error: r2i4n8: task 0: Exited with exit code 2
srun: launch/slurm: _step_signal: Terminating StepId=6190093.157

(27)_20
slurmstepd: error: execve(): gpuvalidate: No such file or directory
srun: error: r2i4n8: task 0: Exited with exit code 2
srun: launch/slurm: _step_signal: Terminating StepId=6190093.158

(27)_20
slurmstepd: error: execve(): gpuvalidate: No such file or directory
srun: error: r2i4n8: task 0: Exited with exit code 2
srun: launch/slurm: _step_signal: Terminating StepId=6190093.159

(27)_20
slurmstepd: error: execve(): gpuvalidate: No such file or directory
srun: error: r2i4n8: task 0: Exited with exit code 2
srun: launch/slurm: _step_signal: Terminating StepId=6190093.160

(27)_20
slurmstepd: error: execve(): gpuvalidate: No such file or directory
srun: error: r2i4n8: task 0: Exited with exit code 2
srun: launch/slurm: _step_signal: Terminating StepId=6190093.161

(27)_20
slurmstepd: error: execve(): gpuvalidate: No such file or directory
srun: error: r2i4n8: task 0: Exited with exit code 2
srun: launch/slurm: _step_signal: Terminating StepId=6190093.162

(27)_20
slurmstepd: error: execve(): gpuvalidate: No such file or directory
srun: error: r2i4n8: task 0: Exited with exit code 2
srun: launch/slurm: _step_signal: Terminating StepId=6190093.163

(27)_20
slurmstepd: error: execve(): gpuvalidate: No such file or directory
srun: error: r2i4n8: task 0: Exited with exit code 2
srun: launch/slurm: _step_signal: Terminating StepId=6190093.164

(27)_20
slurmstepd: error: execve(): gpuvalidate: No such file or directory
srun: error: r2i4n8: task 0: Exited with exit code 2
srun: launch/slurm: _step_signal: Terminating StepId=6190093.165

(27)_20
slurmstepd: error: execve(): gpuvalidate: No such file or directory
srun: error: r2i4n8: task 0: Exited with exit code 2
srun: launch/slurm: _step_signal: Terminating StepId=6190093.166

(27)_20
slurmstepd: error: execve(): gpuvalidate: No such file or directory
srun: error: r2i4n8: task 0: Exited with exit code 2
srun: launch/slurm: _step_signal: Terminating StepId=6190093.167

(27)_20
slurmstepd: error: execve(): gpuvalidate: No such file or directory
srun: error: r2i4n8: task 0: Exited with exit code 2
srun: launch/slurm: _step_signal: Terminating StepId=6190093.168

(27)_20
slurmstepd: error: execve(): gpuvalidate: No such file or directory
srun: error: r2i4n8: task 0: Exited with exit code 2
srun: launch/slurm: _step_signal: Terminating StepId=6190093.169

(27)_20
slurmstepd: error: execve(): gpuvalidate: No such file or directory
srun: error: r2i4n8: task 0: Exited with exit code 2
srun: launch/slurm: _step_signal: Terminating StepId=6190093.170

(27)_20
slurmstepd: error: execve(): gpuvalidate: No such file or directory
srun: error: r2i4n8: task 0: Exited with exit code 2
srun: launch/slurm: _step_signal: Terminating StepId=6190093.171

(27)_20
slurmstepd: error: execve(): gpuvalidate: No such file or directory
srun: error: r2i4n8: task 0: Exited with exit code 2
srun: launch/slurm: _step_signal: Terminating StepId=6190093.172

(27)_20
slurmstepd: error: execve(): gpuvalidate: No such file or directory
srun: error: r2i4n8: task 0: Exited with exit code 2
srun: launch/slurm: _step_signal: Terminating StepId=6190093.173

(27)_20
slurmstepd: error: execve(): gpuvalidate: No such file or directory
srun: error: r2i4n8: task 0: Exited with exit code 2
srun: launch/slurm: _step_signal: Terminating StepId=6190093.174

(27)_20
slurmstepd: error: execve(): gpuvalidate: No such file or directory
srun: error: r2i4n8: task 0: Exited with exit code 2
srun: launch/slurm: _step_signal: Terminating StepId=6190093.175

(27)_20
slurmstepd: error: execve(): gpuvalidate: No such file or directory
srun: error: r2i4n8: task 0: Exited with exit code 2
srun: launch/slurm: _step_signal: Terminating StepId=6190093.176

(27)_20
slurmstepd: error: execve(): gpuvalidate: No such file or directory
srun: error: r2i4n8: task 0: Exited with exit code 2
srun: launch/slurm: _step_signal: Terminating StepId=6190093.177

(27)_20
slurmstepd: error: execve(): gpuvalidate: No such file or directory
srun: error: r2i4n8: task 0: Exited with exit code 2
srun: launch/slurm: _step_signal: Terminating StepId=6190093.178

(27)_20
slurmstepd: error: execve(): gpuvalidate: No such file or directory
srun: error: r2i4n8: task 0: Exited with exit code 2
srun: launch/slurm: _step_signal: Terminating StepId=6190093.179

(27)_20
slurmstepd: error: execve(): gpuvalidate: No such file or directory
srun: error: r2i4n8: task 0: Exited with exit code 2
srun: launch/slurm: _step_signal: Terminating StepId=6190093.180

(27)_20
slurmstepd: error: execve(): gpuvalidate: No such file or directory
srun: error: r2i4n8: task 0: Exited with exit code 2
srun: launch/slurm: _step_signal: Terminating StepId=6190093.181

(27)_20
slurmstepd: error: execve(): gpuvalidate: No such file or directory
srun: error: r2i4n8: task 0: Exited with exit code 2
srun: launch/slurm: _step_signal: Terminating StepId=6190093.182

(27)_20
slurmstepd: error: execve(): gpuvalidate: No such file or directory
srun: error: r2i4n8: task 0: Exited with exit code 2
srun: launch/slurm: _step_signal: Terminating StepId=6190093.183

(27)_20
slurmstepd: error: execve(): gpuvalidate: No such file or directory
srun: error: r2i4n8: task 0: Exited with exit code 2
srun: launch/slurm: _step_signal: Terminating StepId=6190093.184

(27)_20
slurmstepd: error: execve(): gpuvalidate: No such file or directory
srun: error: r2i4n8: task 0: Exited with exit code 2
srun: launch/slurm: _step_signal: Terminating StepId=6190093.185

(27)_20
slurmstepd: error: execve(): gpuvalidate: No such file or directory
srun: error: r2i4n8: task 0: Exited with exit code 2
srun: launch/slurm: _step_signal: Terminating StepId=6190093.186

(27)_20
slurmstepd: error: execve(): gpuvalidate: No such file or directory
srun: error: r2i4n8: task 0: Exited with exit code 2
srun: launch/slurm: _step_signal: Terminating StepId=6190093.187

(27)_20
slurmstepd: error: execve(): gpuvalidate: No such file or directory
srun: error: r2i4n8: task 0: Exited with exit code 2
srun: launch/slurm: _step_signal: Terminating StepId=6190093.188

(27)_20
slurmstepd: error: execve(): gpuvalidate: No such file or directory
srun: error: r2i4n8: task 0: Exited with exit code 2
srun: launch/slurm: _step_signal: Terminating StepId=6190093.189

(27)_20
slurmstepd: error: execve(): gpuvalidate: No such file or directory
srun: error: r2i4n8: task 0: Exited with exit code 2
srun: launch/slurm: _step_signal: Terminating StepId=6190093.190

(27)_20
slurmstepd: error: execve(): gpuvalidate: No such file or directory
srun: error: r2i4n8: task 0: Exited with exit code 2
srun: launch/slurm: _step_signal: Terminating StepId=6190093.191

(27)_20
slurmstepd: error: execve(): gpuvalidate: No such file or directory
srun: error: r2i4n8: task 0: Exited with exit code 2
srun: launch/slurm: _step_signal: Terminating StepId=6190093.192

(27)_20
slurmstepd: error: execve(): gpuvalidate: No such file or directory
srun: error: r2i4n8: task 0: Exited with exit code 2
srun: launch/slurm: _step_signal: Terminating StepId=6190093.193

(27)_20
slurmstepd: error: execve(): gpuvalidate: No such file or directory
srun: error: r2i4n8: task 0: Exited with exit code 2
srun: launch/slurm: _step_signal: Terminating StepId=6190093.194

(27)_20
slurmstepd: error: execve(): gpuvalidate: No such file or directory
srun: error: r2i4n8: task 0: Exited with exit code 2
srun: launch/slurm: _step_signal: Terminating StepId=6190093.195

(27)_20
slurmstepd: error: execve(): gpuvalidate: No such file or directory
srun: error: r2i4n8: task 0: Exited with exit code 2
srun: launch/slurm: _step_signal: Terminating StepId=6190093.196

(27)_20
slurmstepd: error: execve(): gpuvalidate: No such file or directory
srun: error: r2i4n8: task 0: Exited with exit code 2
srun: launch/slurm: _step_signal: Terminating StepId=6190093.197

(27)_20
slurmstepd: error: execve(): gpuvalidate: No such file or directory
srun: error: r2i4n8: task 0: Exited with exit code 2
srun: launch/slurm: _step_signal: Terminating StepId=6190093.198

(27)_20
slurmstepd: error: execve(): gpuvalidate: No such file or directory
srun: error: r2i4n8: task 0: Exited with exit code 2
srun: launch/slurm: _step_signal: Terminating StepId=6190093.199

Matplotlib created a temporary cache directory at /dev/shm/weiyu2024_6190093/matplotlib-cj6pdafe because the default path (/mnt/lustre/e1000/home/d35/d35/weiyu24/Microbenchmarking-of-Accelerators-Offloading/openmpbench_C_v40/Plots/cirrus) is not a writable directory; it is highly recommended to set the MPLCONFIGDIR environment variable to a writable directory, in particular to speed up the import of Matplotlib and to better support multiprocessing.
Parameters not found in the file.
(27)_20
slurmstepd: error: execve(): gpuvalidate: No such file or directory
srun: error: r2i4n8: task 0: Exited with exit code 2
srun: launch/slurm: _step_signal: Terminating StepId=6190093.200

(27)_20
slurmstepd: error: execve(): gpuvalidate: No such file or directory
srun: error: r2i4n8: task 0: Exited with exit code 2
srun: launch/slurm: _step_signal: Terminating StepId=6190093.201

(27)_20
slurmstepd: error: execve(): gpuvalidate: No such file or directory
srun: error: r2i4n8: task 0: Exited with exit code 2
srun: launch/slurm: _step_signal: Terminating StepId=6190093.202

(27)_20
slurmstepd: error: execve(): gpuvalidate: No such file or directory
srun: error: r2i4n8: task 0: Exited with exit code 2
srun: launch/slurm: _step_signal: Terminating StepId=6190093.203

(27)_20
slurmstepd: error: execve(): gpuvalidate: No such file or directory
srun: error: r2i4n8: task 0: Exited with exit code 2
srun: launch/slurm: _step_signal: Terminating StepId=6190093.204

(27)_20
slurmstepd: error: execve(): gpuvalidate: No such file or directory
srun: error: r2i4n8: task 0: Exited with exit code 2
srun: launch/slurm: _step_signal: Terminating StepId=6190093.205

(27)_20
slurmstepd: error: execve(): gpuvalidate: No such file or directory
srun: error: r2i4n8: task 0: Exited with exit code 2
srun: launch/slurm: _step_signal: Terminating StepId=6190093.206

(27)_20
slurmstepd: error: execve(): gpuvalidate: No such file or directory
srun: error: r2i4n8: task 0: Exited with exit code 2
srun: launch/slurm: _step_signal: Terminating StepId=6190093.207

(27)_20
slurmstepd: error: execve(): gpuvalidate: No such file or directory
srun: error: r2i4n8: task 0: Exited with exit code 2
srun: launch/slurm: _step_signal: Terminating StepId=6190093.208

(27)_20
slurmstepd: error: execve(): gpuvalidate: No such file or directory
srun: error: r2i4n8: task 0: Exited with exit code 2
srun: launch/slurm: _step_signal: Terminating StepId=6190093.209

(27)_20
slurmstepd: error: execve(): gpuvalidate: No such file or directory
srun: error: r2i4n8: task 0: Exited with exit code 2
srun: launch/slurm: _step_signal: Terminating StepId=6190093.210

(27)_20
slurmstepd: error: execve(): gpuvalidate: No such file or directory
srun: error: r2i4n8: task 0: Exited with exit code 2
srun: launch/slurm: _step_signal: Terminating StepId=6190093.211

(27)_20
slurmstepd: error: execve(): gpuvalidate: No such file or directory
srun: error: r2i4n8: task 0: Exited with exit code 2
srun: launch/slurm: _step_signal: Terminating StepId=6190093.212

(27)_20
slurmstepd: error: execve(): gpuvalidate: No such file or directory
srun: error: r2i4n8: task 0: Exited with exit code 2
srun: launch/slurm: _step_signal: Terminating StepId=6190093.213

(27)_20
slurmstepd: error: execve(): gpuvalidate: No such file or directory
srun: error: r2i4n8: task 0: Exited with exit code 2
srun: launch/slurm: _step_signal: Terminating StepId=6190093.214

(27)_20
slurmstepd: error: execve(): gpuvalidate: No such file or directory
srun: error: r2i4n8: task 0: Exited with exit code 2
srun: launch/slurm: _step_signal: Terminating StepId=6190093.215

(27)_20
slurmstepd: error: execve(): gpuvalidate: No such file or directory
srun: error: r2i4n8: task 0: Exited with exit code 2
srun: launch/slurm: _step_signal: Terminating StepId=6190093.216

(27)_20
slurmstepd: error: execve(): gpuvalidate: No such file or directory
srun: error: r2i4n8: task 0: Exited with exit code 2
srun: launch/slurm: _step_signal: Terminating StepId=6190093.217

(27)_20
slurmstepd: error: execve(): gpuvalidate: No such file or directory
srun: error: r2i4n8: task 0: Exited with exit code 2
srun: launch/slurm: _step_signal: Terminating StepId=6190093.218

(27)_20
slurmstepd: error: execve(): gpuvalidate: No such file or directory
srun: error: r2i4n8: task 0: Exited with exit code 2
srun: launch/slurm: _step_signal: Terminating StepId=6190093.219

(27)_20
slurmstepd: error: execve(): gpuvalidate: No such file or directory
srun: error: r2i4n8: task 0: Exited with exit code 2
srun: launch/slurm: _step_signal: Terminating StepId=6190093.220

(27)_20
slurmstepd: error: execve(): gpuvalidate: No such file or directory
srun: error: r2i4n8: task 0: Exited with exit code 2
srun: launch/slurm: _step_signal: Terminating StepId=6190093.221

(27)_20
slurmstepd: error: execve(): gpuvalidate: No such file or directory
srun: error: r2i4n8: task 0: Exited with exit code 2
srun: launch/slurm: _step_signal: Terminating StepId=6190093.222

(27)_20
slurmstepd: error: execve(): gpuvalidate: No such file or directory
srun: error: r2i4n8: task 0: Exited with exit code 2
srun: launch/slurm: _step_signal: Terminating StepId=6190093.223

(27)_20
slurmstepd: error: execve(): gpuvalidate: No such file or directory
srun: error: r2i4n8: task 0: Exited with exit code 2
srun: launch/slurm: _step_signal: Terminating StepId=6190093.224

(27)_20
slurmstepd: error: execve(): gpuvalidate: No such file or directory
srun: error: r2i4n8: task 0: Exited with exit code 2
srun: launch/slurm: _step_signal: Terminating StepId=6190093.225

(27)_20
slurmstepd: error: execve(): gpuvalidate: No such file or directory
srun: error: r2i4n8: task 0: Exited with exit code 2
srun: launch/slurm: _step_signal: Terminating StepId=6190093.226

(27)_20
slurmstepd: error: execve(): gpuvalidate: No such file or directory
srun: error: r2i4n8: task 0: Exited with exit code 2
srun: launch/slurm: _step_signal: Terminating StepId=6190093.227

(27)_20
slurmstepd: error: execve(): gpuvalidate: No such file or directory
srun: error: r2i4n8: task 0: Exited with exit code 2
srun: launch/slurm: _step_signal: Terminating StepId=6190093.228

(27)_20
slurmstepd: error: execve(): gpuvalidate: No such file or directory
srun: error: r2i4n8: task 0: Exited with exit code 2
srun: launch/slurm: _step_signal: Terminating StepId=6190093.229

(27)_20
slurmstepd: error: execve(): gpuvalidate: No such file or directory
srun: error: r2i4n8: task 0: Exited with exit code 2
srun: launch/slurm: _step_signal: Terminating StepId=6190093.230

(27)_20
slurmstepd: error: execve(): gpuvalidate: No such file or directory
srun: error: r2i4n8: task 0: Exited with exit code 2
srun: launch/slurm: _step_signal: Terminating StepId=6190093.231

(27)_20
slurmstepd: error: execve(): gpuvalidate: No such file or directory
srun: error: r2i4n8: task 0: Exited with exit code 2
srun: launch/slurm: _step_signal: Terminating StepId=6190093.232

(27)_20
slurmstepd: error: execve(): gpuvalidate: No such file or directory
srun: error: r2i4n8: task 0: Exited with exit code 2
srun: launch/slurm: _step_signal: Terminating StepId=6190093.233

(27)_20
slurmstepd: error: execve(): gpuvalidate: No such file or directory
srun: error: r2i4n8: task 0: Exited with exit code 2
srun: launch/slurm: _step_signal: Terminating StepId=6190093.234

(27)_20
slurmstepd: error: execve(): gpuvalidate: No such file or directory
srun: error: r2i4n8: task 0: Exited with exit code 2
srun: launch/slurm: _step_signal: Terminating StepId=6190093.235

(27)_20
slurmstepd: error: execve(): gpuvalidate: No such file or directory
srun: error: r2i4n8: task 0: Exited with exit code 2
srun: launch/slurm: _step_signal: Terminating StepId=6190093.236

(27)_20
slurmstepd: error: execve(): gpuvalidate: No such file or directory
srun: error: r2i4n8: task 0: Exited with exit code 2
srun: launch/slurm: _step_signal: Terminating StepId=6190093.237

(27)_20
slurmstepd: error: execve(): gpuvalidate: No such file or directory
srun: error: r2i4n8: task 0: Exited with exit code 2
srun: launch/slurm: _step_signal: Terminating StepId=6190093.238

(27)_20
slurmstepd: error: execve(): gpuvalidate: No such file or directory
srun: error: r2i4n8: task 0: Exited with exit code 2
srun: launch/slurm: _step_signal: Terminating StepId=6190093.239

(27)_20
slurmstepd: error: execve(): gpuvalidate: No such file or directory
srun: error: r2i4n8: task 0: Exited with exit code 2
srun: launch/slurm: _step_signal: Terminating StepId=6190093.240

(27)_20
slurmstepd: error: execve(): gpuvalidate: No such file or directory
srun: error: r2i4n8: task 0: Exited with exit code 2
srun: launch/slurm: _step_signal: Terminating StepId=6190093.241

(27)_20
slurmstepd: error: execve(): gpuvalidate: No such file or directory
srun: error: r2i4n8: task 0: Exited with exit code 2
srun: launch/slurm: _step_signal: Terminating StepId=6190093.242

(27)_20
slurmstepd: error: execve(): gpuvalidate: No such file or directory
srun: error: r2i4n8: task 0: Exited with exit code 2
srun: launch/slurm: _step_signal: Terminating StepId=6190093.243

(27)_20
slurmstepd: error: execve(): gpuvalidate: No such file or directory
srun: error: r2i4n8: task 0: Exited with exit code 2
srun: launch/slurm: _step_signal: Terminating StepId=6190093.244

(27)_20
slurmstepd: error: execve(): gpuvalidate: No such file or directory
srun: error: r2i4n8: task 0: Exited with exit code 2
srun: launch/slurm: _step_signal: Terminating StepId=6190093.245

(27)_20
slurmstepd: error: execve(): gpuvalidate: No such file or directory
srun: error: r2i4n8: task 0: Exited with exit code 2
srun: launch/slurm: _step_signal: Terminating StepId=6190093.246

(27)_20
slurmstepd: error: execve(): gpuvalidate: No such file or directory
srun: error: r2i4n8: task 0: Exited with exit code 2
srun: launch/slurm: _step_signal: Terminating StepId=6190093.247

(27)_20
slurmstepd: error: execve(): gpuvalidate: No such file or directory
srun: error: r2i4n8: task 0: Exited with exit code 2
srun: launch/slurm: _step_signal: Terminating StepId=6190093.248

(27)_20
slurmstepd: error: execve(): gpuvalidate: No such file or directory
srun: error: r2i4n8: task 0: Exited with exit code 2
srun: launch/slurm: _step_signal: Terminating StepId=6190093.249

(27)_20
slurmstepd: error: execve(): gpuvalidate: No such file or directory
srun: error: r2i4n8: task 0: Exited with exit code 2
srun: launch/slurm: _step_signal: Terminating StepId=6190093.250

(27)_20
slurmstepd: error: execve(): gpuvalidate: No such file or directory
srun: error: r2i4n8: task 0: Exited with exit code 2
srun: launch/slurm: _step_signal: Terminating StepId=6190093.251

(27)_20
slurmstepd: error: execve(): gpuvalidate: No such file or directory
srun: error: r2i4n8: task 0: Exited with exit code 2
srun: launch/slurm: _step_signal: Terminating StepId=6190093.252

(27)_20
slurmstepd: error: execve(): gpuvalidate: No such file or directory
srun: error: r2i4n8: task 0: Exited with exit code 2
srun: launch/slurm: _step_signal: Terminating StepId=6190093.253

(27)_20
slurmstepd: error: execve(): gpuvalidate: No such file or directory
srun: error: r2i4n8: task 0: Exited with exit code 2
srun: launch/slurm: _step_signal: Terminating StepId=6190093.254

(27)_20
slurmstepd: error: execve(): gpuvalidate: No such file or directory
srun: error: r2i4n8: task 0: Exited with exit code 2
srun: launch/slurm: _step_signal: Terminating StepId=6190093.255

(27)_20
slurmstepd: error: execve(): gpuvalidate: No such file or directory
srun: error: r2i4n8: task 0: Exited with exit code 2
srun: launch/slurm: _step_signal: Terminating StepId=6190093.256

(27)_20
slurmstepd: error: execve(): gpuvalidate: No such file or directory
srun: error: r2i4n8: task 0: Exited with exit code 2
srun: launch/slurm: _step_signal: Terminating StepId=6190093.257

(27)_20
slurmstepd: error: execve(): gpuvalidate: No such file or directory
srun: error: r2i4n8: task 0: Exited with exit code 2
srun: launch/slurm: _step_signal: Terminating StepId=6190093.258

(27)_20
slurmstepd: error: execve(): gpuvalidate: No such file or directory
srun: error: r2i4n8: task 0: Exited with exit code 2
srun: launch/slurm: _step_signal: Terminating StepId=6190093.259

(27)_20
slurmstepd: error: execve(): gpuvalidate: No such file or directory
srun: error: r2i4n8: task 0: Exited with exit code 2
srun: launch/slurm: _step_signal: Terminating StepId=6190093.260

(27)_20
slurmstepd: error: execve(): gpuvalidate: No such file or directory
srun: error: r2i4n8: task 0: Exited with exit code 2
srun: launch/slurm: _step_signal: Terminating StepId=6190093.261

(27)_20
slurmstepd: error: execve(): gpuvalidate: No such file or directory
srun: error: r2i4n8: task 0: Exited with exit code 2
srun: launch/slurm: _step_signal: Terminating StepId=6190093.262

(27)_20
slurmstepd: error: execve(): gpuvalidate: No such file or directory
srun: error: r2i4n8: task 0: Exited with exit code 2
srun: launch/slurm: _step_signal: Terminating StepId=6190093.263

(27)_20
slurmstepd: error: execve(): gpuvalidate: No such file or directory
srun: error: r2i4n8: task 0: Exited with exit code 2
srun: launch/slurm: _step_signal: Terminating StepId=6190093.264

(27)_20
slurmstepd: error: execve(): gpuvalidate: No such file or directory
srun: error: r2i4n8: task 0: Exited with exit code 2
srun: launch/slurm: _step_signal: Terminating StepId=6190093.265

(27)_20
slurmstepd: error: execve(): gpuvalidate: No such file or directory
srun: error: r2i4n8: task 0: Exited with exit code 2
srun: launch/slurm: _step_signal: Terminating StepId=6190093.266

(27)_20
slurmstepd: error: execve(): gpuvalidate: No such file or directory
srun: error: r2i4n8: task 0: Exited with exit code 2
srun: launch/slurm: _step_signal: Terminating StepId=6190093.267

(27)_20
slurmstepd: error: execve(): gpuvalidate: No such file or directory
srun: error: r2i4n8: task 0: Exited with exit code 2
srun: launch/slurm: _step_signal: Terminating StepId=6190093.268

(27)_20
slurmstepd: error: execve(): gpuvalidate: No such file or directory
srun: error: r2i4n8: task 0: Exited with exit code 2
srun: launch/slurm: _step_signal: Terminating StepId=6190093.269

(27)_20
slurmstepd: error: execve(): gpuvalidate: No such file or directory
srun: error: r2i4n8: task 0: Exited with exit code 2
srun: launch/slurm: _step_signal: Terminating StepId=6190093.270

(27)_20
slurmstepd: error: execve(): gpuvalidate: No such file or directory
srun: error: r2i4n8: task 0: Exited with exit code 2
srun: launch/slurm: _step_signal: Terminating StepId=6190093.271

(27)_20
slurmstepd: error: execve(): gpuvalidate: No such file or directory
srun: error: r2i4n8: task 0: Exited with exit code 2
srun: launch/slurm: _step_signal: Terminating StepId=6190093.272

(27)_20
slurmstepd: error: execve(): gpuvalidate: No such file or directory
srun: error: r2i4n8: task 0: Exited with exit code 2
srun: launch/slurm: _step_signal: Terminating StepId=6190093.273

(27)_20
slurmstepd: error: execve(): gpuvalidate: No such file or directory
srun: error: r2i4n8: task 0: Exited with exit code 2
srun: launch/slurm: _step_signal: Terminating StepId=6190093.274

(27)_20
slurmstepd: error: execve(): gpuvalidate: No such file or directory
srun: error: r2i4n8: task 0: Exited with exit code 2
srun: launch/slurm: _step_signal: Terminating StepId=6190093.275

(27)_20
slurmstepd: error: execve(): gpuvalidate: No such file or directory
srun: error: r2i4n8: task 0: Exited with exit code 2
srun: launch/slurm: _step_signal: Terminating StepId=6190093.276

(27)_20
slurmstepd: error: execve(): gpuvalidate: No such file or directory
srun: error: r2i4n8: task 0: Exited with exit code 2
srun: launch/slurm: _step_signal: Terminating StepId=6190093.277

(27)_20
slurmstepd: error: execve(): gpuvalidate: No such file or directory
srun: error: r2i4n8: task 0: Exited with exit code 2
srun: launch/slurm: _step_signal: Terminating StepId=6190093.278

(27)_20
slurmstepd: error: execve(): gpuvalidate: No such file or directory
srun: error: r2i4n8: task 0: Exited with exit code 2
srun: launch/slurm: _step_signal: Terminating StepId=6190093.279

(27)_20
slurmstepd: error: execve(): gpuvalidate: No such file or directory
srun: error: r2i4n8: task 0: Exited with exit code 2
srun: launch/slurm: _step_signal: Terminating StepId=6190093.280

(27)_20
slurmstepd: error: execve(): gpuvalidate: No such file or directory
srun: error: r2i4n8: task 0: Exited with exit code 2
srun: launch/slurm: _step_signal: Terminating StepId=6190093.281

(27)_20
slurmstepd: error: execve(): gpuvalidate: No such file or directory
srun: error: r2i4n8: task 0: Exited with exit code 2
srun: launch/slurm: _step_signal: Terminating StepId=6190093.282

(27)_20
slurmstepd: error: execve(): gpuvalidate: No such file or directory
srun: error: r2i4n8: task 0: Exited with exit code 2
srun: launch/slurm: _step_signal: Terminating StepId=6190093.283

(27)_20
slurmstepd: error: execve(): gpuvalidate: No such file or directory
srun: error: r2i4n8: task 0: Exited with exit code 2
srun: launch/slurm: _step_signal: Terminating StepId=6190093.284

(27)_20
slurmstepd: error: execve(): gpuvalidate: No such file or directory
srun: error: r2i4n8: task 0: Exited with exit code 2
srun: launch/slurm: _step_signal: Terminating StepId=6190093.285

(27)_20
slurmstepd: error: execve(): gpuvalidate: No such file or directory
srun: error: r2i4n8: task 0: Exited with exit code 2
srun: launch/slurm: _step_signal: Terminating StepId=6190093.286

(27)_20
slurmstepd: error: execve(): gpuvalidate: No such file or directory
srun: error: r2i4n8: task 0: Exited with exit code 2
srun: launch/slurm: _step_signal: Terminating StepId=6190093.287

(27)_20
slurmstepd: error: execve(): gpuvalidate: No such file or directory
srun: error: r2i4n8: task 0: Exited with exit code 2
srun: launch/slurm: _step_signal: Terminating StepId=6190093.288

(27)_20
slurmstepd: error: execve(): gpuvalidate: No such file or directory
srun: error: r2i4n8: task 0: Exited with exit code 2
srun: launch/slurm: _step_signal: Terminating StepId=6190093.289

(27)_20
slurmstepd: error: execve(): gpuvalidate: No such file or directory
srun: error: r2i4n8: task 0: Exited with exit code 2
srun: launch/slurm: _step_signal: Terminating StepId=6190093.290

(27)_20
slurmstepd: error: execve(): gpuvalidate: No such file or directory
srun: error: r2i4n8: task 0: Exited with exit code 2
srun: launch/slurm: _step_signal: Terminating StepId=6190093.291

(27)_20
slurmstepd: error: execve(): gpuvalidate: No such file or directory
srun: error: r2i4n8: task 0: Exited with exit code 2
srun: launch/slurm: _step_signal: Terminating StepId=6190093.292

(27)_20
slurmstepd: error: execve(): gpuvalidate: No such file or directory
srun: error: r2i4n8: task 0: Exited with exit code 2
srun: launch/slurm: _step_signal: Terminating StepId=6190093.293

(27)_20
slurmstepd: error: execve(): gpuvalidate: No such file or directory
srun: error: r2i4n8: task 0: Exited with exit code 2
srun: launch/slurm: _step_signal: Terminating StepId=6190093.294

(27)_20
slurmstepd: error: execve(): gpuvalidate: No such file or directory
srun: error: r2i4n8: task 0: Exited with exit code 2
srun: launch/slurm: _step_signal: Terminating StepId=6190093.295

(27)_20
slurmstepd: error: execve(): gpuvalidate: No such file or directory
srun: error: r2i4n8: task 0: Exited with exit code 2
srun: launch/slurm: _step_signal: Terminating StepId=6190093.296

(27)_20
slurmstepd: error: execve(): gpuvalidate: No such file or directory
srun: error: r2i4n8: task 0: Exited with exit code 2
srun: launch/slurm: _step_signal: Terminating StepId=6190093.297

(27)_20
slurmstepd: error: execve(): gpuvalidate: No such file or directory
srun: error: r2i4n8: task 0: Exited with exit code 2
srun: launch/slurm: _step_signal: Terminating StepId=6190093.298

(27)_20
slurmstepd: error: execve(): gpuvalidate: No such file or directory
srun: error: r2i4n8: task 0: Exited with exit code 2
srun: launch/slurm: _step_signal: Terminating StepId=6190093.299

Matplotlib created a temporary cache directory at /dev/shm/weiyu2024_6190093/matplotlib-xoy8i64p because the default path (/mnt/lustre/e1000/home/d35/d35/weiyu24/Microbenchmarking-of-Accelerators-Offloading/openmpbench_C_v40/Plots/cirrus) is not a writable directory; it is highly recommended to set the MPLCONFIGDIR environment variable to a writable directory, in particular to speed up the import of Matplotlib and to better support multiprocessing.
Parameters not found in the file.
(27)_20
slurmstepd: error: execve(): gpuvalidate: No such file or directory
srun: error: r2i4n8: task 0: Exited with exit code 2
srun: launch/slurm: _step_signal: Terminating StepId=6190093.300

(27)_20
slurmstepd: error: execve(): gpuvalidate: No such file or directory
srun: error: r2i4n8: task 0: Exited with exit code 2
srun: launch/slurm: _step_signal: Terminating StepId=6190093.301

(27)_20
slurmstepd: error: execve(): gpuvalidate: No such file or directory
srun: error: r2i4n8: task 0: Exited with exit code 2
srun: launch/slurm: _step_signal: Terminating StepId=6190093.302

(27)_20
slurmstepd: error: execve(): gpuvalidate: No such file or directory
srun: error: r2i4n8: task 0: Exited with exit code 2
srun: launch/slurm: _step_signal: Terminating StepId=6190093.303

(27)_20
slurmstepd: error: execve(): gpuvalidate: No such file or directory
srun: error: r2i4n8: task 0: Exited with exit code 2
srun: launch/slurm: _step_signal: Terminating StepId=6190093.304

(27)_20
slurmstepd: error: execve(): gpuvalidate: No such file or directory
srun: error: r2i4n8: task 0: Exited with exit code 2
srun: launch/slurm: _step_signal: Terminating StepId=6190093.305

(27)_20
slurmstepd: error: execve(): gpuvalidate: No such file or directory
srun: error: r2i4n8: task 0: Exited with exit code 2
srun: launch/slurm: _step_signal: Terminating StepId=6190093.306

(27)_20
slurmstepd: error: execve(): gpuvalidate: No such file or directory
srun: error: r2i4n8: task 0: Exited with exit code 2
srun: launch/slurm: _step_signal: Terminating StepId=6190093.307

(27)_20
slurmstepd: error: execve(): gpuvalidate: No such file or directory
srun: error: r2i4n8: task 0: Exited with exit code 2
srun: launch/slurm: _step_signal: Terminating StepId=6190093.308

(27)_20
slurmstepd: error: execve(): gpuvalidate: No such file or directory
srun: error: r2i4n8: task 0: Exited with exit code 2
srun: launch/slurm: _step_signal: Terminating StepId=6190093.309

(27)_20
slurmstepd: error: execve(): gpuvalidate: No such file or directory
srun: error: r2i4n8: task 0: Exited with exit code 2
srun: launch/slurm: _step_signal: Terminating StepId=6190093.310

(27)_20
slurmstepd: error: execve(): gpuvalidate: No such file or directory
srun: error: r2i4n8: task 0: Exited with exit code 2
srun: launch/slurm: _step_signal: Terminating StepId=6190093.311

(27)_20
slurmstepd: error: execve(): gpuvalidate: No such file or directory
srun: error: r2i4n8: task 0: Exited with exit code 2
srun: launch/slurm: _step_signal: Terminating StepId=6190093.312

(27)_20
slurmstepd: error: execve(): gpuvalidate: No such file or directory
srun: error: r2i4n8: task 0: Exited with exit code 2
srun: launch/slurm: _step_signal: Terminating StepId=6190093.313

(27)_20
slurmstepd: error: execve(): gpuvalidate: No such file or directory
srun: error: r2i4n8: task 0: Exited with exit code 2
srun: launch/slurm: _step_signal: Terminating StepId=6190093.314

(27)_20
slurmstepd: error: execve(): gpuvalidate: No such file or directory
srun: error: r2i4n8: task 0: Exited with exit code 2
srun: launch/slurm: _step_signal: Terminating StepId=6190093.315

(27)_20
slurmstepd: error: execve(): gpuvalidate: No such file or directory
srun: error: r2i4n8: task 0: Exited with exit code 2
srun: launch/slurm: _step_signal: Terminating StepId=6190093.316

(27)_20
slurmstepd: error: execve(): gpuvalidate: No such file or directory
srun: error: r2i4n8: task 0: Exited with exit code 2
srun: launch/slurm: _step_signal: Terminating StepId=6190093.317

(27)_20
slurmstepd: error: execve(): gpuvalidate: No such file or directory
srun: error: r2i4n8: task 0: Exited with exit code 2
srun: launch/slurm: _step_signal: Terminating StepId=6190093.318

(27)_20
slurmstepd: error: execve(): gpuvalidate: No such file or directory
srun: error: r2i4n8: task 0: Exited with exit code 2
srun: launch/slurm: _step_signal: Terminating StepId=6190093.319

(27)_20
slurmstepd: error: execve(): gpuvalidate: No such file or directory
srun: error: r2i4n8: task 0: Exited with exit code 2
srun: launch/slurm: _step_signal: Terminating StepId=6190093.320

(27)_20
slurmstepd: error: execve(): gpuvalidate: No such file or directory
srun: error: r2i4n8: task 0: Exited with exit code 2
srun: launch/slurm: _step_signal: Terminating StepId=6190093.321

(27)_20
slurmstepd: error: execve(): gpuvalidate: No such file or directory
srun: error: r2i4n8: task 0: Exited with exit code 2
srun: launch/slurm: _step_signal: Terminating StepId=6190093.322

(27)_20
slurmstepd: error: execve(): gpuvalidate: No such file or directory
srun: error: r2i4n8: task 0: Exited with exit code 2
srun: launch/slurm: _step_signal: Terminating StepId=6190093.323

(27)_20
slurmstepd: error: execve(): gpuvalidate: No such file or directory
srun: error: r2i4n8: task 0: Exited with exit code 2
srun: launch/slurm: _step_signal: Terminating StepId=6190093.324

(27)_20
slurmstepd: error: execve(): gpuvalidate: No such file or directory
srun: error: r2i4n8: task 0: Exited with exit code 2
srun: launch/slurm: _step_signal: Terminating StepId=6190093.325

(27)_20
slurmstepd: error: execve(): gpuvalidate: No such file or directory
srun: error: r2i4n8: task 0: Exited with exit code 2
srun: launch/slurm: _step_signal: Terminating StepId=6190093.326

(27)_20
slurmstepd: error: execve(): gpuvalidate: No such file or directory
srun: error: r2i4n8: task 0: Exited with exit code 2
srun: launch/slurm: _step_signal: Terminating StepId=6190093.327

(27)_20
slurmstepd: error: execve(): gpuvalidate: No such file or directory
srun: error: r2i4n8: task 0: Exited with exit code 2
srun: launch/slurm: _step_signal: Terminating StepId=6190093.328

(27)_20
slurmstepd: error: execve(): gpuvalidate: No such file or directory
srun: error: r2i4n8: task 0: Exited with exit code 2
srun: launch/slurm: _step_signal: Terminating StepId=6190093.329

(27)_20
slurmstepd: error: execve(): gpuvalidate: No such file or directory
srun: error: r2i4n8: task 0: Exited with exit code 2
srun: launch/slurm: _step_signal: Terminating StepId=6190093.330

(27)_20
slurmstepd: error: execve(): gpuvalidate: No such file or directory
srun: error: r2i4n8: task 0: Exited with exit code 2
srun: launch/slurm: _step_signal: Terminating StepId=6190093.331

(27)_20
slurmstepd: error: execve(): gpuvalidate: No such file or directory
srun: error: r2i4n8: task 0: Exited with exit code 2
srun: launch/slurm: _step_signal: Terminating StepId=6190093.332

(27)_20
slurmstepd: error: execve(): gpuvalidate: No such file or directory
srun: error: r2i4n8: task 0: Exited with exit code 2
srun: launch/slurm: _step_signal: Terminating StepId=6190093.333

(27)_20
slurmstepd: error: execve(): gpuvalidate: No such file or directory
srun: error: r2i4n8: task 0: Exited with exit code 2
srun: launch/slurm: _step_signal: Terminating StepId=6190093.334

(27)_20
slurmstepd: error: execve(): gpuvalidate: No such file or directory
srun: error: r2i4n8: task 0: Exited with exit code 2
srun: launch/slurm: _step_signal: Terminating StepId=6190093.335

(27)_20
slurmstepd: error: execve(): gpuvalidate: No such file or directory
srun: error: r2i4n8: task 0: Exited with exit code 2
srun: launch/slurm: _step_signal: Terminating StepId=6190093.336

(27)_20
slurmstepd: error: execve(): gpuvalidate: No such file or directory
srun: error: r2i4n8: task 0: Exited with exit code 2
srun: launch/slurm: _step_signal: Terminating StepId=6190093.337

(27)_20
slurmstepd: error: execve(): gpuvalidate: No such file or directory
srun: error: r2i4n8: task 0: Exited with exit code 2
srun: launch/slurm: _step_signal: Terminating StepId=6190093.338

(27)_20
slurmstepd: error: execve(): gpuvalidate: No such file or directory
srun: error: r2i4n8: task 0: Exited with exit code 2
srun: launch/slurm: _step_signal: Terminating StepId=6190093.339

(27)_20
slurmstepd: error: execve(): gpuvalidate: No such file or directory
srun: error: r2i4n8: task 0: Exited with exit code 2
srun: launch/slurm: _step_signal: Terminating StepId=6190093.340

(27)_20
slurmstepd: error: execve(): gpuvalidate: No such file or directory
srun: error: r2i4n8: task 0: Exited with exit code 2
srun: launch/slurm: _step_signal: Terminating StepId=6190093.341

(27)_20
slurmstepd: error: execve(): gpuvalidate: No such file or directory
srun: error: r2i4n8: task 0: Exited with exit code 2
srun: launch/slurm: _step_signal: Terminating StepId=6190093.342

(27)_20
slurmstepd: error: execve(): gpuvalidate: No such file or directory
srun: error: r2i4n8: task 0: Exited with exit code 2
srun: launch/slurm: _step_signal: Terminating StepId=6190093.343

(27)_20
slurmstepd: error: execve(): gpuvalidate: No such file or directory
srun: error: r2i4n8: task 0: Exited with exit code 2
srun: launch/slurm: _step_signal: Terminating StepId=6190093.344

(27)_20
slurmstepd: error: execve(): gpuvalidate: No such file or directory
srun: error: r2i4n8: task 0: Exited with exit code 2
srun: launch/slurm: _step_signal: Terminating StepId=6190093.345

(27)_20
slurmstepd: error: execve(): gpuvalidate: No such file or directory
srun: error: r2i4n8: task 0: Exited with exit code 2
srun: launch/slurm: _step_signal: Terminating StepId=6190093.346

(27)_20
slurmstepd: error: execve(): gpuvalidate: No such file or directory
srun: error: r2i4n8: task 0: Exited with exit code 2
srun: launch/slurm: _step_signal: Terminating StepId=6190093.347

(27)_20
slurmstepd: error: execve(): gpuvalidate: No such file or directory
srun: error: r2i4n8: task 0: Exited with exit code 2
srun: launch/slurm: _step_signal: Terminating StepId=6190093.348

(27)_20
slurmstepd: error: execve(): gpuvalidate: No such file or directory
srun: error: r2i4n8: task 0: Exited with exit code 2
srun: launch/slurm: _step_signal: Terminating StepId=6190093.349

(27)_20
slurmstepd: error: execve(): gpuvalidate: No such file or directory
srun: error: r2i4n8: task 0: Exited with exit code 2
srun: launch/slurm: _step_signal: Terminating StepId=6190093.350

(27)_20
slurmstepd: error: execve(): gpuvalidate: No such file or directory
srun: error: r2i4n8: task 0: Exited with exit code 2
srun: launch/slurm: _step_signal: Terminating StepId=6190093.351

(27)_20
slurmstepd: error: execve(): gpuvalidate: No such file or directory
srun: error: r2i4n8: task 0: Exited with exit code 2
srun: launch/slurm: _step_signal: Terminating StepId=6190093.352

(27)_20
slurmstepd: error: execve(): gpuvalidate: No such file or directory
srun: error: r2i4n8: task 0: Exited with exit code 2
srun: launch/slurm: _step_signal: Terminating StepId=6190093.353

(27)_20
slurmstepd: error: execve(): gpuvalidate: No such file or directory
srun: error: r2i4n8: task 0: Exited with exit code 2
srun: launch/slurm: _step_signal: Terminating StepId=6190093.354

(27)_20
slurmstepd: error: execve(): gpuvalidate: No such file or directory
srun: error: r2i4n8: task 0: Exited with exit code 2
srun: launch/slurm: _step_signal: Terminating StepId=6190093.355

(27)_20
slurmstepd: error: execve(): gpuvalidate: No such file or directory
srun: error: r2i4n8: task 0: Exited with exit code 2
srun: launch/slurm: _step_signal: Terminating StepId=6190093.356

(27)_20
slurmstepd: error: execve(): gpuvalidate: No such file or directory
srun: error: r2i4n8: task 0: Exited with exit code 2
srun: launch/slurm: _step_signal: Terminating StepId=6190093.357

(27)_20
slurmstepd: error: execve(): gpuvalidate: No such file or directory
srun: error: r2i4n8: task 0: Exited with exit code 2
srun: launch/slurm: _step_signal: Terminating StepId=6190093.358

(27)_20
slurmstepd: error: execve(): gpuvalidate: No such file or directory
srun: error: r2i4n8: task 0: Exited with exit code 2
srun: launch/slurm: _step_signal: Terminating StepId=6190093.359

(27)_20
slurmstepd: error: execve(): gpuvalidate: No such file or directory
srun: error: r2i4n8: task 0: Exited with exit code 2
srun: launch/slurm: _step_signal: Terminating StepId=6190093.360

(27)_20
slurmstepd: error: execve(): gpuvalidate: No such file or directory
srun: error: r2i4n8: task 0: Exited with exit code 2
srun: launch/slurm: _step_signal: Terminating StepId=6190093.361

(27)_20
slurmstepd: error: execve(): gpuvalidate: No such file or directory
srun: error: r2i4n8: task 0: Exited with exit code 2
srun: launch/slurm: _step_signal: Terminating StepId=6190093.362

(27)_20
slurmstepd: error: execve(): gpuvalidate: No such file or directory
srun: error: r2i4n8: task 0: Exited with exit code 2
srun: launch/slurm: _step_signal: Terminating StepId=6190093.363

(27)_20
slurmstepd: error: execve(): gpuvalidate: No such file or directory
srun: error: r2i4n8: task 0: Exited with exit code 2
srun: launch/slurm: _step_signal: Terminating StepId=6190093.364

(27)_20
slurmstepd: error: execve(): gpuvalidate: No such file or directory
srun: error: r2i4n8: task 0: Exited with exit code 2
srun: launch/slurm: _step_signal: Terminating StepId=6190093.365

(27)_20
slurmstepd: error: execve(): gpuvalidate: No such file or directory
srun: error: r2i4n8: task 0: Exited with exit code 2
srun: launch/slurm: _step_signal: Terminating StepId=6190093.366

(27)_20
slurmstepd: error: execve(): gpuvalidate: No such file or directory
srun: error: r2i4n8: task 0: Exited with exit code 2
srun: launch/slurm: _step_signal: Terminating StepId=6190093.367

(27)_20
slurmstepd: error: execve(): gpuvalidate: No such file or directory
srun: error: r2i4n8: task 0: Exited with exit code 2
srun: launch/slurm: _step_signal: Terminating StepId=6190093.368

(27)_20
slurmstepd: error: execve(): gpuvalidate: No such file or directory
srun: error: r2i4n8: task 0: Exited with exit code 2
srun: launch/slurm: _step_signal: Terminating StepId=6190093.369

(27)_20
slurmstepd: error: execve(): gpuvalidate: No such file or directory
srun: error: r2i4n8: task 0: Exited with exit code 2
srun: launch/slurm: _step_signal: Terminating StepId=6190093.370

(27)_20
slurmstepd: error: execve(): gpuvalidate: No such file or directory
srun: error: r2i4n8: task 0: Exited with exit code 2
srun: launch/slurm: _step_signal: Terminating StepId=6190093.371

(27)_20
slurmstepd: error: execve(): gpuvalidate: No such file or directory
srun: error: r2i4n8: task 0: Exited with exit code 2
srun: launch/slurm: _step_signal: Terminating StepId=6190093.372

(27)_20
slurmstepd: error: execve(): gpuvalidate: No such file or directory
srun: error: r2i4n8: task 0: Exited with exit code 2
srun: launch/slurm: _step_signal: Terminating StepId=6190093.373

(27)_20
slurmstepd: error: execve(): gpuvalidate: No such file or directory
srun: error: r2i4n8: task 0: Exited with exit code 2
srun: launch/slurm: _step_signal: Terminating StepId=6190093.374

(27)_20
slurmstepd: error: execve(): gpuvalidate: No such file or directory
srun: error: r2i4n8: task 0: Exited with exit code 2
srun: launch/slurm: _step_signal: Terminating StepId=6190093.375

(27)_20
slurmstepd: error: execve(): gpuvalidate: No such file or directory
srun: error: r2i4n8: task 0: Exited with exit code 2
srun: launch/slurm: _step_signal: Terminating StepId=6190093.376

(27)_20
slurmstepd: error: execve(): gpuvalidate: No such file or directory
srun: error: r2i4n8: task 0: Exited with exit code 2
srun: launch/slurm: _step_signal: Terminating StepId=6190093.377

(27)_20
slurmstepd: error: execve(): gpuvalidate: No such file or directory
srun: error: r2i4n8: task 0: Exited with exit code 2
srun: launch/slurm: _step_signal: Terminating StepId=6190093.378

(27)_20
slurmstepd: error: execve(): gpuvalidate: No such file or directory
srun: error: r2i4n8: task 0: Exited with exit code 2
srun: launch/slurm: _step_signal: Terminating StepId=6190093.379

(27)_20
slurmstepd: error: execve(): gpuvalidate: No such file or directory
srun: error: r2i4n8: task 0: Exited with exit code 2
srun: launch/slurm: _step_signal: Terminating StepId=6190093.380

(27)_20
slurmstepd: error: execve(): gpuvalidate: No such file or directory
srun: error: r2i4n8: task 0: Exited with exit code 2
srun: launch/slurm: _step_signal: Terminating StepId=6190093.381

(27)_20
slurmstepd: error: execve(): gpuvalidate: No such file or directory
srun: error: r2i4n8: task 0: Exited with exit code 2
srun: launch/slurm: _step_signal: Terminating StepId=6190093.382

(27)_20
slurmstepd: error: execve(): gpuvalidate: No such file or directory
srun: error: r2i4n8: task 0: Exited with exit code 2
srun: launch/slurm: _step_signal: Terminating StepId=6190093.383

(27)_20
slurmstepd: error: execve(): gpuvalidate: No such file or directory
srun: error: r2i4n8: task 0: Exited with exit code 2
srun: launch/slurm: _step_signal: Terminating StepId=6190093.384

(27)_20
slurmstepd: error: execve(): gpuvalidate: No such file or directory
srun: error: r2i4n8: task 0: Exited with exit code 2
srun: launch/slurm: _step_signal: Terminating StepId=6190093.385

(27)_20
slurmstepd: error: execve(): gpuvalidate: No such file or directory
srun: error: r2i4n8: task 0: Exited with exit code 2
srun: launch/slurm: _step_signal: Terminating StepId=6190093.386

(27)_20
slurmstepd: error: execve(): gpuvalidate: No such file or directory
srun: error: r2i4n8: task 0: Exited with exit code 2
srun: launch/slurm: _step_signal: Terminating StepId=6190093.387

(27)_20
slurmstepd: error: execve(): gpuvalidate: No such file or directory
srun: error: r2i4n8: task 0: Exited with exit code 2
srun: launch/slurm: _step_signal: Terminating StepId=6190093.388

(27)_20
slurmstepd: error: execve(): gpuvalidate: No such file or directory
srun: error: r2i4n8: task 0: Exited with exit code 2
srun: launch/slurm: _step_signal: Terminating StepId=6190093.389

(27)_20
slurmstepd: error: execve(): gpuvalidate: No such file or directory
srun: error: r2i4n8: task 0: Exited with exit code 2
srun: launch/slurm: _step_signal: Terminating StepId=6190093.390

(27)_20
slurmstepd: error: execve(): gpuvalidate: No such file or directory
srun: error: r2i4n8: task 0: Exited with exit code 2
srun: launch/slurm: _step_signal: Terminating StepId=6190093.391

(27)_20
slurmstepd: error: execve(): gpuvalidate: No such file or directory
srun: error: r2i4n8: task 0: Exited with exit code 2
srun: launch/slurm: _step_signal: Terminating StepId=6190093.392

(27)_20
slurmstepd: error: execve(): gpuvalidate: No such file or directory
srun: error: r2i4n8: task 0: Exited with exit code 2
srun: launch/slurm: _step_signal: Terminating StepId=6190093.393

(27)_20
slurmstepd: error: execve(): gpuvalidate: No such file or directory
srun: error: r2i4n8: task 0: Exited with exit code 2
srun: launch/slurm: _step_signal: Terminating StepId=6190093.394

(27)_20
slurmstepd: error: execve(): gpuvalidate: No such file or directory
srun: error: r2i4n8: task 0: Exited with exit code 2
srun: launch/slurm: _step_signal: Terminating StepId=6190093.395

(27)_20
slurmstepd: error: execve(): gpuvalidate: No such file or directory
srun: error: r2i4n8: task 0: Exited with exit code 2
srun: launch/slurm: _step_signal: Terminating StepId=6190093.396

(27)_20
slurmstepd: error: execve(): gpuvalidate: No such file or directory
srun: error: r2i4n8: task 0: Exited with exit code 2
srun: launch/slurm: _step_signal: Terminating StepId=6190093.397

(27)_20
slurmstepd: error: execve(): gpuvalidate: No such file or directory
srun: error: r2i4n8: task 0: Exited with exit code 2
srun: launch/slurm: _step_signal: Terminating StepId=6190093.398

(27)_20
slurmstepd: error: execve(): gpuvalidate: No such file or directory
srun: error: r2i4n8: task 0: Exited with exit code 2
srun: launch/slurm: _step_signal: Terminating StepId=6190093.399

Matplotlib created a temporary cache directory at /dev/shm/weiyu2024_6190093/matplotlib-fnbqap0g because the default path (/mnt/lustre/e1000/home/d35/d35/weiyu24/Microbenchmarking-of-Accelerators-Offloading/openmpbench_C_v40/Plots/cirrus) is not a writable directory; it is highly recommended to set the MPLCONFIGDIR environment variable to a writable directory, in particular to speed up the import of Matplotlib and to better support multiprocessing.
Parameters not found in the file.
(27)_20
slurmstepd: error: execve(): gpuvalidate: No such file or directory
srun: error: r2i4n8: task 0: Exited with exit code 2
srun: launch/slurm: _step_signal: Terminating StepId=6190093.400

(27)_20
slurmstepd: error: execve(): gpuvalidate: No such file or directory
srun: error: r2i4n8: task 0: Exited with exit code 2
srun: launch/slurm: _step_signal: Terminating StepId=6190093.401

(27)_20
slurmstepd: error: execve(): gpuvalidate: No such file or directory
srun: error: r2i4n8: task 0: Exited with exit code 2
srun: launch/slurm: _step_signal: Terminating StepId=6190093.402

(27)_20
slurmstepd: error: execve(): gpuvalidate: No such file or directory
srun: error: r2i4n8: task 0: Exited with exit code 2
srun: launch/slurm: _step_signal: Terminating StepId=6190093.403

(27)_20
slurmstepd: error: execve(): gpuvalidate: No such file or directory
srun: error: r2i4n8: task 0: Exited with exit code 2
srun: launch/slurm: _step_signal: Terminating StepId=6190093.404

(27)_20
slurmstepd: error: execve(): gpuvalidate: No such file or directory
srun: error: r2i4n8: task 0: Exited with exit code 2
srun: launch/slurm: _step_signal: Terminating StepId=6190093.405

(27)_20
slurmstepd: error: execve(): gpuvalidate: No such file or directory
srun: error: r2i4n8: task 0: Exited with exit code 2
srun: launch/slurm: _step_signal: Terminating StepId=6190093.406

(27)_20
slurmstepd: error: execve(): gpuvalidate: No such file or directory
srun: error: r2i4n8: task 0: Exited with exit code 2
srun: launch/slurm: _step_signal: Terminating StepId=6190093.407

(27)_20
slurmstepd: error: execve(): gpuvalidate: No such file or directory
srun: error: r2i4n8: task 0: Exited with exit code 2
srun: launch/slurm: _step_signal: Terminating StepId=6190093.408

(27)_20
slurmstepd: error: execve(): gpuvalidate: No such file or directory
srun: error: r2i4n8: task 0: Exited with exit code 2
srun: launch/slurm: _step_signal: Terminating StepId=6190093.409

(27)_20
slurmstepd: error: execve(): gpuvalidate: No such file or directory
srun: error: r2i4n8: task 0: Exited with exit code 2
srun: launch/slurm: _step_signal: Terminating StepId=6190093.410

(27)_20
slurmstepd: error: execve(): gpuvalidate: No such file or directory
srun: error: r2i4n8: task 0: Exited with exit code 2
srun: launch/slurm: _step_signal: Terminating StepId=6190093.411

(27)_20
slurmstepd: error: execve(): gpuvalidate: No such file or directory
srun: error: r2i4n8: task 0: Exited with exit code 2
srun: launch/slurm: _step_signal: Terminating StepId=6190093.412

(27)_20
slurmstepd: error: execve(): gpuvalidate: No such file or directory
srun: error: r2i4n8: task 0: Exited with exit code 2
srun: launch/slurm: _step_signal: Terminating StepId=6190093.413

(27)_20
slurmstepd: error: execve(): gpuvalidate: No such file or directory
srun: error: r2i4n8: task 0: Exited with exit code 2
srun: launch/slurm: _step_signal: Terminating StepId=6190093.414

(27)_20
slurmstepd: error: execve(): gpuvalidate: No such file or directory
srun: error: r2i4n8: task 0: Exited with exit code 2
srun: launch/slurm: _step_signal: Terminating StepId=6190093.415

(27)_20
slurmstepd: error: execve(): gpuvalidate: No such file or directory
srun: error: r2i4n8: task 0: Exited with exit code 2
srun: launch/slurm: _step_signal: Terminating StepId=6190093.416

(27)_20
slurmstepd: error: execve(): gpuvalidate: No such file or directory
srun: error: r2i4n8: task 0: Exited with exit code 2
srun: launch/slurm: _step_signal: Terminating StepId=6190093.417

(27)_20
slurmstepd: error: execve(): gpuvalidate: No such file or directory
srun: error: r2i4n8: task 0: Exited with exit code 2
srun: launch/slurm: _step_signal: Terminating StepId=6190093.418

(27)_20
slurmstepd: error: execve(): gpuvalidate: No such file or directory
srun: error: r2i4n8: task 0: Exited with exit code 2
srun: launch/slurm: _step_signal: Terminating StepId=6190093.419

(27)_20
slurmstepd: error: execve(): gpuvalidate: No such file or directory
srun: error: r2i4n8: task 0: Exited with exit code 2
srun: launch/slurm: _step_signal: Terminating StepId=6190093.420

(27)_20
slurmstepd: error: execve(): gpuvalidate: No such file or directory
srun: error: r2i4n8: task 0: Exited with exit code 2
srun: launch/slurm: _step_signal: Terminating StepId=6190093.421

(27)_20
slurmstepd: error: execve(): gpuvalidate: No such file or directory
srun: error: r2i4n8: task 0: Exited with exit code 2
srun: launch/slurm: _step_signal: Terminating StepId=6190093.422

(27)_20
slurmstepd: error: execve(): gpuvalidate: No such file or directory
srun: error: r2i4n8: task 0: Exited with exit code 2
srun: launch/slurm: _step_signal: Terminating StepId=6190093.423

(27)_20
slurmstepd: error: execve(): gpuvalidate: No such file or directory
srun: error: r2i4n8: task 0: Exited with exit code 2
srun: launch/slurm: _step_signal: Terminating StepId=6190093.424

(27)_20
slurmstepd: error: execve(): gpuvalidate: No such file or directory
srun: error: r2i4n8: task 0: Exited with exit code 2
srun: launch/slurm: _step_signal: Terminating StepId=6190093.425

(27)_20
slurmstepd: error: execve(): gpuvalidate: No such file or directory
srun: error: r2i4n8: task 0: Exited with exit code 2
srun: launch/slurm: _step_signal: Terminating StepId=6190093.426

(27)_20
slurmstepd: error: execve(): gpuvalidate: No such file or directory
srun: error: r2i4n8: task 0: Exited with exit code 2
srun: launch/slurm: _step_signal: Terminating StepId=6190093.427

(27)_20
slurmstepd: error: execve(): gpuvalidate: No such file or directory
srun: error: r2i4n8: task 0: Exited with exit code 2
srun: launch/slurm: _step_signal: Terminating StepId=6190093.428

(27)_20
slurmstepd: error: execve(): gpuvalidate: No such file or directory
srun: error: r2i4n8: task 0: Exited with exit code 2
srun: launch/slurm: _step_signal: Terminating StepId=6190093.429

(27)_20
slurmstepd: error: execve(): gpuvalidate: No such file or directory
srun: error: r2i4n8: task 0: Exited with exit code 2
srun: launch/slurm: _step_signal: Terminating StepId=6190093.430

(27)_20
slurmstepd: error: execve(): gpuvalidate: No such file or directory
srun: error: r2i4n8: task 0: Exited with exit code 2
srun: launch/slurm: _step_signal: Terminating StepId=6190093.431

(27)_20
slurmstepd: error: execve(): gpuvalidate: No such file or directory
srun: error: r2i4n8: task 0: Exited with exit code 2
srun: launch/slurm: _step_signal: Terminating StepId=6190093.432

(27)_20
slurmstepd: error: execve(): gpuvalidate: No such file or directory
srun: error: r2i4n8: task 0: Exited with exit code 2
srun: launch/slurm: _step_signal: Terminating StepId=6190093.433

(27)_20
slurmstepd: error: execve(): gpuvalidate: No such file or directory
srun: error: r2i4n8: task 0: Exited with exit code 2
srun: launch/slurm: _step_signal: Terminating StepId=6190093.434

(27)_20
slurmstepd: error: execve(): gpuvalidate: No such file or directory
srun: error: r2i4n8: task 0: Exited with exit code 2
srun: launch/slurm: _step_signal: Terminating StepId=6190093.435

(27)_20
slurmstepd: error: execve(): gpuvalidate: No such file or directory
srun: error: r2i4n8: task 0: Exited with exit code 2
srun: launch/slurm: _step_signal: Terminating StepId=6190093.436

(27)_20
slurmstepd: error: execve(): gpuvalidate: No such file or directory
srun: error: r2i4n8: task 0: Exited with exit code 2
srun: launch/slurm: _step_signal: Terminating StepId=6190093.437

(27)_20
slurmstepd: error: execve(): gpuvalidate: No such file or directory
srun: error: r2i4n8: task 0: Exited with exit code 2
srun: launch/slurm: _step_signal: Terminating StepId=6190093.438

(27)_20
slurmstepd: error: execve(): gpuvalidate: No such file or directory
srun: error: r2i4n8: task 0: Exited with exit code 2
srun: launch/slurm: _step_signal: Terminating StepId=6190093.439

(27)_20
slurmstepd: error: execve(): gpuvalidate: No such file or directory
srun: error: r2i4n8: task 0: Exited with exit code 2
srun: launch/slurm: _step_signal: Terminating StepId=6190093.440

(27)_20
slurmstepd: error: execve(): gpuvalidate: No such file or directory
srun: error: r2i4n8: task 0: Exited with exit code 2
srun: launch/slurm: _step_signal: Terminating StepId=6190093.441

(27)_20
slurmstepd: error: execve(): gpuvalidate: No such file or directory
srun: error: r2i4n8: task 0: Exited with exit code 2
srun: launch/slurm: _step_signal: Terminating StepId=6190093.442

(27)_20
slurmstepd: error: execve(): gpuvalidate: No such file or directory
srun: error: r2i4n8: task 0: Exited with exit code 2
srun: launch/slurm: _step_signal: Terminating StepId=6190093.443

(27)_20
slurmstepd: error: execve(): gpuvalidate: No such file or directory
srun: error: r2i4n8: task 0: Exited with exit code 2
srun: launch/slurm: _step_signal: Terminating StepId=6190093.444

(27)_20
slurmstepd: error: execve(): gpuvalidate: No such file or directory
srun: error: r2i4n8: task 0: Exited with exit code 2
srun: launch/slurm: _step_signal: Terminating StepId=6190093.445

(27)_20
slurmstepd: error: execve(): gpuvalidate: No such file or directory
srun: error: r2i4n8: task 0: Exited with exit code 2
srun: launch/slurm: _step_signal: Terminating StepId=6190093.446

(27)_20
slurmstepd: error: execve(): gpuvalidate: No such file or directory
srun: error: r2i4n8: task 0: Exited with exit code 2
srun: launch/slurm: _step_signal: Terminating StepId=6190093.447

(27)_20
slurmstepd: error: execve(): gpuvalidate: No such file or directory
srun: error: r2i4n8: task 0: Exited with exit code 2
srun: launch/slurm: _step_signal: Terminating StepId=6190093.448

(27)_20
slurmstepd: error: execve(): gpuvalidate: No such file or directory
srun: error: r2i4n8: task 0: Exited with exit code 2
srun: launch/slurm: _step_signal: Terminating StepId=6190093.449

(27)_20
slurmstepd: error: execve(): gpuvalidate: No such file or directory
srun: error: r2i4n8: task 0: Exited with exit code 2
srun: launch/slurm: _step_signal: Terminating StepId=6190093.450

(27)_20
slurmstepd: error: execve(): gpuvalidate: No such file or directory
srun: error: r2i4n8: task 0: Exited with exit code 2
srun: launch/slurm: _step_signal: Terminating StepId=6190093.451

(27)_20
slurmstepd: error: execve(): gpuvalidate: No such file or directory
srun: error: r2i4n8: task 0: Exited with exit code 2
srun: launch/slurm: _step_signal: Terminating StepId=6190093.452

(27)_20
slurmstepd: error: execve(): gpuvalidate: No such file or directory
srun: error: r2i4n8: task 0: Exited with exit code 2
srun: launch/slurm: _step_signal: Terminating StepId=6190093.453

(27)_20
slurmstepd: error: execve(): gpuvalidate: No such file or directory
srun: error: r2i4n8: task 0: Exited with exit code 2
srun: launch/slurm: _step_signal: Terminating StepId=6190093.454

(27)_20
slurmstepd: error: execve(): gpuvalidate: No such file or directory
srun: error: r2i4n8: task 0: Exited with exit code 2
srun: launch/slurm: _step_signal: Terminating StepId=6190093.455

(27)_20
slurmstepd: error: execve(): gpuvalidate: No such file or directory
srun: error: r2i4n8: task 0: Exited with exit code 2
srun: launch/slurm: _step_signal: Terminating StepId=6190093.456

(27)_20
slurmstepd: error: execve(): gpuvalidate: No such file or directory
srun: error: r2i4n8: task 0: Exited with exit code 2
srun: launch/slurm: _step_signal: Terminating StepId=6190093.457

(27)_20
slurmstepd: error: execve(): gpuvalidate: No such file or directory
srun: error: r2i4n8: task 0: Exited with exit code 2
srun: launch/slurm: _step_signal: Terminating StepId=6190093.458

(27)_20
slurmstepd: error: execve(): gpuvalidate: No such file or directory
srun: error: r2i4n8: task 0: Exited with exit code 2
srun: launch/slurm: _step_signal: Terminating StepId=6190093.459

(27)_20
slurmstepd: error: execve(): gpuvalidate: No such file or directory
srun: error: r2i4n8: task 0: Exited with exit code 2
srun: launch/slurm: _step_signal: Terminating StepId=6190093.460

(27)_20
slurmstepd: error: execve(): gpuvalidate: No such file or directory
srun: error: r2i4n8: task 0: Exited with exit code 2
srun: launch/slurm: _step_signal: Terminating StepId=6190093.461

(27)_20
slurmstepd: error: execve(): gpuvalidate: No such file or directory
srun: error: r2i4n8: task 0: Exited with exit code 2
srun: launch/slurm: _step_signal: Terminating StepId=6190093.462

(27)_20
slurmstepd: error: execve(): gpuvalidate: No such file or directory
srun: error: r2i4n8: task 0: Exited with exit code 2
srun: launch/slurm: _step_signal: Terminating StepId=6190093.463

(27)_20
slurmstepd: error: execve(): gpuvalidate: No such file or directory
srun: error: r2i4n8: task 0: Exited with exit code 2
srun: launch/slurm: _step_signal: Terminating StepId=6190093.464

(27)_20
slurmstepd: error: execve(): gpuvalidate: No such file or directory
srun: error: r2i4n8: task 0: Exited with exit code 2
srun: launch/slurm: _step_signal: Terminating StepId=6190093.465

(27)_20
slurmstepd: error: execve(): gpuvalidate: No such file or directory
srun: error: r2i4n8: task 0: Exited with exit code 2
srun: launch/slurm: _step_signal: Terminating StepId=6190093.466

(27)_20
slurmstepd: error: execve(): gpuvalidate: No such file or directory
srun: error: r2i4n8: task 0: Exited with exit code 2
srun: launch/slurm: _step_signal: Terminating StepId=6190093.467

(27)_20
slurmstepd: error: execve(): gpuvalidate: No such file or directory
srun: error: r2i4n8: task 0: Exited with exit code 2
srun: launch/slurm: _step_signal: Terminating StepId=6190093.468

(27)_20
slurmstepd: error: execve(): gpuvalidate: No such file or directory
srun: error: r2i4n8: task 0: Exited with exit code 2
srun: launch/slurm: _step_signal: Terminating StepId=6190093.469

(27)_20
slurmstepd: error: execve(): gpuvalidate: No such file or directory
srun: error: r2i4n8: task 0: Exited with exit code 2
srun: launch/slurm: _step_signal: Terminating StepId=6190093.470

(27)_20
slurmstepd: error: execve(): gpuvalidate: No such file or directory
srun: error: r2i4n8: task 0: Exited with exit code 2
srun: launch/slurm: _step_signal: Terminating StepId=6190093.471

(27)_20
slurmstepd: error: execve(): gpuvalidate: No such file or directory
srun: error: r2i4n8: task 0: Exited with exit code 2
srun: launch/slurm: _step_signal: Terminating StepId=6190093.472

(27)_20
slurmstepd: error: execve(): gpuvalidate: No such file or directory
srun: error: r2i4n8: task 0: Exited with exit code 2
srun: launch/slurm: _step_signal: Terminating StepId=6190093.473

(27)_20
slurmstepd: error: execve(): gpuvalidate: No such file or directory
srun: error: r2i4n8: task 0: Exited with exit code 2
srun: launch/slurm: _step_signal: Terminating StepId=6190093.474

(27)_20
slurmstepd: error: execve(): gpuvalidate: No such file or directory
srun: error: r2i4n8: task 0: Exited with exit code 2
srun: launch/slurm: _step_signal: Terminating StepId=6190093.475

(27)_20
slurmstepd: error: execve(): gpuvalidate: No such file or directory
srun: error: r2i4n8: task 0: Exited with exit code 2
srun: launch/slurm: _step_signal: Terminating StepId=6190093.476

(27)_20
slurmstepd: error: execve(): gpuvalidate: No such file or directory
srun: error: r2i4n8: task 0: Exited with exit code 2
srun: launch/slurm: _step_signal: Terminating StepId=6190093.477

(27)_20
slurmstepd: error: execve(): gpuvalidate: No such file or directory
srun: error: r2i4n8: task 0: Exited with exit code 2
srun: launch/slurm: _step_signal: Terminating StepId=6190093.478

(27)_20
slurmstepd: error: execve(): gpuvalidate: No such file or directory
srun: error: r2i4n8: task 0: Exited with exit code 2
srun: launch/slurm: _step_signal: Terminating StepId=6190093.479

(27)_20
slurmstepd: error: execve(): gpuvalidate: No such file or directory
srun: error: r2i4n8: task 0: Exited with exit code 2
srun: launch/slurm: _step_signal: Terminating StepId=6190093.480

(27)_20
slurmstepd: error: execve(): gpuvalidate: No such file or directory
srun: error: r2i4n8: task 0: Exited with exit code 2
srun: launch/slurm: _step_signal: Terminating StepId=6190093.481

(27)_20
slurmstepd: error: execve(): gpuvalidate: No such file or directory
srun: error: r2i4n8: task 0: Exited with exit code 2
srun: launch/slurm: _step_signal: Terminating StepId=6190093.482

(27)_20
slurmstepd: error: execve(): gpuvalidate: No such file or directory
srun: error: r2i4n8: task 0: Exited with exit code 2
srun: launch/slurm: _step_signal: Terminating StepId=6190093.483

(27)_20
slurmstepd: error: execve(): gpuvalidate: No such file or directory
srun: error: r2i4n8: task 0: Exited with exit code 2
srun: launch/slurm: _step_signal: Terminating StepId=6190093.484

(27)_20
slurmstepd: error: execve(): gpuvalidate: No such file or directory
srun: error: r2i4n8: task 0: Exited with exit code 2
srun: launch/slurm: _step_signal: Terminating StepId=6190093.485

(27)_20
slurmstepd: error: execve(): gpuvalidate: No such file or directory
srun: error: r2i4n8: task 0: Exited with exit code 2
srun: launch/slurm: _step_signal: Terminating StepId=6190093.486

(27)_20
slurmstepd: error: execve(): gpuvalidate: No such file or directory
srun: error: r2i4n8: task 0: Exited with exit code 2
srun: launch/slurm: _step_signal: Terminating StepId=6190093.487

(27)_20
slurmstepd: error: execve(): gpuvalidate: No such file or directory
srun: error: r2i4n8: task 0: Exited with exit code 2
srun: launch/slurm: _step_signal: Terminating StepId=6190093.488

(27)_20
slurmstepd: error: execve(): gpuvalidate: No such file or directory
srun: error: r2i4n8: task 0: Exited with exit code 2
srun: launch/slurm: _step_signal: Terminating StepId=6190093.489

(27)_20
slurmstepd: error: execve(): gpuvalidate: No such file or directory
srun: error: r2i4n8: task 0: Exited with exit code 2
srun: launch/slurm: _step_signal: Terminating StepId=6190093.490

(27)_20
slurmstepd: error: execve(): gpuvalidate: No such file or directory
srun: error: r2i4n8: task 0: Exited with exit code 2
srun: launch/slurm: _step_signal: Terminating StepId=6190093.491

(27)_20
slurmstepd: error: execve(): gpuvalidate: No such file or directory
srun: error: r2i4n8: task 0: Exited with exit code 2
srun: launch/slurm: _step_signal: Terminating StepId=6190093.492

(27)_20
slurmstepd: error: execve(): gpuvalidate: No such file or directory
srun: error: r2i4n8: task 0: Exited with exit code 2
srun: launch/slurm: _step_signal: Terminating StepId=6190093.493

(27)_20
slurmstepd: error: execve(): gpuvalidate: No such file or directory
srun: error: r2i4n8: task 0: Exited with exit code 2
srun: launch/slurm: _step_signal: Terminating StepId=6190093.494

(27)_20
slurmstepd: error: execve(): gpuvalidate: No such file or directory
srun: error: r2i4n8: task 0: Exited with exit code 2
srun: launch/slurm: _step_signal: Terminating StepId=6190093.495

(27)_20
slurmstepd: error: execve(): gpuvalidate: No such file or directory
srun: error: r2i4n8: task 0: Exited with exit code 2
srun: launch/slurm: _step_signal: Terminating StepId=6190093.496

(27)_20
slurmstepd: error: execve(): gpuvalidate: No such file or directory
srun: error: r2i4n8: task 0: Exited with exit code 2
srun: launch/slurm: _step_signal: Terminating StepId=6190093.497

(27)_20
slurmstepd: error: execve(): gpuvalidate: No such file or directory
srun: error: r2i4n8: task 0: Exited with exit code 2
srun: launch/slurm: _step_signal: Terminating StepId=6190093.498

(27)_20
slurmstepd: error: execve(): gpuvalidate: No such file or directory
srun: error: r2i4n8: task 0: Exited with exit code 2
srun: launch/slurm: _step_signal: Terminating StepId=6190093.499

Matplotlib created a temporary cache directory at /dev/shm/weiyu2024_6190093/matplotlib-ii_t81d0 because the default path (/mnt/lustre/e1000/home/d35/d35/weiyu24/Microbenchmarking-of-Accelerators-Offloading/openmpbench_C_v40/Plots/cirrus) is not a writable directory; it is highly recommended to set the MPLCONFIGDIR environment variable to a writable directory, in particular to speed up the import of Matplotlib and to better support multiprocessing.
Parameters not found in the file.
