CSV file 'dataset.csv' already exists.
(27)_20

(27)_20

(27)_20

(27)_20

(27)_20

(27)_20

(27)_20

(27)_20
slurmstepd: error: execve(): cpuvalidate: No such file or directory
srun: error: r2i7n7: task 0: Exited with exit code 2
srun: launch/slurm: _step_signal: Terminating StepId=6185299.7

(27)_20
slurmstepd: error: execve(): cpuvalidate: No such file or directory
srun: error: r2i7n7: task 0: Exited with exit code 2
srun: launch/slurm: _step_signal: Terminating StepId=6185299.8

(27)_20
slurmstepd: error: execve(): cpuvalidate: No such file or directory
srun: error: r2i7n7: task 0: Exited with exit code 2
srun: launch/slurm: _step_signal: Terminating StepId=6185299.9

(27)_20
slurmstepd: error: execve(): cpuvalidate: No such file or directory
srun: error: r2i7n7: task 0: Exited with exit code 2
srun: launch/slurm: _step_signal: Terminating StepId=6185299.10

(27)_20
slurmstepd: error: execve(): cpuvalidate: No such file or directory
srun: error: r2i7n7: task 0: Exited with exit code 2
srun: launch/slurm: _step_signal: Terminating StepId=6185299.11

(27)_20
slurmstepd: error: execve(): cpuvalidate: No such file or directory
srun: error: r2i7n7: task 0: Exited with exit code 2
srun: launch/slurm: _step_signal: Terminating StepId=6185299.12

(27)_20
slurmstepd: error: execve(): cpuvalidate: No such file or directory
srun: error: r2i7n7: task 0: Exited with exit code 2
srun: launch/slurm: _step_signal: Terminating StepId=6185299.13

(27)_20
slurmstepd: error: execve(): cpuvalidate: No such file or directory
srun: error: r2i7n7: task 0: Exited with exit code 2
srun: launch/slurm: _step_signal: Terminating StepId=6185299.14

(27)_20
slurmstepd: error: execve(): cpuvalidate: No such file or directory
srun: error: r2i7n7: task 0: Exited with exit code 2
srun: launch/slurm: _step_signal: Terminating StepId=6185299.15

(27)_20
slurmstepd: error: execve(): cpuvalidate: No such file or directory
srun: error: r2i7n7: task 0: Exited with exit code 2
srun: launch/slurm: _step_signal: Terminating StepId=6185299.16

(27)_20
slurmstepd: error: execve(): cpuvalidate: No such file or directory
srun: error: r2i7n7: task 0: Exited with exit code 2
srun: launch/slurm: _step_signal: Terminating StepId=6185299.17

(27)_20
slurmstepd: error: execve(): cpuvalidate: No such file or directory
srun: error: r2i7n7: task 0: Exited with exit code 2
srun: launch/slurm: _step_signal: Terminating StepId=6185299.18

(27)_20
slurmstepd: error: execve(): cpuvalidate: No such file or directory
srun: error: r2i7n7: task 0: Exited with exit code 2
srun: launch/slurm: _step_signal: Terminating StepId=6185299.19

(27)_20
slurmstepd: error: execve(): cpuvalidate: No such file or directory
srun: error: r2i7n7: task 0: Exited with exit code 2
srun: launch/slurm: _step_signal: Terminating StepId=6185299.20

(27)_20
slurmstepd: error: execve(): cpuvalidate: No such file or directory
srun: error: r2i7n7: task 0: Exited with exit code 2
srun: launch/slurm: _step_signal: Terminating StepId=6185299.21

(27)_20
slurmstepd: error: execve(): cpuvalidate: No such file or directory
srun: error: r2i7n7: task 0: Exited with exit code 2
srun: launch/slurm: _step_signal: Terminating StepId=6185299.22

(27)_20
slurmstepd: error: execve(): cpuvalidate: No such file or directory
srun: error: r2i7n7: task 0: Exited with exit code 2
srun: launch/slurm: _step_signal: Terminating StepId=6185299.23

(27)_20

(27)_20

(27)_20

(27)_20

(27)_20

(27)_20

(27)_20

(27)_20

(27)_20

(27)_20

(27)_20

(27)_20

(27)_20

(27)_20

(27)_20

(27)_20

(27)_20

(27)_20

(27)_20

(27)_20

(27)_20

(27)_20

(27)_20

(27)_20

(27)_20

(27)_20

(27)_20

(27)_20

(27)_20

(27)_20

(27)_20

(27)_20

(27)_20

(27)_20

(27)_20

(27)_20

(27)_20

(27)_20

(27)_20

(27)_20

(27)_20

(27)_20

(27)_20

(27)_20

(27)_20

(27)_20

(27)_20

(27)_20

(27)_20

(27)_20

(27)_20

(27)_20

(27)_20

(27)_20

(27)_20

(27)_20

(27)_20

(27)_20

(27)_20

(27)_20

(27)_20

(27)_20

(27)_20

(27)_20

(27)_20

(27)_20

(27)_20

(27)_20

(27)_20

(27)_20

(27)_20

(27)_20

(27)_20

(27)_20

(27)_20

(27)_20

Matplotlib created a temporary cache directory at /dev/shm/weiyu2024_6185299/matplotlib-6lq39x1n because the default path (/mnt/lustre/e1000/home/d35/d35/weiyu24/Microbenchmarking-of-Accelerators-Offloading/openmpbench_C_v40/Plots/cirrus) is not a writable directory; it is highly recommended to set the MPLCONFIGDIR environment variable to a writable directory, in particular to speed up the import of Matplotlib and to better support multiprocessing.
Plot saved to Plots/cirrus/6185299/refall_cpuvalidate_27_0_performance.png
Plot saved to Plots/cirrus/6185299/func1_cpuvalidate_27_0_performance.png
(27)_20

(27)_20

(27)_20

(27)_20

(27)_20

(27)_20

(27)_20

(27)_20

(27)_20

(27)_20

(27)_20

(27)_20

(27)_20

(27)_20

(27)_20

(27)_20

(27)_20

(27)_20

(27)_20

(27)_20

(27)_20

(27)_20

(27)_20

(27)_20

(27)_20

(27)_20

(27)_20

(27)_20

(27)_20

(27)_20

(27)_20

(27)_20

(27)_20

(27)_20

(27)_20

(27)_20

(27)_20

(27)_20

(27)_20

(27)_20

(27)_20

(27)_20

(27)_20

(27)_20

(27)_20

(27)_20

(27)_20

(27)_20

(27)_20

(27)_20

(27)_20

(27)_20

(27)_20

(27)_20

(27)_20

(27)_20

(27)_20

(27)_20

(27)_20

(27)_20

(27)_20

(27)_20

(27)_20

(27)_20

(27)_20

(27)_20

(27)_20

(27)_20

(27)_20

(27)_20

(27)_20

(27)_20

(27)_20

(27)_20

(27)_20

(27)_20

(27)_20

(27)_20

(27)_20

(27)_20

(27)_20

(27)_20

(27)_20

(27)_20

(27)_20

(27)_20

(27)_20

(27)_20

(27)_20

(27)_20

(27)_20

(27)_20

(27)_20

(27)_20

(27)_20

(27)_20

(27)_20

(27)_20

(27)_20

(27)_20

Matplotlib created a temporary cache directory at /dev/shm/weiyu2024_6185299/matplotlib-8xgcz_sp because the default path (/mnt/lustre/e1000/home/d35/d35/weiyu24/Microbenchmarking-of-Accelerators-Offloading/openmpbench_C_v40/Plots/cirrus) is not a writable directory; it is highly recommended to set the MPLCONFIGDIR environment variable to a writable directory, in particular to speed up the import of Matplotlib and to better support multiprocessing.
Plot saved to Plots/cirrus/6185299/refall_cpuvalidate_27_1_performance.png
Plot saved to Plots/cirrus/6185299/func1_cpuvalidate_27_1_performance.png
(27)_20

(27)_20

(27)_20

(27)_20

(27)_20

(27)_20

(27)_20

(27)_20

(27)_20

(27)_20

(27)_20

(27)_20

(27)_20

(27)_20

(27)_20

(27)_20

(27)_20

(27)_20

(27)_20

(27)_20

(27)_20

(27)_20

(27)_20

(27)_20

(27)_20

(27)_20

(27)_20

(27)_20

(27)_20

(27)_20

(27)_20

(27)_20

(27)_20

(27)_20

(27)_20

(27)_20

(27)_20

(27)_20

(27)_20

(27)_20

(27)_20

(27)_20

(27)_20

(27)_20

(27)_20

(27)_20

(27)_20

(27)_20

(27)_20

(27)_20

(27)_20

(27)_20

(27)_20

(27)_20

(27)_20

(27)_20

(27)_20

(27)_20

(27)_20

(27)_20

(27)_20

(27)_20

(27)_20

(27)_20

(27)_20

(27)_20

(27)_20

(27)_20

(27)_20

(27)_20

(27)_20

(27)_20

(27)_20

(27)_20

(27)_20

(27)_20

(27)_20

(27)_20

(27)_20

(27)_20

(27)_20

(27)_20

(27)_20

(27)_20

(27)_20

(27)_20

(27)_20

(27)_20

(27)_20

(27)_20

(27)_20

(27)_20

(27)_20

(27)_20

(27)_20

(27)_20

(27)_20

(27)_20

(27)_20

(27)_20

Matplotlib created a temporary cache directory at /dev/shm/weiyu2024_6185299/matplotlib-dfkp84sx because the default path (/mnt/lustre/e1000/home/d35/d35/weiyu24/Microbenchmarking-of-Accelerators-Offloading/openmpbench_C_v40/Plots/cirrus) is not a writable directory; it is highly recommended to set the MPLCONFIGDIR environment variable to a writable directory, in particular to speed up the import of Matplotlib and to better support multiprocessing.
Plot saved to Plots/cirrus/6185299/refall_cpuvalidate_27_2_performance.png
Plot saved to Plots/cirrus/6185299/func1_cpuvalidate_27_2_performance.png
(27)_20

(27)_20

(27)_20

(27)_20

(27)_20

(27)_20

(27)_20

(27)_20

(27)_20

(27)_20

(27)_20

(27)_20

(27)_20

(27)_20

(27)_20

(27)_20

(27)_20

(27)_20

(27)_20

(27)_20

(27)_20

(27)_20

(27)_20

(27)_20

(27)_20

(27)_20

(27)_20

(27)_20

(27)_20

(27)_20

(27)_20

(27)_20

(27)_20

(27)_20

(27)_20

(27)_20

(27)_20

(27)_20

(27)_20

(27)_20

(27)_20

(27)_20

(27)_20

(27)_20

(27)_20

(27)_20

(27)_20

(27)_20

(27)_20

(27)_20

(27)_20

(27)_20

(27)_20

(27)_20

(27)_20

(27)_20

(27)_20

(27)_20

(27)_20

(27)_20

(27)_20

(27)_20

(27)_20

(27)_20

(27)_20

(27)_20

(27)_20

(27)_20

(27)_20

(27)_20

(27)_20

(27)_20

(27)_20

(27)_20

(27)_20

(27)_20

(27)_20

(27)_20

(27)_20

(27)_20

(27)_20

(27)_20

(27)_20

(27)_20

(27)_20

(27)_20

(27)_20

(27)_20

(27)_20

(27)_20

(27)_20

(27)_20

(27)_20

(27)_20

(27)_20

(27)_20

(27)_20

(27)_20

(27)_20

(27)_20

Matplotlib created a temporary cache directory at /dev/shm/weiyu2024_6185299/matplotlib-82ehfixr because the default path (/mnt/lustre/e1000/home/d35/d35/weiyu24/Microbenchmarking-of-Accelerators-Offloading/openmpbench_C_v40/Plots/cirrus) is not a writable directory; it is highly recommended to set the MPLCONFIGDIR environment variable to a writable directory, in particular to speed up the import of Matplotlib and to better support multiprocessing.
Plot saved to Plots/cirrus/6185299/refall_cpuvalidate_27_3_performance.png
Plot saved to Plots/cirrus/6185299/func1_cpuvalidate_27_3_performance.png
(27)_20

(27)_20

(27)_20

(27)_20

(27)_20

(27)_20

(27)_20

(27)_20

(27)_20

(27)_20

(27)_20

(27)_20

(27)_20

(27)_20

(27)_20
srun: Job 6185299 step creation temporarily disabled, retrying (Requested nodes are busy)
srun: Step created for job 6185299

(27)_20

(27)_20

(27)_20

(27)_20
srun: Job 6185299 step creation temporarily disabled, retrying (Requested nodes are busy)
srun: Step created for job 6185299

(27)_20
srun: Job 6185299 step creation temporarily disabled, retrying (Requested nodes are busy)
srun: Step created for job 6185299

(27)_20
srun: Job 6185299 step creation temporarily disabled, retrying (Requested nodes are busy)
srun: Step created for job 6185299

(27)_20

(27)_20

(27)_20

(27)_20

(27)_20

(27)_20

(27)_20

(27)_20

(27)_20

(27)_20

(27)_20

(27)_20

(27)_20

(27)_20

(27)_20

(27)_20

(27)_20

(27)_20

(27)_20

(27)_20

(27)_20

(27)_20

(27)_20

(27)_20

(27)_20

(27)_20

(27)_20

(27)_20

(27)_20

(27)_20

(27)_20

(27)_20

(27)_20

(27)_20

(27)_20

(27)_20

(27)_20

(27)_20

(27)_20

(27)_20

(27)_20

(27)_20

(27)_20

(27)_20

(27)_20

(27)_20

(27)_20

(27)_20

(27)_20

(27)_20

(27)_20

(27)_20

(27)_20

(27)_20

(27)_20

(27)_20

(27)_20

(27)_20

(27)_20

(27)_20

(27)_20

(27)_20

(27)_20

(27)_20

(27)_20

(27)_20

(27)_20

(27)_20

(27)_20

(27)_20

(27)_20

(27)_20

(27)_20

(27)_20

(27)_20

(27)_20

(27)_20

(27)_20

(27)_20

Matplotlib created a temporary cache directory at /dev/shm/weiyu2024_6185299/matplotlib-savp5cjp because the default path (/mnt/lustre/e1000/home/d35/d35/weiyu24/Microbenchmarking-of-Accelerators-Offloading/openmpbench_C_v40/Plots/cirrus) is not a writable directory; it is highly recommended to set the MPLCONFIGDIR environment variable to a writable directory, in particular to speed up the import of Matplotlib and to better support multiprocessing.
Plot saved to Plots/cirrus/6185299/refall_cpuvalidate_27_4_performance.png
Plot saved to Plots/cirrus/6185299/func1_cpuvalidate_27_4_performance.png
