CSV file 'dataset.csv' already exists.
(27)_20

(27)_20

(27)_20

(27)_20

(27)_20

(27)_20

(27)_20

(27)_20

(27)_20

(27)_20

(27)_20

(27)_20

(27)_20

(27)_20

(27)_20

(27)_20

(27)_20

(27)_20

(27)_20

(27)_20

(27)_20

(27)_20

(27)_20

(27)_20

(27)_20

(27)_20

(27)_20

(27)_20

(27)_20

(27)_20

(27)_20

(27)_20

(27)_20

(27)_20

(27)_20

(27)_20

(27)_20

(27)_20

(27)_20

(27)_20

(27)_20

(27)_20

(27)_20

(27)_20

(27)_20

(27)_20

(27)_20

(27)_20

(27)_20

(27)_20

(27)_20

(27)_20

(27)_20

(27)_20

(27)_20

(27)_20

(27)_20

(27)_20

(27)_20

(27)_20

(27)_20

(27)_20

(27)_20

(27)_20

(27)_20

(27)_20

(27)_20

(27)_20

(27)_20

(27)_20

(27)_20

(27)_20

(27)_20

(27)_20

(27)_20

(27)_20

(27)_20

(27)_20

(27)_20

(27)_20

(27)_20

(27)_20

(27)_20

(27)_20

(27)_20

(27)_20

(27)_20

(27)_20

(27)_20

(27)_20

(27)_20

(27)_20

(27)_20

(27)_20

(27)_20

(27)_20

(27)_20

(27)_20

(27)_20

(27)_20

/mnt/lustre/e1000/home/d403/d403/weiyu2024/PhDProject/epcc-openmp-microbenchmarks/openmpbench_C_v40/visualise2.py:19: SyntaxWarning: "is" with a literal. Did you mean "=="?
  if switch is 0:
Matplotlib created a temporary cache directory at /dev/shm/weiyu2024_6192309/matplotlib-g55vxfj5 because the default path (/mnt/lustre/e1000/home/d35/d35/weiyu24/Microbenchmarking-of-Accelerators-Offloading/openmpbench_C_v40/Plots/cirrus) is not a writable directory; it is highly recommended to set the MPLCONFIGDIR environment variable to a writable directory, in particular to speed up the import of Matplotlib and to better support multiprocessing.
Plot saved to Plots/cirrus/6192309/refall_gpuvalidate_27_0_performance.png
Plot saved to Plots/cirrus/6192309/func1_gpuvalidate_27_0_performance.png
(27)_20

(27)_20

(27)_20

(27)_20

(27)_20

(27)_20

(27)_20

(27)_20

(27)_20

(27)_20

(27)_20

(27)_20

(27)_20

(27)_20

(27)_20

(27)_20

(27)_20

(27)_20

(27)_20

(27)_20

(27)_20

(27)_20

(27)_20

(27)_20

(27)_20

(27)_20

(27)_20

(27)_20

(27)_20
srun: Job 6192309 step creation temporarily disabled, retrying (Requested nodes are busy)
srun: Step created for job 6192309

(27)_20

(27)_20

(27)_20

(27)_20

(27)_20

(27)_20

(27)_20

(27)_20

(27)_20

(27)_20

(27)_20

(27)_20

(27)_20

(27)_20

(27)_20

(27)_20

(27)_20

(27)_20

(27)_20

(27)_20

(27)_20

(27)_20

(27)_20

(27)_20

(27)_20

(27)_20

(27)_20

(27)_20

(27)_20

(27)_20

(27)_20

(27)_20

(27)_20

(27)_20

(27)_20

(27)_20

(27)_20

(27)_20

(27)_20

(27)_20

(27)_20

(27)_20

(27)_20

(27)_20

(27)_20

(27)_20

(27)_20

(27)_20

(27)_20

(27)_20

(27)_20

(27)_20

(27)_20

(27)_20

(27)_20

(27)_20

(27)_20

(27)_20

(27)_20

(27)_20

(27)_20

(27)_20

(27)_20

(27)_20

(27)_20

(27)_20

(27)_20

(27)_20

(27)_20

(27)_20

(27)_20

/mnt/lustre/e1000/home/d403/d403/weiyu2024/PhDProject/epcc-openmp-microbenchmarks/openmpbench_C_v40/visualise2.py:19: SyntaxWarning: "is" with a literal. Did you mean "=="?
  if switch is 0:
Matplotlib created a temporary cache directory at /dev/shm/weiyu2024_6192309/matplotlib-hyc41bcq because the default path (/mnt/lustre/e1000/home/d35/d35/weiyu24/Microbenchmarking-of-Accelerators-Offloading/openmpbench_C_v40/Plots/cirrus) is not a writable directory; it is highly recommended to set the MPLCONFIGDIR environment variable to a writable directory, in particular to speed up the import of Matplotlib and to better support multiprocessing.
Plot saved to Plots/cirrus/6192309/refall_gpuvalidate_27_1_performance.png
Plot saved to Plots/cirrus/6192309/func1_gpuvalidate_27_1_performance.png
(27)_20

(27)_20

(27)_20

(27)_20

(27)_20

(27)_20

(27)_20

(27)_20

(27)_20

(27)_20

(27)_20

(27)_20

(27)_20

(27)_20

(27)_20

(27)_20

(27)_20

(27)_20

(27)_20

(27)_20

(27)_20

(27)_20

(27)_20

(27)_20

(27)_20

(27)_20

(27)_20

(27)_20

(27)_20

(27)_20
srun: Job 6192309 step creation temporarily disabled, retrying (Requested nodes are busy)
srun: Step created for job 6192309

(27)_20

(27)_20

(27)_20

(27)_20

(27)_20

(27)_20

(27)_20

(27)_20

(27)_20

(27)_20

(27)_20

(27)_20

(27)_20

(27)_20

(27)_20

(27)_20

(27)_20

(27)_20

(27)_20

(27)_20

(27)_20

(27)_20

(27)_20

(27)_20

(27)_20

(27)_20

(27)_20

(27)_20

(27)_20

(27)_20

(27)_20

(27)_20

(27)_20

(27)_20

(27)_20

(27)_20

(27)_20

(27)_20

(27)_20

(27)_20

(27)_20

(27)_20

(27)_20

(27)_20

(27)_20

(27)_20

(27)_20

(27)_20

(27)_20

(27)_20

(27)_20

(27)_20

(27)_20

(27)_20

(27)_20

(27)_20

(27)_20

(27)_20

(27)_20

(27)_20

(27)_20

(27)_20

(27)_20

(27)_20

(27)_20

(27)_20

(27)_20

(27)_20

(27)_20

(27)_20

/mnt/lustre/e1000/home/d403/d403/weiyu2024/PhDProject/epcc-openmp-microbenchmarks/openmpbench_C_v40/visualise2.py:19: SyntaxWarning: "is" with a literal. Did you mean "=="?
  if switch is 0:
Matplotlib created a temporary cache directory at /dev/shm/weiyu2024_6192309/matplotlib-avxmg81c because the default path (/mnt/lustre/e1000/home/d35/d35/weiyu24/Microbenchmarking-of-Accelerators-Offloading/openmpbench_C_v40/Plots/cirrus) is not a writable directory; it is highly recommended to set the MPLCONFIGDIR environment variable to a writable directory, in particular to speed up the import of Matplotlib and to better support multiprocessing.
Plot saved to Plots/cirrus/6192309/refall_gpuvalidate_27_2_performance.png
Plot saved to Plots/cirrus/6192309/func1_gpuvalidate_27_2_performance.png
(27)_20

(27)_20

(27)_20

(27)_20

(27)_20

(27)_20

(27)_20

(27)_20

(27)_20

(27)_20

(27)_20

(27)_20

(27)_20

(27)_20

(27)_20

(27)_20

(27)_20

(27)_20

(27)_20

(27)_20

(27)_20
srun: Job 6192309 step creation temporarily disabled, retrying (Requested nodes are busy)
srun: Step created for job 6192309

(27)_20

(27)_20

(27)_20

(27)_20

(27)_20

(27)_20

(27)_20

(27)_20

(27)_20

(27)_20

(27)_20

(27)_20

(27)_20

(27)_20

(27)_20

(27)_20

(27)_20

(27)_20

(27)_20

(27)_20

(27)_20

(27)_20

(27)_20

(27)_20

(27)_20

(27)_20

(27)_20

(27)_20

(27)_20

(27)_20

(27)_20

(27)_20

(27)_20

(27)_20

(27)_20

(27)_20

(27)_20

(27)_20

(27)_20

(27)_20

(27)_20

(27)_20

(27)_20

(27)_20

(27)_20

(27)_20

(27)_20

(27)_20

(27)_20

(27)_20

(27)_20

(27)_20

(27)_20

(27)_20

(27)_20

(27)_20

(27)_20

(27)_20

(27)_20

(27)_20

(27)_20

(27)_20

(27)_20

(27)_20

(27)_20

(27)_20

(27)_20

(27)_20

(27)_20

(27)_20

(27)_20

(27)_20

(27)_20

(27)_20

(27)_20

(27)_20

(27)_20

(27)_20

(27)_20

/mnt/lustre/e1000/home/d403/d403/weiyu2024/PhDProject/epcc-openmp-microbenchmarks/openmpbench_C_v40/visualise2.py:19: SyntaxWarning: "is" with a literal. Did you mean "=="?
  if switch is 0:
Matplotlib created a temporary cache directory at /dev/shm/weiyu2024_6192309/matplotlib-q8i4pclg because the default path (/mnt/lustre/e1000/home/d35/d35/weiyu24/Microbenchmarking-of-Accelerators-Offloading/openmpbench_C_v40/Plots/cirrus) is not a writable directory; it is highly recommended to set the MPLCONFIGDIR environment variable to a writable directory, in particular to speed up the import of Matplotlib and to better support multiprocessing.
Plot saved to Plots/cirrus/6192309/refall_gpuvalidate_27_3_performance.png
Plot saved to Plots/cirrus/6192309/func1_gpuvalidate_27_3_performance.png
(27)_20

(27)_20

(27)_20

(27)_20

(27)_20

(27)_20

(27)_20

(27)_20

(27)_20

(27)_20

(27)_20

(27)_20

(27)_20

(27)_20

(27)_20

(27)_20

(27)_20

(27)_20

(27)_20

(27)_20

(27)_20

(27)_20

(27)_20

(27)_20
srun: Job 6192309 step creation temporarily disabled, retrying (Requested nodes are busy)
srun: Step created for job 6192309

(27)_20

(27)_20

(27)_20

(27)_20

(27)_20

(27)_20

(27)_20

(27)_20

(27)_20

(27)_20

(27)_20

(27)_20

(27)_20

(27)_20

(27)_20

(27)_20

(27)_20

(27)_20

(27)_20

(27)_20

(27)_20

(27)_20

(27)_20

(27)_20

(27)_20

(27)_20

(27)_20

(27)_20

(27)_20

(27)_20

(27)_20

(27)_20

(27)_20

(27)_20
srun: Job 6192309 step creation temporarily disabled, retrying (Requested nodes are busy)
srun: Step created for job 6192309

(27)_20

(27)_20

(27)_20

(27)_20

(27)_20

(27)_20

(27)_20

(27)_20

(27)_20

(27)_20

(27)_20

(27)_20

(27)_20

(27)_20

(27)_20

(27)_20

(27)_20

(27)_20

(27)_20

(27)_20

(27)_20

(27)_20

(27)_20

(27)_20

(27)_20

(27)_20

(27)_20

(27)_20

(27)_20

(27)_20

(27)_20

(27)_20

(27)_20

(27)_20

(27)_20

(27)_20

(27)_20

(27)_20

(27)_20

(27)_20

(27)_20

(27)_20

/mnt/lustre/e1000/home/d403/d403/weiyu2024/PhDProject/epcc-openmp-microbenchmarks/openmpbench_C_v40/visualise2.py:19: SyntaxWarning: "is" with a literal. Did you mean "=="?
  if switch is 0:
Matplotlib created a temporary cache directory at /dev/shm/weiyu2024_6192309/matplotlib-on1y5j18 because the default path (/mnt/lustre/e1000/home/d35/d35/weiyu24/Microbenchmarking-of-Accelerators-Offloading/openmpbench_C_v40/Plots/cirrus) is not a writable directory; it is highly recommended to set the MPLCONFIGDIR environment variable to a writable directory, in particular to speed up the import of Matplotlib and to better support multiprocessing.
Plot saved to Plots/cirrus/6192309/refall_gpuvalidate_27_4_performance.png
Plot saved to Plots/cirrus/6192309/func1_gpuvalidate_27_4_performance.png
