CSV file 'dataset.csv' created with headers.
(27)_20

(27)_20

(27)_20

(27)_20

(27)_20

(27)_20

(27)_20

(27)_20

(27)_20

(27)_20

(27)_20

(27)_20

(27)_20

(27)_20

(27)_20

(27)_20

(27)_20

(27)_20

(27)_20

(27)_20

(27)_20

(27)_20

(27)_20

(27)_20

(27)_20

(27)_20

(27)_20

(27)_20

(27)_20

(27)_20

(27)_20

(27)_20

(27)_20

(27)_20

(27)_20

(27)_20

(27)_20

(27)_20

(27)_20

(27)_20

(27)_20

(27)_20

(27)_20

(27)_20

(27)_20

(27)_20

(27)_20

(27)_20

(27)_20

(27)_20

(27)_20

(27)_20

(27)_20

(27)_20

(27)_20

(27)_20

(27)_20

(27)_20

(27)_20

(27)_20

(27)_20

(27)_20

(27)_20

(27)_20

(27)_20

(27)_20

(27)_20

(27)_20

(27)_20

(27)_20

(27)_20

(27)_20

(27)_20

(27)_20

(27)_20

(27)_20

(27)_20

(27)_20

(27)_20

(27)_20

(27)_20

(27)_20

(27)_20

(27)_20

(27)_20

(27)_20

(27)_20

(27)_20

(27)_20

(27)_20

(27)_20

(27)_20

(27)_20

(27)_20

(27)_20

(27)_20

(27)_20

(27)_20

(27)_20

(27)_20

Matplotlib created a temporary cache directory at /dev/shm/weiyu2024_6182673/matplotlib-otgztigr because the default path (/mnt/lustre/e1000/home/d35/d35/weiyu24/Microbenchmarking-of-Accelerators-Offloading/openmpbench_C_v40/Plots/cirrus) is not a writable directory; it is highly recommended to set the MPLCONFIGDIR environment variable to a writable directory, in particular to speed up the import of Matplotlib and to better support multiprocessing.
The Performance extracted:

{'testall': [], 'test1': []}
The Overheads extracted:

{'testall': [], 'test1': []}
Performance mean time:

['0.112596', '12.234825', '12.182994', '0.070745', '12.241272', '12.101274', '0.103072', '12.252943', '12.149313', '0.129214', '12.303947', '12.263406', '0.149598', '12.360301', '12.412733', '0.177826', '12.331659', '12.175733', '0.204941', '12.384397', '12.247505', '0.235465', '12.384795', '12.146860', '0.262386', '12.430704', '12.240399', '0.288877', '12.433286', '12.222456', '0.312896', '12.466192', '11.868842', '0.349014', '12.476005', '12.256260', '0.365864', '12.545157', '12.289780', '0.636731', '12.560402', '12.179486', '0.419865', '12.554167', '12.277981', '0.454253', '12.623739', '12.439255', '0.473374', '12.542350', '11.930201', '0.499347', '12.635269', '12.137706', '0.558902', '12.660457', '12.099669', '0.587110', '12.674497', '12.271860', '0.582261', '12.696909', '12.316747', '0.643549', '12.658174', '12.257070', '0.676641', '12.739079', '12.254017', '0.685470', '12.795463', '12.052313', '0.693421', '12.803999', '12.079862', '0.712805', '12.809143', '12.263075', '0.743276', '12.869425', '12.143100', '0.763666', '12.843084', '12.200273', '0.797013', '12.881543', '12.186420', '0.816938', '12.945334', '12.219067', '0.846362', '12.994688', '12.110915', '0.880362', '13.090535', '12.220207', '0.928096', '13.165533', '12.200445', '0.961338', '12.979111', '12.238854', '1.022291', '13.070087', '12.095502', '1.013616', '13.132584', '12.296332', '1.008411', '13.059372', '12.059328', '1.039357', '13.121104', '12.208695', '1.056685', '13.162948', '12.229648', '1.083594', '13.191137', '12.300899', '1.150819', '13.166730', '11.965512', '1.502743', '13.216988', '12.433463', '1.118992', '13.305402', '12.225524', '1.171706', '13.246228', '12.237472', '1.308863', '13.283690', '12.154382', '1.208870', '13.350895', '12.045252', '1.363122', '13.355710', '12.148708', '1.322597', '13.316229', '12.030210', '1.368880', '13.455901', '12.346616', '1.339432', '13.394316', '12.064279', '1.445624', '13.358830', '12.239585', '1.465374', '13.482813', '12.117793', '1.572206', '13.453951', '12.150678', '1.441473', '13.564864', '12.078696', '1.460340', '13.536853', '12.195580', '1.490023', '13.575935', '12.141764', '1.523909', '13.665361', '12.110582', '1.513010', '13.645114', '12.369427', '1.499070', '13.670930', '12.201128', '1.588057', '13.676508', '12.233020', '1.634574', '13.693849', '12.181604', '1.661193', '13.749916', '12.072890', '1.600576', '13.764183', '11.939744', '1.730761', '13.737193', '12.229542', '1.715922', '13.769442', '12.232808', '1.907037', '13.846937', '12.321297', '1.792898', '13.936578', '12.221198', '1.828927', '13.933273', '12.207003', '1.953544', '13.794408', '12.308947', '1.872837', '13.960526', '12.402962', '1.867904', '14.036525', '12.369995', '1.875614', '13.996021', '11.908587', '1.944670', '14.005303', '12.062253', '1.892485', '14.025406', '11.922190', '1.964863', '14.059673', '12.446638', '2.035301', '13.956428', '12.235230', '2.054172', '14.010739', '12.315675', '2.132666', '14.065362', '12.163949', '2.111251', '14.071592', '12.298799', '2.141880', '14.156628', '12.161632', '2.231333', '14.159557', '12.117587', '2.190970', '14.312503', '12.172463', '2.286098', '14.148793', '12.353025', '2.163778', '14.263421', '12.412345', '2.293406', '14.296411', '12.141601', '2.300948', '14.359949', '12.146454', '2.371185', '14.294012', '12.313941', '2.410942', '14.345937', '12.259330', '2.430783', '14.484250', '12.085944', '2.337943', '14.407085', '11.846841', '2.508759', '14.415602', '12.048258', '2.455353', '14.399047', '12.560552', '2.387288', '14.504064', '12.230973', '2.449628', '14.490388', '12.288155', '2.434650', '14.503991', '12.177405', '2.562466', '14.588202', '12.301155', '2.465586', '14.591436', '12.122943', '2.676302', '14.522643', '11.931241', '2.697711', '14.538055', '12.170522', '2.681323', '14.613714', '12.366275']
testall: [0.112596, 12.182994, 12.241272, 0.103072, 12.149313, 12.303947, 0.149598, 12.412733, 12.331659, 0.204941, 12.247505, 12.384795, 0.262386, 12.240399, 12.433286, 0.312896, 11.868842, 12.476005, 0.365864, 12.28978, 12.560402, 0.419865, 12.277981, 12.623739, 0.473374, 11.930201, 12.635269, 0.558902, 12.099669, 12.674497, 0.582261, 12.316747, 12.658174, 0.676641, 12.254017, 12.795463, 0.693421, 12.079862, 12.809143, 0.743276, 12.1431, 12.843084, 0.797013, 12.18642, 12.945334, 0.846362, 12.110915, 13.090535, 0.928096, 12.200445, 12.979111, 1.022291, 12.095502, 13.132584, 1.008411, 12.059328, 13.121104, 1.056685, 12.229648, 13.191137, 1.150819, 11.965512, 13.216988, 1.118992, 12.225524, 13.246228, 1.308863, 12.154382, 13.350895, 1.363122, 12.148708, 13.316229, 1.36888, 12.346616, 13.394316, 1.445624, 12.239585, 13.482813, 1.572206, 12.150678, 13.564864, 1.46034, 12.19558, 13.575935, 1.523909, 12.110582, 13.645114, 1.49907, 12.201128, 13.676508, 1.634574, 12.181604, 13.749916, 1.600576, 11.939744, 13.737193, 1.715922, 12.232808, 13.846937, 1.792898]
test1: [12.234825, 0.070745, 12.101274, 12.252943, 0.129214, 12.263406, 12.360301, 0.177826, 12.175733, 12.384397, 0.235465, 12.14686, 12.430704, 0.288877, 12.222456, 12.466192, 0.349014, 12.25626, 12.545157, 0.636731, 12.179486, 12.554167, 0.454253, 12.439255, 12.54235, 0.499347, 12.137706, 12.660457, 0.58711, 12.27186, 12.696909, 0.643549, 12.25707, 12.739079, 0.68547, 12.052313, 12.803999, 0.712805, 12.263075, 12.869425, 0.763666, 12.200273, 12.881543, 0.816938, 12.219067, 12.994688, 0.880362, 12.220207, 13.165533, 0.961338, 12.238854, 13.070087, 1.013616, 12.296332, 13.059372, 1.039357, 12.208695, 13.162948, 1.083594, 12.300899, 13.16673, 1.502743, 12.433463, 13.305402, 1.171706, 12.237472, 13.28369, 1.20887, 12.045252, 13.35571, 1.322597, 12.03021, 13.455901, 1.339432, 12.064279, 13.35883, 1.465374, 12.117793, 13.453951, 1.441473, 12.078696, 13.536853, 1.490023, 12.141764, 13.665361, 1.51301, 12.369427, 13.67093, 1.588057, 12.23302, 13.693849, 1.661193, 12.07289, 13.764183, 1.730761, 12.229542, 13.769442, 1.907037, 12.321297, 13.936578]
Overheads:

['12.122229', '12.070397', '12.170527', '12.030529', '12.149871', '12.046241', '12.174733', '12.134192', '12.210702', '12.263134', '12.153833', '11.997906', '12.179456', '12.042564', '12.149330', '11.911396', '12.168318', '11.978013', '12.144409', '11.933578', '12.153297', '11.555946', '12.126991', '11.907246', '12.179293', '11.923915', '11.923670', '11.542755', '12.134301', '11.858116', '12.169486', '11.985001', '12.068976', '11.456827', '12.135922', '11.638359', '12.101555', '11.540767', '12.087386', '11.684750', '12.114649', '11.734486', '12.014625', '11.613520', '12.062437', '11.577376', '12.109992', '11.366842', '12.110579', '11.386441', '12.096338', '11.550270', '12.126148', '11.399823', '12.079419', '11.436608', '12.084530', '11.389407', '12.128397', '11.402129', '12.148327', '11.264554', '12.210174', '11.339846', '12.237437', '11.272349', '12.017773', '11.277516', '12.047796', '11.073211', '12.118968', '11.282716', '12.050961', '11.050917', '12.081747', '11.169338', '12.106263', '11.172963', '12.107543', '11.217304', '12.015911', '10.814693', '11.714245', '10.930720', '12.186410', '11.106533', '12.074522', '11.065767', '11.974827', '10.845519', '12.142025', '10.836381', '11.992588', '10.785586', '11.993631', '10.707613', '12.087021', '10.977736', '12.054884', '10.724847', '11.913206', '10.793961', '12.017439', '10.652419', '11.881745', '10.578471', '12.123392', '10.637223', '12.076513', '10.735240', '12.085912', '10.651741', '12.141452', '10.586673', '12.132103', '10.856417', '12.171860', '10.702058', '12.088451', '10.644963', '12.059276', '10.547031', '12.088723', '10.411697', '12.163607', '10.339169', '12.006433', '10.498781', '12.053519', '10.516885', '11.939900', '10.414260', '12.143680', '10.428300', '12.104346', '10.378076', '11.840864', '10.355403', '12.087689', '10.530126', '12.168622', '10.502092', '12.120407', '10.032973', '12.060633', '10.117583', '12.132921', '10.029705', '12.094810', '10.481775', '11.921128', '10.199929', '11.956568', '10.261503', '11.932696', '10.031283', '11.960342', '10.187548', '12.014748', '10.019752', '11.928224', '9.886253', '12.121533', '9.981493', '11.862694', '10.066927', '12.099642', '10.248566', '12.003005', '9.848195', '12.059001', '9.845507', '11.922827', '9.942756', '11.934995', '9.848388', '12.053466', '9.655160', '12.069142', '9.508898', '11.906842', '9.539499', '11.943694', '10.105199', '12.116776', '9.843685', '12.040760', '9.838527', '12.069341', '9.742754', '12.025736', '9.738689', '12.125849', '9.657357', '11.846341', '9.254940', '11.840343', '9.472810', '11.932391', '9.684952']
testall: [12.122229, 12.170527, 12.149871, 12.174733, 12.210702, 12.153833, 12.179456, 12.14933, 12.168318, 12.144409, 12.153297, 12.126991, 12.179293, 11.92367, 12.134301, 12.169486, 12.068976, 12.135922, 12.101555, 12.087386, 12.114649, 12.014625, 12.062437, 12.109992, 12.110579, 12.096338, 12.126148, 12.079419, 12.08453, 12.128397, 12.148327, 12.210174, 12.237437, 12.017773, 12.047796, 12.118968, 12.050961, 12.081747, 12.106263, 12.107543, 12.015911, 11.714245, 12.18641, 12.074522, 11.974827, 12.142025, 11.992588, 11.993631, 12.087021, 12.054884, 11.913206, 12.017439, 11.881745, 12.123392, 12.076513, 12.085912, 12.141452, 12.132103, 12.17186, 12.088451, 12.059276, 12.088723, 12.163607, 12.006433, 12.053519, 11.9399, 12.14368, 12.104346, 11.840864, 12.087689, 12.168622, 12.120407, 12.060633, 12.132921, 12.09481, 11.921128, 11.956568, 11.932696, 11.960342, 12.014748, 11.928224, 12.121533, 11.862694, 12.099642, 12.003005, 12.059001, 11.922827, 11.934995, 12.053466, 12.069142, 11.906842, 11.943694, 12.116776, 12.04076, 12.069341, 12.025736, 12.125849, 11.846341, 11.840343, 11.932391]
test1: [12.070397, 12.030529, 12.046241, 12.134192, 12.263134, 11.997906, 12.042564, 11.911396, 11.978013, 11.933578, 11.555946, 11.907246, 11.923915, 11.542755, 11.858116, 11.985001, 11.456827, 11.638359, 11.540767, 11.68475, 11.734486, 11.61352, 11.577376, 11.366842, 11.386441, 11.55027, 11.399823, 11.436608, 11.389407, 11.402129, 11.264554, 11.339846, 11.272349, 11.277516, 11.073211, 11.282716, 11.050917, 11.169338, 11.172963, 11.217304, 10.814693, 10.93072, 11.106533, 11.065767, 10.845519, 10.836381, 10.785586, 10.707613, 10.977736, 10.724847, 10.793961, 10.652419, 10.578471, 10.637223, 10.73524, 10.651741, 10.586673, 10.856417, 10.702058, 10.644963, 10.547031, 10.411697, 10.339169, 10.498781, 10.516885, 10.41426, 10.4283, 10.378076, 10.355403, 10.530126, 10.502092, 10.032973, 10.117583, 10.029705, 10.481775, 10.199929, 10.261503, 10.031283, 10.187548, 10.019752, 9.886253, 9.981493, 10.066927, 10.248566, 9.848195, 9.845507, 9.942756, 9.848388, 9.65516, 9.508898, 9.539499, 10.105199, 9.843685, 9.838527, 9.742754, 9.738689, 9.657357, 9.25494, 9.47281, 9.684952]
delay lengths are [20, 29, 39, 49, 59, 69, 79, 89, 99, 109, 118, 128, 138, 148, 158, 168, 178, 188, 198, 208, 217, 227, 237, 247, 257, 267, 277, 287, 297, 307, 316, 326, 336, 346, 356, 366, 376, 386, 396, 406, 415, 425, 435, 445, 455, 465, 475, 485, 495, 505, 514, 524, 534, 544, 554, 564, 574, 584, 594, 604, 613, 623, 633, 643, 653, 663, 673, 683, 693, 703, 712, 722, 732, 742, 752, 762, 772, 782, 792, 802, 811, 821, 831, 841, 851, 861, 871, 881, 891, 901, 910, 920, 930, 940, 950, 960, 970, 980, 990, 1000]!

Plot saved to Plots/cirrus/6182673/cpuvalidate_27_0_performance.png
Plot saved to Plots/cirrus/6182673/cpuvalidate_27_0_overhead.png
(27)_20

(27)_20

(27)_20

(27)_20

(27)_20

(27)_20

(27)_20

(27)_20

(27)_20

(27)_20

(27)_20

(27)_20

(27)_20

(27)_20

(27)_20

(27)_20

(27)_20

(27)_20

(27)_20

(27)_20

(27)_20

(27)_20

(27)_20

(27)_20

(27)_20

(27)_20

(27)_20

(27)_20

(27)_20

(27)_20

(27)_20

(27)_20

(27)_20

(27)_20

(27)_20

(27)_20

(27)_20

(27)_20

(27)_20

(27)_20

(27)_20

(27)_20

(27)_20

(27)_20

(27)_20

(27)_20

(27)_20

(27)_20

(27)_20

(27)_20

(27)_20

(27)_20

(27)_20

(27)_20

(27)_20

(27)_20

(27)_20

(27)_20

(27)_20

(27)_20

(27)_20

(27)_20

(27)_20

(27)_20

(27)_20

(27)_20

(27)_20

(27)_20

(27)_20

(27)_20

(27)_20

(27)_20

(27)_20

(27)_20

(27)_20

(27)_20

(27)_20

(27)_20

(27)_20

(27)_20

(27)_20

(27)_20

(27)_20

(27)_20

(27)_20

(27)_20

(27)_20

(27)_20

(27)_20

(27)_20

(27)_20

(27)_20

(27)_20

(27)_20

(27)_20

(27)_20

(27)_20

(27)_20

(27)_20

(27)_20

Matplotlib created a temporary cache directory at /dev/shm/weiyu2024_6182673/matplotlib-gyf70in2 because the default path (/mnt/lustre/e1000/home/d35/d35/weiyu24/Microbenchmarking-of-Accelerators-Offloading/openmpbench_C_v40/Plots/cirrus) is not a writable directory; it is highly recommended to set the MPLCONFIGDIR environment variable to a writable directory, in particular to speed up the import of Matplotlib and to better support multiprocessing.
The Performance extracted:

{'testall': [], 'test1': []}
The Overheads extracted:

{'testall': [], 'test1': []}
Performance mean time:

['0.054966', '12.255310', '12.178530', '0.070558', '12.260970', '12.214399', '0.328557', '12.287301', '11.985006', '0.124240', '12.320731', '11.990789', '0.358615', '12.318032', '12.145065', '0.176677', '12.353980', '11.882943', '0.220180', '12.384982', '12.073842', '0.286226', '12.398060', '12.082132', '0.247586', '12.399548', '12.333001', '0.306779', '12.482047', '12.180711', '0.294948', '12.463587', '12.112586', '0.392855', '12.493399', '12.160599', '0.374964', '12.526463', '12.186074', '0.412887', '12.589752', '12.107198', '0.428712', '12.605556', '12.121466', '0.455861', '12.623301', '12.319610', '0.472632', '12.668490', '12.337590', '0.505325', '12.639672', '12.171614', '0.525706', '12.686417', '12.303501', '0.553841', '12.705699', '12.376831', '0.780011', '12.808739', '12.229358', '0.665156', '12.763805', '12.465104', '0.630356', '12.821267', '12.167846', '0.663532', '12.827376', '12.287802', '0.683381', '12.803825', '12.277629', '0.760655', '12.815613', '12.182738', '1.093327', '12.852212', '12.185432', '0.797229', '12.851818', '12.271899', '0.790237', '12.947350', '12.151151', '1.195698', '12.947302', '12.393588', '0.848263', '12.916629', '12.204146', '0.867458', '13.020697', '12.099975', '0.930048', '13.030976', '12.353433', '0.898841', '13.046019', '12.167079', '1.156816', '13.044605', '12.192926', '0.979897', '13.025734', '12.294253', '0.964761', '13.139649', '12.208481', '0.974328', '13.161795', '12.251314', '1.053618', '13.129349', '12.149703', '1.056913', '13.180911', '12.132622', '1.094562', '13.192706', '12.149862', '1.195751', '13.208112', '12.538409', '1.132095', '13.231990', '12.176502', '1.230004', '13.228958', '12.013563', '1.275521', '13.253256', '12.295033', '1.523491', '13.398718', '12.071332', '1.300583', '13.362117', '12.160477', '1.303302', '13.381823', '12.103322', '1.288487', '13.589480', '12.297438', '1.415216', '13.386192', '11.947662', '1.457803', '13.380693', '12.189023', '1.414045', '13.455929', '12.129843', '1.498177', '13.524962', '12.273139', '1.625953', '13.582270', '12.571847', '1.651410', '13.519613', '12.258828', '1.448279', '13.619745', '12.024926', '1.578739', '13.579459', '12.349252', '1.651684', '13.678368', '12.009298', '1.538412', '13.597129', '12.146789', '1.602926', '13.636674', '12.291671', '1.566844', '13.718369', '12.228327', '1.663549', '13.714397', '12.234956', '1.738262', '13.780596', '12.218686', '1.777443', '13.884701', '12.130058', '1.683211', '13.710776', '12.026068', '1.767052', '13.793265', '12.065818', '1.829070', '13.872288', '12.164618', '1.860090', '13.965256', '12.220011', '1.924429', '13.800686', '12.264963', '1.926452', '13.907147', '12.367736', '1.851970', '13.935702', '12.336966', '1.992661', '14.009378', '12.040697', '1.871225', '13.955749', '12.107029', '1.921804', '14.035013', '12.072472', '1.950983', '14.069093', '12.070265', '1.978550', '14.033125', '12.291968', '2.060185', '14.016927', '12.314062', '2.029404', '14.054252', '12.203799', '2.111108', '14.145861', '12.281891', '2.100600', '14.139473', '11.980570', '2.339916', '14.092854', '12.296105', '2.310316', '14.258370', '12.255726', '2.217410', '14.248169', '12.224135', '2.236376', '14.152992', '12.292862', '2.270647', '14.242737', '12.154558', '2.302509', '14.285271', '12.320454', '2.337567', '14.323912', '12.294299', '2.357964', '14.357282', '12.400564', '2.377249', '14.460593', '12.282682', '2.314087', '14.370524', '12.114394', '2.308293', '14.470917', '12.270795', '2.392801', '14.258333', '12.351777', '2.391014', '14.457160', '12.203891', '2.434397', '14.538741', '12.152625', '2.532908', '14.524098', '12.739823', '2.609018', '14.524394', '12.377806', '2.648723', '14.569673', '12.305124', '2.686588', '14.550379', '12.150726', '2.717957', '14.585086', '12.016056', '2.735248', '14.740532', '12.189274']
testall: [0.054966, 12.17853, 12.26097, 0.328557, 11.985006, 12.320731, 0.358615, 12.145065, 12.35398, 0.22018, 12.073842, 12.39806, 0.247586, 12.333001, 12.482047, 0.294948, 12.112586, 12.493399, 0.374964, 12.186074, 12.589752, 0.428712, 12.121466, 12.623301, 0.472632, 12.33759, 12.639672, 0.525706, 12.303501, 12.705699, 0.780011, 12.229358, 12.763805, 0.630356, 12.167846, 12.827376, 0.683381, 12.277629, 12.815613, 1.093327, 12.185432, 12.851818, 0.790237, 12.151151, 12.947302, 0.848263, 12.204146, 13.020697, 0.930048, 12.353433, 13.046019, 1.156816, 12.192926, 13.025734, 0.964761, 12.208481, 13.161795, 1.053618, 12.149703, 13.180911, 1.094562, 12.149862, 13.208112, 1.132095, 12.176502, 13.228958, 1.275521, 12.295033, 13.398718, 1.300583, 12.160477, 13.381823, 1.288487, 12.297438, 13.386192, 1.457803, 12.189023, 13.455929, 1.498177, 12.273139, 13.58227, 1.65141, 12.258828, 13.619745, 1.578739, 12.349252, 13.678368, 1.538412, 12.146789, 13.636674, 1.566844, 12.228327, 13.714397, 1.738262, 12.218686, 13.884701, 1.683211, 12.026068, 13.793265, 1.82907]
test1: [12.25531, 0.070558, 12.214399, 12.287301, 0.12424, 11.990789, 12.318032, 0.176677, 11.882943, 12.384982, 0.286226, 12.082132, 12.399548, 0.306779, 12.180711, 12.463587, 0.392855, 12.160599, 12.526463, 0.412887, 12.107198, 12.605556, 0.455861, 12.31961, 12.66849, 0.505325, 12.171614, 12.686417, 0.553841, 12.376831, 12.808739, 0.665156, 12.465104, 12.821267, 0.663532, 12.287802, 12.803825, 0.760655, 12.182738, 12.852212, 0.797229, 12.271899, 12.94735, 1.195698, 12.393588, 12.916629, 0.867458, 12.099975, 13.030976, 0.898841, 12.167079, 13.044605, 0.979897, 12.294253, 13.139649, 0.974328, 12.251314, 13.129349, 1.056913, 12.132622, 13.192706, 1.195751, 12.538409, 13.23199, 1.230004, 12.013563, 13.253256, 1.523491, 12.071332, 13.362117, 1.303302, 12.103322, 13.58948, 1.415216, 11.947662, 13.380693, 1.414045, 12.129843, 13.524962, 1.625953, 12.571847, 13.519613, 1.448279, 12.024926, 13.579459, 1.651684, 12.009298, 13.597129, 1.602926, 12.291671, 13.718369, 1.663549, 12.234956, 13.780596, 1.777443, 12.130058, 13.710776, 1.767052, 12.065818, 13.872288]
Overheads:

['12.200344', '12.123564', '12.190412', '12.143841', '11.958744', '11.656448', '12.196491', '11.866549', '11.959417', '11.786450', '12.177303', '11.706266', '12.164801', '11.853661', '12.111833', '11.795906', '12.151962', '12.085414', '12.175268', '11.873932', '12.168639', '11.817638', '12.100544', '11.767743', '12.151499', '11.811110', '12.176865', '11.694311', '12.176844', '11.692754', '12.167440', '11.863749', '12.195858', '11.864957', '12.134347', '11.666289', '12.160711', '11.777795', '12.151858', '11.822990', '12.028729', '11.449347', '12.098649', '11.799948', '12.190911', '11.537490', '12.163843', '11.624269', '12.120445', '11.594248', '12.054958', '11.422083', '11.758884', '11.092104', '12.054589', '11.474670', '12.157114', '11.360915', '11.751604', '11.197890', '12.068366', '11.355883', '12.153239', '11.232516', '12.100928', '11.423385', '12.147178', '11.268238', '11.887790', '11.036110', '12.045836', '11.314355', '12.174888', '11.243720', '12.187468', '11.276986', '12.075731', '11.096085', '12.123999', '11.075710', '12.098143', '11.055300', '12.012360', '11.342657', '12.099896', '11.044407', '11.998954', '10.783559', '11.977736', '11.019513', '11.875227', '10.547841', '12.061534', '10.859895', '12.078521', '10.800020', '12.300994', '11.008951', '11.970976', '10.532447', '11.922890', '10.731220', '12.041885', '10.715799', '12.026786', '10.774962', '11.956317', '10.945894', '11.868203', '10.607418', '12.171466', '10.576647', '12.000720', '10.770513', '12.026684', '10.357614', '12.058717', '10.608377', '12.033748', '10.688745', '12.151524', '10.661482', '12.050848', '10.571408', '12.042335', '10.480424', '12.107258', '10.352614', '12.027564', '10.342857', '12.026212', '10.298766', '12.043218', '10.335548', '12.105166', '10.359921', '11.876257', '10.340533', '11.980695', '10.441284', '12.083732', '10.484997', '12.016717', '10.048036', '12.084524', '10.235804', '12.113209', '10.150668', '12.118110', '10.119283', '12.054575', '10.313418', '11.956742', '10.253877', '12.024848', '10.174395', '12.034753', '10.170783', '12.038873', '9.879970', '11.752938', '9.956189', '11.948054', '9.945410', '12.030759', '10.006725', '11.916615', '10.056486', '11.972090', '9.883911', '11.982762', '10.017945', '11.986345', '9.956731', '11.999318', '10.042600', '12.083344', '9.905433', '12.056437', '9.800307', '12.162623', '9.962501', '11.865533', '9.958976', '12.066146', '9.812877', '12.104343', '9.718227', '11.991190', '10.206915', '11.915377', '9.768789', '11.920949', '9.656401', '11.863791', '9.464138', '11.867129', '9.298099', '12.005283', '9.454026']
testall: [12.200344, 12.190412, 11.958744, 12.196491, 11.959417, 12.177303, 12.164801, 12.111833, 12.151962, 12.175268, 12.168639, 12.100544, 12.151499, 12.176865, 12.176844, 12.16744, 12.195858, 12.134347, 12.160711, 12.151858, 12.028729, 12.098649, 12.190911, 12.163843, 12.120445, 12.054958, 11.758884, 12.054589, 12.157114, 11.751604, 12.068366, 12.153239, 12.100928, 12.147178, 11.88779, 12.045836, 12.174888, 12.187468, 12.075731, 12.123999, 12.098143, 12.01236, 12.099896, 11.998954, 11.977736, 11.875227, 12.061534, 12.078521, 12.300994, 11.970976, 11.92289, 12.041885, 12.026786, 11.956317, 11.868203, 12.171466, 12.00072, 12.026684, 12.058717, 12.033748, 12.151524, 12.050848, 12.042335, 12.107258, 12.027564, 12.026212, 12.043218, 12.105166, 11.876257, 11.980695, 12.083732, 12.016717, 12.084524, 12.113209, 12.11811, 12.054575, 11.956742, 12.024848, 12.034753, 12.038873, 11.752938, 11.948054, 12.030759, 11.916615, 11.97209, 11.982762, 11.986345, 11.999318, 12.083344, 12.056437, 12.162623, 11.865533, 12.066146, 12.104343, 11.99119, 11.915377, 11.920949, 11.863791, 11.867129, 12.005283]
test1: [12.123564, 12.143841, 11.656448, 11.866549, 11.78645, 11.706266, 11.853661, 11.795906, 12.085414, 11.873932, 11.817638, 11.767743, 11.81111, 11.694311, 11.692754, 11.863749, 11.864957, 11.666289, 11.777795, 11.82299, 11.449347, 11.799948, 11.53749, 11.624269, 11.594248, 11.422083, 11.092104, 11.47467, 11.360915, 11.19789, 11.355883, 11.232516, 11.423385, 11.268238, 11.03611, 11.314355, 11.24372, 11.276986, 11.096085, 11.07571, 11.0553, 11.342657, 11.044407, 10.783559, 11.019513, 10.547841, 10.859895, 10.80002, 11.008951, 10.532447, 10.73122, 10.715799, 10.774962, 10.945894, 10.607418, 10.576647, 10.770513, 10.357614, 10.608377, 10.688745, 10.661482, 10.571408, 10.480424, 10.352614, 10.342857, 10.298766, 10.335548, 10.359921, 10.340533, 10.441284, 10.484997, 10.048036, 10.235804, 10.150668, 10.119283, 10.313418, 10.253877, 10.174395, 10.170783, 9.87997, 9.956189, 9.94541, 10.006725, 10.056486, 9.883911, 10.017945, 9.956731, 10.0426, 9.905433, 9.800307, 9.962501, 9.958976, 9.812877, 9.718227, 10.206915, 9.768789, 9.656401, 9.464138, 9.298099, 9.454026]
delay lengths are [20, 29, 39, 49, 59, 69, 79, 89, 99, 109, 118, 128, 138, 148, 158, 168, 178, 188, 198, 208, 217, 227, 237, 247, 257, 267, 277, 287, 297, 307, 316, 326, 336, 346, 356, 366, 376, 386, 396, 406, 415, 425, 435, 445, 455, 465, 475, 485, 495, 505, 514, 524, 534, 544, 554, 564, 574, 584, 594, 604, 613, 623, 633, 643, 653, 663, 673, 683, 693, 703, 712, 722, 732, 742, 752, 762, 772, 782, 792, 802, 811, 821, 831, 841, 851, 861, 871, 881, 891, 901, 910, 920, 930, 940, 950, 960, 970, 980, 990, 1000]!

Plot saved to Plots/cirrus/6182673/cpuvalidate_27_1_performance.png
Plot saved to Plots/cirrus/6182673/cpuvalidate_27_1_overhead.png
(27)_20

(27)_20

(27)_20

(27)_20

(27)_20

(27)_20

(27)_20

(27)_20

(27)_20

(27)_20

(27)_20

(27)_20

(27)_20

(27)_20

(27)_20

(27)_20

(27)_20

(27)_20

(27)_20

(27)_20

(27)_20

(27)_20

(27)_20

(27)_20

(27)_20

(27)_20

(27)_20

(27)_20

(27)_20

(27)_20

(27)_20

(27)_20

(27)_20

(27)_20

(27)_20

(27)_20

(27)_20

(27)_20

(27)_20

(27)_20

(27)_20

(27)_20

(27)_20

(27)_20

(27)_20

(27)_20

(27)_20

(27)_20

(27)_20

(27)_20

(27)_20

(27)_20

(27)_20

(27)_20

(27)_20

(27)_20

(27)_20

(27)_20

(27)_20

(27)_20

(27)_20

(27)_20

(27)_20

(27)_20

(27)_20

(27)_20

(27)_20

(27)_20

(27)_20

(27)_20

(27)_20

(27)_20

(27)_20

(27)_20

(27)_20

(27)_20

(27)_20

(27)_20

(27)_20

(27)_20

(27)_20

(27)_20

(27)_20

(27)_20

(27)_20

(27)_20

(27)_20

(27)_20

(27)_20

(27)_20

(27)_20

(27)_20

(27)_20

(27)_20

(27)_20

(27)_20

(27)_20

(27)_20

(27)_20

(27)_20

Matplotlib created a temporary cache directory at /dev/shm/weiyu2024_6182673/matplotlib-yhvqlgcp because the default path (/mnt/lustre/e1000/home/d35/d35/weiyu24/Microbenchmarking-of-Accelerators-Offloading/openmpbench_C_v40/Plots/cirrus) is not a writable directory; it is highly recommended to set the MPLCONFIGDIR environment variable to a writable directory, in particular to speed up the import of Matplotlib and to better support multiprocessing.
The Performance extracted:

{'testall': [], 'test1': []}
The Overheads extracted:

{'testall': [], 'test1': []}
Performance mean time:

['0.047522', '12.225335', '12.107241', '0.097455', '12.261231', '12.128105', '0.117570', '12.273407', '12.260798', '0.123223', '12.278416', '12.315105', '0.149536', '12.331366', '12.287256', '0.207832', '12.393102', '12.261402', '0.218720', '12.395056', '12.146668', '0.229158', '12.397981', '12.309421', '0.500665', '12.370732', '12.211618', '0.320452', '12.452986', '12.262902', '0.333769', '12.445548', '12.270234', '0.387590', '12.503027', '12.180927', '0.399266', '12.529543', '12.213869', '0.393065', '12.575335', '12.290055', '0.425277', '12.568934', '12.277611', '0.445801', '12.615736', '12.209149', '0.484710', '12.653009', '12.292456', '0.707417', '12.699072', '11.970113', '0.556464', '12.678944', '12.390349', '0.702906', '12.677544', '12.264388', '0.583690', '12.703641', '12.186557', '0.654768', '12.751349', '12.259017', '0.633051', '12.757519', '12.225466', '0.699149', '12.784868', '12.154487', '0.768485', '12.829798', '12.137350', '0.828477', '12.850571', '12.209145', '0.737685', '12.884248', '12.179997', '0.721160', '12.802455', '12.040864', '0.792185', '12.932785', '12.242465', '0.816426', '12.935528', '12.168127', '0.879465', '13.012213', '12.086316', '0.871232', '12.989083', '12.296366', '0.894273', '12.997062', '11.983553', '0.918945', '12.996702', '12.306117', '1.009597', '13.072250', '12.082093', '0.978524', '13.073280', '12.185145', '1.075187', '13.112917', '12.248216', '1.031742', '13.086341', '12.318097', '1.119262', '13.138486', '12.168666', '1.149554', '13.217357', '12.178469', '1.107759', '13.231098', '12.119919', '1.212089', '13.151348', '12.372514', '1.161258', '13.341676', '12.030282', '1.264132', '13.299059', '12.240018', '1.219059', '13.278141', '12.253646', '1.315214', '13.332615', '12.360028', '1.260042', '13.338293', '12.282833', '1.268002', '13.325380', '12.061024', '1.320649', '13.431772', '12.213949', '1.501943', '13.408227', '11.960170', '1.330221', '13.440219', '12.205316', '1.377419', '13.458529', '12.061370', '1.423467', '13.495226', '12.216760', '1.500217', '13.507121', '12.150207', '1.541495', '13.611085', '12.379176', '1.521451', '13.598544', '12.011636', '1.568104', '13.622066', '12.252237', '1.616621', '13.518779', '12.057515', '1.603671', '13.669831', '12.215922', '1.631225', '13.619387', '12.074294', '1.734735', '13.673828', '12.361620', '1.649653', '13.728549', '12.081121', '1.730234', '13.874148', '12.064928', '1.714511', '13.783613', '12.209846', '1.679398', '13.810104', '12.037919', '1.768054', '13.781649', '11.974346', '1.832328', '13.724752', '12.322696', '1.838181', '13.875145', '12.270852', '1.869827', '13.932231', '12.454934', '1.906894', '13.893154', '12.231767', '1.899588', '13.979538', '12.059417', '1.926884', '13.883154', '12.060165', '2.015894', '13.980938', '12.156264', '1.979135', '13.971619', '12.385569', '1.961949', '14.053866', '12.100455', '1.956522', '14.044269', '12.314545', '2.113671', '14.014235', '12.272385', '2.027397', '14.149183', '12.242242', '2.022479', '14.138031', '12.159206', '2.053682', '14.195129', '12.211926', '2.387568', '14.142127', '11.986220', '2.395132', '14.342918', '12.115387', '2.144327', '14.217063', '12.269072', '2.291412', '14.178618', '12.242895', '2.447860', '14.211252', '12.097346', '2.304944', '14.340683', '11.857566', '2.219744', '14.613914', '12.303353', '2.327487', '14.335505', '12.349435', '2.381269', '14.456691', '12.120330', '2.464431', '14.403135', '12.037482', '2.429012', '14.449329', '12.189835', '2.429166', '14.465618', '12.247970', '2.551252', '14.466390', '12.229403', '2.577999', '14.427149', '12.302187', '2.457902', '14.510298', '12.196204', '2.616910', '14.539915', '12.300572', '2.603877', '14.477223', '12.368786', '2.740964', '14.574110', '12.278243', '2.812233', '14.639383', '12.416537', '2.730188', '14.630561', '11.747178']
testall: [0.047522, 12.107241, 12.261231, 0.11757, 12.260798, 12.278416, 0.149536, 12.287256, 12.393102, 0.21872, 12.146668, 12.397981, 0.500665, 12.211618, 12.452986, 0.333769, 12.270234, 12.503027, 0.399266, 12.213869, 12.575335, 0.425277, 12.277611, 12.615736, 0.48471, 12.292456, 12.699072, 0.556464, 12.390349, 12.677544, 0.58369, 12.186557, 12.751349, 0.633051, 12.225466, 12.784868, 0.768485, 12.13735, 12.850571, 0.737685, 12.179997, 12.802455, 0.792185, 12.242465, 12.935528, 0.879465, 12.086316, 12.989083, 0.894273, 11.983553, 12.996702, 1.009597, 12.082093, 13.07328, 1.075187, 12.248216, 13.086341, 1.119262, 12.168666, 13.217357, 1.107759, 12.119919, 13.151348, 1.161258, 12.030282, 13.299059, 1.219059, 12.253646, 13.332615, 1.260042, 12.282833, 13.32538, 1.320649, 12.213949, 13.408227, 1.330221, 12.205316, 13.458529, 1.423467, 12.21676, 13.507121, 1.541495, 12.379176, 13.598544, 1.568104, 12.252237, 13.518779, 1.603671, 12.215922, 13.619387, 1.734735, 12.36162, 13.728549, 1.730234, 12.064928, 13.783613, 1.679398, 12.037919, 13.781649, 1.832328]
test1: [12.225335, 0.097455, 12.128105, 12.273407, 0.123223, 12.315105, 12.331366, 0.207832, 12.261402, 12.395056, 0.229158, 12.309421, 12.370732, 0.320452, 12.262902, 12.445548, 0.38759, 12.180927, 12.529543, 0.393065, 12.290055, 12.568934, 0.445801, 12.209149, 12.653009, 0.707417, 11.970113, 12.678944, 0.702906, 12.264388, 12.703641, 0.654768, 12.259017, 12.757519, 0.699149, 12.154487, 12.829798, 0.828477, 12.209145, 12.884248, 0.72116, 12.040864, 12.932785, 0.816426, 12.168127, 13.012213, 0.871232, 12.296366, 12.997062, 0.918945, 12.306117, 13.07225, 0.978524, 12.185145, 13.112917, 1.031742, 12.318097, 13.138486, 1.149554, 12.178469, 13.231098, 1.212089, 12.372514, 13.341676, 1.264132, 12.240018, 13.278141, 1.315214, 12.360028, 13.338293, 1.268002, 12.061024, 13.431772, 1.501943, 11.96017, 13.440219, 1.377419, 12.06137, 13.495226, 1.500217, 12.150207, 13.611085, 1.521451, 12.011636, 13.622066, 1.616621, 12.057515, 13.669831, 1.631225, 12.074294, 13.673828, 1.649653, 12.081121, 13.874148, 1.714511, 12.209846, 13.810104, 1.768054, 11.974346, 13.724752]
Overheads:

['12.177813', '12.059719', '12.163776', '12.030650', '12.155837', '12.143228', '12.155193', '12.191882', '12.181830', '12.137720', '12.185270', '12.053570', '12.176336', '11.927948', '12.168822', '12.080263', '11.870067', '11.710953', '12.132533', '11.942449', '12.111779', '11.936465', '12.115436', '11.793337', '12.130277', '11.814603', '12.182270', '11.896990', '12.143656', '11.852334', '12.169936', '11.763348', '12.168299', '11.807746', '11.991655', '11.262696', '12.122480', '11.833885', '11.974638', '11.561481', '12.119951', '11.602867', '12.096582', '11.604250', '12.124469', '11.592415', '12.085719', '11.455338', '12.061313', '11.368864', '12.022095', '11.380669', '12.146563', '11.442311', '12.081295', '11.319704', '12.140600', '11.450280', '12.119102', '11.351701', '12.132748', '11.206851', '12.117850', '11.425134', '12.102790', '11.089281', '12.077756', '11.387171', '12.062653', '11.072497', '12.094757', '11.206622', '12.037730', '11.173029', '12.054599', '11.286355', '12.019224', '11.049404', '12.067803', '11.028915', '12.123339', '11.012160', '11.939259', '11.160425', '12.180418', '10.869024', '12.034927', '10.975887', '12.059082', '11.034586', '12.017400', '11.044813', '12.078252', '11.022792', '12.057378', '10.793022', '12.111123', '10.893300', '11.906284', '10.458227', '12.109997', '10.875095', '12.081111', '10.683952', '12.071760', '10.793293', '12.006904', '10.649990', '12.069590', '10.837681', '12.077092', '10.490185', '12.053962', '10.684133', '11.902158', '10.440893', '12.066161', '10.612251', '11.988161', '10.443068', '11.939093', '10.626885', '12.078896', '10.431468', '12.143914', '10.334695', '12.069102', '10.495335', '12.130706', '10.358521', '12.013595', '10.206292', '11.892424', '10.490367', '12.036964', '10.432670', '12.062404', '10.585107', '11.986260', '10.324873', '12.079950', '10.159829', '11.956269', '10.133280', '11.965043', '10.140370', '11.992484', '10.406434', '12.091917', '10.138506', '12.087747', '10.358022', '11.900564', '10.158714', '12.121786', '10.214845', '12.115551', '10.136726', '12.141448', '10.158245', '11.754560', '9.598653', '11.947786', '9.720254', '12.072736', '10.124745', '11.887206', '9.951483', '11.763392', '9.649485', '12.035739', '9.552622', '12.394169', '10.083609', '12.008018', '10.021947', '12.075422', '9.739061', '11.938704', '9.573051', '12.020317', '9.760822', '12.036451', '9.818804', '11.915137', '9.678151', '11.849151', '9.724188', '12.052396', '9.738302', '11.923005', '9.683662', '11.873347', '9.764909', '11.833145', '9.537279', '11.827150', '9.604304', '11.900373', '9.016990']
testall: [12.177813, 12.163776, 12.155837, 12.155193, 12.18183, 12.18527, 12.176336, 12.168822, 11.870067, 12.132533, 12.111779, 12.115436, 12.130277, 12.18227, 12.143656, 12.169936, 12.168299, 11.991655, 12.12248, 11.974638, 12.119951, 12.096582, 12.124469, 12.085719, 12.061313, 12.022095, 12.146563, 12.081295, 12.1406, 12.119102, 12.132748, 12.11785, 12.10279, 12.077756, 12.062653, 12.094757, 12.03773, 12.054599, 12.019224, 12.067803, 12.123339, 11.939259, 12.180418, 12.034927, 12.059082, 12.0174, 12.078252, 12.057378, 12.111123, 11.906284, 12.109997, 12.081111, 12.07176, 12.006904, 12.06959, 12.077092, 12.053962, 11.902158, 12.066161, 11.988161, 11.939093, 12.078896, 12.143914, 12.069102, 12.130706, 12.013595, 11.892424, 12.036964, 12.062404, 11.98626, 12.07995, 11.956269, 11.965043, 11.992484, 12.091917, 12.087747, 11.900564, 12.121786, 12.115551, 12.141448, 11.75456, 11.947786, 12.072736, 11.887206, 11.763392, 12.035739, 12.394169, 12.008018, 12.075422, 11.938704, 12.020317, 12.036451, 11.915137, 11.849151, 12.052396, 11.923005, 11.873347, 11.833145, 11.82715, 11.900373]
test1: [12.059719, 12.03065, 12.143228, 12.191882, 12.13772, 12.05357, 11.927948, 12.080263, 11.710953, 11.942449, 11.936465, 11.793337, 11.814603, 11.89699, 11.852334, 11.763348, 11.807746, 11.262696, 11.833885, 11.561481, 11.602867, 11.60425, 11.592415, 11.455338, 11.368864, 11.380669, 11.442311, 11.319704, 11.45028, 11.351701, 11.206851, 11.425134, 11.089281, 11.387171, 11.072497, 11.206622, 11.173029, 11.286355, 11.049404, 11.028915, 11.01216, 11.160425, 10.869024, 10.975887, 11.034586, 11.044813, 11.022792, 10.793022, 10.8933, 10.458227, 10.875095, 10.683952, 10.793293, 10.64999, 10.837681, 10.490185, 10.684133, 10.440893, 10.612251, 10.443068, 10.626885, 10.431468, 10.334695, 10.495335, 10.358521, 10.206292, 10.490367, 10.43267, 10.585107, 10.324873, 10.159829, 10.13328, 10.14037, 10.406434, 10.138506, 10.358022, 10.158714, 10.214845, 10.136726, 10.158245, 9.598653, 9.720254, 10.124745, 9.951483, 9.649485, 9.552622, 10.083609, 10.021947, 9.739061, 9.573051, 9.760822, 9.818804, 9.678151, 9.724188, 9.738302, 9.683662, 9.764909, 9.537279, 9.604304, 9.01699]
delay lengths are [20, 29, 39, 49, 59, 69, 79, 89, 99, 109, 118, 128, 138, 148, 158, 168, 178, 188, 198, 208, 217, 227, 237, 247, 257, 267, 277, 287, 297, 307, 316, 326, 336, 346, 356, 366, 376, 386, 396, 406, 415, 425, 435, 445, 455, 465, 475, 485, 495, 505, 514, 524, 534, 544, 554, 564, 574, 584, 594, 604, 613, 623, 633, 643, 653, 663, 673, 683, 693, 703, 712, 722, 732, 742, 752, 762, 772, 782, 792, 802, 811, 821, 831, 841, 851, 861, 871, 881, 891, 901, 910, 920, 930, 940, 950, 960, 970, 980, 990, 1000]!

Plot saved to Plots/cirrus/6182673/cpuvalidate_27_2_performance.png
Plot saved to Plots/cirrus/6182673/cpuvalidate_27_2_overhead.png
(27)_20

(27)_20

(27)_20

(27)_20

(27)_20

(27)_20

(27)_20

(27)_20

(27)_20

(27)_20

(27)_20

(27)_20

(27)_20

(27)_20

(27)_20

(27)_20

(27)_20

(27)_20

(27)_20

(27)_20

(27)_20

(27)_20

(27)_20

(27)_20

(27)_20

(27)_20

(27)_20

(27)_20

(27)_20

(27)_20

(27)_20

(27)_20

(27)_20

(27)_20

(27)_20

(27)_20

(27)_20

(27)_20

(27)_20

(27)_20

(27)_20

(27)_20

(27)_20

(27)_20

(27)_20

(27)_20

(27)_20

(27)_20

(27)_20

(27)_20

(27)_20

(27)_20

(27)_20

(27)_20

(27)_20

(27)_20

(27)_20

(27)_20

(27)_20

(27)_20

(27)_20

(27)_20

(27)_20

(27)_20

(27)_20

(27)_20

(27)_20

(27)_20

(27)_20

(27)_20

(27)_20

(27)_20

(27)_20

(27)_20

(27)_20

(27)_20

(27)_20

(27)_20

(27)_20

(27)_20

(27)_20

(27)_20

(27)_20

(27)_20

(27)_20

(27)_20

(27)_20

(27)_20

(27)_20

(27)_20

(27)_20

(27)_20

(27)_20

(27)_20

(27)_20

(27)_20

(27)_20

(27)_20

(27)_20

(27)_20

Matplotlib created a temporary cache directory at /dev/shm/weiyu2024_6182673/matplotlib-2db6gg04 because the default path (/mnt/lustre/e1000/home/d35/d35/weiyu24/Microbenchmarking-of-Accelerators-Offloading/openmpbench_C_v40/Plots/cirrus) is not a writable directory; it is highly recommended to set the MPLCONFIGDIR environment variable to a writable directory, in particular to speed up the import of Matplotlib and to better support multiprocessing.
The Performance extracted:

{'testall': [], 'test1': []}
The Overheads extracted:

{'testall': [], 'test1': []}
Performance mean time:

['0.050806', '12.237099', '12.293847', '0.075063', '12.288696', '12.013635', '0.290336', '12.293747', '12.504631', '0.130860', '12.288910', '12.136894', '0.157007', '12.343840', '12.289608', '0.177097', '12.351616', '12.377753', '0.212594', '12.343297', '12.185690', '0.237913', '12.427014', '12.283825', '0.345790', '12.395239', '12.186360', '0.314079', '12.479162', '12.111182', '0.345924', '12.447041', '12.150748', '0.339749', '12.484472', '12.217531', '0.366174', '12.534084', '12.037478', '0.393064', '12.628372', '12.256910', '0.459878', '12.525742', '12.170590', '0.463608', '12.586379', '12.140516', '0.471554', '12.663657', '12.183313', '0.531058', '12.672388', '12.284601', '0.525451', '12.648565', '12.216820', '0.588071', '12.743226', '12.225134', '0.644586', '12.740897', '12.222564', '0.640622', '12.710708', '12.205560', '0.651641', '12.804864', '12.327450', '0.663697', '12.799299', '12.239418', '0.682733', '12.814275', '12.351542', '0.900009', '12.871300', '12.315815', '0.784338', '12.848001', '12.252908', '0.813138', '12.965827', '12.246324', '0.856698', '12.932995', '12.176080', '0.848952', '13.005773', '12.186083', '0.840153', '12.948378', '12.121475', '0.925732', '13.016325', '12.427848', '0.908887', '13.016963', '12.276585', '0.906782', '13.000338', '12.256782', '1.014586', '13.018494', '12.406854', '0.979431', '13.108802', '12.138447', '1.065159', '13.134105', '12.216562', '1.026684', '13.135160', '12.204976', '1.060450', '13.271396', '12.070742', '1.078639', '13.205951', '12.275280', '1.111453', '13.178706', '12.089507', '1.142682', '13.207446', '12.171188', '1.233231', '13.188149', '12.205020', '1.194450', '13.301937', '11.966021', '1.273563', '13.177383', '12.215537', '1.310442', '13.374790', '12.296994', '1.324675', '13.375469', '12.209218', '1.369708', '13.389438', '12.137598', '1.455362', '13.396292', '11.984192', '1.275224', '13.455715', '12.111228', '1.369326', '13.402890', '12.330573', '1.388963', '13.500177', '12.329938', '1.347110', '13.456774', '12.278755', '1.664585', '13.493319', '12.165683', '1.418692', '13.471034', '12.337673', '1.465669', '13.575248', '12.003153', '1.504102', '13.590315', '12.311820', '1.732122', '13.614995', '11.927174', '1.580525', '13.730499', '12.087370', '1.608716', '13.682095', '12.063788', '1.566869', '13.673950', '12.137365', '1.765707', '13.755298', '12.214469', '1.736596', '13.745441', '12.121089', '1.659163', '13.751550', '12.164427', '1.743435', '13.863519', '12.018636', '1.788668', '13.900855', '12.063632', '1.741528', '13.887412', '12.040849', '1.795390', '13.880005', '12.005680', '1.875401', '13.899342', '12.186689', '1.807978', '13.923612', '12.557818', '1.809818', '13.918485', '12.100714', '1.859510', '13.922736', '12.116207', '1.841625', '13.988604', '12.240373', '2.012299', '14.072218', '12.313921', '2.075242', '14.114719', '12.243914', '2.163810', '13.995751', '12.094624', '2.123614', '14.114024', '12.064986', '2.145923', '14.058417', '12.076264', '2.235253', '14.146358', '12.288903', '2.291494', '14.127147', '12.580150', '2.055718', '14.270626', '12.157816', '2.128644', '14.174071', '12.284361', '2.148597', '14.249661', '11.971213', '2.154305', '14.292493', '12.049316', '2.225405', '14.323942', '12.159931', '2.509173', '14.296353', '12.213951', '2.329613', '14.365682', '12.276624', '2.390468', '14.448968', '12.396055', '2.437325', '14.408324', '12.200684', '2.448223', '14.370424', '12.057337', '2.582396', '14.336684', '12.162813', '2.459854', '14.459586', '12.337932', '2.393102', '14.482627', '12.137138', '2.480043', '14.456772', '12.313880', '2.508493', '14.480885', '12.316147', '2.565752', '14.619635', '12.165349', '2.472471', '14.559269', '12.001322', '2.520239', '14.625595', '12.071093', '2.533717', '14.663241', '12.363413', '2.721266', '14.531607', '12.084571']
testall: [0.050806, 12.293847, 12.288696, 0.290336, 12.504631, 12.28891, 0.157007, 12.289608, 12.351616, 0.212594, 12.18569, 12.427014, 0.34579, 12.18636, 12.479162, 0.345924, 12.150748, 12.484472, 0.366174, 12.037478, 12.628372, 0.459878, 12.17059, 12.586379, 0.471554, 12.183313, 12.672388, 0.525451, 12.21682, 12.743226, 0.644586, 12.222564, 12.710708, 0.651641, 12.32745, 12.799299, 0.682733, 12.351542, 12.8713, 0.784338, 12.252908, 12.965827, 0.856698, 12.17608, 13.005773, 0.840153, 12.121475, 13.016325, 0.908887, 12.276585, 13.000338, 1.014586, 12.406854, 13.108802, 1.065159, 12.216562, 13.13516, 1.06045, 12.070742, 13.205951, 1.111453, 12.089507, 13.207446, 1.233231, 12.20502, 13.301937, 1.273563, 12.215537, 13.37479, 1.324675, 12.209218, 13.389438, 1.455362, 11.984192, 13.455715, 1.369326, 12.330573, 13.500177, 1.34711, 12.278755, 13.493319, 1.418692, 12.337673, 13.575248, 1.504102, 12.31182, 13.614995, 1.580525, 12.08737, 13.682095, 1.566869, 12.137365, 13.755298, 1.736596, 12.121089, 13.75155, 1.743435, 12.018636, 13.900855, 1.741528]
test1: [12.237099, 0.075063, 12.013635, 12.293747, 0.13086, 12.136894, 12.34384, 0.177097, 12.377753, 12.343297, 0.237913, 12.283825, 12.395239, 0.314079, 12.111182, 12.447041, 0.339749, 12.217531, 12.534084, 0.393064, 12.25691, 12.525742, 0.463608, 12.140516, 12.663657, 0.531058, 12.284601, 12.648565, 0.588071, 12.225134, 12.740897, 0.640622, 12.20556, 12.804864, 0.663697, 12.239418, 12.814275, 0.900009, 12.315815, 12.848001, 0.813138, 12.246324, 12.932995, 0.848952, 12.186083, 12.948378, 0.925732, 12.427848, 13.016963, 0.906782, 12.256782, 13.018494, 0.979431, 12.138447, 13.134105, 1.026684, 12.204976, 13.271396, 1.078639, 12.27528, 13.178706, 1.142682, 12.171188, 13.188149, 1.19445, 11.966021, 13.177383, 1.310442, 12.296994, 13.375469, 1.369708, 12.137598, 13.396292, 1.275224, 12.111228, 13.40289, 1.388963, 12.329938, 13.456774, 1.664585, 12.165683, 13.471034, 1.465669, 12.003153, 13.590315, 1.732122, 11.927174, 13.730499, 1.608716, 12.063788, 13.67395, 1.765707, 12.214469, 13.745441, 1.659163, 12.164427, 13.863519, 1.788668, 12.063632, 13.887412]
Overheads:

['12.186294', '12.243041', '12.213632', '11.938572', '12.003410', '12.214295', '12.158050', '12.006034', '12.186833', '12.132601', '12.174519', '12.200656', '12.130702', '11.973096', '12.189100', '12.045912', '12.049449', '11.840570', '12.165083', '11.797103', '12.101117', '11.804823', '12.144723', '11.877782', '12.167910', '11.671304', '12.235308', '11.863846', '12.065864', '11.710712', '12.122770', '11.676907', '12.192103', '11.711759', '12.141330', '11.753544', '12.123114', '11.691369', '12.155155', '11.637062', '12.096311', '11.577978', '12.070086', '11.564938', '12.153223', '11.675809', '12.135603', '11.575721', '12.131541', '11.668809', '11.971291', '11.415806', '12.063662', '11.468570', '12.152689', '11.433186', '12.076297', '11.319382', '12.156820', '11.337130', '12.108225', '11.281322', '12.090593', '11.502117', '12.108076', '11.367698', '12.093556', '11.350000', '12.003908', '11.392268', '12.129371', '11.159016', '12.068946', '11.151403', '12.108476', '11.178292', '12.210945', '11.010291', '12.127312', '11.196641', '12.067254', '10.978054', '12.064764', '11.028506', '11.954918', '10.971789', '12.107487', '10.771572', '11.903820', '10.941974', '12.064348', '10.986552', '12.050794', '10.884542', '12.019730', '10.767891', '11.940930', '10.528830', '12.180491', '10.836004', '12.033564', '10.961247', '12.111214', '10.940975', '12.109663', '10.931645', '11.828734', '10.501097', '12.052342', '10.918982', '12.109579', '10.537484', '12.086213', '10.807718', '11.882873', '10.195052', '12.149974', '10.506845', '12.073379', '10.455072', '12.107081', '10.570496', '11.989591', '10.448762', '12.008845', '10.384493', '12.092387', '10.505264', '12.120084', '10.275202', '12.112187', '10.274964', '12.145884', '10.299321', '12.084615', '10.210290', '12.023941', '10.311288', '12.115634', '10.749839', '12.108668', '10.290896', '12.063226', '10.256697', '12.146979', '10.398748', '12.059919', '10.301623', '12.039477', '10.168671', '11.831941', '9.930814', '11.990410', '9.941372', '11.912494', '9.930341', '11.911105', '10.053650', '11.835652', '10.288655', '12.214908', '10.102099', '12.045427', '10.155717', '12.101064', '9.822617', '12.138188', '9.895011', '12.098537', '9.934526', '11.787181', '9.704778', '12.036069', '9.947011', '12.058500', '10.005586', '11.971000', '9.763359', '11.922201', '9.609114', '11.754288', '9.580417', '11.999732', '9.878078', '12.089525', '9.744036', '11.976729', '9.833836', '11.972392', '9.807654', '12.053883', '9.599597', '12.086798', '9.528852', '12.105356', '9.550855', '12.129524', '9.829697', '11.810341', '9.363305']
testall: [12.186294, 12.213632, 12.00341, 12.15805, 12.186833, 12.174519, 12.130702, 12.1891, 12.049449, 12.165083, 12.101117, 12.144723, 12.16791, 12.235308, 12.065864, 12.12277, 12.192103, 12.14133, 12.123114, 12.155155, 12.096311, 12.070086, 12.153223, 12.135603, 12.131541, 11.971291, 12.063662, 12.152689, 12.076297, 12.15682, 12.108225, 12.090593, 12.108076, 12.093556, 12.003908, 12.129371, 12.068946, 12.108476, 12.210945, 12.127312, 12.067254, 12.064764, 11.954918, 12.107487, 11.90382, 12.064348, 12.050794, 12.01973, 11.94093, 12.180491, 12.033564, 12.111214, 12.109663, 11.828734, 12.052342, 12.109579, 12.086213, 11.882873, 12.149974, 12.073379, 12.107081, 11.989591, 12.008845, 12.092387, 12.120084, 12.112187, 12.145884, 12.084615, 12.023941, 12.115634, 12.108668, 12.063226, 12.146979, 12.059919, 12.039477, 11.831941, 11.99041, 11.912494, 11.911105, 11.835652, 12.214908, 12.045427, 12.101064, 12.138188, 12.098537, 11.787181, 12.036069, 12.0585, 11.971, 11.922201, 11.754288, 11.999732, 12.089525, 11.976729, 11.972392, 12.053883, 12.086798, 12.105356, 12.129524, 11.810341]
test1: [12.243041, 11.938572, 12.214295, 12.006034, 12.132601, 12.200656, 11.973096, 12.045912, 11.84057, 11.797103, 11.804823, 11.877782, 11.671304, 11.863846, 11.710712, 11.676907, 11.711759, 11.753544, 11.691369, 11.637062, 11.577978, 11.564938, 11.675809, 11.575721, 11.668809, 11.415806, 11.46857, 11.433186, 11.319382, 11.33713, 11.281322, 11.502117, 11.367698, 11.35, 11.392268, 11.159016, 11.151403, 11.178292, 11.010291, 11.196641, 10.978054, 11.028506, 10.971789, 10.771572, 10.941974, 10.986552, 10.884542, 10.767891, 10.52883, 10.836004, 10.961247, 10.940975, 10.931645, 10.501097, 10.918982, 10.537484, 10.807718, 10.195052, 10.506845, 10.455072, 10.570496, 10.448762, 10.384493, 10.505264, 10.275202, 10.274964, 10.299321, 10.21029, 10.311288, 10.749839, 10.290896, 10.256697, 10.398748, 10.301623, 10.168671, 9.930814, 9.941372, 9.930341, 10.05365, 10.288655, 10.102099, 10.155717, 9.822617, 9.895011, 9.934526, 9.704778, 9.947011, 10.005586, 9.763359, 9.609114, 9.580417, 9.878078, 9.744036, 9.833836, 9.807654, 9.599597, 9.528852, 9.550855, 9.829697, 9.363305]
delay lengths are [20, 29, 39, 49, 59, 69, 79, 89, 99, 109, 118, 128, 138, 148, 158, 168, 178, 188, 198, 208, 217, 227, 237, 247, 257, 267, 277, 287, 297, 307, 316, 326, 336, 346, 356, 366, 376, 386, 396, 406, 415, 425, 435, 445, 455, 465, 475, 485, 495, 505, 514, 524, 534, 544, 554, 564, 574, 584, 594, 604, 613, 623, 633, 643, 653, 663, 673, 683, 693, 703, 712, 722, 732, 742, 752, 762, 772, 782, 792, 802, 811, 821, 831, 841, 851, 861, 871, 881, 891, 901, 910, 920, 930, 940, 950, 960, 970, 980, 990, 1000]!

Plot saved to Plots/cirrus/6182673/cpuvalidate_27_3_performance.png
Plot saved to Plots/cirrus/6182673/cpuvalidate_27_3_overhead.png
(27)_20

(27)_20

(27)_20

(27)_20

(27)_20

(27)_20

(27)_20

(27)_20

(27)_20

(27)_20

(27)_20

(27)_20

(27)_20

(27)_20

(27)_20

(27)_20

(27)_20

(27)_20

(27)_20

(27)_20

(27)_20

(27)_20

(27)_20

(27)_20

(27)_20

(27)_20

(27)_20

(27)_20

(27)_20

(27)_20

(27)_20

(27)_20

(27)_20

(27)_20

(27)_20

(27)_20

(27)_20

(27)_20

(27)_20

(27)_20

(27)_20

(27)_20

(27)_20

(27)_20

(27)_20

(27)_20

(27)_20

(27)_20

(27)_20

(27)_20

(27)_20

(27)_20

(27)_20

(27)_20

(27)_20

(27)_20

(27)_20

(27)_20

(27)_20

(27)_20

(27)_20

(27)_20

(27)_20

(27)_20

(27)_20

(27)_20

(27)_20

(27)_20

(27)_20

(27)_20

(27)_20

(27)_20

(27)_20

(27)_20

(27)_20

(27)_20

(27)_20

(27)_20

(27)_20

(27)_20

(27)_20

(27)_20

(27)_20

(27)_20

(27)_20

(27)_20

(27)_20

(27)_20

(27)_20

(27)_20

(27)_20

(27)_20

(27)_20

(27)_20

(27)_20

(27)_20

(27)_20

(27)_20

(27)_20

(27)_20

Matplotlib created a temporary cache directory at /dev/shm/weiyu2024_6182673/matplotlib-6kgk33gr because the default path (/mnt/lustre/e1000/home/d35/d35/weiyu24/Microbenchmarking-of-Accelerators-Offloading/openmpbench_C_v40/Plots/cirrus) is not a writable directory; it is highly recommended to set the MPLCONFIGDIR environment variable to a writable directory, in particular to speed up the import of Matplotlib and to better support multiprocessing.
The Performance extracted:

{'testall': [], 'test1': []}
The Overheads extracted:

{'testall': [], 'test1': []}
Performance mean time:

['0.050685', '12.238827', '12.137544', '0.074976', '12.225756', '12.034075', '0.102994', '12.353195', '12.445746', '0.130937', '12.348877', '12.142499', '0.160689', '12.314660', '12.185856', '0.176669', '12.393255', '12.197142', '0.219003', '12.353359', '12.069127', '0.229513', '12.429632', '12.246465', '0.279399', '12.434779', '12.230993', '0.327054', '12.480425', '12.342942', '0.328956', '12.513249', '12.250367', '0.370494', '12.522306', '12.226218', '0.366091', '12.595181', '12.448722', '0.392771', '12.509934', '12.125678', '0.419415', '12.568396', '12.150211', '0.817207', '12.665726', '12.194297', '0.502157', '12.638382', '12.338801', '0.530971', '12.659911', '12.049922', '0.558968', '12.697989', '12.385100', '0.589517', '12.727512', '12.243114', '0.613820', '12.699384', '12.204703', '0.650288', '12.715737', '11.965756', '0.669996', '12.768824', '12.056657', '0.797515', '12.826673', '12.156481', '0.732911', '12.839948', '12.370017', '0.763136', '12.859178', '12.145718', '0.741616', '12.851294', '11.991574', '0.770968', '12.882667', '12.074979', '0.842187', '12.937097', '12.200830', '0.814784', '12.962385', '12.386606', '0.893439', '12.953836', '12.082057', '0.924517', '12.985591', '12.388333', '0.958057', '12.991566', '12.226410', '0.983681', '13.025029', '11.996857', '1.013882', '13.090529', '12.237213', '1.028989', '13.218831', '12.035030', '1.049351', '13.097364', '12.361325', '1.072481', '13.088895', '12.192267', '1.072108', '13.161966', '12.152885', '1.134948', '13.179276', '12.102546', '1.140840', '13.240976', '12.210162', '1.180231', '13.230293', '12.398857', '1.199605', '13.291568', '12.117590', '1.238305', '13.275233', '12.294063', '1.285350', '13.331894', '12.221017', '1.320592', '13.308181', '12.232616', '1.347477', '13.371910', '11.973856', '1.370763', '13.412974', '12.491827', '1.362615', '13.376632', '12.155677', '1.411717', '13.382087', '12.177997', '1.401533', '13.463370', '12.179407', '1.455300', '13.485465', '11.965845', '1.500997', '13.529161', '12.204237', '1.728673', '13.583934', '12.115880', '1.513737', '13.590117', '12.125554', '1.505802', '13.552461', '12.167748', '1.610291', '13.648083', '12.094965', '1.542955', '13.642502', '12.192727', '1.589739', '13.623406', '12.214059', '1.588605', '13.719278', '12.183030', '1.694596', '13.658452', '12.288203', '1.738415', '13.739645', '12.075885', '1.698653', '13.707977', '12.152667', '1.765434', '13.691830', '12.271411', '1.817881', '13.820872', '12.263612', '1.880808', '13.733907', '12.253044', '1.915097', '13.914098', '12.365274', '1.935528', '13.862132', '12.249309', '1.966708', '13.825172', '12.280514', '1.922208', '13.957188', '12.321391', '1.959141', '13.989870', '12.275590', '2.050715', '13.900582', '12.375857', '1.950100', '13.969111', '12.054940', '1.986488', '14.040437', '12.301493', '2.005802', '14.016265', '12.338337', '2.214282', '14.091176', '12.379198', '2.165993', '14.335165', '12.277097', '2.097875', '14.249123', '12.249088', '2.171303', '14.133784', '12.301785', '2.142939', '14.104001', '11.997125', '2.159267', '14.151803', '12.084157', '2.228778', '14.238536', '12.173352', '2.395280', '14.279720', '12.221867', '2.394716', '14.264599', '12.264549', '2.275847', '14.253477', '12.352769', '2.297328', '14.300216', '12.192177', '2.387746', '14.333834', '12.152808', '2.329648', '14.348967', '12.286183', '2.427829', '14.436222', '12.449058', '2.408229', '14.401574', '12.419394', '2.426016', '14.418208', '12.412957', '2.454864', '14.543357', '12.220640', '2.636483', '14.458712', '12.188944', '2.578056', '14.440977', '12.179356', '2.536946', '14.493850', '12.165153', '2.673598', '14.553029', '12.294502', '2.668619', '14.591564', '12.251154', '2.657954', '14.664180', '12.022594', '2.688412', '14.662948', '12.114145', '2.710014', '14.659029', '12.207973']
testall: [0.050685, 12.137544, 12.225756, 0.102994, 12.445746, 12.348877, 0.160689, 12.185856, 12.393255, 0.219003, 12.069127, 12.429632, 0.279399, 12.230993, 12.480425, 0.328956, 12.250367, 12.522306, 0.366091, 12.448722, 12.509934, 0.419415, 12.150211, 12.665726, 0.502157, 12.338801, 12.659911, 0.558968, 12.3851, 12.727512, 0.61382, 12.204703, 12.715737, 0.669996, 12.056657, 12.826673, 0.732911, 12.370017, 12.859178, 0.741616, 11.991574, 12.882667, 0.842187, 12.20083, 12.962385, 0.893439, 12.082057, 12.985591, 0.958057, 12.22641, 13.025029, 1.013882, 12.237213, 13.218831, 1.049351, 12.361325, 13.088895, 1.072108, 12.152885, 13.179276, 1.14084, 12.210162, 13.230293, 1.199605, 12.11759, 13.275233, 1.28535, 12.221017, 13.308181, 1.347477, 11.973856, 13.412974, 1.362615, 12.155677, 13.382087, 1.401533, 12.179407, 13.485465, 1.500997, 12.204237, 13.583934, 1.513737, 12.125554, 13.552461, 1.610291, 12.094965, 13.642502, 1.589739, 12.214059, 13.719278, 1.694596, 12.288203, 13.739645, 1.698653, 12.152667, 13.69183, 1.817881, 12.263612, 13.733907, 1.915097]
test1: [12.238827, 0.074976, 12.034075, 12.353195, 0.130937, 12.142499, 12.31466, 0.176669, 12.197142, 12.353359, 0.229513, 12.246465, 12.434779, 0.327054, 12.342942, 12.513249, 0.370494, 12.226218, 12.595181, 0.392771, 12.125678, 12.568396, 0.817207, 12.194297, 12.638382, 0.530971, 12.049922, 12.697989, 0.589517, 12.243114, 12.699384, 0.650288, 11.965756, 12.768824, 0.797515, 12.156481, 12.839948, 0.763136, 12.145718, 12.851294, 0.770968, 12.074979, 12.937097, 0.814784, 12.386606, 12.953836, 0.924517, 12.388333, 12.991566, 0.983681, 11.996857, 13.090529, 1.028989, 12.03503, 13.097364, 1.072481, 12.192267, 13.161966, 1.134948, 12.102546, 13.240976, 1.180231, 12.398857, 13.291568, 1.238305, 12.294063, 13.331894, 1.320592, 12.232616, 13.37191, 1.370763, 12.491827, 13.376632, 1.411717, 12.177997, 13.46337, 1.4553, 11.965845, 13.529161, 1.728673, 12.11588, 13.590117, 1.505802, 12.167748, 13.648083, 1.542955, 12.192727, 13.623406, 1.588605, 12.18303, 13.658452, 1.738415, 12.075885, 13.707977, 1.765434, 12.271411, 13.820872, 1.880808, 12.253044, 13.914098]
Overheads:

['12.188142', '12.086858', '12.150780', '11.959099', '12.250201', '12.342751', '12.217940', '12.011562', '12.153971', '12.025166', '12.216586', '12.020473', '12.134356', '11.850124', '12.200119', '12.016951', '12.155379', '11.951594', '12.153372', '12.015888', '12.184293', '11.921411', '12.151812', '11.855724', '12.229090', '12.082630', '12.117163', '11.732907', '12.148981', '11.730795', '11.848519', '11.377090', '12.136225', '11.836644', '12.128940', '11.518950', '12.139021', '11.826133', '12.137995', '11.653598', '12.085563', '11.590882', '12.065449', '11.315468', '12.098828', '11.386662', '12.029157', '11.358965', '12.107038', '11.637106', '12.096043', '11.382583', '12.109678', '11.249958', '12.111699', '11.304011', '12.094910', '11.358643', '12.147600', '11.571821', '12.060398', '11.188618', '12.061074', '11.463816', '12.033510', '11.268353', '12.041348', '11.013176', '12.076647', '11.223331', '12.189842', '11.006042', '12.048013', '11.311974', '12.016413', '11.119786', '12.089857', '11.080776', '12.044327', '10.967598', '12.100135', '11.069321', '12.050061', '11.218625', '12.091963', '10.917986', '12.036928', '11.055757', '12.046543', '10.935667', '11.987589', '10.912024', '12.024433', '10.626379', '12.042211', '11.121064', '12.014016', '10.793062', '11.970370', '10.766280', '12.061837', '10.777874', '12.030165', '10.510544', '12.028164', '10.703240', '11.855261', '10.387208', '12.076380', '10.611817', '12.046659', '10.661946', '12.037792', '10.484674', '12.099547', '10.649772', '12.033667', '10.624320', '12.130674', '10.594425', '11.963856', '10.593606', '12.001230', '10.337470', '12.009325', '10.454014', '11.926396', '10.505977', '12.002991', '10.445731', '11.853099', '10.372235', '11.999001', '10.450177', '11.926604', '10.313781', '11.858464', '10.313806', '12.034980', '10.399183', '12.030729', '10.316449', '11.849868', '10.325142', '12.019011', '10.104841', '12.053949', '10.315004', '12.010463', '10.332535', '11.876894', '10.164917', '12.169173', '10.111105', '12.151249', '10.151213', '11.962480', '10.130482', '11.961063', '9.854187', '11.992536', '9.924890', '12.009758', '9.944574', '11.884439', '9.826587', '11.869884', '9.869834', '11.977630', '10.076923', '12.002888', '9.894849', '11.946088', '9.765062', '12.019319', '9.956536', '12.008393', '10.021230', '11.993345', '10.011165', '11.992193', '9.986941', '12.088494', '9.765776', '11.822230', '9.552461', '11.862921', '9.601300', '11.956904', '9.628207', '11.879431', '9.620904', '11.922946', '9.582536', '12.006226', '9.364639', '11.974537', '9.425733', '11.949015', '9.497959']
testall: [12.188142, 12.15078, 12.250201, 12.21794, 12.153971, 12.216586, 12.134356, 12.200119, 12.155379, 12.153372, 12.184293, 12.151812, 12.22909, 12.117163, 12.148981, 11.848519, 12.136225, 12.12894, 12.139021, 12.137995, 12.085563, 12.065449, 12.098828, 12.029157, 12.107038, 12.096043, 12.109678, 12.111699, 12.09491, 12.1476, 12.060398, 12.061074, 12.03351, 12.041348, 12.076647, 12.189842, 12.048013, 12.016413, 12.089857, 12.044327, 12.100135, 12.050061, 12.091963, 12.036928, 12.046543, 11.987589, 12.024433, 12.042211, 12.014016, 11.97037, 12.061837, 12.030165, 12.028164, 11.855261, 12.07638, 12.046659, 12.037792, 12.099547, 12.033667, 12.130674, 11.963856, 12.00123, 12.009325, 11.926396, 12.002991, 11.853099, 11.999001, 11.926604, 11.858464, 12.03498, 12.030729, 11.849868, 12.019011, 12.053949, 12.010463, 11.876894, 12.169173, 12.151249, 11.96248, 11.961063, 11.992536, 12.009758, 11.884439, 11.869884, 11.97763, 12.002888, 11.946088, 12.019319, 12.008393, 11.993345, 11.992193, 12.088494, 11.82223, 11.862921, 11.956904, 11.879431, 11.922946, 12.006226, 11.974537, 11.949015]
test1: [12.086858, 11.959099, 12.342751, 12.011562, 12.025166, 12.020473, 11.850124, 12.016951, 11.951594, 12.015888, 11.921411, 11.855724, 12.08263, 11.732907, 11.730795, 11.37709, 11.836644, 11.51895, 11.826133, 11.653598, 11.590882, 11.315468, 11.386662, 11.358965, 11.637106, 11.382583, 11.249958, 11.304011, 11.358643, 11.571821, 11.188618, 11.463816, 11.268353, 11.013176, 11.223331, 11.006042, 11.311974, 11.119786, 11.080776, 10.967598, 11.069321, 11.218625, 10.917986, 11.055757, 10.935667, 10.912024, 10.626379, 11.121064, 10.793062, 10.76628, 10.777874, 10.510544, 10.70324, 10.387208, 10.611817, 10.661946, 10.484674, 10.649772, 10.62432, 10.594425, 10.593606, 10.33747, 10.454014, 10.505977, 10.445731, 10.372235, 10.450177, 10.313781, 10.313806, 10.399183, 10.316449, 10.325142, 10.104841, 10.315004, 10.332535, 10.164917, 10.111105, 10.151213, 10.130482, 9.854187, 9.92489, 9.944574, 9.826587, 9.869834, 10.076923, 9.894849, 9.765062, 9.956536, 10.02123, 10.011165, 9.986941, 9.765776, 9.552461, 9.6013, 9.628207, 9.620904, 9.582536, 9.364639, 9.425733, 9.497959]
delay lengths are [20, 29, 39, 49, 59, 69, 79, 89, 99, 109, 118, 128, 138, 148, 158, 168, 178, 188, 198, 208, 217, 227, 237, 247, 257, 267, 277, 287, 297, 307, 316, 326, 336, 346, 356, 366, 376, 386, 396, 406, 415, 425, 435, 445, 455, 465, 475, 485, 495, 505, 514, 524, 534, 544, 554, 564, 574, 584, 594, 604, 613, 623, 633, 643, 653, 663, 673, 683, 693, 703, 712, 722, 732, 742, 752, 762, 772, 782, 792, 802, 811, 821, 831, 841, 851, 861, 871, 881, 891, 901, 910, 920, 930, 940, 950, 960, 970, 980, 990, 1000]!

Plot saved to Plots/cirrus/6182673/cpuvalidate_27_4_performance.png
Plot saved to Plots/cirrus/6182673/cpuvalidate_27_4_overhead.png
