CSV file 'dataset.csv' already exists.
(27)_20

(27)_20

(27)_20

(27)_20

(27)_20

(27)_20

(27)_20

(27)_20

(27)_20

(27)_20

(27)_20

(27)_20

(27)_20

(27)_20

(27)_20

(27)_20

(27)_20

(27)_20

(27)_20

(27)_20

(27)_20

(27)_20

(27)_20

(27)_20

(27)_20

(27)_20

(27)_20

(27)_20

(27)_20

(27)_20

(27)_20

(27)_20

(27)_20

(27)_20

(27)_20

(27)_20

(27)_20

(27)_20

(27)_20

(27)_20

(27)_20

(27)_20

(27)_20

(27)_20

(27)_20

(27)_20

(27)_20

(27)_20

(27)_20

(27)_20

(27)_20

(27)_20

(27)_20

(27)_20

(27)_20

(27)_20

(27)_20

(27)_20

(27)_20

(27)_20

(27)_20

(27)_20

(27)_20

(27)_20

(27)_20

(27)_20

(27)_20

(27)_20

(27)_20

(27)_20

(27)_20

(27)_20

(27)_20

(27)_20

(27)_20

(27)_20

(27)_20

(27)_20

(27)_20

(27)_20

(27)_20

(27)_20

(27)_20

(27)_20

(27)_20

(27)_20

(27)_20

(27)_20

(27)_20

(27)_20

(27)_20

(27)_20

(27)_20

(27)_20

(27)_20

(27)_20

(27)_20

(27)_20

(27)_20

(27)_20

Matplotlib created a temporary cache directory at /dev/shm/weiyu2024_6184843/matplotlib-ep715fdf because the default path (/mnt/lustre/e1000/home/d35/d35/weiyu24/Microbenchmarking-of-Accelerators-Offloading/openmpbench_C_v40/Plots/cirrus) is not a writable directory; it is highly recommended to set the MPLCONFIGDIR environment variable to a writable directory, in particular to speed up the import of Matplotlib and to better support multiprocessing.
The Performance extracted:

{'testall': [], 'test1': []}
The Overheads extracted:

{'testall': [], 'test1': []}
Performance mean time:

['0.111936', '12.239636', '12.109014', '0.070607', '12.273709', '12.393052', '0.105854', '12.285023', '12.177978', '0.123262', '12.341863', '12.307027', '0.150612', '12.301786', '12.279588', '0.176708', '12.359961', '12.120736', '0.208679', '12.374612', '12.361043', '0.216820', '12.477481', '12.543579', '0.524913', '12.475409', '12.160031', '0.273381', '12.471709', '12.112595', '0.312941', '12.475112', '12.246996', '0.466422', '12.508539', '12.287462', '0.345262', '12.546108', '12.176416', '0.417816', '12.565654', '12.265516', '0.428666', '12.572471', '12.159432', '0.446098', '12.600643', '12.130551', '0.472188', '12.580530', '12.157033', '0.510431', '12.617779', '12.162304', '0.525967', '12.669675', '12.085348', '0.552745', '12.719164', '12.310896', '0.585878', '12.697247', '12.186638', '0.602679', '12.818565', '12.231672', '0.630112', '12.767963', '12.060942', '0.663466', '12.776265', '12.000153', '0.735269', '12.809780', '11.987707', '0.714361', '12.836446', '12.159550', '0.733024', '12.832926', '12.184151', '0.771660', '12.872850', '12.215146', '0.795476', '12.928997', '12.305250', '0.773220', '12.930532', '12.181166', '0.826644', '12.933727', '12.182995', '0.875776', '13.050481', '12.198428', '0.851779', '13.063564', '12.228213', '0.923820', '13.040594', '12.344753', '1.012622', '13.108201', '12.292156', '0.985514', '13.082622', '12.180280', '0.980977', '13.135113', '11.860896', '1.035070', '13.138526', '12.098183', '1.025402', '13.207223', '12.247409', '1.117407', '13.210883', '12.179707', '1.127255', '13.198198', '12.267331', '1.119259', '13.228665', '12.155040', '1.133230', '13.291317', '12.315159', '1.144569', '13.268809', '12.057041', '1.176230', '13.230518', '12.101720', '1.210852', '13.357068', '12.290608', '1.198238', '13.347938', '12.082812', '1.279649', '13.372022', '12.154479', '1.318870', '13.494060', '12.751077', '1.378983', '13.485124', '12.433298', '1.369806', '13.497007', '12.310522', '1.386840', '13.530817', '12.161958', '1.414244', '13.567701', '12.234823', '1.528361', '13.567019', '12.274022', '1.448675', '13.595860', '12.215495', '1.507084', '13.597869', '12.295410', '1.545364', '13.637600', '12.254488', '1.489431', '13.561265', '12.295459', '1.648124', '13.686712', '12.325343', '1.523147', '13.657999', '12.119868', '1.634758', '13.675245', '12.135272', '1.697385', '13.769872', '12.137716', '1.602457', '13.664568', '12.043594', '1.678013', '13.722157', '12.092806', '1.701675', '13.729393', '12.183176', '1.765979', '13.810852', '12.144674', '1.749040', '13.840750', '12.122687', '1.795420', '13.888253', '12.185521', '1.906916', '13.934694', '12.065322', '1.823588', '13.999217', '12.289704', '1.906158', '13.982134', '12.195472', '1.928590', '13.988573', '12.251386', '1.913194', '14.082477', '12.263882', '1.898676', '14.026207', '12.243145', '1.896510', '14.045724', '12.271303', '1.990640', '14.097971', '12.118537', '2.098545', '14.061617', '12.148730', '2.096410', '14.088114', '12.233227', '2.039205', '14.149686', '12.052643', '2.102986', '14.221147', '12.233121', '2.115448', '14.051572', '12.145954', '2.292680', '14.093573', '12.171100', '2.200202', '14.291958', '12.194994', '2.261256', '14.232949', '12.192628', '2.261348', '14.257404', '12.289642', '2.187692', '14.377585', '12.371768', '2.267766', '14.414214', '12.200516', '2.270089', '14.269712', '12.132912', '2.308683', '14.394061', '12.193668', '2.423689', '14.430051', '12.276501', '2.340886', '14.482917', '12.202780', '2.557367', '14.459575', '12.183598', '2.370862', '14.507144', '12.090090', '2.526892', '14.457918', '12.153515', '2.425208', '14.494842', '12.437397', '2.617093', '14.463948', '12.120868', '2.504917', '14.620123', '12.386108', '2.695626', '14.608702', '12.262956', '2.719549', '14.623992', '12.150293', '2.560590', '14.642067', '12.162457']
testall: [0.111936, 12.109014, 12.273709, 0.105854, 12.177978, 12.341863, 0.150612, 12.279588, 12.359961, 0.208679, 12.361043, 12.477481, 0.524913, 12.160031, 12.471709, 0.312941, 12.246996, 12.508539, 0.345262, 12.176416, 12.565654, 0.428666, 12.159432, 12.600643, 0.472188, 12.157033, 12.617779, 0.525967, 12.085348, 12.719164, 0.585878, 12.186638, 12.818565, 0.630112, 12.060942, 12.776265, 0.735269, 11.987707, 12.836446, 0.733024, 12.184151, 12.87285, 0.795476, 12.30525, 12.930532, 0.826644, 12.182995, 13.050481, 0.851779, 12.228213, 13.040594, 1.012622, 12.292156, 13.082622, 0.980977, 11.860896, 13.138526, 1.025402, 12.247409, 13.210883, 1.127255, 12.267331, 13.228665, 1.13323, 12.315159, 13.268809, 1.17623, 12.10172, 13.357068, 1.198238, 12.082812, 13.372022, 1.31887, 12.751077, 13.485124, 1.369806, 12.310522, 13.530817, 1.414244, 12.234823, 13.567019, 1.448675, 12.215495, 13.597869, 1.545364, 12.254488, 13.561265, 1.648124, 12.325343, 13.657999, 1.634758, 12.135272, 13.769872, 1.602457, 12.043594, 13.722157, 1.701675, 12.183176, 13.810852, 1.74904]
test1: [12.239636, 0.070607, 12.393052, 12.285023, 0.123262, 12.307027, 12.301786, 0.176708, 12.120736, 12.374612, 0.21682, 12.543579, 12.475409, 0.273381, 12.112595, 12.475112, 0.466422, 12.287462, 12.546108, 0.417816, 12.265516, 12.572471, 0.446098, 12.130551, 12.58053, 0.510431, 12.162304, 12.669675, 0.552745, 12.310896, 12.697247, 0.602679, 12.231672, 12.767963, 0.663466, 12.000153, 12.80978, 0.714361, 12.15955, 12.832926, 0.77166, 12.215146, 12.928997, 0.77322, 12.181166, 12.933727, 0.875776, 12.198428, 13.063564, 0.92382, 12.344753, 13.108201, 0.985514, 12.18028, 13.135113, 1.03507, 12.098183, 13.207223, 1.117407, 12.179707, 13.198198, 1.119259, 12.15504, 13.291317, 1.144569, 12.057041, 13.230518, 1.210852, 12.290608, 13.347938, 1.279649, 12.154479, 13.49406, 1.378983, 12.433298, 13.497007, 1.38684, 12.161958, 13.567701, 1.528361, 12.274022, 13.59586, 1.507084, 12.29541, 13.6376, 1.489431, 12.295459, 13.686712, 1.523147, 12.119868, 13.675245, 1.697385, 12.137716, 13.664568, 1.678013, 12.092806, 13.729393, 1.765979, 12.144674, 13.84075]
Overheads:

['12.127700', '11.997078', '12.203102', '12.322445', '12.179168', '12.072124', '12.218600', '12.183764', '12.151174', '12.128976', '12.183253', '11.944028', '12.165933', '12.152365', '12.260661', '12.326759', '11.950496', '11.635117', '12.198328', '11.839214', '12.162172', '11.934055', '12.042117', '11.821040', '12.200846', '11.831154', '12.147838', '11.847699', '12.143806', '11.730766', '12.154545', '11.684453', '12.108343', '11.684845', '12.107348', '11.651873', '12.143708', '11.559381', '12.166420', '11.758151', '12.111368', '11.600760', '12.215886', '11.628992', '12.137851', '11.430830', '12.112799', '11.336687', '12.074511', '11.252439', '12.122085', '11.445189', '12.099902', '11.451127', '12.101190', '11.443487', '12.133522', '11.509774', '12.157312', '11.407946', '12.107083', '11.356350', '12.174706', '11.322653', '12.211785', '11.376434', '12.116774', '11.420934', '12.095579', '11.279534', '12.097108', '11.194765', '12.154136', '10.879919', '12.103456', '11.063113', '12.181820', '11.222006', '12.093476', '11.062300', '12.070942', '11.140076', '12.109406', '11.035781', '12.158087', '11.181929', '12.124240', '10.912472', '12.054288', '10.925490', '12.146216', '11.079756', '12.149700', '10.884573', '12.092373', '10.874830', '12.175190', '11.432208', '12.106142', '11.054316', '12.127201', '10.940716', '12.143977', '10.775118', '12.153457', '10.820579', '12.038657', '10.745660', '12.147185', '10.766820', '12.090786', '10.788326', '12.092236', '10.709124', '12.071834', '10.806028', '12.038588', '10.677219', '12.134852', '10.596722', '12.040488', '10.500515', '12.072486', '10.440330', '12.062110', '10.441136', '12.044144', '10.414793', '12.027718', '10.481501', '12.044873', '10.378695', '12.091709', '10.373647', '12.092833', '10.390101', '12.027778', '10.158406', '12.175629', '10.466116', '12.075975', '10.289314', '12.059983', '10.322796', '12.169283', '10.350688', '12.127531', '10.344468', '12.149214', '10.374793', '12.107330', '10.127896', '11.963073', '10.050186', '11.991704', '10.136817', '12.110481', '10.013438', '12.118161', '10.130135', '11.936124', '10.030506', '11.800893', '9.878421', '12.091755', '9.994792', '11.971693', '9.931372', '11.996055', '10.028294', '12.189893', '10.184075', '12.146448', '9.932750', '11.999623', '9.862823', '12.085378', '9.884985', '12.006362', '9.852812', '12.142031', '9.861894', '11.902208', '9.626231', '12.136282', '9.719228', '11.931026', '9.626623', '12.069634', '10.012190', '11.846856', '9.503776', '12.115206', '9.881191', '11.913076', '9.567330', '11.904443', '9.430744', '12.081477', '9.601867']
testall: [12.1277, 12.203102, 12.179168, 12.2186, 12.151174, 12.183253, 12.165933, 12.260661, 11.950496, 12.198328, 12.162172, 12.042117, 12.200846, 12.147838, 12.143806, 12.154545, 12.108343, 12.107348, 12.143708, 12.16642, 12.111368, 12.215886, 12.137851, 12.112799, 12.074511, 12.122085, 12.099902, 12.10119, 12.133522, 12.157312, 12.107083, 12.174706, 12.211785, 12.116774, 12.095579, 12.097108, 12.154136, 12.103456, 12.18182, 12.093476, 12.070942, 12.109406, 12.158087, 12.12424, 12.054288, 12.146216, 12.1497, 12.092373, 12.17519, 12.106142, 12.127201, 12.143977, 12.153457, 12.038657, 12.147185, 12.090786, 12.092236, 12.071834, 12.038588, 12.134852, 12.040488, 12.072486, 12.06211, 12.044144, 12.027718, 12.044873, 12.091709, 12.092833, 12.027778, 12.175629, 12.075975, 12.059983, 12.169283, 12.127531, 12.149214, 12.10733, 11.963073, 11.991704, 12.110481, 12.118161, 11.936124, 11.800893, 12.091755, 11.971693, 11.996055, 12.189893, 12.146448, 11.999623, 12.085378, 12.006362, 12.142031, 11.902208, 12.136282, 11.931026, 12.069634, 11.846856, 12.115206, 11.913076, 11.904443, 12.081477]
test1: [11.997078, 12.322445, 12.072124, 12.183764, 12.128976, 11.944028, 12.152365, 12.326759, 11.635117, 11.839214, 11.934055, 11.82104, 11.831154, 11.847699, 11.730766, 11.684453, 11.684845, 11.651873, 11.559381, 11.758151, 11.60076, 11.628992, 11.43083, 11.336687, 11.252439, 11.445189, 11.451127, 11.443487, 11.509774, 11.407946, 11.35635, 11.322653, 11.376434, 11.420934, 11.279534, 11.194765, 10.879919, 11.063113, 11.222006, 11.0623, 11.140076, 11.035781, 11.181929, 10.912472, 10.92549, 11.079756, 10.884573, 10.87483, 11.432208, 11.054316, 10.940716, 10.775118, 10.820579, 10.74566, 10.76682, 10.788326, 10.709124, 10.806028, 10.677219, 10.596722, 10.500515, 10.44033, 10.441136, 10.414793, 10.481501, 10.378695, 10.373647, 10.390101, 10.158406, 10.466116, 10.289314, 10.322796, 10.350688, 10.344468, 10.374793, 10.127896, 10.050186, 10.136817, 10.013438, 10.130135, 10.030506, 9.878421, 9.994792, 9.931372, 10.028294, 10.184075, 9.93275, 9.862823, 9.884985, 9.852812, 9.861894, 9.626231, 9.719228, 9.626623, 10.01219, 9.503776, 9.881191, 9.56733, 9.430744, 9.601867]
delay lengths are [20, 29, 39, 49, 59, 69, 79, 89, 99, 109, 118, 128, 138, 148, 158, 168, 178, 188, 198, 208, 217, 227, 237, 247, 257, 267, 277, 287, 297, 307, 316, 326, 336, 346, 356, 366, 376, 386, 396, 406, 415, 425, 435, 445, 455, 465, 475, 485, 495, 505, 514, 524, 534, 544, 554, 564, 574, 584, 594, 604, 613, 623, 633, 643, 653, 663, 673, 683, 693, 703, 712, 722, 732, 742, 752, 762, 772, 782, 792, 802, 811, 821, 831, 841, 851, 861, 871, 881, 891, 901, 910, 920, 930, 940, 950, 960, 970, 980, 990, 1000]!

Plot saved to Plots/cirrus/6184843/cpuvalidate_27_0_performance.png
Plot saved to Plots/cirrus/6184843/cpuvalidate_27_0_overhead.png
(27)_20

(27)_20

(27)_20

(27)_20

(27)_20

(27)_20

(27)_20

(27)_20

(27)_20

(27)_20

(27)_20

(27)_20

(27)_20

(27)_20

(27)_20

(27)_20

(27)_20

(27)_20

(27)_20

(27)_20

(27)_20

(27)_20

(27)_20

(27)_20

(27)_20

(27)_20

(27)_20

(27)_20

(27)_20

(27)_20

(27)_20

(27)_20

(27)_20

(27)_20

(27)_20

(27)_20

(27)_20

(27)_20

(27)_20

(27)_20

(27)_20

(27)_20

(27)_20

(27)_20

(27)_20

(27)_20

(27)_20

(27)_20

(27)_20

(27)_20

(27)_20

(27)_20

(27)_20

(27)_20

(27)_20

(27)_20

(27)_20

(27)_20

(27)_20

(27)_20

(27)_20

(27)_20

(27)_20

(27)_20

(27)_20

(27)_20

(27)_20

(27)_20

(27)_20

(27)_20

(27)_20

(27)_20

(27)_20

(27)_20

(27)_20

(27)_20

(27)_20

(27)_20

(27)_20

(27)_20

(27)_20

(27)_20

(27)_20

(27)_20

(27)_20

(27)_20

(27)_20

(27)_20

(27)_20

(27)_20

(27)_20

(27)_20

(27)_20

(27)_20

(27)_20

(27)_20

(27)_20

(27)_20

(27)_20

(27)_20

Matplotlib created a temporary cache directory at /dev/shm/weiyu2024_6184843/matplotlib-c24xuoo6 because the default path (/mnt/lustre/e1000/home/d35/d35/weiyu24/Microbenchmarking-of-Accelerators-Offloading/openmpbench_C_v40/Plots/cirrus) is not a writable directory; it is highly recommended to set the MPLCONFIGDIR environment variable to a writable directory, in particular to speed up the import of Matplotlib and to better support multiprocessing.
Plot saved to Plots/cirrus/6184843/refall_cpuvalidate_27_1_performance.png
Plot saved to Plots/cirrus/6184843/func1_cpuvalidate_27_1_performance.png
(27)_20

(27)_20

(27)_20

(27)_20

(27)_20

(27)_20

(27)_20

(27)_20

(27)_20

(27)_20

(27)_20

(27)_20

(27)_20

(27)_20

(27)_20

(27)_20

(27)_20

(27)_20

(27)_20

(27)_20

(27)_20

(27)_20

(27)_20

(27)_20

(27)_20

(27)_20

(27)_20

(27)_20

(27)_20

(27)_20

(27)_20

(27)_20

(27)_20

(27)_20

(27)_20

(27)_20

(27)_20

(27)_20

(27)_20

(27)_20

(27)_20

(27)_20

(27)_20

(27)_20

(27)_20

(27)_20

(27)_20

(27)_20

(27)_20

(27)_20

(27)_20

(27)_20

(27)_20

(27)_20

(27)_20

(27)_20

(27)_20

(27)_20

(27)_20
srun: Job 6184843 step creation temporarily disabled, retrying (Requested nodes are busy)
srun: Step created for job 6184843

(27)_20

(27)_20

(27)_20

(27)_20

(27)_20

(27)_20

(27)_20

(27)_20

(27)_20

(27)_20

(27)_20

(27)_20

(27)_20

(27)_20

(27)_20

(27)_20

(27)_20

(27)_20

(27)_20

(27)_20

(27)_20

(27)_20

(27)_20

(27)_20

(27)_20

(27)_20

(27)_20

(27)_20
srun: Job 6184843 step creation temporarily disabled, retrying (Requested nodes are busy)
srun: Step created for job 6184843

(27)_20

(27)_20

(27)_20

(27)_20

(27)_20

(27)_20

(27)_20

(27)_20

(27)_20

(27)_20

(27)_20

(27)_20

(27)_20

Matplotlib created a temporary cache directory at /dev/shm/weiyu2024_6184843/matplotlib-yinx2anv because the default path (/mnt/lustre/e1000/home/d35/d35/weiyu24/Microbenchmarking-of-Accelerators-Offloading/openmpbench_C_v40/Plots/cirrus) is not a writable directory; it is highly recommended to set the MPLCONFIGDIR environment variable to a writable directory, in particular to speed up the import of Matplotlib and to better support multiprocessing.
Plot saved to Plots/cirrus/6184843/refall_cpuvalidate_27_2_performance.png
Plot saved to Plots/cirrus/6184843/func1_cpuvalidate_27_2_performance.png
(27)_20

(27)_20

(27)_20
srun: Job step aborted: Waiting up to 32 seconds for job step to finish.
slurmstepd: error: *** JOB 6184843 ON r2i7n6 CANCELLED AT 2024-10-23T15:01:05 ***
slurmstepd: error: *** STEP 6184843.302 ON r2i7n6 CANCELLED AT 2024-10-23T15:01:05 ***
