CSV file 'dataset.csv' already exists.
(27)_20

(27)_20

(27)_20

(27)_20

(27)_20

(27)_20

(27)_20

(27)_20

(27)_20

(27)_20

(27)_20

(27)_20

(27)_20

(27)_20

(27)_20

(27)_20

(27)_20

(27)_20

(27)_20

(27)_20

(27)_20

(27)_20

(27)_20

(27)_20

(27)_20

(27)_20

(27)_20

(27)_20

(27)_20

(27)_20

(27)_20

(27)_20

(27)_20

(27)_20

(27)_20

(27)_20

(27)_20

(27)_20

(27)_20

(27)_20

(27)_20

(27)_20

(27)_20

(27)_20

(27)_20

(27)_20

(27)_20

(27)_20

(27)_20

(27)_20

(27)_20

(27)_20
srun: Job 6192137 step creation temporarily disabled, retrying (Requested nodes are busy)
srun: Step created for job 6192137

(27)_20

(27)_20

(27)_20

(27)_20

(27)_20

(27)_20

(27)_20

(27)_20

(27)_20

(27)_20

(27)_20

(27)_20

(27)_20

(27)_20

(27)_20

(27)_20

(27)_20

(27)_20

(27)_20

(27)_20

(27)_20

(27)_20

(27)_20

(27)_20

(27)_20

(27)_20

(27)_20

(27)_20

(27)_20

(27)_20

(27)_20

(27)_20

(27)_20

(27)_20

(27)_20

(27)_20

(27)_20

(27)_20

(27)_20

(27)_20

(27)_20

(27)_20

(27)_20

(27)_20

(27)_20

(27)_20

(27)_20

(27)_20

/mnt/lustre/e1000/home/d403/d403/weiyu2024/PhDProject/epcc-openmp-microbenchmarks/openmpbench_C_v40/visualise2.py:19: SyntaxWarning: "is" with a literal. Did you mean "=="?
  if switch is 0:
Matplotlib created a temporary cache directory at /dev/shm/weiyu2024_6192137/matplotlib-k6v4254r because the default path (/mnt/lustre/e1000/home/d35/d35/weiyu24/Microbenchmarking-of-Accelerators-Offloading/openmpbench_C_v40/Plots/cirrus) is not a writable directory; it is highly recommended to set the MPLCONFIGDIR environment variable to a writable directory, in particular to speed up the import of Matplotlib and to better support multiprocessing.
Plot saved to Plots/cirrus/6192137/refall_gpuvalidate_27_0_performance.png
Plot saved to Plots/cirrus/6192137/func1_gpuvalidate_27_0_performance.png
(27)_20

(27)_20

(27)_20

(27)_20

(27)_20

(27)_20

(27)_20

(27)_20

(27)_20

(27)_20

(27)_20

(27)_20

(27)_20

(27)_20

(27)_20

(27)_20

(27)_20

(27)_20

(27)_20

(27)_20

(27)_20

(27)_20

(27)_20

(27)_20

(27)_20

(27)_20

(27)_20

(27)_20

(27)_20

(27)_20

(27)_20

(27)_20

(27)_20

(27)_20

(27)_20

(27)_20

(27)_20

(27)_20

(27)_20

(27)_20

(27)_20

(27)_20

(27)_20

(27)_20

(27)_20

(27)_20

(27)_20

(27)_20

(27)_20

(27)_20

(27)_20

(27)_20

(27)_20

(27)_20

(27)_20

(27)_20

(27)_20

(27)_20

(27)_20

(27)_20

(27)_20

(27)_20

(27)_20

(27)_20

(27)_20

(27)_20

(27)_20

(27)_20

(27)_20

(27)_20
srun: Job 6192137 step creation temporarily disabled, retrying (Requested nodes are busy)
srun: Step created for job 6192137

(27)_20

(27)_20

(27)_20

(27)_20

(27)_20

(27)_20

(27)_20

(27)_20

(27)_20

(27)_20

(27)_20

(27)_20

(27)_20

(27)_20

(27)_20

(27)_20

(27)_20

(27)_20

(27)_20

(27)_20

(27)_20

(27)_20

(27)_20

(27)_20

(27)_20

(27)_20

(27)_20

(27)_20

(27)_20

(27)_20

/mnt/lustre/e1000/home/d403/d403/weiyu2024/PhDProject/epcc-openmp-microbenchmarks/openmpbench_C_v40/visualise2.py:19: SyntaxWarning: "is" with a literal. Did you mean "=="?
  if switch is 0:
Matplotlib created a temporary cache directory at /dev/shm/weiyu2024_6192137/matplotlib-iac9_qf_ because the default path (/mnt/lustre/e1000/home/d35/d35/weiyu24/Microbenchmarking-of-Accelerators-Offloading/openmpbench_C_v40/Plots/cirrus) is not a writable directory; it is highly recommended to set the MPLCONFIGDIR environment variable to a writable directory, in particular to speed up the import of Matplotlib and to better support multiprocessing.
Plot saved to Plots/cirrus/6192137/refall_gpuvalidate_27_1_performance.png
Plot saved to Plots/cirrus/6192137/func1_gpuvalidate_27_1_performance.png
(27)_20

(27)_20

(27)_20

(27)_20

(27)_20

(27)_20

(27)_20

(27)_20

(27)_20

(27)_20

(27)_20

(27)_20

(27)_20

(27)_20

(27)_20

(27)_20

(27)_20

(27)_20

(27)_20

(27)_20

(27)_20

(27)_20

(27)_20

(27)_20

(27)_20

(27)_20

(27)_20

(27)_20

(27)_20

(27)_20

(27)_20

(27)_20

(27)_20

(27)_20

(27)_20

(27)_20

(27)_20

(27)_20

(27)_20

(27)_20

(27)_20

(27)_20

(27)_20

(27)_20

(27)_20
slurmstepd: error: execve(): gpuvalidate: No such file or directory
srun: error: r2i6n8: task 0: Exited with exit code 2
srun: launch/slurm: _step_signal: Terminating StepId=6192137.244

(27)_20
slurmstepd: error: execve(): gpuvalidate: No such file or directory
srun: error: r2i6n8: task 0: Exited with exit code 2
srun: launch/slurm: _step_signal: Terminating StepId=6192137.245

(27)_20
slurmstepd: error: execve(): gpuvalidate: No such file or directory
srun: error: r2i6n8: task 0: Exited with exit code 2
srun: launch/slurm: _step_signal: Terminating StepId=6192137.246

(27)_20
slurmstepd: error: execve(): gpuvalidate: No such file or directory
srun: error: r2i6n8: task 0: Exited with exit code 2
srun: launch/slurm: _step_signal: Terminating StepId=6192137.247

(27)_20
slurmstepd: error: execve(): gpuvalidate: No such file or directory
srun: error: r2i6n8: task 0: Exited with exit code 2
srun: launch/slurm: _step_signal: Terminating StepId=6192137.248

(27)_20
slurmstepd: error: execve(): gpuvalidate: No such file or directory
srun: error: r2i6n8: task 0: Exited with exit code 2
srun: launch/slurm: _step_signal: Terminating StepId=6192137.249

(27)_20
slurmstepd: error: execve(): gpuvalidate: No such file or directory
srun: error: r2i6n8: task 0: Exited with exit code 2
srun: launch/slurm: _step_signal: Terminating StepId=6192137.250

(27)_20
slurmstepd: error: execve(): gpuvalidate: No such file or directory
srun: error: r2i6n8: task 0: Exited with exit code 2
srun: launch/slurm: _step_signal: Terminating StepId=6192137.251

(27)_20
slurmstepd: error: execve(): gpuvalidate: No such file or directory
srun: error: r2i6n8: task 0: Exited with exit code 2
srun: launch/slurm: _step_signal: Terminating StepId=6192137.252

(27)_20
slurmstepd: error: execve(): gpuvalidate: No such file or directory
srun: error: r2i6n8: task 0: Exited with exit code 2
srun: launch/slurm: _step_signal: Terminating StepId=6192137.253

(27)_20
slurmstepd: error: execve(): gpuvalidate: No such file or directory
srun: error: r2i6n8: task 0: Exited with exit code 2
srun: launch/slurm: _step_signal: Terminating StepId=6192137.254

(27)_20
slurmstepd: error: execve(): gpuvalidate: No such file or directory
srun: error: r2i6n8: task 0: Exited with exit code 2
srun: launch/slurm: _step_signal: Terminating StepId=6192137.255

(27)_20
slurmstepd: error: execve(): gpuvalidate: No such file or directory
srun: error: r2i6n8: task 0: Exited with exit code 2
srun: launch/slurm: _step_signal: Terminating StepId=6192137.256

(27)_20
slurmstepd: error: execve(): gpuvalidate: No such file or directory
srun: error: r2i6n8: task 0: Exited with exit code 2
srun: launch/slurm: _step_signal: Terminating StepId=6192137.257

(27)_20
slurmstepd: error: execve(): gpuvalidate: No such file or directory
srun: error: r2i6n8: task 0: Exited with exit code 2
srun: launch/slurm: _step_signal: Terminating StepId=6192137.258

(27)_20
slurmstepd: error: execve(): gpuvalidate: No such file or directory
srun: error: r2i6n8: task 0: Exited with exit code 2
srun: launch/slurm: _step_signal: Terminating StepId=6192137.259

(27)_20
slurmstepd: error: execve(): gpuvalidate: No such file or directory
srun: error: r2i6n8: task 0: Exited with exit code 2
srun: launch/slurm: _step_signal: Terminating StepId=6192137.260

(27)_20
slurmstepd: error: execve(): gpuvalidate: No such file or directory
srun: error: r2i6n8: task 0: Exited with exit code 2
srun: launch/slurm: _step_signal: Terminating StepId=6192137.261

(27)_20
slurmstepd: error: execve(): gpuvalidate: No such file or directory
srun: error: r2i6n8: task 0: Exited with exit code 2
srun: launch/slurm: _step_signal: Terminating StepId=6192137.262

(27)_20
slurmstepd: error: execve(): gpuvalidate: No such file or directory
srun: error: r2i6n8: task 0: Exited with exit code 2
srun: launch/slurm: _step_signal: Terminating StepId=6192137.263

(27)_20
slurmstepd: error: execve(): gpuvalidate: No such file or directory
srun: error: r2i6n8: task 0: Exited with exit code 2
srun: launch/slurm: _step_signal: Terminating StepId=6192137.264

(27)_20
slurmstepd: error: execve(): gpuvalidate: No such file or directory
srun: error: r2i6n8: task 0: Exited with exit code 2
srun: launch/slurm: _step_signal: Terminating StepId=6192137.265

(27)_20
slurmstepd: error: execve(): gpuvalidate: No such file or directory
srun: error: r2i6n8: task 0: Exited with exit code 2
srun: launch/slurm: _step_signal: Terminating StepId=6192137.266

(27)_20
slurmstepd: error: execve(): gpuvalidate: No such file or directory
srun: error: r2i6n8: task 0: Exited with exit code 2
srun: launch/slurm: _step_signal: Terminating StepId=6192137.267

(27)_20
slurmstepd: error: execve(): gpuvalidate: No such file or directory
srun: error: r2i6n8: task 0: Exited with exit code 2
srun: launch/slurm: _step_signal: Terminating StepId=6192137.268

(27)_20
slurmstepd: error: execve(): gpuvalidate: No such file or directory
srun: error: r2i6n8: task 0: Exited with exit code 2
srun: launch/slurm: _step_signal: Terminating StepId=6192137.269

(27)_20
slurmstepd: error: execve(): gpuvalidate: No such file or directory
srun: error: r2i6n8: task 0: Exited with exit code 2
srun: launch/slurm: _step_signal: Terminating StepId=6192137.270

(27)_20
slurmstepd: error: execve(): gpuvalidate: No such file or directory
srun: error: r2i6n8: task 0: Exited with exit code 2
srun: launch/slurm: _step_signal: Terminating StepId=6192137.271

(27)_20
slurmstepd: error: execve(): gpuvalidate: No such file or directory
srun: error: r2i6n8: task 0: Exited with exit code 2
srun: launch/slurm: _step_signal: Terminating StepId=6192137.272

(27)_20
slurmstepd: error: execve(): gpuvalidate: No such file or directory
srun: error: r2i6n8: task 0: Exited with exit code 2
srun: launch/slurm: _step_signal: Terminating StepId=6192137.273

(27)_20
slurmstepd: error: execve(): gpuvalidate: No such file or directory
srun: error: r2i6n8: task 0: Exited with exit code 2
srun: launch/slurm: _step_signal: Terminating StepId=6192137.274

(27)_20
slurmstepd: error: execve(): gpuvalidate: No such file or directory
srun: error: r2i6n8: task 0: Exited with exit code 2
srun: launch/slurm: _step_signal: Terminating StepId=6192137.275

(27)_20
slurmstepd: error: execve(): gpuvalidate: No such file or directory
srun: error: r2i6n8: task 0: Exited with exit code 2
srun: launch/slurm: _step_signal: Terminating StepId=6192137.276

(27)_20
slurmstepd: error: execve(): gpuvalidate: No such file or directory
srun: error: r2i6n8: task 0: Exited with exit code 2
srun: launch/slurm: _step_signal: Terminating StepId=6192137.277

(27)_20
slurmstepd: error: execve(): gpuvalidate: No such file or directory
srun: error: r2i6n8: task 0: Exited with exit code 2
srun: launch/slurm: _step_signal: Terminating StepId=6192137.278

(27)_20
slurmstepd: error: execve(): gpuvalidate: No such file or directory
srun: error: r2i6n8: task 0: Exited with exit code 2
srun: launch/slurm: _step_signal: Terminating StepId=6192137.279

(27)_20
slurmstepd: error: execve(): gpuvalidate: No such file or directory
srun: error: r2i6n8: task 0: Exited with exit code 2
srun: launch/slurm: _step_signal: Terminating StepId=6192137.280

(27)_20
slurmstepd: error: execve(): gpuvalidate: No such file or directory
srun: error: r2i6n8: task 0: Exited with exit code 2
srun: launch/slurm: _step_signal: Terminating StepId=6192137.281

(27)_20
slurmstepd: error: execve(): gpuvalidate: No such file or directory
srun: error: r2i6n8: task 0: Exited with exit code 2
srun: launch/slurm: _step_signal: Terminating StepId=6192137.282

(27)_20
slurmstepd: error: execve(): gpuvalidate: No such file or directory
srun: error: r2i6n8: task 0: Exited with exit code 2
srun: launch/slurm: _step_signal: Terminating StepId=6192137.283

(27)_20
slurmstepd: error: execve(): gpuvalidate: No such file or directory
srun: error: r2i6n8: task 0: Exited with exit code 2
srun: launch/slurm: _step_signal: Terminating StepId=6192137.284

(27)_20
slurmstepd: error: execve(): gpuvalidate: No such file or directory
srun: error: r2i6n8: task 0: Exited with exit code 2
srun: launch/slurm: _step_signal: Terminating StepId=6192137.285

(27)_20
slurmstepd: error: execve(): gpuvalidate: No such file or directory
srun: error: r2i6n8: task 0: Exited with exit code 2
srun: launch/slurm: _step_signal: Terminating StepId=6192137.286

(27)_20
slurmstepd: error: execve(): gpuvalidate: No such file or directory
srun: error: r2i6n8: task 0: Exited with exit code 2
srun: launch/slurm: _step_signal: Terminating StepId=6192137.287

(27)_20
slurmstepd: error: execve(): gpuvalidate: No such file or directory
srun: error: r2i6n8: task 0: Exited with exit code 2
srun: launch/slurm: _step_signal: Terminating StepId=6192137.288

(27)_20
slurmstepd: error: execve(): gpuvalidate: No such file or directory
srun: error: r2i6n8: task 0: Exited with exit code 2
srun: launch/slurm: _step_signal: Terminating StepId=6192137.289

(27)_20
slurmstepd: error: execve(): gpuvalidate: No such file or directory
srun: error: r2i6n8: task 0: Exited with exit code 2
srun: launch/slurm: _step_signal: Terminating StepId=6192137.290

(27)_20
slurmstepd: error: execve(): gpuvalidate: No such file or directory
srun: error: r2i6n8: task 0: Exited with exit code 2
srun: launch/slurm: _step_signal: Terminating StepId=6192137.291

(27)_20
slurmstepd: error: execve(): gpuvalidate: No such file or directory
srun: error: r2i6n8: task 0: Exited with exit code 2
srun: launch/slurm: _step_signal: Terminating StepId=6192137.292

(27)_20
slurmstepd: error: execve(): gpuvalidate: No such file or directory
srun: error: r2i6n8: task 0: Exited with exit code 2
srun: launch/slurm: _step_signal: Terminating StepId=6192137.293

(27)_20
slurmstepd: error: execve(): gpuvalidate: No such file or directory
srun: error: r2i6n8: task 0: Exited with exit code 2
srun: launch/slurm: _step_signal: Terminating StepId=6192137.294

(27)_20
slurmstepd: error: execve(): gpuvalidate: No such file or directory
srun: error: r2i6n8: task 0: Exited with exit code 2
srun: launch/slurm: _step_signal: Terminating StepId=6192137.295

(27)_20
slurmstepd: error: execve(): gpuvalidate: No such file or directory
srun: error: r2i6n8: task 0: Exited with exit code 2
srun: launch/slurm: _step_signal: Terminating StepId=6192137.296

(27)_20
slurmstepd: error: execve(): gpuvalidate: No such file or directory
srun: error: r2i6n8: task 0: Exited with exit code 2
srun: launch/slurm: _step_signal: Terminating StepId=6192137.297

(27)_20
slurmstepd: error: execve(): gpuvalidate: No such file or directory
srun: error: r2i6n8: task 0: Exited with exit code 2
srun: launch/slurm: _step_signal: Terminating StepId=6192137.298

(27)_20
slurmstepd: error: execve(): gpuvalidate: No such file or directory
srun: error: r2i6n8: task 0: Exited with exit code 2
srun: launch/slurm: _step_signal: Terminating StepId=6192137.299

/mnt/lustre/e1000/home/d403/d403/weiyu2024/PhDProject/epcc-openmp-microbenchmarks/openmpbench_C_v40/visualise2.py:19: SyntaxWarning: "is" with a literal. Did you mean "=="?
  if switch is 0:
Matplotlib created a temporary cache directory at /dev/shm/weiyu2024_6192137/matplotlib-9o_3kcjl because the default path (/mnt/lustre/e1000/home/d35/d35/weiyu24/Microbenchmarking-of-Accelerators-Offloading/openmpbench_C_v40/Plots/cirrus) is not a writable directory; it is highly recommended to set the MPLCONFIGDIR environment variable to a writable directory, in particular to speed up the import of Matplotlib and to better support multiprocessing.
Plot saved to Plots/cirrus/6192137/refall_gpuvalidate_27_2_performance.png
Plot saved to Plots/cirrus/6192137/func1_gpuvalidate_27_2_performance.png
(27)_20
slurmstepd: error: execve(): gpuvalidate: No such file or directory
srun: error: r2i6n8: task 0: Exited with exit code 2
srun: launch/slurm: _step_signal: Terminating StepId=6192137.300

(27)_20
slurmstepd: error: execve(): gpuvalidate: No such file or directory
srun: error: r2i6n8: task 0: Exited with exit code 2
srun: launch/slurm: _step_signal: Terminating StepId=6192137.301

(27)_20
slurmstepd: error: execve(): gpuvalidate: No such file or directory
srun: error: r2i6n8: task 0: Exited with exit code 2
srun: launch/slurm: _step_signal: Terminating StepId=6192137.302

(27)_20

(27)_20

(27)_20

(27)_20

(27)_20

(27)_20

(27)_20

(27)_20

(27)_20

(27)_20

(27)_20

(27)_20

(27)_20

(27)_20

(27)_20

(27)_20

(27)_20

(27)_20

(27)_20

(27)_20

(27)_20

(27)_20

(27)_20

(27)_20

(27)_20

(27)_20

(27)_20

(27)_20

(27)_20

(27)_20

(27)_20

(27)_20

(27)_20

(27)_20

(27)_20

(27)_20

(27)_20

(27)_20

(27)_20

(27)_20

(27)_20

(27)_20

(27)_20

(27)_20

(27)_20

(27)_20

(27)_20

(27)_20

(27)_20

(27)_20

(27)_20

(27)_20

(27)_20

(27)_20

(27)_20

(27)_20

(27)_20

(27)_20

(27)_20

(27)_20

(27)_20

(27)_20

(27)_20

(27)_20

(27)_20

(27)_20

(27)_20

(27)_20

(27)_20

(27)_20

(27)_20

(27)_20

(27)_20

(27)_20

(27)_20

(27)_20

(27)_20

(27)_20

(27)_20

(27)_20

(27)_20

(27)_20

(27)_20

(27)_20

(27)_20
slurmstepd: error: execve(): gpuvalidate: No such file or directory
srun: error: r2i6n8: task 0: Exited with exit code 2
srun: launch/slurm: _step_signal: Terminating StepId=6192137.387

(27)_20
slurmstepd: error: execve(): gpuvalidate: No such file or directory
srun: error: r2i6n8: task 0: Exited with exit code 2
srun: launch/slurm: _step_signal: Terminating StepId=6192137.388

(27)_20
slurmstepd: error: execve(): gpuvalidate: No such file or directory
srun: error: r2i6n8: task 0: Exited with exit code 2
srun: launch/slurm: _step_signal: Terminating StepId=6192137.389

(27)_20
slurmstepd: error: execve(): gpuvalidate: No such file or directory
srun: error: r2i6n8: task 0: Exited with exit code 2
srun: launch/slurm: _step_signal: Terminating StepId=6192137.390

(27)_20
slurmstepd: error: execve(): gpuvalidate: No such file or directory
srun: error: r2i6n8: task 0: Exited with exit code 2
srun: launch/slurm: _step_signal: Terminating StepId=6192137.391

(27)_20
slurmstepd: error: execve(): gpuvalidate: No such file or directory
srun: error: r2i6n8: task 0: Exited with exit code 2
srun: launch/slurm: _step_signal: Terminating StepId=6192137.392

(27)_20
slurmstepd: error: execve(): gpuvalidate: No such file or directory
srun: error: r2i6n8: task 0: Exited with exit code 2
srun: launch/slurm: _step_signal: Terminating StepId=6192137.393

(27)_20
slurmstepd: error: execve(): gpuvalidate: No such file or directory
srun: error: r2i6n8: task 0: Exited with exit code 2
srun: launch/slurm: _step_signal: Terminating StepId=6192137.394

(27)_20
slurmstepd: error: execve(): gpuvalidate: No such file or directory
srun: error: r2i6n8: task 0: Exited with exit code 2
srun: launch/slurm: _step_signal: Terminating StepId=6192137.395

(27)_20
slurmstepd: error: execve(): gpuvalidate: No such file or directory
srun: error: r2i6n8: task 0: Exited with exit code 2
srun: launch/slurm: _step_signal: Terminating StepId=6192137.396

(27)_20
slurmstepd: error: execve(): gpuvalidate: No such file or directory
srun: error: r2i6n8: task 0: Exited with exit code 2
srun: launch/slurm: _step_signal: Terminating StepId=6192137.397

(27)_20
slurmstepd: error: execve(): gpuvalidate: No such file or directory
srun: error: r2i6n8: task 0: Exited with exit code 2
srun: launch/slurm: _step_signal: Terminating StepId=6192137.398

(27)_20
slurmstepd: error: execve(): gpuvalidate: No such file or directory
srun: error: r2i6n8: task 0: Exited with exit code 2
srun: launch/slurm: _step_signal: Terminating StepId=6192137.399

/mnt/lustre/e1000/home/d403/d403/weiyu2024/PhDProject/epcc-openmp-microbenchmarks/openmpbench_C_v40/visualise2.py:19: SyntaxWarning: "is" with a literal. Did you mean "=="?
  if switch is 0:
Matplotlib created a temporary cache directory at /dev/shm/weiyu2024_6192137/matplotlib-lxlrx51a because the default path (/mnt/lustre/e1000/home/d35/d35/weiyu24/Microbenchmarking-of-Accelerators-Offloading/openmpbench_C_v40/Plots/cirrus) is not a writable directory; it is highly recommended to set the MPLCONFIGDIR environment variable to a writable directory, in particular to speed up the import of Matplotlib and to better support multiprocessing.
Plot saved to Plots/cirrus/6192137/refall_gpuvalidate_27_3_performance.png
Plot saved to Plots/cirrus/6192137/func1_gpuvalidate_27_3_performance.png
(27)_20
slurmstepd: error: execve(): gpuvalidate: No such file or directory
srun: error: r2i6n8: task 0: Exited with exit code 2
srun: launch/slurm: _step_signal: Terminating StepId=6192137.400

(27)_20
slurmstepd: error: execve(): gpuvalidate: No such file or directory
srun: error: r2i6n8: task 0: Exited with exit code 2
srun: launch/slurm: _step_signal: Terminating StepId=6192137.401

(27)_20
slurmstepd: error: execve(): gpuvalidate: No such file or directory
srun: error: r2i6n8: task 0: Exited with exit code 2
srun: launch/slurm: _step_signal: Terminating StepId=6192137.402

(27)_20
slurmstepd: error: execve(): gpuvalidate: No such file or directory
srun: error: r2i6n8: task 0: Exited with exit code 2
srun: launch/slurm: _step_signal: Terminating StepId=6192137.403

(27)_20
slurmstepd: error: execve(): gpuvalidate: No such file or directory
srun: error: r2i6n8: task 0: Exited with exit code 2
srun: launch/slurm: _step_signal: Terminating StepId=6192137.404

(27)_20
slurmstepd: error: execve(): gpuvalidate: No such file or directory
srun: error: r2i6n8: task 0: Exited with exit code 2
srun: launch/slurm: _step_signal: Terminating StepId=6192137.405

(27)_20
slurmstepd: error: execve(): gpuvalidate: No such file or directory
srun: error: r2i6n8: task 0: Exited with exit code 2
srun: launch/slurm: _step_signal: Terminating StepId=6192137.406

(27)_20
slurmstepd: error: execve(): gpuvalidate: No such file or directory
srun: error: r2i6n8: task 0: Exited with exit code 2
srun: launch/slurm: _step_signal: Terminating StepId=6192137.407

(27)_20
slurmstepd: error: execve(): gpuvalidate: No such file or directory
srun: error: r2i6n8: task 0: Exited with exit code 2
srun: launch/slurm: _step_signal: Terminating StepId=6192137.408

(27)_20
slurmstepd: error: execve(): gpuvalidate: No such file or directory
srun: error: r2i6n8: task 0: Exited with exit code 2
srun: launch/slurm: _step_signal: Terminating StepId=6192137.409

(27)_20
slurmstepd: error: execve(): gpuvalidate: No such file or directory
srun: error: r2i6n8: task 0: Exited with exit code 2
srun: launch/slurm: _step_signal: Terminating StepId=6192137.410

(27)_20
slurmstepd: error: execve(): gpuvalidate: No such file or directory
srun: error: r2i6n8: task 0: Exited with exit code 2
srun: launch/slurm: _step_signal: Terminating StepId=6192137.411

(27)_20
slurmstepd: error: execve(): gpuvalidate: No such file or directory
srun: error: r2i6n8: task 0: Exited with exit code 2
srun: launch/slurm: _step_signal: Terminating StepId=6192137.412

(27)_20
slurmstepd: error: execve(): gpuvalidate: No such file or directory
srun: error: r2i6n8: task 0: Exited with exit code 2
srun: launch/slurm: _step_signal: Terminating StepId=6192137.413

(27)_20
slurmstepd: error: execve(): gpuvalidate: No such file or directory
srun: error: r2i6n8: task 0: Exited with exit code 2
srun: launch/slurm: _step_signal: Terminating StepId=6192137.414

(27)_20
slurmstepd: error: execve(): gpuvalidate: No such file or directory
srun: error: r2i6n8: task 0: Exited with exit code 2
srun: launch/slurm: _step_signal: Terminating StepId=6192137.415

(27)_20
slurmstepd: error: execve(): gpuvalidate: No such file or directory
srun: error: r2i6n8: task 0: Exited with exit code 2
srun: launch/slurm: _step_signal: Terminating StepId=6192137.416

(27)_20
slurmstepd: error: execve(): gpuvalidate: No such file or directory
srun: error: r2i6n8: task 0: Exited with exit code 2
srun: launch/slurm: _step_signal: Terminating StepId=6192137.417

(27)_20
slurmstepd: error: execve(): gpuvalidate: No such file or directory
srun: error: r2i6n8: task 0: Exited with exit code 2
srun: launch/slurm: _step_signal: Terminating StepId=6192137.418

(27)_20
slurmstepd: error: execve(): gpuvalidate: No such file or directory
srun: error: r2i6n8: task 0: Exited with exit code 2
srun: launch/slurm: _step_signal: Terminating StepId=6192137.419

(27)_20
slurmstepd: error: execve(): gpuvalidate: No such file or directory
srun: error: r2i6n8: task 0: Exited with exit code 2
srun: launch/slurm: _step_signal: Terminating StepId=6192137.420

(27)_20
slurmstepd: error: execve(): gpuvalidate: No such file or directory
srun: error: r2i6n8: task 0: Exited with exit code 2
srun: launch/slurm: _step_signal: Terminating StepId=6192137.421

(27)_20
slurmstepd: error: execve(): gpuvalidate: No such file or directory
srun: error: r2i6n8: task 0: Exited with exit code 2
srun: launch/slurm: _step_signal: Terminating StepId=6192137.422

(27)_20
slurmstepd: error: execve(): gpuvalidate: No such file or directory
srun: error: r2i6n8: task 0: Exited with exit code 2
srun: launch/slurm: _step_signal: Terminating StepId=6192137.423

(27)_20
slurmstepd: error: execve(): gpuvalidate: No such file or directory
srun: error: r2i6n8: task 0: Exited with exit code 2
srun: launch/slurm: _step_signal: Terminating StepId=6192137.424

(27)_20
slurmstepd: error: execve(): gpuvalidate: No such file or directory
srun: error: r2i6n8: task 0: Exited with exit code 2
srun: launch/slurm: _step_signal: Terminating StepId=6192137.425

(27)_20
slurmstepd: error: execve(): gpuvalidate: No such file or directory
srun: error: r2i6n8: task 0: Exited with exit code 2
srun: launch/slurm: _step_signal: Terminating StepId=6192137.426

(27)_20
slurmstepd: error: execve(): gpuvalidate: No such file or directory
srun: error: r2i6n8: task 0: Exited with exit code 2
srun: launch/slurm: _step_signal: Terminating StepId=6192137.427

(27)_20
slurmstepd: error: execve(): gpuvalidate: No such file or directory
srun: error: r2i6n8: task 0: Exited with exit code 2
srun: launch/slurm: _step_signal: Terminating StepId=6192137.428

(27)_20
slurmstepd: error: execve(): gpuvalidate: Text file busy
srun: error: r2i6n8: task 0: Exited with exit code 26
srun: launch/slurm: _step_signal: Terminating StepId=6192137.429

(27)_20

(27)_20

(27)_20

(27)_20

(27)_20

(27)_20

(27)_20

(27)_20

(27)_20

(27)_20

(27)_20

(27)_20

(27)_20

(27)_20

(27)_20

(27)_20

(27)_20

(27)_20

(27)_20

(27)_20

(27)_20

(27)_20

(27)_20

(27)_20

(27)_20

(27)_20

(27)_20

(27)_20

(27)_20

(27)_20

(27)_20
srun: Job 6192137 step creation temporarily disabled, retrying (Requested nodes are busy)
srun: Step created for job 6192137

(27)_20

(27)_20

(27)_20

(27)_20

(27)_20

(27)_20

(27)_20

(27)_20

(27)_20

(27)_20

(27)_20

(27)_20
srun: Job 6192137 step creation temporarily disabled, retrying (Requested nodes are busy)
srun: Step created for job 6192137

(27)_20

(27)_20

(27)_20

(27)_20

(27)_20

(27)_20

(27)_20

(27)_20

(27)_20

(27)_20

(27)_20

(27)_20

(27)_20

(27)_20

(27)_20

(27)_20

(27)_20

(27)_20

(27)_20

(27)_20

(27)_20

(27)_20

(27)_20

(27)_20

(27)_20

(27)_20

(27)_20

/mnt/lustre/e1000/home/d403/d403/weiyu2024/PhDProject/epcc-openmp-microbenchmarks/openmpbench_C_v40/visualise2.py:19: SyntaxWarning: "is" with a literal. Did you mean "=="?
  if switch is 0:
Matplotlib created a temporary cache directory at /dev/shm/weiyu2024_6192137/matplotlib-0qpn6huv because the default path (/mnt/lustre/e1000/home/d35/d35/weiyu24/Microbenchmarking-of-Accelerators-Offloading/openmpbench_C_v40/Plots/cirrus) is not a writable directory; it is highly recommended to set the MPLCONFIGDIR environment variable to a writable directory, in particular to speed up the import of Matplotlib and to better support multiprocessing.
Plot saved to Plots/cirrus/6192137/refall_gpuvalidate_27_4_performance.png
Plot saved to Plots/cirrus/6192137/func1_gpuvalidate_27_4_performance.png
